  Determining projects to restore...
  All projects are up-to-date for restore.
C:\Program Files\dotnet\sdk\10.0.102\Microsoft.Common.CurrentVersion.targets(2437,5): warning MSB3277: Found conflicts between different versions of "PresentationCore" that could not be resolved. [C:\Users\ajith\new revit\RebarAutomation\RebarAutomation.csproj]
C:\Program Files\dotnet\sdk\10.0.102\Microsoft.Common.CurrentVersion.targets(2437,5): warning MSB3277: There was a conflict between "PresentationCore, Version=4.0.0.0, Culture=neutral, PublicKeyToken=31bf3856ad364e35" and "PresentationCore, Version=8.0.0.0, Culture=neutral, PublicKeyToken=31bf3856ad364e35". [C:\Users\ajith\new revit\RebarAutomation\RebarAutomation.csproj]
C:\Program Files\dotnet\sdk\10.0.102\Microsoft.Common.CurrentVersion.targets(2437,5): warning MSB3277:     "PresentationCore, Version=4.0.0.0, Culture=neutral, PublicKeyToken=31bf3856ad364e35" was chosen because it was primary and "PresentationCore, Version=8.0.0.0, Culture=neutral, PublicKeyToken=31bf3856ad364e35" was not. [C:\Users\ajith\new revit\RebarAutomation\RebarAutomation.csproj]
C:\Program Files\dotnet\sdk\10.0.102\Microsoft.Common.CurrentVersion.targets(2437,5): warning MSB3277:     References which depend on "PresentationCore, Version=4.0.0.0, Culture=neutral, PublicKeyToken=31bf3856ad364e35" [C:\Program Files (x86)\Reference Assemblies\Microsoft\Framework\.NETFramework\v4.8\PresentationCore.dll]. [C:\Users\ajith\new revit\RebarAutomation\RebarAutomation.csproj]
C:\Program Files\dotnet\sdk\10.0.102\Microsoft.Common.CurrentVersion.targets(2437,5): warning MSB3277:         C:\Program Files (x86)\Reference Assemblies\Microsoft\Framework\.NETFramework\v4.8\PresentationCore.dll [C:\Users\ajith\new revit\RebarAutomation\RebarAutomation.csproj]
C:\Program Files\dotnet\sdk\10.0.102\Microsoft.Common.CurrentVersion.targets(2437,5): warning MSB3277:           Project file item includes which caused reference "C:\Program Files (x86)\Reference Assemblies\Microsoft\Framework\.NETFramework\v4.8\PresentationCore.dll". [C:\Users\ajith\new revit\RebarAutomation\RebarAutomation.csproj]
C:\Program Files\dotnet\sdk\10.0.102\Microsoft.Common.CurrentVersion.targets(2437,5): warning MSB3277:             PresentationCore [C:\Users\ajith\new revit\RebarAutomation\RebarAutomation.csproj]
C:\Program Files\dotnet\sdk\10.0.102\Microsoft.Common.CurrentVersion.targets(2437,5): warning MSB3277:     References which depend on or have been unified to "PresentationCore, Version=8.0.0.0, Culture=neutral, PublicKeyToken=31bf3856ad364e35" []. [C:\Users\ajith\new revit\RebarAutomation\RebarAutomation.csproj]
C:\Program Files\dotnet\sdk\10.0.102\Microsoft.Common.CurrentVersion.targets(2437,5): warning MSB3277:         C:\Program Files\Autodesk\Revit 2026\RevitAPI.dll [C:\Users\ajith\new revit\RebarAutomation\RebarAutomation.csproj]
C:\Program Files\dotnet\sdk\10.0.102\Microsoft.Common.CurrentVersion.targets(2437,5): warning MSB3277:           Project file item includes which caused reference "C:\Program Files\Autodesk\Revit 2026\RevitAPI.dll". [C:\Users\ajith\new revit\RebarAutomation\RebarAutomation.csproj]
C:\Program Files\dotnet\sdk\10.0.102\Microsoft.Common.CurrentVersion.targets(2437,5): warning MSB3277:             RevitAPI [C:\Users\ajith\new revit\RebarAutomation\RebarAutomation.csproj]
C:\Program Files\dotnet\sdk\10.0.102\Microsoft.Common.CurrentVersion.targets(2437,5): warning MSB3277:             RevitAPIUI [C:\Users\ajith\new revit\RebarAutomation\RebarAutomation.csproj]
C:\Program Files\dotnet\sdk\10.0.102\Microsoft.Common.CurrentVersion.targets(2437,5): warning MSB3277:         C:\Program Files\Autodesk\Revit 2026\RevitAPIUI.dll [C:\Users\ajith\new revit\RebarAutomation\RebarAutomation.csproj]
C:\Program Files\dotnet\sdk\10.0.102\Microsoft.Common.CurrentVersion.targets(2437,5): warning MSB3277:           Project file item includes which caused reference "C:\Program Files\Autodesk\Revit 2026\RevitAPIUI.dll". [C:\Users\ajith\new revit\RebarAutomation\RebarAutomation.csproj]
C:\Program Files\dotnet\sdk\10.0.102\Microsoft.Common.CurrentVersion.targets(2437,5): warning MSB3277:             RevitAPIUI [C:\Users\ajith\new revit\RebarAutomation\RebarAutomation.csproj]
C:\Program Files\dotnet\sdk\10.0.102\Microsoft.Common.CurrentVersion.targets(2437,5): warning MSB3277:         C:\Program Files\Autodesk\Revit 2026\DBManagedServices.dll [C:\Users\ajith\new revit\RebarAutomation\RebarAutomation.csproj]
C:\Program Files\dotnet\sdk\10.0.102\Microsoft.Common.CurrentVersion.targets(2437,5): warning MSB3277:           Project file item includes which caused reference "C:\Program Files\Autodesk\Revit 2026\DBManagedServices.dll". [C:\Users\ajith\new revit\RebarAutomation\RebarAutomation.csproj]
C:\Program Files\dotnet\sdk\10.0.102\Microsoft.Common.CurrentVersion.targets(2437,5): warning MSB3277:             RevitAPI [C:\Users\ajith\new revit\RebarAutomation\RebarAutomation.csproj]
C:\Program Files\dotnet\sdk\10.0.102\Microsoft.Common.CurrentVersion.targets(2437,5): warning MSB3277:             RevitAPIUI [C:\Users\ajith\new revit\RebarAutomation\RebarAutomation.csproj]
C:\Program Files\dotnet\sdk\10.0.102\Microsoft.Common.CurrentVersion.targets(2437,5): warning MSB3277:         C:\Program Files\Autodesk\Revit 2026\AdWindows.dll [C:\Users\ajith\new revit\RebarAutomation\RebarAutomation.csproj]
C:\Program Files\dotnet\sdk\10.0.102\Microsoft.Common.CurrentVersion.targets(2437,5): warning MSB3277:           Project file item includes which caused reference "C:\Program Files\Autodesk\Revit 2026\AdWindows.dll". [C:\Users\ajith\new revit\RebarAutomation\RebarAutomation.csproj]
C:\Program Files\dotnet\sdk\10.0.102\Microsoft.Common.CurrentVersion.targets(2437,5): warning MSB3277:             RevitAPIUI [C:\Users\ajith\new revit\RebarAutomation\RebarAutomation.csproj]
C:\Program Files\dotnet\sdk\10.0.102\Microsoft.Common.CurrentVersion.targets(2437,5): warning MSB3277:         C:\Program Files\Autodesk\Revit 2026\UIFramework.dll [C:\Users\ajith\new revit\RebarAutomation\RebarAutomation.csproj]
C:\Program Files\dotnet\sdk\10.0.102\Microsoft.Common.CurrentVersion.targets(2437,5): warning MSB3277:           Project file item includes which caused reference "C:\Program Files\Autodesk\Revit 2026\UIFramework.dll". [C:\Users\ajith\new revit\RebarAutomation\RebarAutomation.csproj]
C:\Program Files\dotnet\sdk\10.0.102\Microsoft.Common.CurrentVersion.targets(2437,5): warning MSB3277:             RevitAPIUI [C:\Users\ajith\new revit\RebarAutomation\RebarAutomation.csproj]
C:\Program Files\dotnet\sdk\10.0.102\Microsoft.Common.CurrentVersion.targets(2437,5): warning MSB3277:         C:\Program Files\Autodesk\Revit 2026\UIFrameworkServices.dll [C:\Users\ajith\new revit\RebarAutomation\RebarAutomation.csproj]
C:\Program Files\dotnet\sdk\10.0.102\Microsoft.Common.CurrentVersion.targets(2437,5): warning MSB3277:           Project file item includes which caused reference "C:\Program Files\Autodesk\Revit 2026\UIFrameworkServices.dll". [C:\Users\ajith\new revit\RebarAutomation\RebarAutomation.csproj]
C:\Program Files\dotnet\sdk\10.0.102\Microsoft.Common.CurrentVersion.targets(2437,5): warning MSB3277:             RevitAPIUI [C:\Users\ajith\new revit\RebarAutomation\RebarAutomation.csproj]
C:\Program Files\dotnet\sdk\10.0.102\Microsoft.Common.CurrentVersion.targets(2437,5): warning MSB3277:         C:\Program Files\Autodesk\Revit 2026\Autodesk.UI.Windows.dll [C:\Users\ajith\new revit\RebarAutomation\RebarAutomation.csproj]
C:\Program Files\dotnet\sdk\10.0.102\Microsoft.Common.CurrentVersion.targets(2437,5): warning MSB3277:           Project file item includes which caused reference "C:\Program Files\Autodesk\Revit 2026\Autodesk.UI.Windows.dll". [C:\Users\ajith\new revit\RebarAutomation\RebarAutomation.csproj]
C:\Program Files\dotnet\sdk\10.0.102\Microsoft.Common.CurrentVersion.targets(2437,5): warning MSB3277:             RevitAPIUI [C:\Users\ajith\new revit\RebarAutomation\RebarAutomation.csproj]
C:\Program Files\dotnet\sdk\10.0.102\Microsoft.Common.CurrentVersion.targets(2437,5): warning MSB3277:         C:\Program Files\Autodesk\Revit 2026\Autodesk.UI.Themes.dll [C:\Users\ajith\new revit\RebarAutomation\RebarAutomation.csproj]
C:\Program Files\dotnet\sdk\10.0.102\Microsoft.Common.CurrentVersion.targets(2437,5): warning MSB3277:           Project file item includes which caused reference "C:\Program Files\Autodesk\Revit 2026\Autodesk.UI.Themes.dll". [C:\Users\ajith\new revit\RebarAutomation\RebarAutomation.csproj]
C:\Program Files\dotnet\sdk\10.0.102\Microsoft.Common.CurrentVersion.targets(2437,5): warning MSB3277:             RevitAPIUI [C:\Users\ajith\new revit\RebarAutomation\RebarAutomation.csproj]
C:\Program Files\dotnet\sdk\10.0.102\Microsoft.Common.CurrentVersion.targets(2437,5): warning MSB3277:         C:\Program Files\Autodesk\Revit 2026\Xceed.Wpf.AvalonDock.dll [C:\Users\ajith\new revit\RebarAutomation\RebarAutomation.csproj]
C:\Program Files\dotnet\sdk\10.0.102\Microsoft.Common.CurrentVersion.targets(2437,5): warning MSB3277:           Project file item includes which caused reference "C:\Program Files\Autodesk\Revit 2026\Xceed.Wpf.AvalonDock.dll". [C:\Users\ajith\new revit\RebarAutomation\RebarAutomation.csproj]
C:\Program Files\dotnet\sdk\10.0.102\Microsoft.Common.CurrentVersion.targets(2437,5): warning MSB3277:             RevitAPIUI [C:\Users\ajith\new revit\RebarAutomation\RebarAutomation.csproj]
C:\Program Files\dotnet\sdk\10.0.102\Microsoft.Common.CurrentVersion.targets(2437,5): warning MSB3277:         C:\Program Files\Autodesk\Revit 2026\Autodesk.Weave.Wpf.dll [C:\Users\ajith\new revit\RebarAutomation\RebarAutomation.csproj]
C:\Program Files\dotnet\sdk\10.0.102\Microsoft.Common.CurrentVersion.targets(2437,5): warning MSB3277:           Project file item includes which caused reference "C:\Program Files\Autodesk\Revit 2026\Autodesk.Weave.Wpf.dll". [C:\Users\ajith\new revit\RebarAutomation\RebarAutomation.csproj]
C:\Program Files\dotnet\sdk\10.0.102\Microsoft.Common.CurrentVersion.targets(2437,5): warning MSB3277:             RevitAPIUI [C:\Users\ajith\new revit\RebarAutomation\RebarAutomation.csproj]
C:\Program Files\dotnet\sdk\10.0.102\Microsoft.Common.CurrentVersion.targets(2437,5): warning MSB3277: Found conflicts between different versions of "PresentationFramework" that could not be resolved. [C:\Users\ajith\new revit\RebarAutomation\RebarAutomation.csproj]
C:\Program Files\dotnet\sdk\10.0.102\Microsoft.Common.CurrentVersion.targets(2437,5): warning MSB3277: There was a conflict between "PresentationFramework, Version=4.0.0.0, Culture=neutral, PublicKeyToken=31bf3856ad364e35" and "PresentationFramework, Version=8.0.0.0, Culture=neutral, PublicKeyToken=31bf3856ad364e35". [C:\Users\ajith\new revit\RebarAutomation\RebarAutomation.csproj]
C:\Program Files\dotnet\sdk\10.0.102\Microsoft.Common.CurrentVersion.targets(2437,5): warning MSB3277:     "PresentationFramework, Version=4.0.0.0, Culture=neutral, PublicKeyToken=31bf3856ad364e35" was chosen because it was primary and "PresentationFramework, Version=8.0.0.0, Culture=neutral, PublicKeyToken=31bf3856ad364e35" was not. [C:\Users\ajith\new revit\RebarAutomation\RebarAutomation.csproj]
C:\Program Files\dotnet\sdk\10.0.102\Microsoft.Common.CurrentVersion.targets(2437,5): warning MSB3277:     References which depend on "PresentationFramework, Version=4.0.0.0, Culture=neutral, PublicKeyToken=31bf3856ad364e35" [C:\Program Files (x86)\Reference Assemblies\Microsoft\Framework\.NETFramework\v4.8\PresentationFramework.dll]. [C:\Users\ajith\new revit\RebarAutomation\RebarAutomation.csproj]
C:\Program Files\dotnet\sdk\10.0.102\Microsoft.Common.CurrentVersion.targets(2437,5): warning MSB3277:         C:\Program Files (x86)\Reference Assemblies\Microsoft\Framework\.NETFramework\v4.8\PresentationFramework.dll [C:\Users\ajith\new revit\RebarAutomation\RebarAutomation.csproj]
C:\Program Files\dotnet\sdk\10.0.102\Microsoft.Common.CurrentVersion.targets(2437,5): warning MSB3277:           Project file item includes which caused reference "C:\Program Files (x86)\Reference Assemblies\Microsoft\Framework\.NETFramework\v4.8\PresentationFramework.dll". [C:\Users\ajith\new revit\RebarAutomation\RebarAutomation.csproj]
C:\Program Files\dotnet\sdk\10.0.102\Microsoft.Common.CurrentVersion.targets(2437,5): warning MSB3277:             PresentationFramework [C:\Users\ajith\new revit\RebarAutomation\RebarAutomation.csproj]
C:\Program Files\dotnet\sdk\10.0.102\Microsoft.Common.CurrentVersion.targets(2437,5): warning MSB3277:     References which depend on or have been unified to "PresentationFramework, Version=8.0.0.0, Culture=neutral, PublicKeyToken=31bf3856ad364e35" []. [C:\Users\ajith\new revit\RebarAutomation\RebarAutomation.csproj]
C:\Program Files\dotnet\sdk\10.0.102\Microsoft.Common.CurrentVersion.targets(2437,5): warning MSB3277:         C:\Program Files\Autodesk\Revit 2026\RevitAPI.dll [C:\Users\ajith\new revit\RebarAutomation\RebarAutomation.csproj]
C:\Program Files\dotnet\sdk\10.0.102\Microsoft.Common.CurrentVersion.targets(2437,5): warning MSB3277:           Project file item includes which caused reference "C:\Program Files\Autodesk\Revit 2026\RevitAPI.dll". [C:\Users\ajith\new revit\RebarAutomation\RebarAutomation.csproj]
C:\Program Files\dotnet\sdk\10.0.102\Microsoft.Common.CurrentVersion.targets(2437,5): warning MSB3277:             RevitAPI [C:\Users\ajith\new revit\RebarAutomation\RebarAutomation.csproj]
C:\Program Files\dotnet\sdk\10.0.102\Microsoft.Common.CurrentVersion.targets(2437,5): warning MSB3277:             RevitAPIUI [C:\Users\ajith\new revit\RebarAutomation\RebarAutomation.csproj]
C:\Program Files\dotnet\sdk\10.0.102\Microsoft.Common.CurrentVersion.targets(2437,5): warning MSB3277:         C:\Program Files\Autodesk\Revit 2026\RevitAPIUI.dll [C:\Users\ajith\new revit\RebarAutomation\RebarAutomation.csproj]
C:\Program Files\dotnet\sdk\10.0.102\Microsoft.Common.CurrentVersion.targets(2437,5): warning MSB3277:           Project file item includes which caused reference "C:\Program Files\Autodesk\Revit 2026\RevitAPIUI.dll". [C:\Users\ajith\new revit\RebarAutomation\RebarAutomation.csproj]
C:\Program Files\dotnet\sdk\10.0.102\Microsoft.Common.CurrentVersion.targets(2437,5): warning MSB3277:             RevitAPIUI [C:\Users\ajith\new revit\RebarAutomation\RebarAutomation.csproj]
C:\Program Files\dotnet\sdk\10.0.102\Microsoft.Common.CurrentVersion.targets(2437,5): warning MSB3277:         C:\Program Files\Autodesk\Revit 2026\DBManagedServices.dll [C:\Users\ajith\new revit\RebarAutomation\RebarAutomation.csproj]
C:\Program Files\dotnet\sdk\10.0.102\Microsoft.Common.CurrentVersion.targets(2437,5): warning MSB3277:           Project file item includes which caused reference "C:\Program Files\Autodesk\Revit 2026\DBManagedServices.dll". [C:\Users\ajith\new revit\RebarAutomation\RebarAutomation.csproj]
C:\Program Files\dotnet\sdk\10.0.102\Microsoft.Common.CurrentVersion.targets(2437,5): warning MSB3277:             RevitAPI [C:\Users\ajith\new revit\RebarAutomation\RebarAutomation.csproj]
C:\Program Files\dotnet\sdk\10.0.102\Microsoft.Common.CurrentVersion.targets(2437,5): warning MSB3277:             RevitAPIUI [C:\Users\ajith\new revit\RebarAutomation\RebarAutomation.csproj]
C:\Program Files\dotnet\sdk\10.0.102\Microsoft.Common.CurrentVersion.targets(2437,5): warning MSB3277:         C:\Program Files\Autodesk\Revit 2026\AdWindows.dll [C:\Users\ajith\new revit\RebarAutomation\RebarAutomation.csproj]
C:\Program Files\dotnet\sdk\10.0.102\Microsoft.Common.CurrentVersion.targets(2437,5): warning MSB3277:           Project file item includes which caused reference "C:\Program Files\Autodesk\Revit 2026\AdWindows.dll". [C:\Users\ajith\new revit\RebarAutomation\RebarAutomation.csproj]
C:\Program Files\dotnet\sdk\10.0.102\Microsoft.Common.CurrentVersion.targets(2437,5): warning MSB3277:             RevitAPIUI [C:\Users\ajith\new revit\RebarAutomation\RebarAutomation.csproj]
C:\Program Files\dotnet\sdk\10.0.102\Microsoft.Common.CurrentVersion.targets(2437,5): warning MSB3277:         C:\Program Files\Autodesk\Revit 2026\UIFramework.dll [C:\Users\ajith\new revit\RebarAutomation\RebarAutomation.csproj]
C:\Program Files\dotnet\sdk\10.0.102\Microsoft.Common.CurrentVersion.targets(2437,5): warning MSB3277:           Project file item includes which caused reference "C:\Program Files\Autodesk\Revit 2026\UIFramework.dll". [C:\Users\ajith\new revit\RebarAutomation\RebarAutomation.csproj]
C:\Program Files\dotnet\sdk\10.0.102\Microsoft.Common.CurrentVersion.targets(2437,5): warning MSB3277:             RevitAPIUI [C:\Users\ajith\new revit\RebarAutomation\RebarAutomation.csproj]
C:\Program Files\dotnet\sdk\10.0.102\Microsoft.Common.CurrentVersion.targets(2437,5): warning MSB3277:         C:\Program Files\Autodesk\Revit 2026\UIFrameworkServices.dll [C:\Users\ajith\new revit\RebarAutomation\RebarAutomation.csproj]
C:\Program Files\dotnet\sdk\10.0.102\Microsoft.Common.CurrentVersion.targets(2437,5): warning MSB3277:           Project file item includes which caused reference "C:\Program Files\Autodesk\Revit 2026\UIFrameworkServices.dll". [C:\Users\ajith\new revit\RebarAutomation\RebarAutomation.csproj]
C:\Program Files\dotnet\sdk\10.0.102\Microsoft.Common.CurrentVersion.targets(2437,5): warning MSB3277:             RevitAPIUI [C:\Users\ajith\new revit\RebarAutomation\RebarAutomation.csproj]
C:\Program Files\dotnet\sdk\10.0.102\Microsoft.Common.CurrentVersion.targets(2437,5): warning MSB3277:         C:\Program Files\Autodesk\Revit 2026\Autodesk.UI.Windows.dll [C:\Users\ajith\new revit\RebarAutomation\RebarAutomation.csproj]
C:\Program Files\dotnet\sdk\10.0.102\Microsoft.Common.CurrentVersion.targets(2437,5): warning MSB3277:           Project file item includes which caused reference "C:\Program Files\Autodesk\Revit 2026\Autodesk.UI.Windows.dll". [C:\Users\ajith\new revit\RebarAutomation\RebarAutomation.csproj]
C:\Program Files\dotnet\sdk\10.0.102\Microsoft.Common.CurrentVersion.targets(2437,5): warning MSB3277:             RevitAPIUI [C:\Users\ajith\new revit\RebarAutomation\RebarAutomation.csproj]
C:\Program Files\dotnet\sdk\10.0.102\Microsoft.Common.CurrentVersion.targets(2437,5): warning MSB3277:         C:\Program Files\Autodesk\Revit 2026\Autodesk.UI.Themes.dll [C:\Users\ajith\new revit\RebarAutomation\RebarAutomation.csproj]
C:\Program Files\dotnet\sdk\10.0.102\Microsoft.Common.CurrentVersion.targets(2437,5): warning MSB3277:           Project file item includes which caused reference "C:\Program Files\Autodesk\Revit 2026\Autodesk.UI.Themes.dll". [C:\Users\ajith\new revit\RebarAutomation\RebarAutomation.csproj]
C:\Program Files\dotnet\sdk\10.0.102\Microsoft.Common.CurrentVersion.targets(2437,5): warning MSB3277:             RevitAPIUI [C:\Users\ajith\new revit\RebarAutomation\RebarAutomation.csproj]
C:\Program Files\dotnet\sdk\10.0.102\Microsoft.Common.CurrentVersion.targets(2437,5): warning MSB3277:         C:\Program Files\Autodesk\Revit 2026\Xceed.Wpf.AvalonDock.dll [C:\Users\ajith\new revit\RebarAutomation\RebarAutomation.csproj]
C:\Program Files\dotnet\sdk\10.0.102\Microsoft.Common.CurrentVersion.targets(2437,5): warning MSB3277:           Project file item includes which caused reference "C:\Program Files\Autodesk\Revit 2026\Xceed.Wpf.AvalonDock.dll". [C:\Users\ajith\new revit\RebarAutomation\RebarAutomation.csproj]
C:\Program Files\dotnet\sdk\10.0.102\Microsoft.Common.CurrentVersion.targets(2437,5): warning MSB3277:             RevitAPIUI [C:\Users\ajith\new revit\RebarAutomation\RebarAutomation.csproj]
C:\Program Files\dotnet\sdk\10.0.102\Microsoft.Common.CurrentVersion.targets(2437,5): warning MSB3277:         C:\Program Files\Autodesk\Revit 2026\Autodesk.Weave.Wpf.dll [C:\Users\ajith\new revit\RebarAutomation\RebarAutomation.csproj]
C:\Program Files\dotnet\sdk\10.0.102\Microsoft.Common.CurrentVersion.targets(2437,5): warning MSB3277:           Project file item includes which caused reference "C:\Program Files\Autodesk\Revit 2026\Autodesk.Weave.Wpf.dll". [C:\Users\ajith\new revit\RebarAutomation\RebarAutomation.csproj]
C:\Program Files\dotnet\sdk\10.0.102\Microsoft.Common.CurrentVersion.targets(2437,5): warning MSB3277:             RevitAPIUI [C:\Users\ajith\new revit\RebarAutomation\RebarAutomation.csproj]
C:\Program Files\dotnet\sdk\10.0.102\Microsoft.Common.CurrentVersion.targets(2437,5): warning MSB3277: Found conflicts between different versions of "System.ComponentModel.Annotations" that could not be resolved. [C:\Users\ajith\new revit\RebarAutomation\RebarAutomation.csproj]
C:\Program Files\dotnet\sdk\10.0.102\Microsoft.Common.CurrentVersion.targets(2437,5): warning MSB3277: There was a conflict between "System.ComponentModel.Annotations, Version=4.2.1.0, Culture=neutral, PublicKeyToken=b03f5f7f11d50a3a" and "System.ComponentModel.Annotations, Version=8.0.0.0, Culture=neutral, PublicKeyToken=b03f5f7f11d50a3a". [C:\Users\ajith\new revit\RebarAutomation\RebarAutomation.csproj]
C:\Program Files\dotnet\sdk\10.0.102\Microsoft.Common.CurrentVersion.targets(2437,5): warning MSB3277:     "System.ComponentModel.Annotations, Version=4.2.1.0, Culture=neutral, PublicKeyToken=b03f5f7f11d50a3a" was chosen because it was primary and "System.ComponentModel.Annotations, Version=8.0.0.0, Culture=neutral, PublicKeyToken=b03f5f7f11d50a3a" was not. [C:\Users\ajith\new revit\RebarAutomation\RebarAutomation.csproj]
C:\Program Files\dotnet\sdk\10.0.102\Microsoft.Common.CurrentVersion.targets(2437,5): warning MSB3277:     References which depend on "System.ComponentModel.Annotations, Version=4.2.1.0, Culture=neutral, PublicKeyToken=b03f5f7f11d50a3a" [C:\Users\ajith\.nuget\packages\system.componentmodel.annotations\5.0.0\ref\net461\System.ComponentModel.Annotations.dll]. [C:\Users\ajith\new revit\RebarAutomation\RebarAutomation.csproj]
C:\Program Files\dotnet\sdk\10.0.102\Microsoft.Common.CurrentVersion.targets(2437,5): warning MSB3277:         C:\Users\ajith\.nuget\packages\system.componentmodel.annotations\5.0.0\ref\net461\System.ComponentModel.Annotations.dll [C:\Users\ajith\new revit\RebarAutomation\RebarAutomation.csproj]
C:\Program Files\dotnet\sdk\10.0.102\Microsoft.Common.CurrentVersion.targets(2437,5): warning MSB3277:           Project file item includes which caused reference "C:\Users\ajith\.nuget\packages\system.componentmodel.annotations\5.0.0\ref\net461\System.ComponentModel.Annotations.dll". [C:\Users\ajith\new revit\RebarAutomation\RebarAutomation.csproj]
C:\Program Files\dotnet\sdk\10.0.102\Microsoft.Common.CurrentVersion.targets(2437,5): warning MSB3277:             C:\Users\ajith\.nuget\packages\system.componentmodel.annotations\5.0.0\ref\net461\System.ComponentModel.Annotations.dll [C:\Users\ajith\new revit\RebarAutomation\RebarAutomation.csproj]
C:\Program Files\dotnet\sdk\10.0.102\Microsoft.Common.CurrentVersion.targets(2437,5): warning MSB3277:     References which depend on or have been unified to "System.ComponentModel.Annotations, Version=8.0.0.0, Culture=neutral, PublicKeyToken=b03f5f7f11d50a3a" []. [C:\Users\ajith\new revit\RebarAutomation\RebarAutomation.csproj]
C:\Program Files\dotnet\sdk\10.0.102\Microsoft.Common.CurrentVersion.targets(2437,5): warning MSB3277:         C:\Program Files\Autodesk\Revit 2026\RevitAPI.dll [C:\Users\ajith\new revit\RebarAutomation\RebarAutomation.csproj]
C:\Program Files\dotnet\sdk\10.0.102\Microsoft.Common.CurrentVersion.targets(2437,5): warning MSB3277:           Project file item includes which caused reference "C:\Program Files\Autodesk\Revit 2026\RevitAPI.dll". [C:\Users\ajith\new revit\RebarAutomation\RebarAutomation.csproj]
C:\Program Files\dotnet\sdk\10.0.102\Microsoft.Common.CurrentVersion.targets(2437,5): warning MSB3277:             RevitAPI [C:\Users\ajith\new revit\RebarAutomation\RebarAutomation.csproj]
C:\Program Files\dotnet\sdk\10.0.102\Microsoft.Common.CurrentVersion.targets(2437,5): warning MSB3277:             RevitAPIUI [C:\Users\ajith\new revit\RebarAutomation\RebarAutomation.csproj]
C:\Program Files\dotnet\sdk\10.0.102\Microsoft.Common.CurrentVersion.targets(2437,5): warning MSB3277:         C:\Program Files\Autodesk\Revit 2026\RevitAPIUI.dll [C:\Users\ajith\new revit\RebarAutomation\RebarAutomation.csproj]
C:\Program Files\dotnet\sdk\10.0.102\Microsoft.Common.CurrentVersion.targets(2437,5): warning MSB3277:           Project file item includes which caused reference "C:\Program Files\Autodesk\Revit 2026\RevitAPIUI.dll". [C:\Users\ajith\new revit\RebarAutomation\RebarAutomation.csproj]
C:\Program Files\dotnet\sdk\10.0.102\Microsoft.Common.CurrentVersion.targets(2437,5): warning MSB3277:             RevitAPIUI [C:\Users\ajith\new revit\RebarAutomation\RebarAutomation.csproj]
C:\Program Files\dotnet\sdk\10.0.102\Microsoft.Common.CurrentVersion.targets(2437,5): warning MSB3277:         C:\Program Files\Autodesk\Revit 2026\AdskRcManaged.dll [C:\Users\ajith\new revit\RebarAutomation\RebarAutomation.csproj]
C:\Program Files\dotnet\sdk\10.0.102\Microsoft.Common.CurrentVersion.targets(2437,5): warning MSB3277:           Project file item includes which caused reference "C:\Program Files\Autodesk\Revit 2026\AdskRcManaged.dll". [C:\Users\ajith\new revit\RebarAutomation\RebarAutomation.csproj]
C:\Program Files\dotnet\sdk\10.0.102\Microsoft.Common.CurrentVersion.targets(2437,5): warning MSB3277:             RevitAPI [C:\Users\ajith\new revit\RebarAutomation\RebarAutomation.csproj]
C:\Program Files\dotnet\sdk\10.0.102\Microsoft.Common.CurrentVersion.targets(2437,5): warning MSB3277:             RevitAPIUI [C:\Users\ajith\new revit\RebarAutomation\RebarAutomation.csproj]
C:\Program Files\dotnet\sdk\10.0.102\Microsoft.Common.CurrentVersion.targets(2437,5): warning MSB3277:         C:\Program Files\Autodesk\Revit 2026\RevitAPIFoundation.dll [C:\Users\ajith\new revit\RebarAutomation\RebarAutomation.csproj]
C:\Program Files\dotnet\sdk\10.0.102\Microsoft.Common.CurrentVersion.targets(2437,5): warning MSB3277:           Project file item includes which caused reference "C:\Program Files\Autodesk\Revit 2026\RevitAPIFoundation.dll". [C:\Users\ajith\new revit\RebarAutomation\RebarAutomation.csproj]
C:\Program Files\dotnet\sdk\10.0.102\Microsoft.Common.CurrentVersion.targets(2437,5): warning MSB3277:             RevitAPI [C:\Users\ajith\new revit\RebarAutomation\RebarAutomation.csproj]
C:\Program Files\dotnet\sdk\10.0.102\Microsoft.Common.CurrentVersion.targets(2437,5): warning MSB3277:             RevitAPIUI [C:\Users\ajith\new revit\RebarAutomation\RebarAutomation.csproj]
C:\Program Files\dotnet\sdk\10.0.102\Microsoft.Common.CurrentVersion.targets(2437,5): warning MSB3277:         C:\Program Files\Autodesk\Revit 2026\RevitDBAPI.dll [C:\Users\ajith\new revit\RebarAutomation\RebarAutomation.csproj]
C:\Program Files\dotnet\sdk\10.0.102\Microsoft.Common.CurrentVersion.targets(2437,5): warning MSB3277:           Project file item includes which caused reference "C:\Program Files\Autodesk\Revit 2026\RevitDBAPI.dll". [C:\Users\ajith\new revit\RebarAutomation\RebarAutomation.csproj]
C:\Program Files\dotnet\sdk\10.0.102\Microsoft.Common.CurrentVersion.targets(2437,5): warning MSB3277:             RevitAPI [C:\Users\ajith\new revit\RebarAutomation\RebarAutomation.csproj]
C:\Program Files\dotnet\sdk\10.0.102\Microsoft.Common.CurrentVersion.targets(2437,5): warning MSB3277:             RevitAPIUI [C:\Users\ajith\new revit\RebarAutomation\RebarAutomation.csproj]
C:\Program Files\dotnet\sdk\10.0.102\Microsoft.Common.CurrentVersion.targets(2437,5): warning MSB3277:         C:\Program Files\Autodesk\Revit 2026\RevitDBCoreAPI.dll [C:\Users\ajith\new revit\RebarAutomation\RebarAutomation.csproj]
C:\Program Files\dotnet\sdk\10.0.102\Microsoft.Common.CurrentVersion.targets(2437,5): warning MSB3277:           Project file item includes which caused reference "C:\Program Files\Autodesk\Revit 2026\RevitDBCoreAPI.dll". [C:\Users\ajith\new revit\RebarAutomation\RebarAutomation.csproj]
C:\Program Files\dotnet\sdk\10.0.102\Microsoft.Common.CurrentVersion.targets(2437,5): warning MSB3277:             RevitAPI [C:\Users\ajith\new revit\RebarAutomation\RebarAutomation.csproj]
C:\Program Files\dotnet\sdk\10.0.102\Microsoft.Common.CurrentVersion.targets(2437,5): warning MSB3277:             RevitAPIUI [C:\Users\ajith\new revit\RebarAutomation\RebarAutomation.csproj]
C:\Program Files\dotnet\sdk\10.0.102\Microsoft.Common.CurrentVersion.targets(2437,5): warning MSB3277:         C:\Program Files\Autodesk\Revit 2026\PersistenceDBAPI.dll [C:\Users\ajith\new revit\RebarAutomation\RebarAutomation.csproj]
C:\Program Files\dotnet\sdk\10.0.102\Microsoft.Common.CurrentVersion.targets(2437,5): warning MSB3277:           Project file item includes which caused reference "C:\Program Files\Autodesk\Revit 2026\PersistenceDBAPI.dll". [C:\Users\ajith\new revit\RebarAutomation\RebarAutomation.csproj]
C:\Program Files\dotnet\sdk\10.0.102\Microsoft.Common.CurrentVersion.targets(2437,5): warning MSB3277:             RevitAPI [C:\Users\ajith\new revit\RebarAutomation\RebarAutomation.csproj]
C:\Program Files\dotnet\sdk\10.0.102\Microsoft.Common.CurrentVersion.targets(2437,5): warning MSB3277:             RevitAPIUI [C:\Users\ajith\new revit\RebarAutomation\RebarAutomation.csproj]
C:\Program Files\dotnet\sdk\10.0.102\Microsoft.Common.CurrentVersion.targets(2437,5): warning MSB3277:         C:\Program Files\Autodesk\Revit 2026\UtilityAPI.dll [C:\Users\ajith\new revit\RebarAutomation\RebarAutomation.csproj]
C:\Program Files\dotnet\sdk\10.0.102\Microsoft.Common.CurrentVersion.targets(2437,5): warning MSB3277:           Project file item includes which caused reference "C:\Program Files\Autodesk\Revit 2026\UtilityAPI.dll". [C:\Users\ajith\new revit\RebarAutomation\RebarAutomation.csproj]
C:\Program Files\dotnet\sdk\10.0.102\Microsoft.Common.CurrentVersion.targets(2437,5): warning MSB3277:             RevitAPI [C:\Users\ajith\new revit\RebarAutomation\RebarAutomation.csproj]
C:\Program Files\dotnet\sdk\10.0.102\Microsoft.Common.CurrentVersion.targets(2437,5): warning MSB3277:             RevitAPIUI [C:\Users\ajith\new revit\RebarAutomation\RebarAutomation.csproj]
C:\Program Files\dotnet\sdk\10.0.102\Microsoft.Common.CurrentVersion.targets(2437,5): warning MSB3277:         C:\Program Files\Autodesk\Revit 2026\APIDBAPI.dll [C:\Users\ajith\new revit\RebarAutomation\RebarAutomation.csproj]
C:\Program Files\dotnet\sdk\10.0.102\Microsoft.Common.CurrentVersion.targets(2437,5): warning MSB3277:           Project file item includes which caused reference "C:\Program Files\Autodesk\Revit 2026\APIDBAPI.dll". [C:\Users\ajith\new revit\RebarAutomation\RebarAutomation.csproj]
C:\Program Files\dotnet\sdk\10.0.102\Microsoft.Common.CurrentVersion.targets(2437,5): warning MSB3277:             RevitAPI [C:\Users\ajith\new revit\RebarAutomation\RebarAutomation.csproj]
C:\Program Files\dotnet\sdk\10.0.102\Microsoft.Common.CurrentVersion.targets(2437,5): warning MSB3277:             RevitAPIUI [C:\Users\ajith\new revit\RebarAutomation\RebarAutomation.csproj]
C:\Program Files\dotnet\sdk\10.0.102\Microsoft.Common.CurrentVersion.targets(2437,5): warning MSB3277:         C:\Program Files\Autodesk\Revit 2026\GraphicsAPI.dll [C:\Users\ajith\new revit\RebarAutomation\RebarAutomation.csproj]
C:\Program Files\dotnet\sdk\10.0.102\Microsoft.Common.CurrentVersion.targets(2437,5): warning MSB3277:           Project file item includes which caused reference "C:\Program Files\Autodesk\Revit 2026\GraphicsAPI.dll". [C:\Users\ajith\new revit\RebarAutomation\RebarAutomation.csproj]
C:\Program Files\dotnet\sdk\10.0.102\Microsoft.Common.CurrentVersion.targets(2437,5): warning MSB3277:             RevitAPI [C:\Users\ajith\new revit\RebarAutomation\RebarAutomation.csproj]
C:\Program Files\dotnet\sdk\10.0.102\Microsoft.Common.CurrentVersion.targets(2437,5): warning MSB3277:             RevitAPIUI [C:\Users\ajith\new revit\RebarAutomation\RebarAutomation.csproj]
C:\Program Files\dotnet\sdk\10.0.102\Microsoft.Common.CurrentVersion.targets(2437,5): warning MSB3277:         C:\Program Files\Autodesk\Revit 2026\ElementGroupDBAPI.dll [C:\Users\ajith\new revit\RebarAutomation\RebarAutomation.csproj]
C:\Program Files\dotnet\sdk\10.0.102\Microsoft.Common.CurrentVersion.targets(2437,5): warning MSB3277:           Project file item includes which caused reference "C:\Program Files\Autodesk\Revit 2026\ElementGroupDBAPI.dll". [C:\Users\ajith\new revit\RebarAutomation\RebarAutomation.csproj]
C:\Program Files\dotnet\sdk\10.0.102\Microsoft.Common.CurrentVersion.targets(2437,5): warning MSB3277:             RevitAPI [C:\Users\ajith\new revit\RebarAutomation\RebarAutomation.csproj]
C:\Program Files\dotnet\sdk\10.0.102\Microsoft.Common.CurrentVersion.targets(2437,5): warning MSB3277:             RevitAPIUI [C:\Users\ajith\new revit\RebarAutomation\RebarAutomation.csproj]
C:\Program Files\dotnet\sdk\10.0.102\Microsoft.Common.CurrentVersion.targets(2437,5): warning MSB3277:         C:\Program Files\Autodesk\Revit 2026\EssentialsDBAPI.dll [C:\Users\ajith\new revit\RebarAutomation\RebarAutomation.csproj]
C:\Program Files\dotnet\sdk\10.0.102\Microsoft.Common.CurrentVersion.targets(2437,5): warning MSB3277:           Project file item includes which caused reference "C:\Program Files\Autodesk\Revit 2026\EssentialsDBAPI.dll". [C:\Users\ajith\new revit\RebarAutomation\RebarAutomation.csproj]
C:\Program Files\dotnet\sdk\10.0.102\Microsoft.Common.CurrentVersion.targets(2437,5): warning MSB3277:             RevitAPI [C:\Users\ajith\new revit\RebarAutomation\RebarAutomation.csproj]
C:\Program Files\dotnet\sdk\10.0.102\Microsoft.Common.CurrentVersion.targets(2437,5): warning MSB3277:             RevitAPIUI [C:\Users\ajith\new revit\RebarAutomation\RebarAutomation.csproj]
C:\Program Files\dotnet\sdk\10.0.102\Microsoft.Common.CurrentVersion.targets(2437,5): warning MSB3277:         C:\Program Files\Autodesk\Revit 2026\GeomUtilAPI.dll [C:\Users\ajith\new revit\RebarAutomation\RebarAutomation.csproj]
C:\Program Files\dotnet\sdk\10.0.102\Microsoft.Common.CurrentVersion.targets(2437,5): warning MSB3277:           Project file item includes which caused reference "C:\Program Files\Autodesk\Revit 2026\GeomUtilAPI.dll". [C:\Users\ajith\new revit\RebarAutomation\RebarAutomation.csproj]
C:\Program Files\dotnet\sdk\10.0.102\Microsoft.Common.CurrentVersion.targets(2437,5): warning MSB3277:             RevitAPI [C:\Users\ajith\new revit\RebarAutomation\RebarAutomation.csproj]
C:\Program Files\dotnet\sdk\10.0.102\Microsoft.Common.CurrentVersion.targets(2437,5): warning MSB3277:             RevitAPIUI [C:\Users\ajith\new revit\RebarAutomation\RebarAutomation.csproj]
C:\Program Files\dotnet\sdk\10.0.102\Microsoft.Common.CurrentVersion.targets(2437,5): warning MSB3277:         C:\Program Files\Autodesk\Revit 2026\FamilyDBAPI.dll [C:\Users\ajith\new revit\RebarAutomation\RebarAutomation.csproj]
C:\Program Files\dotnet\sdk\10.0.102\Microsoft.Common.CurrentVersion.targets(2437,5): warning MSB3277:           Project file item includes which caused reference "C:\Program Files\Autodesk\Revit 2026\FamilyDBAPI.dll". [C:\Users\ajith\new revit\RebarAutomation\RebarAutomation.csproj]
C:\Program Files\dotnet\sdk\10.0.102\Microsoft.Common.CurrentVersion.targets(2437,5): warning MSB3277:             RevitAPI [C:\Users\ajith\new revit\RebarAutomation\RebarAutomation.csproj]
C:\Program Files\dotnet\sdk\10.0.102\Microsoft.Common.CurrentVersion.targets(2437,5): warning MSB3277:             RevitAPIUI [C:\Users\ajith\new revit\RebarAutomation\RebarAutomation.csproj]
C:\Program Files\dotnet\sdk\10.0.102\Microsoft.Common.CurrentVersion.targets(2437,5): warning MSB3277:         C:\Program Files\Autodesk\Revit 2026\DetailDBAPI.dll [C:\Users\ajith\new revit\RebarAutomation\RebarAutomation.csproj]
C:\Program Files\dotnet\sdk\10.0.102\Microsoft.Common.CurrentVersion.targets(2437,5): warning MSB3277:           Project file item includes which caused reference "C:\Program Files\Autodesk\Revit 2026\DetailDBAPI.dll". [C:\Users\ajith\new revit\RebarAutomation\RebarAutomation.csproj]
C:\Program Files\dotnet\sdk\10.0.102\Microsoft.Common.CurrentVersion.targets(2437,5): warning MSB3277:             RevitAPI [C:\Users\ajith\new revit\RebarAutomation\RebarAutomation.csproj]
C:\Program Files\dotnet\sdk\10.0.102\Microsoft.Common.CurrentVersion.targets(2437,5): warning MSB3277:             RevitAPIUI [C:\Users\ajith\new revit\RebarAutomation\RebarAutomation.csproj]
C:\Program Files\dotnet\sdk\10.0.102\Microsoft.Common.CurrentVersion.targets(2437,5): warning MSB3277:         C:\Program Files\Autodesk\Revit 2026\CurtainGridFamilyDBAPI.dll [C:\Users\ajith\new revit\RebarAutomation\RebarAutomation.csproj]
C:\Program Files\dotnet\sdk\10.0.102\Microsoft.Common.CurrentVersion.targets(2437,5): warning MSB3277:           Project file item includes which caused reference "C:\Program Files\Autodesk\Revit 2026\CurtainGridFamilyDBAPI.dll". [C:\Users\ajith\new revit\RebarAutomation\RebarAutomation.csproj]
C:\Program Files\dotnet\sdk\10.0.102\Microsoft.Common.CurrentVersion.targets(2437,5): warning MSB3277:             RevitAPI [C:\Users\ajith\new revit\RebarAutomation\RebarAutomation.csproj]
C:\Program Files\dotnet\sdk\10.0.102\Microsoft.Common.CurrentVersion.targets(2437,5): warning MSB3277:             RevitAPIUI [C:\Users\ajith\new revit\RebarAutomation\RebarAutomation.csproj]
C:\Program Files\dotnet\sdk\10.0.102\Microsoft.Common.CurrentVersion.targets(2437,5): warning MSB3277:         C:\Program Files\Autodesk\Revit 2026\ArrayElemsDBAPI.dll [C:\Users\ajith\new revit\RebarAutomation\RebarAutomation.csproj]
C:\Program Files\dotnet\sdk\10.0.102\Microsoft.Common.CurrentVersion.targets(2437,5): warning MSB3277:           Project file item includes which caused reference "C:\Program Files\Autodesk\Revit 2026\ArrayElemsDBAPI.dll". [C:\Users\ajith\new revit\RebarAutomation\RebarAutomation.csproj]
C:\Program Files\dotnet\sdk\10.0.102\Microsoft.Common.CurrentVersion.targets(2437,5): warning MSB3277:             RevitAPI [C:\Users\ajith\new revit\RebarAutomation\RebarAutomation.csproj]
C:\Program Files\dotnet\sdk\10.0.102\Microsoft.Common.CurrentVersion.targets(2437,5): warning MSB3277:             RevitAPIUI [C:\Users\ajith\new revit\RebarAutomation\RebarAutomation.csproj]
C:\Program Files\dotnet\sdk\10.0.102\Microsoft.Common.CurrentVersion.targets(2437,5): warning MSB3277:         C:\Program Files\Autodesk\Revit 2026\EnergyAnalysisDBAPI.dll [C:\Users\ajith\new revit\RebarAutomation\RebarAutomation.csproj]
C:\Program Files\dotnet\sdk\10.0.102\Microsoft.Common.CurrentVersion.targets(2437,5): warning MSB3277:           Project file item includes which caused reference "C:\Program Files\Autodesk\Revit 2026\EnergyAnalysisDBAPI.dll". [C:\Users\ajith\new revit\RebarAutomation\RebarAutomation.csproj]
C:\Program Files\dotnet\sdk\10.0.102\Microsoft.Common.CurrentVersion.targets(2437,5): warning MSB3277:             RevitAPI [C:\Users\ajith\new revit\RebarAutomation\RebarAutomation.csproj]
C:\Program Files\dotnet\sdk\10.0.102\Microsoft.Common.CurrentVersion.targets(2437,5): warning MSB3277:             RevitAPIUI [C:\Users\ajith\new revit\RebarAutomation\RebarAutomation.csproj]
C:\Program Files\dotnet\sdk\10.0.102\Microsoft.Common.CurrentVersion.targets(2437,5): warning MSB3277:         C:\Program Files\Autodesk\Revit 2026\BuildingSystemsDBAPI.dll [C:\Users\ajith\new revit\RebarAutomation\RebarAutomation.csproj]
C:\Program Files\dotnet\sdk\10.0.102\Microsoft.Common.CurrentVersion.targets(2437,5): warning MSB3277:           Project file item includes which caused reference "C:\Program Files\Autodesk\Revit 2026\BuildingSystemsDBAPI.dll". [C:\Users\ajith\new revit\RebarAutomation\RebarAutomation.csproj]
C:\Program Files\dotnet\sdk\10.0.102\Microsoft.Common.CurrentVersion.targets(2437,5): warning MSB3277:             RevitAPI [C:\Users\ajith\new revit\RebarAutomation\RebarAutomation.csproj]
C:\Program Files\dotnet\sdk\10.0.102\Microsoft.Common.CurrentVersion.targets(2437,5): warning MSB3277:             RevitAPIUI [C:\Users\ajith\new revit\RebarAutomation\RebarAutomation.csproj]
C:\Program Files\dotnet\sdk\10.0.102\Microsoft.Common.CurrentVersion.targets(2437,5): warning MSB3277:         C:\Program Files\Autodesk\Revit 2026\HostObjDBAPI.dll [C:\Users\ajith\new revit\RebarAutomation\RebarAutomation.csproj]
C:\Program Files\dotnet\sdk\10.0.102\Microsoft.Common.CurrentVersion.targets(2437,5): warning MSB3277:           Project file item includes which caused reference "C:\Program Files\Autodesk\Revit 2026\HostObjDBAPI.dll". [C:\Users\ajith\new revit\RebarAutomation\RebarAutomation.csproj]
C:\Program Files\dotnet\sdk\10.0.102\Microsoft.Common.CurrentVersion.targets(2437,5): warning MSB3277:             RevitAPI [C:\Users\ajith\new revit\RebarAutomation\RebarAutomation.csproj]
C:\Program Files\dotnet\sdk\10.0.102\Microsoft.Common.CurrentVersion.targets(2437,5): warning MSB3277:             RevitAPIUI [C:\Users\ajith\new revit\RebarAutomation\RebarAutomation.csproj]
C:\Program Files\dotnet\sdk\10.0.102\Microsoft.Common.CurrentVersion.targets(2437,5): warning MSB3277:         C:\Program Files\Autodesk\Revit 2026\RoomAreaPlanDBAPI.dll [C:\Users\ajith\new revit\RebarAutomation\RebarAutomation.csproj]
C:\Program Files\dotnet\sdk\10.0.102\Microsoft.Common.CurrentVersion.targets(2437,5): warning MSB3277:           Project file item includes which caused reference "C:\Program Files\Autodesk\Revit 2026\RoomAreaPlanDBAPI.dll". [C:\Users\ajith\new revit\RebarAutomation\RebarAutomation.csproj]
C:\Program Files\dotnet\sdk\10.0.102\Microsoft.Common.CurrentVersion.targets(2437,5): warning MSB3277:             RevitAPI [C:\Users\ajith\new revit\RebarAutomation\RebarAutomation.csproj]
C:\Program Files\dotnet\sdk\10.0.102\Microsoft.Common.CurrentVersion.targets(2437,5): warning MSB3277:             RevitAPIUI [C:\Users\ajith\new revit\RebarAutomation\RebarAutomation.csproj]
C:\Program Files\dotnet\sdk\10.0.102\Microsoft.Common.CurrentVersion.targets(2437,5): warning MSB3277:         C:\Program Files\Autodesk\Revit 2026\SiteDBAPI.dll [C:\Users\ajith\new revit\RebarAutomation\RebarAutomation.csproj]
C:\Program Files\dotnet\sdk\10.0.102\Microsoft.Common.CurrentVersion.targets(2437,5): warning MSB3277:           Project file item includes which caused reference "C:\Program Files\Autodesk\Revit 2026\SiteDBAPI.dll". [C:\Users\ajith\new revit\RebarAutomation\RebarAutomation.csproj]
C:\Program Files\dotnet\sdk\10.0.102\Microsoft.Common.CurrentVersion.targets(2437,5): warning MSB3277:             RevitAPI [C:\Users\ajith\new revit\RebarAutomation\RebarAutomation.csproj]
C:\Program Files\dotnet\sdk\10.0.102\Microsoft.Common.CurrentVersion.targets(2437,5): warning MSB3277:             RevitAPIUI [C:\Users\ajith\new revit\RebarAutomation\RebarAutomation.csproj]
C:\Program Files\dotnet\sdk\10.0.102\Microsoft.Common.CurrentVersion.targets(2437,5): warning MSB3277:         C:\Program Files\Autodesk\Revit 2026\SculptingDBAPI.dll [C:\Users\ajith\new revit\RebarAutomation\RebarAutomation.csproj]
C:\Program Files\dotnet\sdk\10.0.102\Microsoft.Common.CurrentVersion.targets(2437,5): warning MSB3277:           Project file item includes which caused reference "C:\Program Files\Autodesk\Revit 2026\SculptingDBAPI.dll". [C:\Users\ajith\new revit\RebarAutomation\RebarAutomation.csproj]
C:\Program Files\dotnet\sdk\10.0.102\Microsoft.Common.CurrentVersion.targets(2437,5): warning MSB3277:             RevitAPI [C:\Users\ajith\new revit\RebarAutomation\RebarAutomation.csproj]
C:\Program Files\dotnet\sdk\10.0.102\Microsoft.Common.CurrentVersion.targets(2437,5): warning MSB3277:             RevitAPIUI [C:\Users\ajith\new revit\RebarAutomation\RebarAutomation.csproj]
C:\Program Files\dotnet\sdk\10.0.102\Microsoft.Common.CurrentVersion.targets(2437,5): warning MSB3277:         C:\Program Files\Autodesk\Revit 2026\StructuralDBAPI.dll [C:\Users\ajith\new revit\RebarAutomation\RebarAutomation.csproj]
C:\Program Files\dotnet\sdk\10.0.102\Microsoft.Common.CurrentVersion.targets(2437,5): warning MSB3277:           Project file item includes which caused reference "C:\Program Files\Autodesk\Revit 2026\StructuralDBAPI.dll". [C:\Users\ajith\new revit\RebarAutomation\RebarAutomation.csproj]
C:\Program Files\dotnet\sdk\10.0.102\Microsoft.Common.CurrentVersion.targets(2437,5): warning MSB3277:             RevitAPI [C:\Users\ajith\new revit\RebarAutomation\RebarAutomation.csproj]
C:\Program Files\dotnet\sdk\10.0.102\Microsoft.Common.CurrentVersion.targets(2437,5): warning MSB3277:             RevitAPIUI [C:\Users\ajith\new revit\RebarAutomation\RebarAutomation.csproj]
C:\Program Files\dotnet\sdk\10.0.102\Microsoft.Common.CurrentVersion.targets(2437,5): warning MSB3277:         C:\Program Files\Autodesk\Revit 2026\InterfaceAPI.dll [C:\Users\ajith\new revit\RebarAutomation\RebarAutomation.csproj]
C:\Program Files\dotnet\sdk\10.0.102\Microsoft.Common.CurrentVersion.targets(2437,5): warning MSB3277:           Project file item includes which caused reference "C:\Program Files\Autodesk\Revit 2026\InterfaceAPI.dll". [C:\Users\ajith\new revit\RebarAutomation\RebarAutomation.csproj]
C:\Program Files\dotnet\sdk\10.0.102\Microsoft.Common.CurrentVersion.targets(2437,5): warning MSB3277:             RevitAPI [C:\Users\ajith\new revit\RebarAutomation\RebarAutomation.csproj]
C:\Program Files\dotnet\sdk\10.0.102\Microsoft.Common.CurrentVersion.targets(2437,5): warning MSB3277:             RevitAPIUI [C:\Users\ajith\new revit\RebarAutomation\RebarAutomation.csproj]
C:\Program Files\dotnet\sdk\10.0.102\Microsoft.Common.CurrentVersion.targets(2437,5): warning MSB3277:         C:\Program Files\Autodesk\Revit 2026\InterfaceUtilAPI.dll [C:\Users\ajith\new revit\RebarAutomation\RebarAutomation.csproj]
C:\Program Files\dotnet\sdk\10.0.102\Microsoft.Common.CurrentVersion.targets(2437,5): warning MSB3277:           Project file item includes which caused reference "C:\Program Files\Autodesk\Revit 2026\InterfaceUtilAPI.dll". [C:\Users\ajith\new revit\RebarAutomation\RebarAutomation.csproj]
C:\Program Files\dotnet\sdk\10.0.102\Microsoft.Common.CurrentVersion.targets(2437,5): warning MSB3277:             RevitAPI [C:\Users\ajith\new revit\RebarAutomation\RebarAutomation.csproj]
C:\Program Files\dotnet\sdk\10.0.102\Microsoft.Common.CurrentVersion.targets(2437,5): warning MSB3277:             RevitAPIUI [C:\Users\ajith\new revit\RebarAutomation\RebarAutomation.csproj]
C:\Program Files\dotnet\sdk\10.0.102\Microsoft.Common.CurrentVersion.targets(2437,5): warning MSB3277:         C:\Program Files\Autodesk\Revit 2026\RebarDBAPI.dll [C:\Users\ajith\new revit\RebarAutomation\RebarAutomation.csproj]
C:\Program Files\dotnet\sdk\10.0.102\Microsoft.Common.CurrentVersion.targets(2437,5): warning MSB3277:           Project file item includes which caused reference "C:\Program Files\Autodesk\Revit 2026\RebarDBAPI.dll". [C:\Users\ajith\new revit\RebarAutomation\RebarAutomation.csproj]
C:\Program Files\dotnet\sdk\10.0.102\Microsoft.Common.CurrentVersion.targets(2437,5): warning MSB3277:             RevitAPI [C:\Users\ajith\new revit\RebarAutomation\RebarAutomation.csproj]
C:\Program Files\dotnet\sdk\10.0.102\Microsoft.Common.CurrentVersion.targets(2437,5): warning MSB3277:             RevitAPIUI [C:\Users\ajith\new revit\RebarAutomation\RebarAutomation.csproj]
C:\Program Files\dotnet\sdk\10.0.102\Microsoft.Common.CurrentVersion.targets(2437,5): warning MSB3277:         C:\Program Files\Autodesk\Revit 2026\StructuralAnalysisDBAPI.dll [C:\Users\ajith\new revit\RebarAutomation\RebarAutomation.csproj]
C:\Program Files\dotnet\sdk\10.0.102\Microsoft.Common.CurrentVersion.targets(2437,5): warning MSB3277:           Project file item includes which caused reference "C:\Program Files\Autodesk\Revit 2026\StructuralAnalysisDBAPI.dll". [C:\Users\ajith\new revit\RebarAutomation\RebarAutomation.csproj]
C:\Program Files\dotnet\sdk\10.0.102\Microsoft.Common.CurrentVersion.targets(2437,5): warning MSB3277:             RevitAPI [C:\Users\ajith\new revit\RebarAutomation\RebarAutomation.csproj]
C:\Program Files\dotnet\sdk\10.0.102\Microsoft.Common.CurrentVersion.targets(2437,5): warning MSB3277:             RevitAPIUI [C:\Users\ajith\new revit\RebarAutomation\RebarAutomation.csproj]
C:\Program Files\dotnet\sdk\10.0.102\Microsoft.Common.CurrentVersion.targets(2437,5): warning MSB3277:         C:\Program Files\Autodesk\Revit 2026\MassingDBAPI.dll [C:\Users\ajith\new revit\RebarAutomation\RebarAutomation.csproj]
C:\Program Files\dotnet\sdk\10.0.102\Microsoft.Common.CurrentVersion.targets(2437,5): warning MSB3277:           Project file item includes which caused reference "C:\Program Files\Autodesk\Revit 2026\MassingDBAPI.dll". [C:\Users\ajith\new revit\RebarAutomation\RebarAutomation.csproj]
C:\Program Files\dotnet\sdk\10.0.102\Microsoft.Common.CurrentVersion.targets(2437,5): warning MSB3277:             RevitAPI [C:\Users\ajith\new revit\RebarAutomation\RebarAutomation.csproj]
C:\Program Files\dotnet\sdk\10.0.102\Microsoft.Common.CurrentVersion.targets(2437,5): warning MSB3277:             RevitAPIUI [C:\Users\ajith\new revit\RebarAutomation\RebarAutomation.csproj]
C:\Program Files\dotnet\sdk\10.0.102\Microsoft.Common.CurrentVersion.targets(2437,5): warning MSB3277:         C:\Program Files\Autodesk\Revit 2026\AssemblyDBAPI.dll [C:\Users\ajith\new revit\RebarAutomation\RebarAutomation.csproj]
C:\Program Files\dotnet\sdk\10.0.102\Microsoft.Common.CurrentVersion.targets(2437,5): warning MSB3277:           Project file item includes which caused reference "C:\Program Files\Autodesk\Revit 2026\AssemblyDBAPI.dll". [C:\Users\ajith\new revit\RebarAutomation\RebarAutomation.csproj]
C:\Program Files\dotnet\sdk\10.0.102\Microsoft.Common.CurrentVersion.targets(2437,5): warning MSB3277:             RevitAPI [C:\Users\ajith\new revit\RebarAutomation\RebarAutomation.csproj]
C:\Program Files\dotnet\sdk\10.0.102\Microsoft.Common.CurrentVersion.targets(2437,5): warning MSB3277:             RevitAPIUI [C:\Users\ajith\new revit\RebarAutomation\RebarAutomation.csproj]
C:\Program Files\dotnet\sdk\10.0.102\Microsoft.Common.CurrentVersion.targets(2437,5): warning MSB3277:         C:\Program Files\Autodesk\Revit 2026\DPartDBAPI.dll [C:\Users\ajith\new revit\RebarAutomation\RebarAutomation.csproj]
C:\Program Files\dotnet\sdk\10.0.102\Microsoft.Common.CurrentVersion.targets(2437,5): warning MSB3277:           Project file item includes which caused reference "C:\Program Files\Autodesk\Revit 2026\DPartDBAPI.dll". [C:\Users\ajith\new revit\RebarAutomation\RebarAutomation.csproj]
C:\Program Files\dotnet\sdk\10.0.102\Microsoft.Common.CurrentVersion.targets(2437,5): warning MSB3277:             RevitAPI [C:\Users\ajith\new revit\RebarAutomation\RebarAutomation.csproj]
C:\Program Files\dotnet\sdk\10.0.102\Microsoft.Common.CurrentVersion.targets(2437,5): warning MSB3277:             RevitAPIUI [C:\Users\ajith\new revit\RebarAutomation\RebarAutomation.csproj]
C:\Program Files\dotnet\sdk\10.0.102\Microsoft.Common.CurrentVersion.targets(2437,5): warning MSB3277:         C:\Program Files\Autodesk\Revit 2026\NumberingDBAPI.dll [C:\Users\ajith\new revit\RebarAutomation\RebarAutomation.csproj]
C:\Program Files\dotnet\sdk\10.0.102\Microsoft.Common.CurrentVersion.targets(2437,5): warning MSB3277:           Project file item includes which caused reference "C:\Program Files\Autodesk\Revit 2026\NumberingDBAPI.dll". [C:\Users\ajith\new revit\RebarAutomation\RebarAutomation.csproj]
C:\Program Files\dotnet\sdk\10.0.102\Microsoft.Common.CurrentVersion.targets(2437,5): warning MSB3277:             RevitAPI [C:\Users\ajith\new revit\RebarAutomation\RebarAutomation.csproj]
C:\Program Files\dotnet\sdk\10.0.102\Microsoft.Common.CurrentVersion.targets(2437,5): warning MSB3277:             RevitAPIUI [C:\Users\ajith\new revit\RebarAutomation\RebarAutomation.csproj]
C:\Program Files\dotnet\sdk\10.0.102\Microsoft.Common.CurrentVersion.targets(2437,5): warning MSB3277:         C:\Program Files\Autodesk\Revit 2026\PointCloudAccessAPI.dll [C:\Users\ajith\new revit\RebarAutomation\RebarAutomation.csproj]
C:\Program Files\dotnet\sdk\10.0.102\Microsoft.Common.CurrentVersion.targets(2437,5): warning MSB3277:           Project file item includes which caused reference "C:\Program Files\Autodesk\Revit 2026\PointCloudAccessAPI.dll". [C:\Users\ajith\new revit\RebarAutomation\RebarAutomation.csproj]
C:\Program Files\dotnet\sdk\10.0.102\Microsoft.Common.CurrentVersion.targets(2437,5): warning MSB3277:             RevitAPI [C:\Users\ajith\new revit\RebarAutomation\RebarAutomation.csproj]
C:\Program Files\dotnet\sdk\10.0.102\Microsoft.Common.CurrentVersion.targets(2437,5): warning MSB3277:             RevitAPIUI [C:\Users\ajith\new revit\RebarAutomation\RebarAutomation.csproj]
C:\Program Files\dotnet\sdk\10.0.102\Microsoft.Common.CurrentVersion.targets(2437,5): warning MSB3277:         C:\Program Files\Autodesk\Revit 2026\StairRampDBAPI.dll [C:\Users\ajith\new revit\RebarAutomation\RebarAutomation.csproj]
C:\Program Files\dotnet\sdk\10.0.102\Microsoft.Common.CurrentVersion.targets(2437,5): warning MSB3277:           Project file item includes which caused reference "C:\Program Files\Autodesk\Revit 2026\StairRampDBAPI.dll". [C:\Users\ajith\new revit\RebarAutomation\RebarAutomation.csproj]
C:\Program Files\dotnet\sdk\10.0.102\Microsoft.Common.CurrentVersion.targets(2437,5): warning MSB3277:             RevitAPI [C:\Users\ajith\new revit\RebarAutomation\RebarAutomation.csproj]
C:\Program Files\dotnet\sdk\10.0.102\Microsoft.Common.CurrentVersion.targets(2437,5): warning MSB3277:             RevitAPIUI [C:\Users\ajith\new revit\RebarAutomation\RebarAutomation.csproj]
C:\Program Files\dotnet\sdk\10.0.102\Microsoft.Common.CurrentVersion.targets(2437,5): warning MSB3277:         C:\Program Files\Autodesk\Revit 2026\AnalysisAppsDBAPI.dll [C:\Users\ajith\new revit\RebarAutomation\RebarAutomation.csproj]
C:\Program Files\dotnet\sdk\10.0.102\Microsoft.Common.CurrentVersion.targets(2437,5): warning MSB3277:           Project file item includes which caused reference "C:\Program Files\Autodesk\Revit 2026\AnalysisAppsDBAPI.dll". [C:\Users\ajith\new revit\RebarAutomation\RebarAutomation.csproj]
C:\Program Files\dotnet\sdk\10.0.102\Microsoft.Common.CurrentVersion.targets(2437,5): warning MSB3277:             RevitAPI [C:\Users\ajith\new revit\RebarAutomation\RebarAutomation.csproj]
C:\Program Files\dotnet\sdk\10.0.102\Microsoft.Common.CurrentVersion.targets(2437,5): warning MSB3277:             RevitAPIUI [C:\Users\ajith\new revit\RebarAutomation\RebarAutomation.csproj]
C:\Program Files\dotnet\sdk\10.0.102\Microsoft.Common.CurrentVersion.targets(2437,5): warning MSB3277:         C:\Program Files\Autodesk\Revit 2026\MaterialDBAPI.dll [C:\Users\ajith\new revit\RebarAutomation\RebarAutomation.csproj]
C:\Program Files\dotnet\sdk\10.0.102\Microsoft.Common.CurrentVersion.targets(2437,5): warning MSB3277:           Project file item includes which caused reference "C:\Program Files\Autodesk\Revit 2026\MaterialDBAPI.dll". [C:\Users\ajith\new revit\RebarAutomation\RebarAutomation.csproj]
C:\Program Files\dotnet\sdk\10.0.102\Microsoft.Common.CurrentVersion.targets(2437,5): warning MSB3277:             RevitAPI [C:\Users\ajith\new revit\RebarAutomation\RebarAutomation.csproj]
C:\Program Files\dotnet\sdk\10.0.102\Microsoft.Common.CurrentVersion.targets(2437,5): warning MSB3277:             RevitAPIUI [C:\Users\ajith\new revit\RebarAutomation\RebarAutomation.csproj]
C:\Program Files\dotnet\sdk\10.0.102\Microsoft.Common.CurrentVersion.targets(2437,5): warning MSB3277:         C:\Program Files\Autodesk\Revit 2026\IntfATFAPI.dll [C:\Users\ajith\new revit\RebarAutomation\RebarAutomation.csproj]
C:\Program Files\dotnet\sdk\10.0.102\Microsoft.Common.CurrentVersion.targets(2437,5): warning MSB3277:           Project file item includes which caused reference "C:\Program Files\Autodesk\Revit 2026\IntfATFAPI.dll". [C:\Users\ajith\new revit\RebarAutomation\RebarAutomation.csproj]
C:\Program Files\dotnet\sdk\10.0.102\Microsoft.Common.CurrentVersion.targets(2437,5): warning MSB3277:             RevitAPI [C:\Users\ajith\new revit\RebarAutomation\RebarAutomation.csproj]
C:\Program Files\dotnet\sdk\10.0.102\Microsoft.Common.CurrentVersion.targets(2437,5): warning MSB3277:             RevitAPIUI [C:\Users\ajith\new revit\RebarAutomation\RebarAutomation.csproj]
C:\Program Files\dotnet\sdk\10.0.102\Microsoft.Common.CurrentVersion.targets(2437,5): warning MSB3277:         C:\Program Files\Autodesk\Revit 2026\TextEngineAPI.dll [C:\Users\ajith\new revit\RebarAutomation\RebarAutomation.csproj]
C:\Program Files\dotnet\sdk\10.0.102\Microsoft.Common.CurrentVersion.targets(2437,5): warning MSB3277:           Project file item includes which caused reference "C:\Program Files\Autodesk\Revit 2026\TextEngineAPI.dll". [C:\Users\ajith\new revit\RebarAutomation\RebarAutomation.csproj]
C:\Program Files\dotnet\sdk\10.0.102\Microsoft.Common.CurrentVersion.targets(2437,5): warning MSB3277:             RevitAPI [C:\Users\ajith\new revit\RebarAutomation\RebarAutomation.csproj]
C:\Program Files\dotnet\sdk\10.0.102\Microsoft.Common.CurrentVersion.targets(2437,5): warning MSB3277:             RevitAPIUI [C:\Users\ajith\new revit\RebarAutomation\RebarAutomation.csproj]
C:\Program Files\dotnet\sdk\10.0.102\Microsoft.Common.CurrentVersion.targets(2437,5): warning MSB3277:         C:\Program Files\Autodesk\Revit 2026\InfrastructureDBAPI.dll [C:\Users\ajith\new revit\RebarAutomation\RebarAutomation.csproj]
C:\Program Files\dotnet\sdk\10.0.102\Microsoft.Common.CurrentVersion.targets(2437,5): warning MSB3277:           Project file item includes which caused reference "C:\Program Files\Autodesk\Revit 2026\InfrastructureDBAPI.dll". [C:\Users\ajith\new revit\RebarAutomation\RebarAutomation.csproj]
C:\Program Files\dotnet\sdk\10.0.102\Microsoft.Common.CurrentVersion.targets(2437,5): warning MSB3277:             RevitAPI [C:\Users\ajith\new revit\RebarAutomation\RebarAutomation.csproj]
C:\Program Files\dotnet\sdk\10.0.102\Microsoft.Common.CurrentVersion.targets(2437,5): warning MSB3277:             RevitAPIUI [C:\Users\ajith\new revit\RebarAutomation\RebarAutomation.csproj]
C:\Program Files\dotnet\sdk\10.0.102\Microsoft.Common.CurrentVersion.targets(2437,5): warning MSB3277:         C:\Program Files\Autodesk\Revit 2026\ATFRevitCoreAPI.dll [C:\Users\ajith\new revit\RebarAutomation\RebarAutomation.csproj]
C:\Program Files\dotnet\sdk\10.0.102\Microsoft.Common.CurrentVersion.targets(2437,5): warning MSB3277:           Project file item includes which caused reference "C:\Program Files\Autodesk\Revit 2026\ATFRevitCoreAPI.dll". [C:\Users\ajith\new revit\RebarAutomation\RebarAutomation.csproj]
C:\Program Files\dotnet\sdk\10.0.102\Microsoft.Common.CurrentVersion.targets(2437,5): warning MSB3277:             RevitAPI [C:\Users\ajith\new revit\RebarAutomation\RebarAutomation.csproj]
C:\Program Files\dotnet\sdk\10.0.102\Microsoft.Common.CurrentVersion.targets(2437,5): warning MSB3277:             RevitAPIUI [C:\Users\ajith\new revit\RebarAutomation\RebarAutomation.csproj]
C:\Program Files\dotnet\sdk\10.0.102\Microsoft.Common.CurrentVersion.targets(2437,5): warning MSB3277:         C:\Program Files\Autodesk\Revit 2026\DBManagedServices.dll [C:\Users\ajith\new revit\RebarAutomation\RebarAutomation.csproj]
C:\Program Files\dotnet\sdk\10.0.102\Microsoft.Common.CurrentVersion.targets(2437,5): warning MSB3277:           Project file item includes which caused reference "C:\Program Files\Autodesk\Revit 2026\DBManagedServices.dll". [C:\Users\ajith\new revit\RebarAutomation\RebarAutomation.csproj]
C:\Program Files\dotnet\sdk\10.0.102\Microsoft.Common.CurrentVersion.targets(2437,5): warning MSB3277:             RevitAPI [C:\Users\ajith\new revit\RebarAutomation\RebarAutomation.csproj]
C:\Program Files\dotnet\sdk\10.0.102\Microsoft.Common.CurrentVersion.targets(2437,5): warning MSB3277:             RevitAPIUI [C:\Users\ajith\new revit\RebarAutomation\RebarAutomation.csproj]
C:\Program Files\dotnet\sdk\10.0.102\Microsoft.Common.CurrentVersion.targets(2437,5): warning MSB3277:         C:\Program Files\Autodesk\Revit 2026\APIInterop.dll [C:\Users\ajith\new revit\RebarAutomation\RebarAutomation.csproj]
C:\Program Files\dotnet\sdk\10.0.102\Microsoft.Common.CurrentVersion.targets(2437,5): warning MSB3277:           Project file item includes which caused reference "C:\Program Files\Autodesk\Revit 2026\APIInterop.dll". [C:\Users\ajith\new revit\RebarAutomation\RebarAutomation.csproj]
C:\Program Files\dotnet\sdk\10.0.102\Microsoft.Common.CurrentVersion.targets(2437,5): warning MSB3277:             RevitAPIUI [C:\Users\ajith\new revit\RebarAutomation\RebarAutomation.csproj]
C:\Program Files\dotnet\sdk\10.0.102\Microsoft.Common.CurrentVersion.targets(2437,5): warning MSB3277:         C:\Program Files\Autodesk\Revit 2026\AddInManager.dll [C:\Users\ajith\new revit\RebarAutomation\RebarAutomation.csproj]
C:\Program Files\dotnet\sdk\10.0.102\Microsoft.Common.CurrentVersion.targets(2437,5): warning MSB3277:           Project file item includes which caused reference "C:\Program Files\Autodesk\Revit 2026\AddInManager.dll". [C:\Users\ajith\new revit\RebarAutomation\RebarAutomation.csproj]
C:\Program Files\dotnet\sdk\10.0.102\Microsoft.Common.CurrentVersion.targets(2437,5): warning MSB3277:             RevitAPIUI [C:\Users\ajith\new revit\RebarAutomation\RebarAutomation.csproj]
C:\Program Files\dotnet\sdk\10.0.102\Microsoft.Common.CurrentVersion.targets(2437,5): warning MSB3277:         C:\Program Files\Autodesk\Revit 2026\RevitUIAPI.dll [C:\Users\ajith\new revit\RebarAutomation\RebarAutomation.csproj]
C:\Program Files\dotnet\sdk\10.0.102\Microsoft.Common.CurrentVersion.targets(2437,5): warning MSB3277:           Project file item includes which caused reference "C:\Program Files\Autodesk\Revit 2026\RevitUIAPI.dll". [C:\Users\ajith\new revit\RebarAutomation\RebarAutomation.csproj]
C:\Program Files\dotnet\sdk\10.0.102\Microsoft.Common.CurrentVersion.targets(2437,5): warning MSB3277:             RevitAPIUI [C:\Users\ajith\new revit\RebarAutomation\RebarAutomation.csproj]
C:\Program Files\dotnet\sdk\10.0.102\Microsoft.Common.CurrentVersion.targets(2437,5): warning MSB3277:         C:\Program Files\Autodesk\Revit 2026\BuildingSystemsUIAPI.dll [C:\Users\ajith\new revit\RebarAutomation\RebarAutomation.csproj]
C:\Program Files\dotnet\sdk\10.0.102\Microsoft.Common.CurrentVersion.targets(2437,5): warning MSB3277:           Project file item includes which caused reference "C:\Program Files\Autodesk\Revit 2026\BuildingSystemsUIAPI.dll". [C:\Users\ajith\new revit\RebarAutomation\RebarAutomation.csproj]
C:\Program Files\dotnet\sdk\10.0.102\Microsoft.Common.CurrentVersion.targets(2437,5): warning MSB3277:             RevitAPIUI [C:\Users\ajith\new revit\RebarAutomation\RebarAutomation.csproj]
C:\Program Files\dotnet\sdk\10.0.102\Microsoft.Common.CurrentVersion.targets(2437,5): warning MSB3277:         C:\Program Files\Autodesk\Revit 2026\DesktopMFCAPI.dll [C:\Users\ajith\new revit\RebarAutomation\RebarAutomation.csproj]
C:\Program Files\dotnet\sdk\10.0.102\Microsoft.Common.CurrentVersion.targets(2437,5): warning MSB3277:           Project file item includes which caused reference "C:\Program Files\Autodesk\Revit 2026\DesktopMFCAPI.dll". [C:\Users\ajith\new revit\RebarAutomation\RebarAutomation.csproj]
C:\Program Files\dotnet\sdk\10.0.102\Microsoft.Common.CurrentVersion.targets(2437,5): warning MSB3277:             RevitAPIUI [C:\Users\ajith\new revit\RebarAutomation\RebarAutomation.csproj]
C:\Program Files\dotnet\sdk\10.0.102\Microsoft.Common.CurrentVersion.targets(2437,5): warning MSB3277:         C:\Program Files\Autodesk\Revit 2026\APIUIAPI.dll [C:\Users\ajith\new revit\RebarAutomation\RebarAutomation.csproj]
C:\Program Files\dotnet\sdk\10.0.102\Microsoft.Common.CurrentVersion.targets(2437,5): warning MSB3277:           Project file item includes which caused reference "C:\Program Files\Autodesk\Revit 2026\APIUIAPI.dll". [C:\Users\ajith\new revit\RebarAutomation\RebarAutomation.csproj]
C:\Program Files\dotnet\sdk\10.0.102\Microsoft.Common.CurrentVersion.targets(2437,5): warning MSB3277:             RevitAPIUI [C:\Users\ajith\new revit\RebarAutomation\RebarAutomation.csproj]
C:\Program Files\dotnet\sdk\10.0.102\Microsoft.Common.CurrentVersion.targets(2437,5): warning MSB3277:         C:\Program Files\Autodesk\Revit 2026\RevitMFCAPI.dll [C:\Users\ajith\new revit\RebarAutomation\RebarAutomation.csproj]
C:\Program Files\dotnet\sdk\10.0.102\Microsoft.Common.CurrentVersion.targets(2437,5): warning MSB3277:           Project file item includes which caused reference "C:\Program Files\Autodesk\Revit 2026\RevitMFCAPI.dll". [C:\Users\ajith\new revit\RebarAutomation\RebarAutomation.csproj]
C:\Program Files\dotnet\sdk\10.0.102\Microsoft.Common.CurrentVersion.targets(2437,5): warning MSB3277:             RevitAPIUI [C:\Users\ajith\new revit\RebarAutomation\RebarAutomation.csproj]
C:\Program Files\dotnet\sdk\10.0.102\Microsoft.Common.CurrentVersion.targets(2437,5): warning MSB3277:         C:\Program Files\Autodesk\Revit 2026\EssentialsUIAPI.dll [C:\Users\ajith\new revit\RebarAutomation\RebarAutomation.csproj]
C:\Program Files\dotnet\sdk\10.0.102\Microsoft.Common.CurrentVersion.targets(2437,5): warning MSB3277:           Project file item includes which caused reference "C:\Program Files\Autodesk\Revit 2026\EssentialsUIAPI.dll". [C:\Users\ajith\new revit\RebarAutomation\RebarAutomation.csproj]
C:\Program Files\dotnet\sdk\10.0.102\Microsoft.Common.CurrentVersion.targets(2437,5): warning MSB3277:             RevitAPIUI [C:\Users\ajith\new revit\RebarAutomation\RebarAutomation.csproj]
C:\Program Files\dotnet\sdk\10.0.102\Microsoft.Common.CurrentVersion.targets(2437,5): warning MSB3277:         C:\Program Files\Autodesk\Revit 2026\DetailUIAPI.dll [C:\Users\ajith\new revit\RebarAutomation\RebarAutomation.csproj]
C:\Program Files\dotnet\sdk\10.0.102\Microsoft.Common.CurrentVersion.targets(2437,5): warning MSB3277:           Project file item includes which caused reference "C:\Program Files\Autodesk\Revit 2026\DetailUIAPI.dll". [C:\Users\ajith\new revit\RebarAutomation\RebarAutomation.csproj]
C:\Program Files\dotnet\sdk\10.0.102\Microsoft.Common.CurrentVersion.targets(2437,5): warning MSB3277:             RevitAPIUI [C:\Users\ajith\new revit\RebarAutomation\RebarAutomation.csproj]
C:\Program Files\dotnet\sdk\10.0.102\Microsoft.Common.CurrentVersion.targets(2437,5): warning MSB3277:         C:\Program Files\Autodesk\Revit 2026\UIFrameworkServices.dll [C:\Users\ajith\new revit\RebarAutomation\RebarAutomation.csproj]
C:\Program Files\dotnet\sdk\10.0.102\Microsoft.Common.CurrentVersion.targets(2437,5): warning MSB3277:           Project file item includes which caused reference "C:\Program Files\Autodesk\Revit 2026\UIFrameworkServices.dll". [C:\Users\ajith\new revit\RebarAutomation\RebarAutomation.csproj]
C:\Program Files\dotnet\sdk\10.0.102\Microsoft.Common.CurrentVersion.targets(2437,5): warning MSB3277:             RevitAPIUI [C:\Users\ajith\new revit\RebarAutomation\RebarAutomation.csproj]
C:\Program Files\dotnet\sdk\10.0.102\Microsoft.Common.CurrentVersion.targets(2437,5): warning MSB3277:         C:\Program Files\Autodesk\Revit 2026\SSONET.dll [C:\Users\ajith\new revit\RebarAutomation\RebarAutomation.csproj]
C:\Program Files\dotnet\sdk\10.0.102\Microsoft.Common.CurrentVersion.targets(2437,5): warning MSB3277:           Project file item includes which caused reference "C:\Program Files\Autodesk\Revit 2026\SSONET.dll". [C:\Users\ajith\new revit\RebarAutomation\RebarAutomation.csproj]
C:\Program Files\dotnet\sdk\10.0.102\Microsoft.Common.CurrentVersion.targets(2437,5): warning MSB3277:             RevitAPIUI [C:\Users\ajith\new revit\RebarAutomation\RebarAutomation.csproj]
C:\Program Files\dotnet\sdk\10.0.102\Microsoft.Common.CurrentVersion.targets(2437,5): warning MSB3277: Found conflicts between different versions of "System.Drawing" that could not be resolved. [C:\Users\ajith\new revit\RebarAutomation\RebarAutomation.csproj]
C:\Program Files\dotnet\sdk\10.0.102\Microsoft.Common.CurrentVersion.targets(2437,5): warning MSB3277: There was a conflict between "System.Drawing, Version=4.0.0.0, Culture=neutral, PublicKeyToken=b03f5f7f11d50a3a" and "System.Drawing, Version=8.0.0.0, Culture=neutral, PublicKeyToken=b03f5f7f11d50a3a". [C:\Users\ajith\new revit\RebarAutomation\RebarAutomation.csproj]
C:\Program Files\dotnet\sdk\10.0.102\Microsoft.Common.CurrentVersion.targets(2437,5): warning MSB3277:     "System.Drawing, Version=4.0.0.0, Culture=neutral, PublicKeyToken=b03f5f7f11d50a3a" was chosen because it was primary and "System.Drawing, Version=8.0.0.0, Culture=neutral, PublicKeyToken=b03f5f7f11d50a3a" was not. [C:\Users\ajith\new revit\RebarAutomation\RebarAutomation.csproj]
C:\Program Files\dotnet\sdk\10.0.102\Microsoft.Common.CurrentVersion.targets(2437,5): warning MSB3277:     References which depend on "System.Drawing, Version=4.0.0.0, Culture=neutral, PublicKeyToken=b03f5f7f11d50a3a" [C:\Program Files (x86)\Reference Assemblies\Microsoft\Framework\.NETFramework\v4.8\System.Drawing.dll]. [C:\Users\ajith\new revit\RebarAutomation\RebarAutomation.csproj]
C:\Program Files\dotnet\sdk\10.0.102\Microsoft.Common.CurrentVersion.targets(2437,5): warning MSB3277:         C:\Program Files (x86)\Reference Assemblies\Microsoft\Framework\.NETFramework\v4.8\System.Drawing.dll [C:\Users\ajith\new revit\RebarAutomation\RebarAutomation.csproj]
C:\Program Files\dotnet\sdk\10.0.102\Microsoft.Common.CurrentVersion.targets(2437,5): warning MSB3277:           Project file item includes which caused reference "C:\Program Files (x86)\Reference Assemblies\Microsoft\Framework\.NETFramework\v4.8\System.Drawing.dll". [C:\Users\ajith\new revit\RebarAutomation\RebarAutomation.csproj]
C:\Program Files\dotnet\sdk\10.0.102\Microsoft.Common.CurrentVersion.targets(2437,5): warning MSB3277:             System.Drawing [C:\Users\ajith\new revit\RebarAutomation\RebarAutomation.csproj]
C:\Program Files\dotnet\sdk\10.0.102\Microsoft.Common.CurrentVersion.targets(2437,5): warning MSB3277:     References which depend on or have been unified to "System.Drawing, Version=8.0.0.0, Culture=neutral, PublicKeyToken=b03f5f7f11d50a3a" []. [C:\Users\ajith\new revit\RebarAutomation\RebarAutomation.csproj]
C:\Program Files\dotnet\sdk\10.0.102\Microsoft.Common.CurrentVersion.targets(2437,5): warning MSB3277:         C:\Program Files\Autodesk\Revit 2026\RevitAPI.dll [C:\Users\ajith\new revit\RebarAutomation\RebarAutomation.csproj]
C:\Program Files\dotnet\sdk\10.0.102\Microsoft.Common.CurrentVersion.targets(2437,5): warning MSB3277:           Project file item includes which caused reference "C:\Program Files\Autodesk\Revit 2026\RevitAPI.dll". [C:\Users\ajith\new revit\RebarAutomation\RebarAutomation.csproj]
C:\Program Files\dotnet\sdk\10.0.102\Microsoft.Common.CurrentVersion.targets(2437,5): warning MSB3277:             RevitAPI [C:\Users\ajith\new revit\RebarAutomation\RebarAutomation.csproj]
C:\Program Files\dotnet\sdk\10.0.102\Microsoft.Common.CurrentVersion.targets(2437,5): warning MSB3277:             RevitAPIUI [C:\Users\ajith\new revit\RebarAutomation\RebarAutomation.csproj]
C:\Program Files\dotnet\sdk\10.0.102\Microsoft.Common.CurrentVersion.targets(2437,5): warning MSB3277:         C:\Program Files\Autodesk\Revit 2026\RevitAPIUI.dll [C:\Users\ajith\new revit\RebarAutomation\RebarAutomation.csproj]
C:\Program Files\dotnet\sdk\10.0.102\Microsoft.Common.CurrentVersion.targets(2437,5): warning MSB3277:           Project file item includes which caused reference "C:\Program Files\Autodesk\Revit 2026\RevitAPIUI.dll". [C:\Users\ajith\new revit\RebarAutomation\RebarAutomation.csproj]
C:\Program Files\dotnet\sdk\10.0.102\Microsoft.Common.CurrentVersion.targets(2437,5): warning MSB3277:             RevitAPIUI [C:\Users\ajith\new revit\RebarAutomation\RebarAutomation.csproj]
C:\Program Files\dotnet\sdk\10.0.102\Microsoft.Common.CurrentVersion.targets(2437,5): warning MSB3277:         C:\Users\ajith\.nuget\packages\epplus\7.0.0\lib\net462\EPPlus.dll [C:\Users\ajith\new revit\RebarAutomation\RebarAutomation.csproj]
C:\Program Files\dotnet\sdk\10.0.102\Microsoft.Common.CurrentVersion.targets(2437,5): warning MSB3277:           Project file item includes which caused reference "C:\Users\ajith\.nuget\packages\epplus\7.0.0\lib\net462\EPPlus.dll". [C:\Users\ajith\new revit\RebarAutomation\RebarAutomation.csproj]
C:\Program Files\dotnet\sdk\10.0.102\Microsoft.Common.CurrentVersion.targets(2437,5): warning MSB3277:             C:\Users\ajith\.nuget\packages\epplus\7.0.0\lib\net462\EPPlus.dll [C:\Users\ajith\new revit\RebarAutomation\RebarAutomation.csproj]
C:\Program Files\dotnet\sdk\10.0.102\Microsoft.Common.CurrentVersion.targets(2437,5): warning MSB3277:         C:\Users\ajith\.nuget\packages\epplus.system.drawing\6.1.1\lib\net462\EPPlus.System.Drawing.dll [C:\Users\ajith\new revit\RebarAutomation\RebarAutomation.csproj]
C:\Program Files\dotnet\sdk\10.0.102\Microsoft.Common.CurrentVersion.targets(2437,5): warning MSB3277:           Project file item includes which caused reference "C:\Users\ajith\.nuget\packages\epplus.system.drawing\6.1.1\lib\net462\EPPlus.System.Drawing.dll". [C:\Users\ajith\new revit\RebarAutomation\RebarAutomation.csproj]
C:\Program Files\dotnet\sdk\10.0.102\Microsoft.Common.CurrentVersion.targets(2437,5): warning MSB3277:             C:\Users\ajith\.nuget\packages\epplus.system.drawing\6.1.1\lib\net462\EPPlus.System.Drawing.dll [C:\Users\ajith\new revit\RebarAutomation\RebarAutomation.csproj]
C:\Program Files\dotnet\sdk\10.0.102\Microsoft.Common.CurrentVersion.targets(2437,5): warning MSB3277:             C:\Users\ajith\.nuget\packages\epplus\7.0.0\lib\net462\EPPlus.dll [C:\Users\ajith\new revit\RebarAutomation\RebarAutomation.csproj]
C:\Program Files\dotnet\sdk\10.0.102\Microsoft.Common.CurrentVersion.targets(2437,5): warning MSB3277:         C:\Program Files\Autodesk\Revit 2026\AdskRcManaged.dll [C:\Users\ajith\new revit\RebarAutomation\RebarAutomation.csproj]
C:\Program Files\dotnet\sdk\10.0.102\Microsoft.Common.CurrentVersion.targets(2437,5): warning MSB3277:           Project file item includes which caused reference "C:\Program Files\Autodesk\Revit 2026\AdskRcManaged.dll". [C:\Users\ajith\new revit\RebarAutomation\RebarAutomation.csproj]
C:\Program Files\dotnet\sdk\10.0.102\Microsoft.Common.CurrentVersion.targets(2437,5): warning MSB3277:             RevitAPI [C:\Users\ajith\new revit\RebarAutomation\RebarAutomation.csproj]
C:\Program Files\dotnet\sdk\10.0.102\Microsoft.Common.CurrentVersion.targets(2437,5): warning MSB3277:             RevitAPIUI [C:\Users\ajith\new revit\RebarAutomation\RebarAutomation.csproj]
C:\Program Files\dotnet\sdk\10.0.102\Microsoft.Common.CurrentVersion.targets(2437,5): warning MSB3277:         C:\Program Files\Autodesk\Revit 2026\RevitAPIFoundation.dll [C:\Users\ajith\new revit\RebarAutomation\RebarAutomation.csproj]
C:\Program Files\dotnet\sdk\10.0.102\Microsoft.Common.CurrentVersion.targets(2437,5): warning MSB3277:           Project file item includes which caused reference "C:\Program Files\Autodesk\Revit 2026\RevitAPIFoundation.dll". [C:\Users\ajith\new revit\RebarAutomation\RebarAutomation.csproj]
C:\Program Files\dotnet\sdk\10.0.102\Microsoft.Common.CurrentVersion.targets(2437,5): warning MSB3277:             RevitAPI [C:\Users\ajith\new revit\RebarAutomation\RebarAutomation.csproj]
C:\Program Files\dotnet\sdk\10.0.102\Microsoft.Common.CurrentVersion.targets(2437,5): warning MSB3277:             RevitAPIUI [C:\Users\ajith\new revit\RebarAutomation\RebarAutomation.csproj]
C:\Program Files\dotnet\sdk\10.0.102\Microsoft.Common.CurrentVersion.targets(2437,5): warning MSB3277:         C:\Program Files\Autodesk\Revit 2026\RevitDBAPI.dll [C:\Users\ajith\new revit\RebarAutomation\RebarAutomation.csproj]
C:\Program Files\dotnet\sdk\10.0.102\Microsoft.Common.CurrentVersion.targets(2437,5): warning MSB3277:           Project file item includes which caused reference "C:\Program Files\Autodesk\Revit 2026\RevitDBAPI.dll". [C:\Users\ajith\new revit\RebarAutomation\RebarAutomation.csproj]
C:\Program Files\dotnet\sdk\10.0.102\Microsoft.Common.CurrentVersion.targets(2437,5): warning MSB3277:             RevitAPI [C:\Users\ajith\new revit\RebarAutomation\RebarAutomation.csproj]
C:\Program Files\dotnet\sdk\10.0.102\Microsoft.Common.CurrentVersion.targets(2437,5): warning MSB3277:             RevitAPIUI [C:\Users\ajith\new revit\RebarAutomation\RebarAutomation.csproj]
C:\Program Files\dotnet\sdk\10.0.102\Microsoft.Common.CurrentVersion.targets(2437,5): warning MSB3277:         C:\Program Files\Autodesk\Revit 2026\RevitDBCoreAPI.dll [C:\Users\ajith\new revit\RebarAutomation\RebarAutomation.csproj]
C:\Program Files\dotnet\sdk\10.0.102\Microsoft.Common.CurrentVersion.targets(2437,5): warning MSB3277:           Project file item includes which caused reference "C:\Program Files\Autodesk\Revit 2026\RevitDBCoreAPI.dll". [C:\Users\ajith\new revit\RebarAutomation\RebarAutomation.csproj]
C:\Program Files\dotnet\sdk\10.0.102\Microsoft.Common.CurrentVersion.targets(2437,5): warning MSB3277:             RevitAPI [C:\Users\ajith\new revit\RebarAutomation\RebarAutomation.csproj]
C:\Program Files\dotnet\sdk\10.0.102\Microsoft.Common.CurrentVersion.targets(2437,5): warning MSB3277:             RevitAPIUI [C:\Users\ajith\new revit\RebarAutomation\RebarAutomation.csproj]
C:\Program Files\dotnet\sdk\10.0.102\Microsoft.Common.CurrentVersion.targets(2437,5): warning MSB3277:         C:\Program Files\Autodesk\Revit 2026\PersistenceDBAPI.dll [C:\Users\ajith\new revit\RebarAutomation\RebarAutomation.csproj]
C:\Program Files\dotnet\sdk\10.0.102\Microsoft.Common.CurrentVersion.targets(2437,5): warning MSB3277:           Project file item includes which caused reference "C:\Program Files\Autodesk\Revit 2026\PersistenceDBAPI.dll". [C:\Users\ajith\new revit\RebarAutomation\RebarAutomation.csproj]
C:\Program Files\dotnet\sdk\10.0.102\Microsoft.Common.CurrentVersion.targets(2437,5): warning MSB3277:             RevitAPI [C:\Users\ajith\new revit\RebarAutomation\RebarAutomation.csproj]
C:\Program Files\dotnet\sdk\10.0.102\Microsoft.Common.CurrentVersion.targets(2437,5): warning MSB3277:             RevitAPIUI [C:\Users\ajith\new revit\RebarAutomation\RebarAutomation.csproj]
C:\Program Files\dotnet\sdk\10.0.102\Microsoft.Common.CurrentVersion.targets(2437,5): warning MSB3277:         C:\Program Files\Autodesk\Revit 2026\UtilityAPI.dll [C:\Users\ajith\new revit\RebarAutomation\RebarAutomation.csproj]
C:\Program Files\dotnet\sdk\10.0.102\Microsoft.Common.CurrentVersion.targets(2437,5): warning MSB3277:           Project file item includes which caused reference "C:\Program Files\Autodesk\Revit 2026\UtilityAPI.dll". [C:\Users\ajith\new revit\RebarAutomation\RebarAutomation.csproj]
C:\Program Files\dotnet\sdk\10.0.102\Microsoft.Common.CurrentVersion.targets(2437,5): warning MSB3277:             RevitAPI [C:\Users\ajith\new revit\RebarAutomation\RebarAutomation.csproj]
C:\Program Files\dotnet\sdk\10.0.102\Microsoft.Common.CurrentVersion.targets(2437,5): warning MSB3277:             RevitAPIUI [C:\Users\ajith\new revit\RebarAutomation\RebarAutomation.csproj]
C:\Program Files\dotnet\sdk\10.0.102\Microsoft.Common.CurrentVersion.targets(2437,5): warning MSB3277:         C:\Program Files\Autodesk\Revit 2026\APIDBAPI.dll [C:\Users\ajith\new revit\RebarAutomation\RebarAutomation.csproj]
C:\Program Files\dotnet\sdk\10.0.102\Microsoft.Common.CurrentVersion.targets(2437,5): warning MSB3277:           Project file item includes which caused reference "C:\Program Files\Autodesk\Revit 2026\APIDBAPI.dll". [C:\Users\ajith\new revit\RebarAutomation\RebarAutomation.csproj]
C:\Program Files\dotnet\sdk\10.0.102\Microsoft.Common.CurrentVersion.targets(2437,5): warning MSB3277:             RevitAPI [C:\Users\ajith\new revit\RebarAutomation\RebarAutomation.csproj]
C:\Program Files\dotnet\sdk\10.0.102\Microsoft.Common.CurrentVersion.targets(2437,5): warning MSB3277:             RevitAPIUI [C:\Users\ajith\new revit\RebarAutomation\RebarAutomation.csproj]
C:\Program Files\dotnet\sdk\10.0.102\Microsoft.Common.CurrentVersion.targets(2437,5): warning MSB3277:         C:\Program Files\Autodesk\Revit 2026\GraphicsAPI.dll [C:\Users\ajith\new revit\RebarAutomation\RebarAutomation.csproj]
C:\Program Files\dotnet\sdk\10.0.102\Microsoft.Common.CurrentVersion.targets(2437,5): warning MSB3277:           Project file item includes which caused reference "C:\Program Files\Autodesk\Revit 2026\GraphicsAPI.dll". [C:\Users\ajith\new revit\RebarAutomation\RebarAutomation.csproj]
C:\Program Files\dotnet\sdk\10.0.102\Microsoft.Common.CurrentVersion.targets(2437,5): warning MSB3277:             RevitAPI [C:\Users\ajith\new revit\RebarAutomation\RebarAutomation.csproj]
C:\Program Files\dotnet\sdk\10.0.102\Microsoft.Common.CurrentVersion.targets(2437,5): warning MSB3277:             RevitAPIUI [C:\Users\ajith\new revit\RebarAutomation\RebarAutomation.csproj]
C:\Program Files\dotnet\sdk\10.0.102\Microsoft.Common.CurrentVersion.targets(2437,5): warning MSB3277:         C:\Program Files\Autodesk\Revit 2026\ElementGroupDBAPI.dll [C:\Users\ajith\new revit\RebarAutomation\RebarAutomation.csproj]
C:\Program Files\dotnet\sdk\10.0.102\Microsoft.Common.CurrentVersion.targets(2437,5): warning MSB3277:           Project file item includes which caused reference "C:\Program Files\Autodesk\Revit 2026\ElementGroupDBAPI.dll". [C:\Users\ajith\new revit\RebarAutomation\RebarAutomation.csproj]
C:\Program Files\dotnet\sdk\10.0.102\Microsoft.Common.CurrentVersion.targets(2437,5): warning MSB3277:             RevitAPI [C:\Users\ajith\new revit\RebarAutomation\RebarAutomation.csproj]
C:\Program Files\dotnet\sdk\10.0.102\Microsoft.Common.CurrentVersion.targets(2437,5): warning MSB3277:             RevitAPIUI [C:\Users\ajith\new revit\RebarAutomation\RebarAutomation.csproj]
C:\Program Files\dotnet\sdk\10.0.102\Microsoft.Common.CurrentVersion.targets(2437,5): warning MSB3277:         C:\Program Files\Autodesk\Revit 2026\EssentialsDBAPI.dll [C:\Users\ajith\new revit\RebarAutomation\RebarAutomation.csproj]
C:\Program Files\dotnet\sdk\10.0.102\Microsoft.Common.CurrentVersion.targets(2437,5): warning MSB3277:           Project file item includes which caused reference "C:\Program Files\Autodesk\Revit 2026\EssentialsDBAPI.dll". [C:\Users\ajith\new revit\RebarAutomation\RebarAutomation.csproj]
C:\Program Files\dotnet\sdk\10.0.102\Microsoft.Common.CurrentVersion.targets(2437,5): warning MSB3277:             RevitAPI [C:\Users\ajith\new revit\RebarAutomation\RebarAutomation.csproj]
C:\Program Files\dotnet\sdk\10.0.102\Microsoft.Common.CurrentVersion.targets(2437,5): warning MSB3277:             RevitAPIUI [C:\Users\ajith\new revit\RebarAutomation\RebarAutomation.csproj]
C:\Program Files\dotnet\sdk\10.0.102\Microsoft.Common.CurrentVersion.targets(2437,5): warning MSB3277:         C:\Program Files\Autodesk\Revit 2026\GeomUtilAPI.dll [C:\Users\ajith\new revit\RebarAutomation\RebarAutomation.csproj]
C:\Program Files\dotnet\sdk\10.0.102\Microsoft.Common.CurrentVersion.targets(2437,5): warning MSB3277:           Project file item includes which caused reference "C:\Program Files\Autodesk\Revit 2026\GeomUtilAPI.dll". [C:\Users\ajith\new revit\RebarAutomation\RebarAutomation.csproj]
C:\Program Files\dotnet\sdk\10.0.102\Microsoft.Common.CurrentVersion.targets(2437,5): warning MSB3277:             RevitAPI [C:\Users\ajith\new revit\RebarAutomation\RebarAutomation.csproj]
C:\Program Files\dotnet\sdk\10.0.102\Microsoft.Common.CurrentVersion.targets(2437,5): warning MSB3277:             RevitAPIUI [C:\Users\ajith\new revit\RebarAutomation\RebarAutomation.csproj]
C:\Program Files\dotnet\sdk\10.0.102\Microsoft.Common.CurrentVersion.targets(2437,5): warning MSB3277:         C:\Program Files\Autodesk\Revit 2026\FamilyDBAPI.dll [C:\Users\ajith\new revit\RebarAutomation\RebarAutomation.csproj]
C:\Program Files\dotnet\sdk\10.0.102\Microsoft.Common.CurrentVersion.targets(2437,5): warning MSB3277:           Project file item includes which caused reference "C:\Program Files\Autodesk\Revit 2026\FamilyDBAPI.dll". [C:\Users\ajith\new revit\RebarAutomation\RebarAutomation.csproj]
C:\Program Files\dotnet\sdk\10.0.102\Microsoft.Common.CurrentVersion.targets(2437,5): warning MSB3277:             RevitAPI [C:\Users\ajith\new revit\RebarAutomation\RebarAutomation.csproj]
C:\Program Files\dotnet\sdk\10.0.102\Microsoft.Common.CurrentVersion.targets(2437,5): warning MSB3277:             RevitAPIUI [C:\Users\ajith\new revit\RebarAutomation\RebarAutomation.csproj]
C:\Program Files\dotnet\sdk\10.0.102\Microsoft.Common.CurrentVersion.targets(2437,5): warning MSB3277:         C:\Program Files\Autodesk\Revit 2026\DetailDBAPI.dll [C:\Users\ajith\new revit\RebarAutomation\RebarAutomation.csproj]
C:\Program Files\dotnet\sdk\10.0.102\Microsoft.Common.CurrentVersion.targets(2437,5): warning MSB3277:           Project file item includes which caused reference "C:\Program Files\Autodesk\Revit 2026\DetailDBAPI.dll". [C:\Users\ajith\new revit\RebarAutomation\RebarAutomation.csproj]
C:\Program Files\dotnet\sdk\10.0.102\Microsoft.Common.CurrentVersion.targets(2437,5): warning MSB3277:             RevitAPI [C:\Users\ajith\new revit\RebarAutomation\RebarAutomation.csproj]
C:\Program Files\dotnet\sdk\10.0.102\Microsoft.Common.CurrentVersion.targets(2437,5): warning MSB3277:             RevitAPIUI [C:\Users\ajith\new revit\RebarAutomation\RebarAutomation.csproj]
C:\Program Files\dotnet\sdk\10.0.102\Microsoft.Common.CurrentVersion.targets(2437,5): warning MSB3277:         C:\Program Files\Autodesk\Revit 2026\CurtainGridFamilyDBAPI.dll [C:\Users\ajith\new revit\RebarAutomation\RebarAutomation.csproj]
C:\Program Files\dotnet\sdk\10.0.102\Microsoft.Common.CurrentVersion.targets(2437,5): warning MSB3277:           Project file item includes which caused reference "C:\Program Files\Autodesk\Revit 2026\CurtainGridFamilyDBAPI.dll". [C:\Users\ajith\new revit\RebarAutomation\RebarAutomation.csproj]
C:\Program Files\dotnet\sdk\10.0.102\Microsoft.Common.CurrentVersion.targets(2437,5): warning MSB3277:             RevitAPI [C:\Users\ajith\new revit\RebarAutomation\RebarAutomation.csproj]
C:\Program Files\dotnet\sdk\10.0.102\Microsoft.Common.CurrentVersion.targets(2437,5): warning MSB3277:             RevitAPIUI [C:\Users\ajith\new revit\RebarAutomation\RebarAutomation.csproj]
C:\Program Files\dotnet\sdk\10.0.102\Microsoft.Common.CurrentVersion.targets(2437,5): warning MSB3277:         C:\Program Files\Autodesk\Revit 2026\ArrayElemsDBAPI.dll [C:\Users\ajith\new revit\RebarAutomation\RebarAutomation.csproj]
C:\Program Files\dotnet\sdk\10.0.102\Microsoft.Common.CurrentVersion.targets(2437,5): warning MSB3277:           Project file item includes which caused reference "C:\Program Files\Autodesk\Revit 2026\ArrayElemsDBAPI.dll". [C:\Users\ajith\new revit\RebarAutomation\RebarAutomation.csproj]
C:\Program Files\dotnet\sdk\10.0.102\Microsoft.Common.CurrentVersion.targets(2437,5): warning MSB3277:             RevitAPI [C:\Users\ajith\new revit\RebarAutomation\RebarAutomation.csproj]
C:\Program Files\dotnet\sdk\10.0.102\Microsoft.Common.CurrentVersion.targets(2437,5): warning MSB3277:             RevitAPIUI [C:\Users\ajith\new revit\RebarAutomation\RebarAutomation.csproj]
C:\Program Files\dotnet\sdk\10.0.102\Microsoft.Common.CurrentVersion.targets(2437,5): warning MSB3277:         C:\Program Files\Autodesk\Revit 2026\EnergyAnalysisDBAPI.dll [C:\Users\ajith\new revit\RebarAutomation\RebarAutomation.csproj]
C:\Program Files\dotnet\sdk\10.0.102\Microsoft.Common.CurrentVersion.targets(2437,5): warning MSB3277:           Project file item includes which caused reference "C:\Program Files\Autodesk\Revit 2026\EnergyAnalysisDBAPI.dll". [C:\Users\ajith\new revit\RebarAutomation\RebarAutomation.csproj]
C:\Program Files\dotnet\sdk\10.0.102\Microsoft.Common.CurrentVersion.targets(2437,5): warning MSB3277:             RevitAPI [C:\Users\ajith\new revit\RebarAutomation\RebarAutomation.csproj]
C:\Program Files\dotnet\sdk\10.0.102\Microsoft.Common.CurrentVersion.targets(2437,5): warning MSB3277:             RevitAPIUI [C:\Users\ajith\new revit\RebarAutomation\RebarAutomation.csproj]
C:\Program Files\dotnet\sdk\10.0.102\Microsoft.Common.CurrentVersion.targets(2437,5): warning MSB3277:         C:\Program Files\Autodesk\Revit 2026\BuildingSystemsDBAPI.dll [C:\Users\ajith\new revit\RebarAutomation\RebarAutomation.csproj]
C:\Program Files\dotnet\sdk\10.0.102\Microsoft.Common.CurrentVersion.targets(2437,5): warning MSB3277:           Project file item includes which caused reference "C:\Program Files\Autodesk\Revit 2026\BuildingSystemsDBAPI.dll". [C:\Users\ajith\new revit\RebarAutomation\RebarAutomation.csproj]
C:\Program Files\dotnet\sdk\10.0.102\Microsoft.Common.CurrentVersion.targets(2437,5): warning MSB3277:             RevitAPI [C:\Users\ajith\new revit\RebarAutomation\RebarAutomation.csproj]
C:\Program Files\dotnet\sdk\10.0.102\Microsoft.Common.CurrentVersion.targets(2437,5): warning MSB3277:             RevitAPIUI [C:\Users\ajith\new revit\RebarAutomation\RebarAutomation.csproj]
C:\Program Files\dotnet\sdk\10.0.102\Microsoft.Common.CurrentVersion.targets(2437,5): warning MSB3277:         C:\Program Files\Autodesk\Revit 2026\HostObjDBAPI.dll [C:\Users\ajith\new revit\RebarAutomation\RebarAutomation.csproj]
C:\Program Files\dotnet\sdk\10.0.102\Microsoft.Common.CurrentVersion.targets(2437,5): warning MSB3277:           Project file item includes which caused reference "C:\Program Files\Autodesk\Revit 2026\HostObjDBAPI.dll". [C:\Users\ajith\new revit\RebarAutomation\RebarAutomation.csproj]
C:\Program Files\dotnet\sdk\10.0.102\Microsoft.Common.CurrentVersion.targets(2437,5): warning MSB3277:             RevitAPI [C:\Users\ajith\new revit\RebarAutomation\RebarAutomation.csproj]
C:\Program Files\dotnet\sdk\10.0.102\Microsoft.Common.CurrentVersion.targets(2437,5): warning MSB3277:             RevitAPIUI [C:\Users\ajith\new revit\RebarAutomation\RebarAutomation.csproj]
C:\Program Files\dotnet\sdk\10.0.102\Microsoft.Common.CurrentVersion.targets(2437,5): warning MSB3277:         C:\Program Files\Autodesk\Revit 2026\RoomAreaPlanDBAPI.dll [C:\Users\ajith\new revit\RebarAutomation\RebarAutomation.csproj]
C:\Program Files\dotnet\sdk\10.0.102\Microsoft.Common.CurrentVersion.targets(2437,5): warning MSB3277:           Project file item includes which caused reference "C:\Program Files\Autodesk\Revit 2026\RoomAreaPlanDBAPI.dll". [C:\Users\ajith\new revit\RebarAutomation\RebarAutomation.csproj]
C:\Program Files\dotnet\sdk\10.0.102\Microsoft.Common.CurrentVersion.targets(2437,5): warning MSB3277:             RevitAPI [C:\Users\ajith\new revit\RebarAutomation\RebarAutomation.csproj]
C:\Program Files\dotnet\sdk\10.0.102\Microsoft.Common.CurrentVersion.targets(2437,5): warning MSB3277:             RevitAPIUI [C:\Users\ajith\new revit\RebarAutomation\RebarAutomation.csproj]
C:\Program Files\dotnet\sdk\10.0.102\Microsoft.Common.CurrentVersion.targets(2437,5): warning MSB3277:         C:\Program Files\Autodesk\Revit 2026\SiteDBAPI.dll [C:\Users\ajith\new revit\RebarAutomation\RebarAutomation.csproj]
C:\Program Files\dotnet\sdk\10.0.102\Microsoft.Common.CurrentVersion.targets(2437,5): warning MSB3277:           Project file item includes which caused reference "C:\Program Files\Autodesk\Revit 2026\SiteDBAPI.dll". [C:\Users\ajith\new revit\RebarAutomation\RebarAutomation.csproj]
C:\Program Files\dotnet\sdk\10.0.102\Microsoft.Common.CurrentVersion.targets(2437,5): warning MSB3277:             RevitAPI [C:\Users\ajith\new revit\RebarAutomation\RebarAutomation.csproj]
C:\Program Files\dotnet\sdk\10.0.102\Microsoft.Common.CurrentVersion.targets(2437,5): warning MSB3277:             RevitAPIUI [C:\Users\ajith\new revit\RebarAutomation\RebarAutomation.csproj]
C:\Program Files\dotnet\sdk\10.0.102\Microsoft.Common.CurrentVersion.targets(2437,5): warning MSB3277:         C:\Program Files\Autodesk\Revit 2026\SculptingDBAPI.dll [C:\Users\ajith\new revit\RebarAutomation\RebarAutomation.csproj]
C:\Program Files\dotnet\sdk\10.0.102\Microsoft.Common.CurrentVersion.targets(2437,5): warning MSB3277:           Project file item includes which caused reference "C:\Program Files\Autodesk\Revit 2026\SculptingDBAPI.dll". [C:\Users\ajith\new revit\RebarAutomation\RebarAutomation.csproj]
C:\Program Files\dotnet\sdk\10.0.102\Microsoft.Common.CurrentVersion.targets(2437,5): warning MSB3277:             RevitAPI [C:\Users\ajith\new revit\RebarAutomation\RebarAutomation.csproj]
C:\Program Files\dotnet\sdk\10.0.102\Microsoft.Common.CurrentVersion.targets(2437,5): warning MSB3277:             RevitAPIUI [C:\Users\ajith\new revit\RebarAutomation\RebarAutomation.csproj]
C:\Program Files\dotnet\sdk\10.0.102\Microsoft.Common.CurrentVersion.targets(2437,5): warning MSB3277:         C:\Program Files\Autodesk\Revit 2026\StructuralDBAPI.dll [C:\Users\ajith\new revit\RebarAutomation\RebarAutomation.csproj]
C:\Program Files\dotnet\sdk\10.0.102\Microsoft.Common.CurrentVersion.targets(2437,5): warning MSB3277:           Project file item includes which caused reference "C:\Program Files\Autodesk\Revit 2026\StructuralDBAPI.dll". [C:\Users\ajith\new revit\RebarAutomation\RebarAutomation.csproj]
C:\Program Files\dotnet\sdk\10.0.102\Microsoft.Common.CurrentVersion.targets(2437,5): warning MSB3277:             RevitAPI [C:\Users\ajith\new revit\RebarAutomation\RebarAutomation.csproj]
C:\Program Files\dotnet\sdk\10.0.102\Microsoft.Common.CurrentVersion.targets(2437,5): warning MSB3277:             RevitAPIUI [C:\Users\ajith\new revit\RebarAutomation\RebarAutomation.csproj]
C:\Program Files\dotnet\sdk\10.0.102\Microsoft.Common.CurrentVersion.targets(2437,5): warning MSB3277:         C:\Program Files\Autodesk\Revit 2026\InterfaceAPI.dll [C:\Users\ajith\new revit\RebarAutomation\RebarAutomation.csproj]
C:\Program Files\dotnet\sdk\10.0.102\Microsoft.Common.CurrentVersion.targets(2437,5): warning MSB3277:           Project file item includes which caused reference "C:\Program Files\Autodesk\Revit 2026\InterfaceAPI.dll". [C:\Users\ajith\new revit\RebarAutomation\RebarAutomation.csproj]
C:\Program Files\dotnet\sdk\10.0.102\Microsoft.Common.CurrentVersion.targets(2437,5): warning MSB3277:             RevitAPI [C:\Users\ajith\new revit\RebarAutomation\RebarAutomation.csproj]
C:\Program Files\dotnet\sdk\10.0.102\Microsoft.Common.CurrentVersion.targets(2437,5): warning MSB3277:             RevitAPIUI [C:\Users\ajith\new revit\RebarAutomation\RebarAutomation.csproj]
C:\Program Files\dotnet\sdk\10.0.102\Microsoft.Common.CurrentVersion.targets(2437,5): warning MSB3277:         C:\Program Files\Autodesk\Revit 2026\InterfaceUtilAPI.dll [C:\Users\ajith\new revit\RebarAutomation\RebarAutomation.csproj]
C:\Program Files\dotnet\sdk\10.0.102\Microsoft.Common.CurrentVersion.targets(2437,5): warning MSB3277:           Project file item includes which caused reference "C:\Program Files\Autodesk\Revit 2026\InterfaceUtilAPI.dll". [C:\Users\ajith\new revit\RebarAutomation\RebarAutomation.csproj]
C:\Program Files\dotnet\sdk\10.0.102\Microsoft.Common.CurrentVersion.targets(2437,5): warning MSB3277:             RevitAPI [C:\Users\ajith\new revit\RebarAutomation\RebarAutomation.csproj]
C:\Program Files\dotnet\sdk\10.0.102\Microsoft.Common.CurrentVersion.targets(2437,5): warning MSB3277:             RevitAPIUI [C:\Users\ajith\new revit\RebarAutomation\RebarAutomation.csproj]
C:\Program Files\dotnet\sdk\10.0.102\Microsoft.Common.CurrentVersion.targets(2437,5): warning MSB3277:         C:\Program Files\Autodesk\Revit 2026\RebarDBAPI.dll [C:\Users\ajith\new revit\RebarAutomation\RebarAutomation.csproj]
C:\Program Files\dotnet\sdk\10.0.102\Microsoft.Common.CurrentVersion.targets(2437,5): warning MSB3277:           Project file item includes which caused reference "C:\Program Files\Autodesk\Revit 2026\RebarDBAPI.dll". [C:\Users\ajith\new revit\RebarAutomation\RebarAutomation.csproj]
C:\Program Files\dotnet\sdk\10.0.102\Microsoft.Common.CurrentVersion.targets(2437,5): warning MSB3277:             RevitAPI [C:\Users\ajith\new revit\RebarAutomation\RebarAutomation.csproj]
C:\Program Files\dotnet\sdk\10.0.102\Microsoft.Common.CurrentVersion.targets(2437,5): warning MSB3277:             RevitAPIUI [C:\Users\ajith\new revit\RebarAutomation\RebarAutomation.csproj]
C:\Program Files\dotnet\sdk\10.0.102\Microsoft.Common.CurrentVersion.targets(2437,5): warning MSB3277:         C:\Program Files\Autodesk\Revit 2026\StructuralAnalysisDBAPI.dll [C:\Users\ajith\new revit\RebarAutomation\RebarAutomation.csproj]
C:\Program Files\dotnet\sdk\10.0.102\Microsoft.Common.CurrentVersion.targets(2437,5): warning MSB3277:           Project file item includes which caused reference "C:\Program Files\Autodesk\Revit 2026\StructuralAnalysisDBAPI.dll". [C:\Users\ajith\new revit\RebarAutomation\RebarAutomation.csproj]
C:\Program Files\dotnet\sdk\10.0.102\Microsoft.Common.CurrentVersion.targets(2437,5): warning MSB3277:             RevitAPI [C:\Users\ajith\new revit\RebarAutomation\RebarAutomation.csproj]
C:\Program Files\dotnet\sdk\10.0.102\Microsoft.Common.CurrentVersion.targets(2437,5): warning MSB3277:             RevitAPIUI [C:\Users\ajith\new revit\RebarAutomation\RebarAutomation.csproj]
C:\Program Files\dotnet\sdk\10.0.102\Microsoft.Common.CurrentVersion.targets(2437,5): warning MSB3277:         C:\Program Files\Autodesk\Revit 2026\MassingDBAPI.dll [C:\Users\ajith\new revit\RebarAutomation\RebarAutomation.csproj]
C:\Program Files\dotnet\sdk\10.0.102\Microsoft.Common.CurrentVersion.targets(2437,5): warning MSB3277:           Project file item includes which caused reference "C:\Program Files\Autodesk\Revit 2026\MassingDBAPI.dll". [C:\Users\ajith\new revit\RebarAutomation\RebarAutomation.csproj]
C:\Program Files\dotnet\sdk\10.0.102\Microsoft.Common.CurrentVersion.targets(2437,5): warning MSB3277:             RevitAPI [C:\Users\ajith\new revit\RebarAutomation\RebarAutomation.csproj]
C:\Program Files\dotnet\sdk\10.0.102\Microsoft.Common.CurrentVersion.targets(2437,5): warning MSB3277:             RevitAPIUI [C:\Users\ajith\new revit\RebarAutomation\RebarAutomation.csproj]
C:\Program Files\dotnet\sdk\10.0.102\Microsoft.Common.CurrentVersion.targets(2437,5): warning MSB3277:         C:\Program Files\Autodesk\Revit 2026\AssemblyDBAPI.dll [C:\Users\ajith\new revit\RebarAutomation\RebarAutomation.csproj]
C:\Program Files\dotnet\sdk\10.0.102\Microsoft.Common.CurrentVersion.targets(2437,5): warning MSB3277:           Project file item includes which caused reference "C:\Program Files\Autodesk\Revit 2026\AssemblyDBAPI.dll". [C:\Users\ajith\new revit\RebarAutomation\RebarAutomation.csproj]
C:\Program Files\dotnet\sdk\10.0.102\Microsoft.Common.CurrentVersion.targets(2437,5): warning MSB3277:             RevitAPI [C:\Users\ajith\new revit\RebarAutomation\RebarAutomation.csproj]
C:\Program Files\dotnet\sdk\10.0.102\Microsoft.Common.CurrentVersion.targets(2437,5): warning MSB3277:             RevitAPIUI [C:\Users\ajith\new revit\RebarAutomation\RebarAutomation.csproj]
C:\Program Files\dotnet\sdk\10.0.102\Microsoft.Common.CurrentVersion.targets(2437,5): warning MSB3277:         C:\Program Files\Autodesk\Revit 2026\DPartDBAPI.dll [C:\Users\ajith\new revit\RebarAutomation\RebarAutomation.csproj]
C:\Program Files\dotnet\sdk\10.0.102\Microsoft.Common.CurrentVersion.targets(2437,5): warning MSB3277:           Project file item includes which caused reference "C:\Program Files\Autodesk\Revit 2026\DPartDBAPI.dll". [C:\Users\ajith\new revit\RebarAutomation\RebarAutomation.csproj]
C:\Program Files\dotnet\sdk\10.0.102\Microsoft.Common.CurrentVersion.targets(2437,5): warning MSB3277:             RevitAPI [C:\Users\ajith\new revit\RebarAutomation\RebarAutomation.csproj]
C:\Program Files\dotnet\sdk\10.0.102\Microsoft.Common.CurrentVersion.targets(2437,5): warning MSB3277:             RevitAPIUI [C:\Users\ajith\new revit\RebarAutomation\RebarAutomation.csproj]
C:\Program Files\dotnet\sdk\10.0.102\Microsoft.Common.CurrentVersion.targets(2437,5): warning MSB3277:         C:\Program Files\Autodesk\Revit 2026\NumberingDBAPI.dll [C:\Users\ajith\new revit\RebarAutomation\RebarAutomation.csproj]
C:\Program Files\dotnet\sdk\10.0.102\Microsoft.Common.CurrentVersion.targets(2437,5): warning MSB3277:           Project file item includes which caused reference "C:\Program Files\Autodesk\Revit 2026\NumberingDBAPI.dll". [C:\Users\ajith\new revit\RebarAutomation\RebarAutomation.csproj]
C:\Program Files\dotnet\sdk\10.0.102\Microsoft.Common.CurrentVersion.targets(2437,5): warning MSB3277:             RevitAPI [C:\Users\ajith\new revit\RebarAutomation\RebarAutomation.csproj]
C:\Program Files\dotnet\sdk\10.0.102\Microsoft.Common.CurrentVersion.targets(2437,5): warning MSB3277:             RevitAPIUI [C:\Users\ajith\new revit\RebarAutomation\RebarAutomation.csproj]
C:\Program Files\dotnet\sdk\10.0.102\Microsoft.Common.CurrentVersion.targets(2437,5): warning MSB3277:         C:\Program Files\Autodesk\Revit 2026\PointCloudAccessAPI.dll [C:\Users\ajith\new revit\RebarAutomation\RebarAutomation.csproj]
C:\Program Files\dotnet\sdk\10.0.102\Microsoft.Common.CurrentVersion.targets(2437,5): warning MSB3277:           Project file item includes which caused reference "C:\Program Files\Autodesk\Revit 2026\PointCloudAccessAPI.dll". [C:\Users\ajith\new revit\RebarAutomation\RebarAutomation.csproj]
C:\Program Files\dotnet\sdk\10.0.102\Microsoft.Common.CurrentVersion.targets(2437,5): warning MSB3277:             RevitAPI [C:\Users\ajith\new revit\RebarAutomation\RebarAutomation.csproj]
C:\Program Files\dotnet\sdk\10.0.102\Microsoft.Common.CurrentVersion.targets(2437,5): warning MSB3277:             RevitAPIUI [C:\Users\ajith\new revit\RebarAutomation\RebarAutomation.csproj]
C:\Program Files\dotnet\sdk\10.0.102\Microsoft.Common.CurrentVersion.targets(2437,5): warning MSB3277:         C:\Program Files\Autodesk\Revit 2026\StairRampDBAPI.dll [C:\Users\ajith\new revit\RebarAutomation\RebarAutomation.csproj]
C:\Program Files\dotnet\sdk\10.0.102\Microsoft.Common.CurrentVersion.targets(2437,5): warning MSB3277:           Project file item includes which caused reference "C:\Program Files\Autodesk\Revit 2026\StairRampDBAPI.dll". [C:\Users\ajith\new revit\RebarAutomation\RebarAutomation.csproj]
C:\Program Files\dotnet\sdk\10.0.102\Microsoft.Common.CurrentVersion.targets(2437,5): warning MSB3277:             RevitAPI [C:\Users\ajith\new revit\RebarAutomation\RebarAutomation.csproj]
C:\Program Files\dotnet\sdk\10.0.102\Microsoft.Common.CurrentVersion.targets(2437,5): warning MSB3277:             RevitAPIUI [C:\Users\ajith\new revit\RebarAutomation\RebarAutomation.csproj]
C:\Program Files\dotnet\sdk\10.0.102\Microsoft.Common.CurrentVersion.targets(2437,5): warning MSB3277:         C:\Program Files\Autodesk\Revit 2026\AnalysisAppsDBAPI.dll [C:\Users\ajith\new revit\RebarAutomation\RebarAutomation.csproj]
C:\Program Files\dotnet\sdk\10.0.102\Microsoft.Common.CurrentVersion.targets(2437,5): warning MSB3277:           Project file item includes which caused reference "C:\Program Files\Autodesk\Revit 2026\AnalysisAppsDBAPI.dll". [C:\Users\ajith\new revit\RebarAutomation\RebarAutomation.csproj]
C:\Program Files\dotnet\sdk\10.0.102\Microsoft.Common.CurrentVersion.targets(2437,5): warning MSB3277:             RevitAPI [C:\Users\ajith\new revit\RebarAutomation\RebarAutomation.csproj]
C:\Program Files\dotnet\sdk\10.0.102\Microsoft.Common.CurrentVersion.targets(2437,5): warning MSB3277:             RevitAPIUI [C:\Users\ajith\new revit\RebarAutomation\RebarAutomation.csproj]
C:\Program Files\dotnet\sdk\10.0.102\Microsoft.Common.CurrentVersion.targets(2437,5): warning MSB3277:         C:\Program Files\Autodesk\Revit 2026\MaterialDBAPI.dll [C:\Users\ajith\new revit\RebarAutomation\RebarAutomation.csproj]
C:\Program Files\dotnet\sdk\10.0.102\Microsoft.Common.CurrentVersion.targets(2437,5): warning MSB3277:           Project file item includes which caused reference "C:\Program Files\Autodesk\Revit 2026\MaterialDBAPI.dll". [C:\Users\ajith\new revit\RebarAutomation\RebarAutomation.csproj]
C:\Program Files\dotnet\sdk\10.0.102\Microsoft.Common.CurrentVersion.targets(2437,5): warning MSB3277:             RevitAPI [C:\Users\ajith\new revit\RebarAutomation\RebarAutomation.csproj]
C:\Program Files\dotnet\sdk\10.0.102\Microsoft.Common.CurrentVersion.targets(2437,5): warning MSB3277:             RevitAPIUI [C:\Users\ajith\new revit\RebarAutomation\RebarAutomation.csproj]
C:\Program Files\dotnet\sdk\10.0.102\Microsoft.Common.CurrentVersion.targets(2437,5): warning MSB3277:         C:\Program Files\Autodesk\Revit 2026\IntfATFAPI.dll [C:\Users\ajith\new revit\RebarAutomation\RebarAutomation.csproj]
C:\Program Files\dotnet\sdk\10.0.102\Microsoft.Common.CurrentVersion.targets(2437,5): warning MSB3277:           Project file item includes which caused reference "C:\Program Files\Autodesk\Revit 2026\IntfATFAPI.dll". [C:\Users\ajith\new revit\RebarAutomation\RebarAutomation.csproj]
C:\Program Files\dotnet\sdk\10.0.102\Microsoft.Common.CurrentVersion.targets(2437,5): warning MSB3277:             RevitAPI [C:\Users\ajith\new revit\RebarAutomation\RebarAutomation.csproj]
C:\Program Files\dotnet\sdk\10.0.102\Microsoft.Common.CurrentVersion.targets(2437,5): warning MSB3277:             RevitAPIUI [C:\Users\ajith\new revit\RebarAutomation\RebarAutomation.csproj]
C:\Program Files\dotnet\sdk\10.0.102\Microsoft.Common.CurrentVersion.targets(2437,5): warning MSB3277:         C:\Program Files\Autodesk\Revit 2026\TextEngineAPI.dll [C:\Users\ajith\new revit\RebarAutomation\RebarAutomation.csproj]
C:\Program Files\dotnet\sdk\10.0.102\Microsoft.Common.CurrentVersion.targets(2437,5): warning MSB3277:           Project file item includes which caused reference "C:\Program Files\Autodesk\Revit 2026\TextEngineAPI.dll". [C:\Users\ajith\new revit\RebarAutomation\RebarAutomation.csproj]
C:\Program Files\dotnet\sdk\10.0.102\Microsoft.Common.CurrentVersion.targets(2437,5): warning MSB3277:             RevitAPI [C:\Users\ajith\new revit\RebarAutomation\RebarAutomation.csproj]
C:\Program Files\dotnet\sdk\10.0.102\Microsoft.Common.CurrentVersion.targets(2437,5): warning MSB3277:             RevitAPIUI [C:\Users\ajith\new revit\RebarAutomation\RebarAutomation.csproj]
C:\Program Files\dotnet\sdk\10.0.102\Microsoft.Common.CurrentVersion.targets(2437,5): warning MSB3277:         C:\Program Files\Autodesk\Revit 2026\InfrastructureDBAPI.dll [C:\Users\ajith\new revit\RebarAutomation\RebarAutomation.csproj]
C:\Program Files\dotnet\sdk\10.0.102\Microsoft.Common.CurrentVersion.targets(2437,5): warning MSB3277:           Project file item includes which caused reference "C:\Program Files\Autodesk\Revit 2026\InfrastructureDBAPI.dll". [C:\Users\ajith\new revit\RebarAutomation\RebarAutomation.csproj]
C:\Program Files\dotnet\sdk\10.0.102\Microsoft.Common.CurrentVersion.targets(2437,5): warning MSB3277:             RevitAPI [C:\Users\ajith\new revit\RebarAutomation\RebarAutomation.csproj]
C:\Program Files\dotnet\sdk\10.0.102\Microsoft.Common.CurrentVersion.targets(2437,5): warning MSB3277:             RevitAPIUI [C:\Users\ajith\new revit\RebarAutomation\RebarAutomation.csproj]
C:\Program Files\dotnet\sdk\10.0.102\Microsoft.Common.CurrentVersion.targets(2437,5): warning MSB3277:         C:\Program Files\Autodesk\Revit 2026\ATFRevitCoreAPI.dll [C:\Users\ajith\new revit\RebarAutomation\RebarAutomation.csproj]
C:\Program Files\dotnet\sdk\10.0.102\Microsoft.Common.CurrentVersion.targets(2437,5): warning MSB3277:           Project file item includes which caused reference "C:\Program Files\Autodesk\Revit 2026\ATFRevitCoreAPI.dll". [C:\Users\ajith\new revit\RebarAutomation\RebarAutomation.csproj]
C:\Program Files\dotnet\sdk\10.0.102\Microsoft.Common.CurrentVersion.targets(2437,5): warning MSB3277:             RevitAPI [C:\Users\ajith\new revit\RebarAutomation\RebarAutomation.csproj]
C:\Program Files\dotnet\sdk\10.0.102\Microsoft.Common.CurrentVersion.targets(2437,5): warning MSB3277:             RevitAPIUI [C:\Users\ajith\new revit\RebarAutomation\RebarAutomation.csproj]
C:\Program Files\dotnet\sdk\10.0.102\Microsoft.Common.CurrentVersion.targets(2437,5): warning MSB3277:         C:\Program Files\Autodesk\Revit 2026\DBManagedServices.dll [C:\Users\ajith\new revit\RebarAutomation\RebarAutomation.csproj]
C:\Program Files\dotnet\sdk\10.0.102\Microsoft.Common.CurrentVersion.targets(2437,5): warning MSB3277:           Project file item includes which caused reference "C:\Program Files\Autodesk\Revit 2026\DBManagedServices.dll". [C:\Users\ajith\new revit\RebarAutomation\RebarAutomation.csproj]
C:\Program Files\dotnet\sdk\10.0.102\Microsoft.Common.CurrentVersion.targets(2437,5): warning MSB3277:             RevitAPI [C:\Users\ajith\new revit\RebarAutomation\RebarAutomation.csproj]
C:\Program Files\dotnet\sdk\10.0.102\Microsoft.Common.CurrentVersion.targets(2437,5): warning MSB3277:             RevitAPIUI [C:\Users\ajith\new revit\RebarAutomation\RebarAutomation.csproj]
C:\Program Files\dotnet\sdk\10.0.102\Microsoft.Common.CurrentVersion.targets(2437,5): warning MSB3277:         C:\Program Files\Autodesk\Revit 2026\APIInterop.dll [C:\Users\ajith\new revit\RebarAutomation\RebarAutomation.csproj]
C:\Program Files\dotnet\sdk\10.0.102\Microsoft.Common.CurrentVersion.targets(2437,5): warning MSB3277:           Project file item includes which caused reference "C:\Program Files\Autodesk\Revit 2026\APIInterop.dll". [C:\Users\ajith\new revit\RebarAutomation\RebarAutomation.csproj]
C:\Program Files\dotnet\sdk\10.0.102\Microsoft.Common.CurrentVersion.targets(2437,5): warning MSB3277:             RevitAPIUI [C:\Users\ajith\new revit\RebarAutomation\RebarAutomation.csproj]
C:\Program Files\dotnet\sdk\10.0.102\Microsoft.Common.CurrentVersion.targets(2437,5): warning MSB3277:         C:\Program Files\Autodesk\Revit 2026\AddInManager.dll [C:\Users\ajith\new revit\RebarAutomation\RebarAutomation.csproj]
C:\Program Files\dotnet\sdk\10.0.102\Microsoft.Common.CurrentVersion.targets(2437,5): warning MSB3277:           Project file item includes which caused reference "C:\Program Files\Autodesk\Revit 2026\AddInManager.dll". [C:\Users\ajith\new revit\RebarAutomation\RebarAutomation.csproj]
C:\Program Files\dotnet\sdk\10.0.102\Microsoft.Common.CurrentVersion.targets(2437,5): warning MSB3277:             RevitAPIUI [C:\Users\ajith\new revit\RebarAutomation\RebarAutomation.csproj]
C:\Program Files\dotnet\sdk\10.0.102\Microsoft.Common.CurrentVersion.targets(2437,5): warning MSB3277:         C:\Program Files\Autodesk\Revit 2026\RevitUIAPI.dll [C:\Users\ajith\new revit\RebarAutomation\RebarAutomation.csproj]
C:\Program Files\dotnet\sdk\10.0.102\Microsoft.Common.CurrentVersion.targets(2437,5): warning MSB3277:           Project file item includes which caused reference "C:\Program Files\Autodesk\Revit 2026\RevitUIAPI.dll". [C:\Users\ajith\new revit\RebarAutomation\RebarAutomation.csproj]
C:\Program Files\dotnet\sdk\10.0.102\Microsoft.Common.CurrentVersion.targets(2437,5): warning MSB3277:             RevitAPIUI [C:\Users\ajith\new revit\RebarAutomation\RebarAutomation.csproj]
C:\Program Files\dotnet\sdk\10.0.102\Microsoft.Common.CurrentVersion.targets(2437,5): warning MSB3277:         C:\Program Files\Autodesk\Revit 2026\BuildingSystemsUIAPI.dll [C:\Users\ajith\new revit\RebarAutomation\RebarAutomation.csproj]
C:\Program Files\dotnet\sdk\10.0.102\Microsoft.Common.CurrentVersion.targets(2437,5): warning MSB3277:           Project file item includes which caused reference "C:\Program Files\Autodesk\Revit 2026\BuildingSystemsUIAPI.dll". [C:\Users\ajith\new revit\RebarAutomation\RebarAutomation.csproj]
C:\Program Files\dotnet\sdk\10.0.102\Microsoft.Common.CurrentVersion.targets(2437,5): warning MSB3277:             RevitAPIUI [C:\Users\ajith\new revit\RebarAutomation\RebarAutomation.csproj]
C:\Program Files\dotnet\sdk\10.0.102\Microsoft.Common.CurrentVersion.targets(2437,5): warning MSB3277:         C:\Program Files\Autodesk\Revit 2026\DesktopMFCAPI.dll [C:\Users\ajith\new revit\RebarAutomation\RebarAutomation.csproj]
C:\Program Files\dotnet\sdk\10.0.102\Microsoft.Common.CurrentVersion.targets(2437,5): warning MSB3277:           Project file item includes which caused reference "C:\Program Files\Autodesk\Revit 2026\DesktopMFCAPI.dll". [C:\Users\ajith\new revit\RebarAutomation\RebarAutomation.csproj]
C:\Program Files\dotnet\sdk\10.0.102\Microsoft.Common.CurrentVersion.targets(2437,5): warning MSB3277:             RevitAPIUI [C:\Users\ajith\new revit\RebarAutomation\RebarAutomation.csproj]
C:\Program Files\dotnet\sdk\10.0.102\Microsoft.Common.CurrentVersion.targets(2437,5): warning MSB3277:         C:\Program Files\Autodesk\Revit 2026\APIUIAPI.dll [C:\Users\ajith\new revit\RebarAutomation\RebarAutomation.csproj]
C:\Program Files\dotnet\sdk\10.0.102\Microsoft.Common.CurrentVersion.targets(2437,5): warning MSB3277:           Project file item includes which caused reference "C:\Program Files\Autodesk\Revit 2026\APIUIAPI.dll". [C:\Users\ajith\new revit\RebarAutomation\RebarAutomation.csproj]
C:\Program Files\dotnet\sdk\10.0.102\Microsoft.Common.CurrentVersion.targets(2437,5): warning MSB3277:             RevitAPIUI [C:\Users\ajith\new revit\RebarAutomation\RebarAutomation.csproj]
C:\Program Files\dotnet\sdk\10.0.102\Microsoft.Common.CurrentVersion.targets(2437,5): warning MSB3277:         C:\Program Files\Autodesk\Revit 2026\RevitMFCAPI.dll [C:\Users\ajith\new revit\RebarAutomation\RebarAutomation.csproj]
C:\Program Files\dotnet\sdk\10.0.102\Microsoft.Common.CurrentVersion.targets(2437,5): warning MSB3277:           Project file item includes which caused reference "C:\Program Files\Autodesk\Revit 2026\RevitMFCAPI.dll". [C:\Users\ajith\new revit\RebarAutomation\RebarAutomation.csproj]
C:\Program Files\dotnet\sdk\10.0.102\Microsoft.Common.CurrentVersion.targets(2437,5): warning MSB3277:             RevitAPIUI [C:\Users\ajith\new revit\RebarAutomation\RebarAutomation.csproj]
C:\Program Files\dotnet\sdk\10.0.102\Microsoft.Common.CurrentVersion.targets(2437,5): warning MSB3277:         C:\Program Files\Autodesk\Revit 2026\EssentialsUIAPI.dll [C:\Users\ajith\new revit\RebarAutomation\RebarAutomation.csproj]
C:\Program Files\dotnet\sdk\10.0.102\Microsoft.Common.CurrentVersion.targets(2437,5): warning MSB3277:           Project file item includes which caused reference "C:\Program Files\Autodesk\Revit 2026\EssentialsUIAPI.dll". [C:\Users\ajith\new revit\RebarAutomation\RebarAutomation.csproj]
C:\Program Files\dotnet\sdk\10.0.102\Microsoft.Common.CurrentVersion.targets(2437,5): warning MSB3277:             RevitAPIUI [C:\Users\ajith\new revit\RebarAutomation\RebarAutomation.csproj]
C:\Program Files\dotnet\sdk\10.0.102\Microsoft.Common.CurrentVersion.targets(2437,5): warning MSB3277:         C:\Program Files\Autodesk\Revit 2026\DetailUIAPI.dll [C:\Users\ajith\new revit\RebarAutomation\RebarAutomation.csproj]
C:\Program Files\dotnet\sdk\10.0.102\Microsoft.Common.CurrentVersion.targets(2437,5): warning MSB3277:           Project file item includes which caused reference "C:\Program Files\Autodesk\Revit 2026\DetailUIAPI.dll". [C:\Users\ajith\new revit\RebarAutomation\RebarAutomation.csproj]
C:\Program Files\dotnet\sdk\10.0.102\Microsoft.Common.CurrentVersion.targets(2437,5): warning MSB3277:             RevitAPIUI [C:\Users\ajith\new revit\RebarAutomation\RebarAutomation.csproj]
C:\Program Files\dotnet\sdk\10.0.102\Microsoft.Common.CurrentVersion.targets(2437,5): warning MSB3277:         C:\Program Files\Autodesk\Revit 2026\UIFrameworkServices.dll [C:\Users\ajith\new revit\RebarAutomation\RebarAutomation.csproj]
C:\Program Files\dotnet\sdk\10.0.102\Microsoft.Common.CurrentVersion.targets(2437,5): warning MSB3277:           Project file item includes which caused reference "C:\Program Files\Autodesk\Revit 2026\UIFrameworkServices.dll". [C:\Users\ajith\new revit\RebarAutomation\RebarAutomation.csproj]
C:\Program Files\dotnet\sdk\10.0.102\Microsoft.Common.CurrentVersion.targets(2437,5): warning MSB3277:             RevitAPIUI [C:\Users\ajith\new revit\RebarAutomation\RebarAutomation.csproj]
C:\Program Files\dotnet\sdk\10.0.102\Microsoft.Common.CurrentVersion.targets(2437,5): warning MSB3277:         C:\Program Files\Autodesk\Revit 2026\SSONET.dll [C:\Users\ajith\new revit\RebarAutomation\RebarAutomation.csproj]
C:\Program Files\dotnet\sdk\10.0.102\Microsoft.Common.CurrentVersion.targets(2437,5): warning MSB3277:           Project file item includes which caused reference "C:\Program Files\Autodesk\Revit 2026\SSONET.dll". [C:\Users\ajith\new revit\RebarAutomation\RebarAutomation.csproj]
C:\Program Files\dotnet\sdk\10.0.102\Microsoft.Common.CurrentVersion.targets(2437,5): warning MSB3277:             RevitAPIUI [C:\Users\ajith\new revit\RebarAutomation\RebarAutomation.csproj]
C:\Program Files\dotnet\sdk\10.0.102\Microsoft.Common.CurrentVersion.targets(2437,5): warning MSB3277: Found conflicts between different versions of "System.Threading.Tasks" that could not be resolved. [C:\Users\ajith\new revit\RebarAutomation\RebarAutomation.csproj]
C:\Program Files\dotnet\sdk\10.0.102\Microsoft.Common.CurrentVersion.targets(2437,5): warning MSB3277: There was a conflict between "System.Threading.Tasks, Version=4.0.11.0, Culture=neutral, PublicKeyToken=b03f5f7f11d50a3a" and "System.Threading.Tasks, Version=8.0.0.0, Culture=neutral, PublicKeyToken=b03f5f7f11d50a3a". [C:\Users\ajith\new revit\RebarAutomation\RebarAutomation.csproj]
C:\Program Files\dotnet\sdk\10.0.102\Microsoft.Common.CurrentVersion.targets(2437,5): warning MSB3277:     "System.Threading.Tasks, Version=4.0.11.0, Culture=neutral, PublicKeyToken=b03f5f7f11d50a3a" was chosen because it was primary and "System.Threading.Tasks, Version=8.0.0.0, Culture=neutral, PublicKeyToken=b03f5f7f11d50a3a" was not. [C:\Users\ajith\new revit\RebarAutomation\RebarAutomation.csproj]
C:\Program Files\dotnet\sdk\10.0.102\Microsoft.Common.CurrentVersion.targets(2437,5): warning MSB3277:     References which depend on "System.Threading.Tasks, Version=4.0.11.0, Culture=neutral, PublicKeyToken=b03f5f7f11d50a3a" [C:\Program Files (x86)\Reference Assemblies\Microsoft\Framework\.NETFramework\v4.8\Facades\System.Threading.Tasks.dll]. [C:\Users\ajith\new revit\RebarAutomation\RebarAutomation.csproj]
C:\Program Files\dotnet\sdk\10.0.102\Microsoft.Common.CurrentVersion.targets(2437,5): warning MSB3277:         C:\Program Files (x86)\Reference Assemblies\Microsoft\Framework\.NETFramework\v4.8\Facades\System.Threading.Tasks.dll [C:\Users\ajith\new revit\RebarAutomation\RebarAutomation.csproj]
C:\Program Files\dotnet\sdk\10.0.102\Microsoft.Common.CurrentVersion.targets(2437,5): warning MSB3277:           Project file item includes which caused reference "C:\Program Files (x86)\Reference Assemblies\Microsoft\Framework\.NETFramework\v4.8\Facades\System.Threading.Tasks.dll". [C:\Users\ajith\new revit\RebarAutomation\RebarAutomation.csproj]
C:\Program Files\dotnet\sdk\10.0.102\Microsoft.Common.CurrentVersion.targets(2437,5): warning MSB3277:             System.Threading.Tasks [C:\Users\ajith\new revit\RebarAutomation\RebarAutomation.csproj]
C:\Program Files\dotnet\sdk\10.0.102\Microsoft.Common.CurrentVersion.targets(2437,5): warning MSB3277:     References which depend on or have been unified to "System.Threading.Tasks, Version=8.0.0.0, Culture=neutral, PublicKeyToken=b03f5f7f11d50a3a" []. [C:\Users\ajith\new revit\RebarAutomation\RebarAutomation.csproj]
C:\Program Files\dotnet\sdk\10.0.102\Microsoft.Common.CurrentVersion.targets(2437,5): warning MSB3277:         C:\Program Files\Autodesk\Revit 2026\RevitAPI.dll [C:\Users\ajith\new revit\RebarAutomation\RebarAutomation.csproj]
C:\Program Files\dotnet\sdk\10.0.102\Microsoft.Common.CurrentVersion.targets(2437,5): warning MSB3277:           Project file item includes which caused reference "C:\Program Files\Autodesk\Revit 2026\RevitAPI.dll". [C:\Users\ajith\new revit\RebarAutomation\RebarAutomation.csproj]
C:\Program Files\dotnet\sdk\10.0.102\Microsoft.Common.CurrentVersion.targets(2437,5): warning MSB3277:             RevitAPI [C:\Users\ajith\new revit\RebarAutomation\RebarAutomation.csproj]
C:\Program Files\dotnet\sdk\10.0.102\Microsoft.Common.CurrentVersion.targets(2437,5): warning MSB3277:             RevitAPIUI [C:\Users\ajith\new revit\RebarAutomation\RebarAutomation.csproj]
C:\Program Files\dotnet\sdk\10.0.102\Microsoft.Common.CurrentVersion.targets(2437,5): warning MSB3277:         C:\Program Files\Autodesk\Revit 2026\RevitAPIUI.dll [C:\Users\ajith\new revit\RebarAutomation\RebarAutomation.csproj]
C:\Program Files\dotnet\sdk\10.0.102\Microsoft.Common.CurrentVersion.targets(2437,5): warning MSB3277:           Project file item includes which caused reference "C:\Program Files\Autodesk\Revit 2026\RevitAPIUI.dll". [C:\Users\ajith\new revit\RebarAutomation\RebarAutomation.csproj]
C:\Program Files\dotnet\sdk\10.0.102\Microsoft.Common.CurrentVersion.targets(2437,5): warning MSB3277:             RevitAPIUI [C:\Users\ajith\new revit\RebarAutomation\RebarAutomation.csproj]
C:\Program Files\dotnet\sdk\10.0.102\Microsoft.Common.CurrentVersion.targets(2437,5): warning MSB3277:         C:\Program Files\Autodesk\Revit 2026\AdskRcManaged.dll [C:\Users\ajith\new revit\RebarAutomation\RebarAutomation.csproj]
C:\Program Files\dotnet\sdk\10.0.102\Microsoft.Common.CurrentVersion.targets(2437,5): warning MSB3277:           Project file item includes which caused reference "C:\Program Files\Autodesk\Revit 2026\AdskRcManaged.dll". [C:\Users\ajith\new revit\RebarAutomation\RebarAutomation.csproj]
C:\Program Files\dotnet\sdk\10.0.102\Microsoft.Common.CurrentVersion.targets(2437,5): warning MSB3277:             RevitAPI [C:\Users\ajith\new revit\RebarAutomation\RebarAutomation.csproj]
C:\Program Files\dotnet\sdk\10.0.102\Microsoft.Common.CurrentVersion.targets(2437,5): warning MSB3277:             RevitAPIUI [C:\Users\ajith\new revit\RebarAutomation\RebarAutomation.csproj]
C:\Program Files\dotnet\sdk\10.0.102\Microsoft.Common.CurrentVersion.targets(2437,5): warning MSB3277:         C:\Program Files\Autodesk\Revit 2026\RevitAPIFoundation.dll [C:\Users\ajith\new revit\RebarAutomation\RebarAutomation.csproj]
C:\Program Files\dotnet\sdk\10.0.102\Microsoft.Common.CurrentVersion.targets(2437,5): warning MSB3277:           Project file item includes which caused reference "C:\Program Files\Autodesk\Revit 2026\RevitAPIFoundation.dll". [C:\Users\ajith\new revit\RebarAutomation\RebarAutomation.csproj]
C:\Program Files\dotnet\sdk\10.0.102\Microsoft.Common.CurrentVersion.targets(2437,5): warning MSB3277:             RevitAPI [C:\Users\ajith\new revit\RebarAutomation\RebarAutomation.csproj]
C:\Program Files\dotnet\sdk\10.0.102\Microsoft.Common.CurrentVersion.targets(2437,5): warning MSB3277:             RevitAPIUI [C:\Users\ajith\new revit\RebarAutomation\RebarAutomation.csproj]
C:\Program Files\dotnet\sdk\10.0.102\Microsoft.Common.CurrentVersion.targets(2437,5): warning MSB3277:         C:\Program Files\Autodesk\Revit 2026\RevitDBAPI.dll [C:\Users\ajith\new revit\RebarAutomation\RebarAutomation.csproj]
C:\Program Files\dotnet\sdk\10.0.102\Microsoft.Common.CurrentVersion.targets(2437,5): warning MSB3277:           Project file item includes which caused reference "C:\Program Files\Autodesk\Revit 2026\RevitDBAPI.dll". [C:\Users\ajith\new revit\RebarAutomation\RebarAutomation.csproj]
C:\Program Files\dotnet\sdk\10.0.102\Microsoft.Common.CurrentVersion.targets(2437,5): warning MSB3277:             RevitAPI [C:\Users\ajith\new revit\RebarAutomation\RebarAutomation.csproj]
C:\Program Files\dotnet\sdk\10.0.102\Microsoft.Common.CurrentVersion.targets(2437,5): warning MSB3277:             RevitAPIUI [C:\Users\ajith\new revit\RebarAutomation\RebarAutomation.csproj]
C:\Program Files\dotnet\sdk\10.0.102\Microsoft.Common.CurrentVersion.targets(2437,5): warning MSB3277:         C:\Program Files\Autodesk\Revit 2026\RevitDBCoreAPI.dll [C:\Users\ajith\new revit\RebarAutomation\RebarAutomation.csproj]
C:\Program Files\dotnet\sdk\10.0.102\Microsoft.Common.CurrentVersion.targets(2437,5): warning MSB3277:           Project file item includes which caused reference "C:\Program Files\Autodesk\Revit 2026\RevitDBCoreAPI.dll". [C:\Users\ajith\new revit\RebarAutomation\RebarAutomation.csproj]
C:\Program Files\dotnet\sdk\10.0.102\Microsoft.Common.CurrentVersion.targets(2437,5): warning MSB3277:             RevitAPI [C:\Users\ajith\new revit\RebarAutomation\RebarAutomation.csproj]
C:\Program Files\dotnet\sdk\10.0.102\Microsoft.Common.CurrentVersion.targets(2437,5): warning MSB3277:             RevitAPIUI [C:\Users\ajith\new revit\RebarAutomation\RebarAutomation.csproj]
C:\Program Files\dotnet\sdk\10.0.102\Microsoft.Common.CurrentVersion.targets(2437,5): warning MSB3277:         C:\Program Files\Autodesk\Revit 2026\PersistenceDBAPI.dll [C:\Users\ajith\new revit\RebarAutomation\RebarAutomation.csproj]
C:\Program Files\dotnet\sdk\10.0.102\Microsoft.Common.CurrentVersion.targets(2437,5): warning MSB3277:           Project file item includes which caused reference "C:\Program Files\Autodesk\Revit 2026\PersistenceDBAPI.dll". [C:\Users\ajith\new revit\RebarAutomation\RebarAutomation.csproj]
C:\Program Files\dotnet\sdk\10.0.102\Microsoft.Common.CurrentVersion.targets(2437,5): warning MSB3277:             RevitAPI [C:\Users\ajith\new revit\RebarAutomation\RebarAutomation.csproj]
C:\Program Files\dotnet\sdk\10.0.102\Microsoft.Common.CurrentVersion.targets(2437,5): warning MSB3277:             RevitAPIUI [C:\Users\ajith\new revit\RebarAutomation\RebarAutomation.csproj]
C:\Program Files\dotnet\sdk\10.0.102\Microsoft.Common.CurrentVersion.targets(2437,5): warning MSB3277:         C:\Program Files\Autodesk\Revit 2026\UtilityAPI.dll [C:\Users\ajith\new revit\RebarAutomation\RebarAutomation.csproj]
C:\Program Files\dotnet\sdk\10.0.102\Microsoft.Common.CurrentVersion.targets(2437,5): warning MSB3277:           Project file item includes which caused reference "C:\Program Files\Autodesk\Revit 2026\UtilityAPI.dll". [C:\Users\ajith\new revit\RebarAutomation\RebarAutomation.csproj]
C:\Program Files\dotnet\sdk\10.0.102\Microsoft.Common.CurrentVersion.targets(2437,5): warning MSB3277:             RevitAPI [C:\Users\ajith\new revit\RebarAutomation\RebarAutomation.csproj]
C:\Program Files\dotnet\sdk\10.0.102\Microsoft.Common.CurrentVersion.targets(2437,5): warning MSB3277:             RevitAPIUI [C:\Users\ajith\new revit\RebarAutomation\RebarAutomation.csproj]
C:\Program Files\dotnet\sdk\10.0.102\Microsoft.Common.CurrentVersion.targets(2437,5): warning MSB3277:         C:\Program Files\Autodesk\Revit 2026\APIDBAPI.dll [C:\Users\ajith\new revit\RebarAutomation\RebarAutomation.csproj]
C:\Program Files\dotnet\sdk\10.0.102\Microsoft.Common.CurrentVersion.targets(2437,5): warning MSB3277:           Project file item includes which caused reference "C:\Program Files\Autodesk\Revit 2026\APIDBAPI.dll". [C:\Users\ajith\new revit\RebarAutomation\RebarAutomation.csproj]
C:\Program Files\dotnet\sdk\10.0.102\Microsoft.Common.CurrentVersion.targets(2437,5): warning MSB3277:             RevitAPI [C:\Users\ajith\new revit\RebarAutomation\RebarAutomation.csproj]
C:\Program Files\dotnet\sdk\10.0.102\Microsoft.Common.CurrentVersion.targets(2437,5): warning MSB3277:             RevitAPIUI [C:\Users\ajith\new revit\RebarAutomation\RebarAutomation.csproj]
C:\Program Files\dotnet\sdk\10.0.102\Microsoft.Common.CurrentVersion.targets(2437,5): warning MSB3277:         C:\Program Files\Autodesk\Revit 2026\GraphicsAPI.dll [C:\Users\ajith\new revit\RebarAutomation\RebarAutomation.csproj]
C:\Program Files\dotnet\sdk\10.0.102\Microsoft.Common.CurrentVersion.targets(2437,5): warning MSB3277:           Project file item includes which caused reference "C:\Program Files\Autodesk\Revit 2026\GraphicsAPI.dll". [C:\Users\ajith\new revit\RebarAutomation\RebarAutomation.csproj]
C:\Program Files\dotnet\sdk\10.0.102\Microsoft.Common.CurrentVersion.targets(2437,5): warning MSB3277:             RevitAPI [C:\Users\ajith\new revit\RebarAutomation\RebarAutomation.csproj]
C:\Program Files\dotnet\sdk\10.0.102\Microsoft.Common.CurrentVersion.targets(2437,5): warning MSB3277:             RevitAPIUI [C:\Users\ajith\new revit\RebarAutomation\RebarAutomation.csproj]
C:\Program Files\dotnet\sdk\10.0.102\Microsoft.Common.CurrentVersion.targets(2437,5): warning MSB3277:         C:\Program Files\Autodesk\Revit 2026\ElementGroupDBAPI.dll [C:\Users\ajith\new revit\RebarAutomation\RebarAutomation.csproj]
C:\Program Files\dotnet\sdk\10.0.102\Microsoft.Common.CurrentVersion.targets(2437,5): warning MSB3277:           Project file item includes which caused reference "C:\Program Files\Autodesk\Revit 2026\ElementGroupDBAPI.dll". [C:\Users\ajith\new revit\RebarAutomation\RebarAutomation.csproj]
C:\Program Files\dotnet\sdk\10.0.102\Microsoft.Common.CurrentVersion.targets(2437,5): warning MSB3277:             RevitAPI [C:\Users\ajith\new revit\RebarAutomation\RebarAutomation.csproj]
C:\Program Files\dotnet\sdk\10.0.102\Microsoft.Common.CurrentVersion.targets(2437,5): warning MSB3277:             RevitAPIUI [C:\Users\ajith\new revit\RebarAutomation\RebarAutomation.csproj]
C:\Program Files\dotnet\sdk\10.0.102\Microsoft.Common.CurrentVersion.targets(2437,5): warning MSB3277:         C:\Program Files\Autodesk\Revit 2026\EssentialsDBAPI.dll [C:\Users\ajith\new revit\RebarAutomation\RebarAutomation.csproj]
C:\Program Files\dotnet\sdk\10.0.102\Microsoft.Common.CurrentVersion.targets(2437,5): warning MSB3277:           Project file item includes which caused reference "C:\Program Files\Autodesk\Revit 2026\EssentialsDBAPI.dll". [C:\Users\ajith\new revit\RebarAutomation\RebarAutomation.csproj]
C:\Program Files\dotnet\sdk\10.0.102\Microsoft.Common.CurrentVersion.targets(2437,5): warning MSB3277:             RevitAPI [C:\Users\ajith\new revit\RebarAutomation\RebarAutomation.csproj]
C:\Program Files\dotnet\sdk\10.0.102\Microsoft.Common.CurrentVersion.targets(2437,5): warning MSB3277:             RevitAPIUI [C:\Users\ajith\new revit\RebarAutomation\RebarAutomation.csproj]
C:\Program Files\dotnet\sdk\10.0.102\Microsoft.Common.CurrentVersion.targets(2437,5): warning MSB3277:         C:\Program Files\Autodesk\Revit 2026\GeomUtilAPI.dll [C:\Users\ajith\new revit\RebarAutomation\RebarAutomation.csproj]
C:\Program Files\dotnet\sdk\10.0.102\Microsoft.Common.CurrentVersion.targets(2437,5): warning MSB3277:           Project file item includes which caused reference "C:\Program Files\Autodesk\Revit 2026\GeomUtilAPI.dll". [C:\Users\ajith\new revit\RebarAutomation\RebarAutomation.csproj]
C:\Program Files\dotnet\sdk\10.0.102\Microsoft.Common.CurrentVersion.targets(2437,5): warning MSB3277:             RevitAPI [C:\Users\ajith\new revit\RebarAutomation\RebarAutomation.csproj]
C:\Program Files\dotnet\sdk\10.0.102\Microsoft.Common.CurrentVersion.targets(2437,5): warning MSB3277:             RevitAPIUI [C:\Users\ajith\new revit\RebarAutomation\RebarAutomation.csproj]
C:\Program Files\dotnet\sdk\10.0.102\Microsoft.Common.CurrentVersion.targets(2437,5): warning MSB3277:         C:\Program Files\Autodesk\Revit 2026\FamilyDBAPI.dll [C:\Users\ajith\new revit\RebarAutomation\RebarAutomation.csproj]
C:\Program Files\dotnet\sdk\10.0.102\Microsoft.Common.CurrentVersion.targets(2437,5): warning MSB3277:           Project file item includes which caused reference "C:\Program Files\Autodesk\Revit 2026\FamilyDBAPI.dll". [C:\Users\ajith\new revit\RebarAutomation\RebarAutomation.csproj]
C:\Program Files\dotnet\sdk\10.0.102\Microsoft.Common.CurrentVersion.targets(2437,5): warning MSB3277:             RevitAPI [C:\Users\ajith\new revit\RebarAutomation\RebarAutomation.csproj]
C:\Program Files\dotnet\sdk\10.0.102\Microsoft.Common.CurrentVersion.targets(2437,5): warning MSB3277:             RevitAPIUI [C:\Users\ajith\new revit\RebarAutomation\RebarAutomation.csproj]
C:\Program Files\dotnet\sdk\10.0.102\Microsoft.Common.CurrentVersion.targets(2437,5): warning MSB3277:         C:\Program Files\Autodesk\Revit 2026\DetailDBAPI.dll [C:\Users\ajith\new revit\RebarAutomation\RebarAutomation.csproj]
C:\Program Files\dotnet\sdk\10.0.102\Microsoft.Common.CurrentVersion.targets(2437,5): warning MSB3277:           Project file item includes which caused reference "C:\Program Files\Autodesk\Revit 2026\DetailDBAPI.dll". [C:\Users\ajith\new revit\RebarAutomation\RebarAutomation.csproj]
C:\Program Files\dotnet\sdk\10.0.102\Microsoft.Common.CurrentVersion.targets(2437,5): warning MSB3277:             RevitAPI [C:\Users\ajith\new revit\RebarAutomation\RebarAutomation.csproj]
C:\Program Files\dotnet\sdk\10.0.102\Microsoft.Common.CurrentVersion.targets(2437,5): warning MSB3277:             RevitAPIUI [C:\Users\ajith\new revit\RebarAutomation\RebarAutomation.csproj]
C:\Program Files\dotnet\sdk\10.0.102\Microsoft.Common.CurrentVersion.targets(2437,5): warning MSB3277:         C:\Program Files\Autodesk\Revit 2026\CurtainGridFamilyDBAPI.dll [C:\Users\ajith\new revit\RebarAutomation\RebarAutomation.csproj]
C:\Program Files\dotnet\sdk\10.0.102\Microsoft.Common.CurrentVersion.targets(2437,5): warning MSB3277:           Project file item includes which caused reference "C:\Program Files\Autodesk\Revit 2026\CurtainGridFamilyDBAPI.dll". [C:\Users\ajith\new revit\RebarAutomation\RebarAutomation.csproj]
C:\Program Files\dotnet\sdk\10.0.102\Microsoft.Common.CurrentVersion.targets(2437,5): warning MSB3277:             RevitAPI [C:\Users\ajith\new revit\RebarAutomation\RebarAutomation.csproj]
C:\Program Files\dotnet\sdk\10.0.102\Microsoft.Common.CurrentVersion.targets(2437,5): warning MSB3277:             RevitAPIUI [C:\Users\ajith\new revit\RebarAutomation\RebarAutomation.csproj]
C:\Program Files\dotnet\sdk\10.0.102\Microsoft.Common.CurrentVersion.targets(2437,5): warning MSB3277:         C:\Program Files\Autodesk\Revit 2026\ArrayElemsDBAPI.dll [C:\Users\ajith\new revit\RebarAutomation\RebarAutomation.csproj]
C:\Program Files\dotnet\sdk\10.0.102\Microsoft.Common.CurrentVersion.targets(2437,5): warning MSB3277:           Project file item includes which caused reference "C:\Program Files\Autodesk\Revit 2026\ArrayElemsDBAPI.dll". [C:\Users\ajith\new revit\RebarAutomation\RebarAutomation.csproj]
C:\Program Files\dotnet\sdk\10.0.102\Microsoft.Common.CurrentVersion.targets(2437,5): warning MSB3277:             RevitAPI [C:\Users\ajith\new revit\RebarAutomation\RebarAutomation.csproj]
C:\Program Files\dotnet\sdk\10.0.102\Microsoft.Common.CurrentVersion.targets(2437,5): warning MSB3277:             RevitAPIUI [C:\Users\ajith\new revit\RebarAutomation\RebarAutomation.csproj]
C:\Program Files\dotnet\sdk\10.0.102\Microsoft.Common.CurrentVersion.targets(2437,5): warning MSB3277:         C:\Program Files\Autodesk\Revit 2026\EnergyAnalysisDBAPI.dll [C:\Users\ajith\new revit\RebarAutomation\RebarAutomation.csproj]
C:\Program Files\dotnet\sdk\10.0.102\Microsoft.Common.CurrentVersion.targets(2437,5): warning MSB3277:           Project file item includes which caused reference "C:\Program Files\Autodesk\Revit 2026\EnergyAnalysisDBAPI.dll". [C:\Users\ajith\new revit\RebarAutomation\RebarAutomation.csproj]
C:\Program Files\dotnet\sdk\10.0.102\Microsoft.Common.CurrentVersion.targets(2437,5): warning MSB3277:             RevitAPI [C:\Users\ajith\new revit\RebarAutomation\RebarAutomation.csproj]
C:\Program Files\dotnet\sdk\10.0.102\Microsoft.Common.CurrentVersion.targets(2437,5): warning MSB3277:             RevitAPIUI [C:\Users\ajith\new revit\RebarAutomation\RebarAutomation.csproj]
C:\Program Files\dotnet\sdk\10.0.102\Microsoft.Common.CurrentVersion.targets(2437,5): warning MSB3277:         C:\Program Files\Autodesk\Revit 2026\BuildingSystemsDBAPI.dll [C:\Users\ajith\new revit\RebarAutomation\RebarAutomation.csproj]
C:\Program Files\dotnet\sdk\10.0.102\Microsoft.Common.CurrentVersion.targets(2437,5): warning MSB3277:           Project file item includes which caused reference "C:\Program Files\Autodesk\Revit 2026\BuildingSystemsDBAPI.dll". [C:\Users\ajith\new revit\RebarAutomation\RebarAutomation.csproj]
C:\Program Files\dotnet\sdk\10.0.102\Microsoft.Common.CurrentVersion.targets(2437,5): warning MSB3277:             RevitAPI [C:\Users\ajith\new revit\RebarAutomation\RebarAutomation.csproj]
C:\Program Files\dotnet\sdk\10.0.102\Microsoft.Common.CurrentVersion.targets(2437,5): warning MSB3277:             RevitAPIUI [C:\Users\ajith\new revit\RebarAutomation\RebarAutomation.csproj]
C:\Program Files\dotnet\sdk\10.0.102\Microsoft.Common.CurrentVersion.targets(2437,5): warning MSB3277:         C:\Program Files\Autodesk\Revit 2026\HostObjDBAPI.dll [C:\Users\ajith\new revit\RebarAutomation\RebarAutomation.csproj]
C:\Program Files\dotnet\sdk\10.0.102\Microsoft.Common.CurrentVersion.targets(2437,5): warning MSB3277:           Project file item includes which caused reference "C:\Program Files\Autodesk\Revit 2026\HostObjDBAPI.dll". [C:\Users\ajith\new revit\RebarAutomation\RebarAutomation.csproj]
C:\Program Files\dotnet\sdk\10.0.102\Microsoft.Common.CurrentVersion.targets(2437,5): warning MSB3277:             RevitAPI [C:\Users\ajith\new revit\RebarAutomation\RebarAutomation.csproj]
C:\Program Files\dotnet\sdk\10.0.102\Microsoft.Common.CurrentVersion.targets(2437,5): warning MSB3277:             RevitAPIUI [C:\Users\ajith\new revit\RebarAutomation\RebarAutomation.csproj]
C:\Program Files\dotnet\sdk\10.0.102\Microsoft.Common.CurrentVersion.targets(2437,5): warning MSB3277:         C:\Program Files\Autodesk\Revit 2026\RoomAreaPlanDBAPI.dll [C:\Users\ajith\new revit\RebarAutomation\RebarAutomation.csproj]
C:\Program Files\dotnet\sdk\10.0.102\Microsoft.Common.CurrentVersion.targets(2437,5): warning MSB3277:           Project file item includes which caused reference "C:\Program Files\Autodesk\Revit 2026\RoomAreaPlanDBAPI.dll". [C:\Users\ajith\new revit\RebarAutomation\RebarAutomation.csproj]
C:\Program Files\dotnet\sdk\10.0.102\Microsoft.Common.CurrentVersion.targets(2437,5): warning MSB3277:             RevitAPI [C:\Users\ajith\new revit\RebarAutomation\RebarAutomation.csproj]
C:\Program Files\dotnet\sdk\10.0.102\Microsoft.Common.CurrentVersion.targets(2437,5): warning MSB3277:             RevitAPIUI [C:\Users\ajith\new revit\RebarAutomation\RebarAutomation.csproj]
C:\Program Files\dotnet\sdk\10.0.102\Microsoft.Common.CurrentVersion.targets(2437,5): warning MSB3277:         C:\Program Files\Autodesk\Revit 2026\SiteDBAPI.dll [C:\Users\ajith\new revit\RebarAutomation\RebarAutomation.csproj]
C:\Program Files\dotnet\sdk\10.0.102\Microsoft.Common.CurrentVersion.targets(2437,5): warning MSB3277:           Project file item includes which caused reference "C:\Program Files\Autodesk\Revit 2026\SiteDBAPI.dll". [C:\Users\ajith\new revit\RebarAutomation\RebarAutomation.csproj]
C:\Program Files\dotnet\sdk\10.0.102\Microsoft.Common.CurrentVersion.targets(2437,5): warning MSB3277:             RevitAPI [C:\Users\ajith\new revit\RebarAutomation\RebarAutomation.csproj]
C:\Program Files\dotnet\sdk\10.0.102\Microsoft.Common.CurrentVersion.targets(2437,5): warning MSB3277:             RevitAPIUI [C:\Users\ajith\new revit\RebarAutomation\RebarAutomation.csproj]
C:\Program Files\dotnet\sdk\10.0.102\Microsoft.Common.CurrentVersion.targets(2437,5): warning MSB3277:         C:\Program Files\Autodesk\Revit 2026\SculptingDBAPI.dll [C:\Users\ajith\new revit\RebarAutomation\RebarAutomation.csproj]
C:\Program Files\dotnet\sdk\10.0.102\Microsoft.Common.CurrentVersion.targets(2437,5): warning MSB3277:           Project file item includes which caused reference "C:\Program Files\Autodesk\Revit 2026\SculptingDBAPI.dll". [C:\Users\ajith\new revit\RebarAutomation\RebarAutomation.csproj]
C:\Program Files\dotnet\sdk\10.0.102\Microsoft.Common.CurrentVersion.targets(2437,5): warning MSB3277:             RevitAPI [C:\Users\ajith\new revit\RebarAutomation\RebarAutomation.csproj]
C:\Program Files\dotnet\sdk\10.0.102\Microsoft.Common.CurrentVersion.targets(2437,5): warning MSB3277:             RevitAPIUI [C:\Users\ajith\new revit\RebarAutomation\RebarAutomation.csproj]
C:\Program Files\dotnet\sdk\10.0.102\Microsoft.Common.CurrentVersion.targets(2437,5): warning MSB3277:         C:\Program Files\Autodesk\Revit 2026\StructuralDBAPI.dll [C:\Users\ajith\new revit\RebarAutomation\RebarAutomation.csproj]
C:\Program Files\dotnet\sdk\10.0.102\Microsoft.Common.CurrentVersion.targets(2437,5): warning MSB3277:           Project file item includes which caused reference "C:\Program Files\Autodesk\Revit 2026\StructuralDBAPI.dll". [C:\Users\ajith\new revit\RebarAutomation\RebarAutomation.csproj]
C:\Program Files\dotnet\sdk\10.0.102\Microsoft.Common.CurrentVersion.targets(2437,5): warning MSB3277:             RevitAPI [C:\Users\ajith\new revit\RebarAutomation\RebarAutomation.csproj]
C:\Program Files\dotnet\sdk\10.0.102\Microsoft.Common.CurrentVersion.targets(2437,5): warning MSB3277:             RevitAPIUI [C:\Users\ajith\new revit\RebarAutomation\RebarAutomation.csproj]
C:\Program Files\dotnet\sdk\10.0.102\Microsoft.Common.CurrentVersion.targets(2437,5): warning MSB3277:         C:\Program Files\Autodesk\Revit 2026\InterfaceAPI.dll [C:\Users\ajith\new revit\RebarAutomation\RebarAutomation.csproj]
C:\Program Files\dotnet\sdk\10.0.102\Microsoft.Common.CurrentVersion.targets(2437,5): warning MSB3277:           Project file item includes which caused reference "C:\Program Files\Autodesk\Revit 2026\InterfaceAPI.dll". [C:\Users\ajith\new revit\RebarAutomation\RebarAutomation.csproj]
C:\Program Files\dotnet\sdk\10.0.102\Microsoft.Common.CurrentVersion.targets(2437,5): warning MSB3277:             RevitAPI [C:\Users\ajith\new revit\RebarAutomation\RebarAutomation.csproj]
C:\Program Files\dotnet\sdk\10.0.102\Microsoft.Common.CurrentVersion.targets(2437,5): warning MSB3277:             RevitAPIUI [C:\Users\ajith\new revit\RebarAutomation\RebarAutomation.csproj]
C:\Program Files\dotnet\sdk\10.0.102\Microsoft.Common.CurrentVersion.targets(2437,5): warning MSB3277:         C:\Program Files\Autodesk\Revit 2026\InterfaceUtilAPI.dll [C:\Users\ajith\new revit\RebarAutomation\RebarAutomation.csproj]
C:\Program Files\dotnet\sdk\10.0.102\Microsoft.Common.CurrentVersion.targets(2437,5): warning MSB3277:           Project file item includes which caused reference "C:\Program Files\Autodesk\Revit 2026\InterfaceUtilAPI.dll". [C:\Users\ajith\new revit\RebarAutomation\RebarAutomation.csproj]
C:\Program Files\dotnet\sdk\10.0.102\Microsoft.Common.CurrentVersion.targets(2437,5): warning MSB3277:             RevitAPI [C:\Users\ajith\new revit\RebarAutomation\RebarAutomation.csproj]
C:\Program Files\dotnet\sdk\10.0.102\Microsoft.Common.CurrentVersion.targets(2437,5): warning MSB3277:             RevitAPIUI [C:\Users\ajith\new revit\RebarAutomation\RebarAutomation.csproj]
C:\Program Files\dotnet\sdk\10.0.102\Microsoft.Common.CurrentVersion.targets(2437,5): warning MSB3277:         C:\Program Files\Autodesk\Revit 2026\RebarDBAPI.dll [C:\Users\ajith\new revit\RebarAutomation\RebarAutomation.csproj]
C:\Program Files\dotnet\sdk\10.0.102\Microsoft.Common.CurrentVersion.targets(2437,5): warning MSB3277:           Project file item includes which caused reference "C:\Program Files\Autodesk\Revit 2026\RebarDBAPI.dll". [C:\Users\ajith\new revit\RebarAutomation\RebarAutomation.csproj]
C:\Program Files\dotnet\sdk\10.0.102\Microsoft.Common.CurrentVersion.targets(2437,5): warning MSB3277:             RevitAPI [C:\Users\ajith\new revit\RebarAutomation\RebarAutomation.csproj]
C:\Program Files\dotnet\sdk\10.0.102\Microsoft.Common.CurrentVersion.targets(2437,5): warning MSB3277:             RevitAPIUI [C:\Users\ajith\new revit\RebarAutomation\RebarAutomation.csproj]
C:\Program Files\dotnet\sdk\10.0.102\Microsoft.Common.CurrentVersion.targets(2437,5): warning MSB3277:         C:\Program Files\Autodesk\Revit 2026\StructuralAnalysisDBAPI.dll [C:\Users\ajith\new revit\RebarAutomation\RebarAutomation.csproj]
C:\Program Files\dotnet\sdk\10.0.102\Microsoft.Common.CurrentVersion.targets(2437,5): warning MSB3277:           Project file item includes which caused reference "C:\Program Files\Autodesk\Revit 2026\StructuralAnalysisDBAPI.dll". [C:\Users\ajith\new revit\RebarAutomation\RebarAutomation.csproj]
C:\Program Files\dotnet\sdk\10.0.102\Microsoft.Common.CurrentVersion.targets(2437,5): warning MSB3277:             RevitAPI [C:\Users\ajith\new revit\RebarAutomation\RebarAutomation.csproj]
C:\Program Files\dotnet\sdk\10.0.102\Microsoft.Common.CurrentVersion.targets(2437,5): warning MSB3277:             RevitAPIUI [C:\Users\ajith\new revit\RebarAutomation\RebarAutomation.csproj]
C:\Program Files\dotnet\sdk\10.0.102\Microsoft.Common.CurrentVersion.targets(2437,5): warning MSB3277:         C:\Program Files\Autodesk\Revit 2026\MassingDBAPI.dll [C:\Users\ajith\new revit\RebarAutomation\RebarAutomation.csproj]
C:\Program Files\dotnet\sdk\10.0.102\Microsoft.Common.CurrentVersion.targets(2437,5): warning MSB3277:           Project file item includes which caused reference "C:\Program Files\Autodesk\Revit 2026\MassingDBAPI.dll". [C:\Users\ajith\new revit\RebarAutomation\RebarAutomation.csproj]
C:\Program Files\dotnet\sdk\10.0.102\Microsoft.Common.CurrentVersion.targets(2437,5): warning MSB3277:             RevitAPI [C:\Users\ajith\new revit\RebarAutomation\RebarAutomation.csproj]
C:\Program Files\dotnet\sdk\10.0.102\Microsoft.Common.CurrentVersion.targets(2437,5): warning MSB3277:             RevitAPIUI [C:\Users\ajith\new revit\RebarAutomation\RebarAutomation.csproj]
C:\Program Files\dotnet\sdk\10.0.102\Microsoft.Common.CurrentVersion.targets(2437,5): warning MSB3277:         C:\Program Files\Autodesk\Revit 2026\AssemblyDBAPI.dll [C:\Users\ajith\new revit\RebarAutomation\RebarAutomation.csproj]
C:\Program Files\dotnet\sdk\10.0.102\Microsoft.Common.CurrentVersion.targets(2437,5): warning MSB3277:           Project file item includes which caused reference "C:\Program Files\Autodesk\Revit 2026\AssemblyDBAPI.dll". [C:\Users\ajith\new revit\RebarAutomation\RebarAutomation.csproj]
C:\Program Files\dotnet\sdk\10.0.102\Microsoft.Common.CurrentVersion.targets(2437,5): warning MSB3277:             RevitAPI [C:\Users\ajith\new revit\RebarAutomation\RebarAutomation.csproj]
C:\Program Files\dotnet\sdk\10.0.102\Microsoft.Common.CurrentVersion.targets(2437,5): warning MSB3277:             RevitAPIUI [C:\Users\ajith\new revit\RebarAutomation\RebarAutomation.csproj]
C:\Program Files\dotnet\sdk\10.0.102\Microsoft.Common.CurrentVersion.targets(2437,5): warning MSB3277:         C:\Program Files\Autodesk\Revit 2026\DPartDBAPI.dll [C:\Users\ajith\new revit\RebarAutomation\RebarAutomation.csproj]
C:\Program Files\dotnet\sdk\10.0.102\Microsoft.Common.CurrentVersion.targets(2437,5): warning MSB3277:           Project file item includes which caused reference "C:\Program Files\Autodesk\Revit 2026\DPartDBAPI.dll". [C:\Users\ajith\new revit\RebarAutomation\RebarAutomation.csproj]
C:\Program Files\dotnet\sdk\10.0.102\Microsoft.Common.CurrentVersion.targets(2437,5): warning MSB3277:             RevitAPI [C:\Users\ajith\new revit\RebarAutomation\RebarAutomation.csproj]
C:\Program Files\dotnet\sdk\10.0.102\Microsoft.Common.CurrentVersion.targets(2437,5): warning MSB3277:             RevitAPIUI [C:\Users\ajith\new revit\RebarAutomation\RebarAutomation.csproj]
C:\Program Files\dotnet\sdk\10.0.102\Microsoft.Common.CurrentVersion.targets(2437,5): warning MSB3277:         C:\Program Files\Autodesk\Revit 2026\NumberingDBAPI.dll [C:\Users\ajith\new revit\RebarAutomation\RebarAutomation.csproj]
C:\Program Files\dotnet\sdk\10.0.102\Microsoft.Common.CurrentVersion.targets(2437,5): warning MSB3277:           Project file item includes which caused reference "C:\Program Files\Autodesk\Revit 2026\NumberingDBAPI.dll". [C:\Users\ajith\new revit\RebarAutomation\RebarAutomation.csproj]
C:\Program Files\dotnet\sdk\10.0.102\Microsoft.Common.CurrentVersion.targets(2437,5): warning MSB3277:             RevitAPI [C:\Users\ajith\new revit\RebarAutomation\RebarAutomation.csproj]
C:\Program Files\dotnet\sdk\10.0.102\Microsoft.Common.CurrentVersion.targets(2437,5): warning MSB3277:             RevitAPIUI [C:\Users\ajith\new revit\RebarAutomation\RebarAutomation.csproj]
C:\Program Files\dotnet\sdk\10.0.102\Microsoft.Common.CurrentVersion.targets(2437,5): warning MSB3277:         C:\Program Files\Autodesk\Revit 2026\PointCloudAccessAPI.dll [C:\Users\ajith\new revit\RebarAutomation\RebarAutomation.csproj]
C:\Program Files\dotnet\sdk\10.0.102\Microsoft.Common.CurrentVersion.targets(2437,5): warning MSB3277:           Project file item includes which caused reference "C:\Program Files\Autodesk\Revit 2026\PointCloudAccessAPI.dll". [C:\Users\ajith\new revit\RebarAutomation\RebarAutomation.csproj]
C:\Program Files\dotnet\sdk\10.0.102\Microsoft.Common.CurrentVersion.targets(2437,5): warning MSB3277:             RevitAPI [C:\Users\ajith\new revit\RebarAutomation\RebarAutomation.csproj]
C:\Program Files\dotnet\sdk\10.0.102\Microsoft.Common.CurrentVersion.targets(2437,5): warning MSB3277:             RevitAPIUI [C:\Users\ajith\new revit\RebarAutomation\RebarAutomation.csproj]
C:\Program Files\dotnet\sdk\10.0.102\Microsoft.Common.CurrentVersion.targets(2437,5): warning MSB3277:         C:\Program Files\Autodesk\Revit 2026\StairRampDBAPI.dll [C:\Users\ajith\new revit\RebarAutomation\RebarAutomation.csproj]
C:\Program Files\dotnet\sdk\10.0.102\Microsoft.Common.CurrentVersion.targets(2437,5): warning MSB3277:           Project file item includes which caused reference "C:\Program Files\Autodesk\Revit 2026\StairRampDBAPI.dll". [C:\Users\ajith\new revit\RebarAutomation\RebarAutomation.csproj]
C:\Program Files\dotnet\sdk\10.0.102\Microsoft.Common.CurrentVersion.targets(2437,5): warning MSB3277:             RevitAPI [C:\Users\ajith\new revit\RebarAutomation\RebarAutomation.csproj]
C:\Program Files\dotnet\sdk\10.0.102\Microsoft.Common.CurrentVersion.targets(2437,5): warning MSB3277:             RevitAPIUI [C:\Users\ajith\new revit\RebarAutomation\RebarAutomation.csproj]
C:\Program Files\dotnet\sdk\10.0.102\Microsoft.Common.CurrentVersion.targets(2437,5): warning MSB3277:         C:\Program Files\Autodesk\Revit 2026\AnalysisAppsDBAPI.dll [C:\Users\ajith\new revit\RebarAutomation\RebarAutomation.csproj]
C:\Program Files\dotnet\sdk\10.0.102\Microsoft.Common.CurrentVersion.targets(2437,5): warning MSB3277:           Project file item includes which caused reference "C:\Program Files\Autodesk\Revit 2026\AnalysisAppsDBAPI.dll". [C:\Users\ajith\new revit\RebarAutomation\RebarAutomation.csproj]
C:\Program Files\dotnet\sdk\10.0.102\Microsoft.Common.CurrentVersion.targets(2437,5): warning MSB3277:             RevitAPI [C:\Users\ajith\new revit\RebarAutomation\RebarAutomation.csproj]
C:\Program Files\dotnet\sdk\10.0.102\Microsoft.Common.CurrentVersion.targets(2437,5): warning MSB3277:             RevitAPIUI [C:\Users\ajith\new revit\RebarAutomation\RebarAutomation.csproj]
C:\Program Files\dotnet\sdk\10.0.102\Microsoft.Common.CurrentVersion.targets(2437,5): warning MSB3277:         C:\Program Files\Autodesk\Revit 2026\MaterialDBAPI.dll [C:\Users\ajith\new revit\RebarAutomation\RebarAutomation.csproj]
C:\Program Files\dotnet\sdk\10.0.102\Microsoft.Common.CurrentVersion.targets(2437,5): warning MSB3277:           Project file item includes which caused reference "C:\Program Files\Autodesk\Revit 2026\MaterialDBAPI.dll". [C:\Users\ajith\new revit\RebarAutomation\RebarAutomation.csproj]
C:\Program Files\dotnet\sdk\10.0.102\Microsoft.Common.CurrentVersion.targets(2437,5): warning MSB3277:             RevitAPI [C:\Users\ajith\new revit\RebarAutomation\RebarAutomation.csproj]
C:\Program Files\dotnet\sdk\10.0.102\Microsoft.Common.CurrentVersion.targets(2437,5): warning MSB3277:             RevitAPIUI [C:\Users\ajith\new revit\RebarAutomation\RebarAutomation.csproj]
C:\Program Files\dotnet\sdk\10.0.102\Microsoft.Common.CurrentVersion.targets(2437,5): warning MSB3277:         C:\Program Files\Autodesk\Revit 2026\IntfATFAPI.dll [C:\Users\ajith\new revit\RebarAutomation\RebarAutomation.csproj]
C:\Program Files\dotnet\sdk\10.0.102\Microsoft.Common.CurrentVersion.targets(2437,5): warning MSB3277:           Project file item includes which caused reference "C:\Program Files\Autodesk\Revit 2026\IntfATFAPI.dll". [C:\Users\ajith\new revit\RebarAutomation\RebarAutomation.csproj]
C:\Program Files\dotnet\sdk\10.0.102\Microsoft.Common.CurrentVersion.targets(2437,5): warning MSB3277:             RevitAPI [C:\Users\ajith\new revit\RebarAutomation\RebarAutomation.csproj]
C:\Program Files\dotnet\sdk\10.0.102\Microsoft.Common.CurrentVersion.targets(2437,5): warning MSB3277:             RevitAPIUI [C:\Users\ajith\new revit\RebarAutomation\RebarAutomation.csproj]
C:\Program Files\dotnet\sdk\10.0.102\Microsoft.Common.CurrentVersion.targets(2437,5): warning MSB3277:         C:\Program Files\Autodesk\Revit 2026\TextEngineAPI.dll [C:\Users\ajith\new revit\RebarAutomation\RebarAutomation.csproj]
C:\Program Files\dotnet\sdk\10.0.102\Microsoft.Common.CurrentVersion.targets(2437,5): warning MSB3277:           Project file item includes which caused reference "C:\Program Files\Autodesk\Revit 2026\TextEngineAPI.dll". [C:\Users\ajith\new revit\RebarAutomation\RebarAutomation.csproj]
C:\Program Files\dotnet\sdk\10.0.102\Microsoft.Common.CurrentVersion.targets(2437,5): warning MSB3277:             RevitAPI [C:\Users\ajith\new revit\RebarAutomation\RebarAutomation.csproj]
C:\Program Files\dotnet\sdk\10.0.102\Microsoft.Common.CurrentVersion.targets(2437,5): warning MSB3277:             RevitAPIUI [C:\Users\ajith\new revit\RebarAutomation\RebarAutomation.csproj]
C:\Program Files\dotnet\sdk\10.0.102\Microsoft.Common.CurrentVersion.targets(2437,5): warning MSB3277:         C:\Program Files\Autodesk\Revit 2026\InfrastructureDBAPI.dll [C:\Users\ajith\new revit\RebarAutomation\RebarAutomation.csproj]
C:\Program Files\dotnet\sdk\10.0.102\Microsoft.Common.CurrentVersion.targets(2437,5): warning MSB3277:           Project file item includes which caused reference "C:\Program Files\Autodesk\Revit 2026\InfrastructureDBAPI.dll". [C:\Users\ajith\new revit\RebarAutomation\RebarAutomation.csproj]
C:\Program Files\dotnet\sdk\10.0.102\Microsoft.Common.CurrentVersion.targets(2437,5): warning MSB3277:             RevitAPI [C:\Users\ajith\new revit\RebarAutomation\RebarAutomation.csproj]
C:\Program Files\dotnet\sdk\10.0.102\Microsoft.Common.CurrentVersion.targets(2437,5): warning MSB3277:             RevitAPIUI [C:\Users\ajith\new revit\RebarAutomation\RebarAutomation.csproj]
C:\Program Files\dotnet\sdk\10.0.102\Microsoft.Common.CurrentVersion.targets(2437,5): warning MSB3277:         C:\Program Files\Autodesk\Revit 2026\ATFRevitCoreAPI.dll [C:\Users\ajith\new revit\RebarAutomation\RebarAutomation.csproj]
C:\Program Files\dotnet\sdk\10.0.102\Microsoft.Common.CurrentVersion.targets(2437,5): warning MSB3277:           Project file item includes which caused reference "C:\Program Files\Autodesk\Revit 2026\ATFRevitCoreAPI.dll". [C:\Users\ajith\new revit\RebarAutomation\RebarAutomation.csproj]
C:\Program Files\dotnet\sdk\10.0.102\Microsoft.Common.CurrentVersion.targets(2437,5): warning MSB3277:             RevitAPI [C:\Users\ajith\new revit\RebarAutomation\RebarAutomation.csproj]
C:\Program Files\dotnet\sdk\10.0.102\Microsoft.Common.CurrentVersion.targets(2437,5): warning MSB3277:             RevitAPIUI [C:\Users\ajith\new revit\RebarAutomation\RebarAutomation.csproj]
C:\Program Files\dotnet\sdk\10.0.102\Microsoft.Common.CurrentVersion.targets(2437,5): warning MSB3277:         C:\Program Files\Autodesk\Revit 2026\DBManagedServices.dll [C:\Users\ajith\new revit\RebarAutomation\RebarAutomation.csproj]
C:\Program Files\dotnet\sdk\10.0.102\Microsoft.Common.CurrentVersion.targets(2437,5): warning MSB3277:           Project file item includes which caused reference "C:\Program Files\Autodesk\Revit 2026\DBManagedServices.dll". [C:\Users\ajith\new revit\RebarAutomation\RebarAutomation.csproj]
C:\Program Files\dotnet\sdk\10.0.102\Microsoft.Common.CurrentVersion.targets(2437,5): warning MSB3277:             RevitAPI [C:\Users\ajith\new revit\RebarAutomation\RebarAutomation.csproj]
C:\Program Files\dotnet\sdk\10.0.102\Microsoft.Common.CurrentVersion.targets(2437,5): warning MSB3277:             RevitAPIUI [C:\Users\ajith\new revit\RebarAutomation\RebarAutomation.csproj]
C:\Program Files\dotnet\sdk\10.0.102\Microsoft.Common.CurrentVersion.targets(2437,5): warning MSB3277:         C:\Program Files\Autodesk\Revit 2026\APIInterop.dll [C:\Users\ajith\new revit\RebarAutomation\RebarAutomation.csproj]
C:\Program Files\dotnet\sdk\10.0.102\Microsoft.Common.CurrentVersion.targets(2437,5): warning MSB3277:           Project file item includes which caused reference "C:\Program Files\Autodesk\Revit 2026\APIInterop.dll". [C:\Users\ajith\new revit\RebarAutomation\RebarAutomation.csproj]
C:\Program Files\dotnet\sdk\10.0.102\Microsoft.Common.CurrentVersion.targets(2437,5): warning MSB3277:             RevitAPIUI [C:\Users\ajith\new revit\RebarAutomation\RebarAutomation.csproj]
C:\Program Files\dotnet\sdk\10.0.102\Microsoft.Common.CurrentVersion.targets(2437,5): warning MSB3277:         C:\Program Files\Autodesk\Revit 2026\AddInManager.dll [C:\Users\ajith\new revit\RebarAutomation\RebarAutomation.csproj]
C:\Program Files\dotnet\sdk\10.0.102\Microsoft.Common.CurrentVersion.targets(2437,5): warning MSB3277:           Project file item includes which caused reference "C:\Program Files\Autodesk\Revit 2026\AddInManager.dll". [C:\Users\ajith\new revit\RebarAutomation\RebarAutomation.csproj]
C:\Program Files\dotnet\sdk\10.0.102\Microsoft.Common.CurrentVersion.targets(2437,5): warning MSB3277:             RevitAPIUI [C:\Users\ajith\new revit\RebarAutomation\RebarAutomation.csproj]
C:\Program Files\dotnet\sdk\10.0.102\Microsoft.Common.CurrentVersion.targets(2437,5): warning MSB3277:         C:\Program Files\Autodesk\Revit 2026\RevitUIAPI.dll [C:\Users\ajith\new revit\RebarAutomation\RebarAutomation.csproj]
C:\Program Files\dotnet\sdk\10.0.102\Microsoft.Common.CurrentVersion.targets(2437,5): warning MSB3277:           Project file item includes which caused reference "C:\Program Files\Autodesk\Revit 2026\RevitUIAPI.dll". [C:\Users\ajith\new revit\RebarAutomation\RebarAutomation.csproj]
C:\Program Files\dotnet\sdk\10.0.102\Microsoft.Common.CurrentVersion.targets(2437,5): warning MSB3277:             RevitAPIUI [C:\Users\ajith\new revit\RebarAutomation\RebarAutomation.csproj]
C:\Program Files\dotnet\sdk\10.0.102\Microsoft.Common.CurrentVersion.targets(2437,5): warning MSB3277:         C:\Program Files\Autodesk\Revit 2026\BuildingSystemsUIAPI.dll [C:\Users\ajith\new revit\RebarAutomation\RebarAutomation.csproj]
C:\Program Files\dotnet\sdk\10.0.102\Microsoft.Common.CurrentVersion.targets(2437,5): warning MSB3277:           Project file item includes which caused reference "C:\Program Files\Autodesk\Revit 2026\BuildingSystemsUIAPI.dll". [C:\Users\ajith\new revit\RebarAutomation\RebarAutomation.csproj]
C:\Program Files\dotnet\sdk\10.0.102\Microsoft.Common.CurrentVersion.targets(2437,5): warning MSB3277:             RevitAPIUI [C:\Users\ajith\new revit\RebarAutomation\RebarAutomation.csproj]
C:\Program Files\dotnet\sdk\10.0.102\Microsoft.Common.CurrentVersion.targets(2437,5): warning MSB3277:         C:\Program Files\Autodesk\Revit 2026\DesktopMFCAPI.dll [C:\Users\ajith\new revit\RebarAutomation\RebarAutomation.csproj]
C:\Program Files\dotnet\sdk\10.0.102\Microsoft.Common.CurrentVersion.targets(2437,5): warning MSB3277:           Project file item includes which caused reference "C:\Program Files\Autodesk\Revit 2026\DesktopMFCAPI.dll". [C:\Users\ajith\new revit\RebarAutomation\RebarAutomation.csproj]
C:\Program Files\dotnet\sdk\10.0.102\Microsoft.Common.CurrentVersion.targets(2437,5): warning MSB3277:             RevitAPIUI [C:\Users\ajith\new revit\RebarAutomation\RebarAutomation.csproj]
C:\Program Files\dotnet\sdk\10.0.102\Microsoft.Common.CurrentVersion.targets(2437,5): warning MSB3277:         C:\Program Files\Autodesk\Revit 2026\APIUIAPI.dll [C:\Users\ajith\new revit\RebarAutomation\RebarAutomation.csproj]
C:\Program Files\dotnet\sdk\10.0.102\Microsoft.Common.CurrentVersion.targets(2437,5): warning MSB3277:           Project file item includes which caused reference "C:\Program Files\Autodesk\Revit 2026\APIUIAPI.dll". [C:\Users\ajith\new revit\RebarAutomation\RebarAutomation.csproj]
C:\Program Files\dotnet\sdk\10.0.102\Microsoft.Common.CurrentVersion.targets(2437,5): warning MSB3277:             RevitAPIUI [C:\Users\ajith\new revit\RebarAutomation\RebarAutomation.csproj]
C:\Program Files\dotnet\sdk\10.0.102\Microsoft.Common.CurrentVersion.targets(2437,5): warning MSB3277:         C:\Program Files\Autodesk\Revit 2026\RevitMFCAPI.dll [C:\Users\ajith\new revit\RebarAutomation\RebarAutomation.csproj]
C:\Program Files\dotnet\sdk\10.0.102\Microsoft.Common.CurrentVersion.targets(2437,5): warning MSB3277:           Project file item includes which caused reference "C:\Program Files\Autodesk\Revit 2026\RevitMFCAPI.dll". [C:\Users\ajith\new revit\RebarAutomation\RebarAutomation.csproj]
C:\Program Files\dotnet\sdk\10.0.102\Microsoft.Common.CurrentVersion.targets(2437,5): warning MSB3277:             RevitAPIUI [C:\Users\ajith\new revit\RebarAutomation\RebarAutomation.csproj]
C:\Program Files\dotnet\sdk\10.0.102\Microsoft.Common.CurrentVersion.targets(2437,5): warning MSB3277:         C:\Program Files\Autodesk\Revit 2026\EssentialsUIAPI.dll [C:\Users\ajith\new revit\RebarAutomation\RebarAutomation.csproj]
C:\Program Files\dotnet\sdk\10.0.102\Microsoft.Common.CurrentVersion.targets(2437,5): warning MSB3277:           Project file item includes which caused reference "C:\Program Files\Autodesk\Revit 2026\EssentialsUIAPI.dll". [C:\Users\ajith\new revit\RebarAutomation\RebarAutomation.csproj]
C:\Program Files\dotnet\sdk\10.0.102\Microsoft.Common.CurrentVersion.targets(2437,5): warning MSB3277:             RevitAPIUI [C:\Users\ajith\new revit\RebarAutomation\RebarAutomation.csproj]
C:\Program Files\dotnet\sdk\10.0.102\Microsoft.Common.CurrentVersion.targets(2437,5): warning MSB3277:         C:\Program Files\Autodesk\Revit 2026\DetailUIAPI.dll [C:\Users\ajith\new revit\RebarAutomation\RebarAutomation.csproj]
C:\Program Files\dotnet\sdk\10.0.102\Microsoft.Common.CurrentVersion.targets(2437,5): warning MSB3277:           Project file item includes which caused reference "C:\Program Files\Autodesk\Revit 2026\DetailUIAPI.dll". [C:\Users\ajith\new revit\RebarAutomation\RebarAutomation.csproj]
C:\Program Files\dotnet\sdk\10.0.102\Microsoft.Common.CurrentVersion.targets(2437,5): warning MSB3277:             RevitAPIUI [C:\Users\ajith\new revit\RebarAutomation\RebarAutomation.csproj]
C:\Program Files\dotnet\sdk\10.0.102\Microsoft.Common.CurrentVersion.targets(2437,5): warning MSB3277:         C:\Program Files\Autodesk\Revit 2026\UIFrameworkServices.dll [C:\Users\ajith\new revit\RebarAutomation\RebarAutomation.csproj]
C:\Program Files\dotnet\sdk\10.0.102\Microsoft.Common.CurrentVersion.targets(2437,5): warning MSB3277:           Project file item includes which caused reference "C:\Program Files\Autodesk\Revit 2026\UIFrameworkServices.dll". [C:\Users\ajith\new revit\RebarAutomation\RebarAutomation.csproj]
C:\Program Files\dotnet\sdk\10.0.102\Microsoft.Common.CurrentVersion.targets(2437,5): warning MSB3277:             RevitAPIUI [C:\Users\ajith\new revit\RebarAutomation\RebarAutomation.csproj]
C:\Program Files\dotnet\sdk\10.0.102\Microsoft.Common.CurrentVersion.targets(2437,5): warning MSB3277:         C:\Program Files\Autodesk\Revit 2026\SSONET.dll [C:\Users\ajith\new revit\RebarAutomation\RebarAutomation.csproj]
C:\Program Files\dotnet\sdk\10.0.102\Microsoft.Common.CurrentVersion.targets(2437,5): warning MSB3277:           Project file item includes which caused reference "C:\Program Files\Autodesk\Revit 2026\SSONET.dll". [C:\Users\ajith\new revit\RebarAutomation\RebarAutomation.csproj]
C:\Program Files\dotnet\sdk\10.0.102\Microsoft.Common.CurrentVersion.targets(2437,5): warning MSB3277:             RevitAPIUI [C:\Users\ajith\new revit\RebarAutomation\RebarAutomation.csproj]
C:\Program Files\dotnet\sdk\10.0.102\Microsoft.Common.CurrentVersion.targets(2437,5): warning MSB3277: Found conflicts between different versions of "System.Xaml" that could not be resolved. [C:\Users\ajith\new revit\RebarAutomation\RebarAutomation.csproj]
C:\Program Files\dotnet\sdk\10.0.102\Microsoft.Common.CurrentVersion.targets(2437,5): warning MSB3277: There was a conflict between "System.Xaml, Version=4.0.0.0, Culture=neutral, PublicKeyToken=b77a5c561934e089" and "System.Xaml, Version=8.0.0.0, Culture=neutral, PublicKeyToken=b77a5c561934e089". [C:\Users\ajith\new revit\RebarAutomation\RebarAutomation.csproj]
C:\Program Files\dotnet\sdk\10.0.102\Microsoft.Common.CurrentVersion.targets(2437,5): warning MSB3277:     "System.Xaml, Version=4.0.0.0, Culture=neutral, PublicKeyToken=b77a5c561934e089" was chosen because it was primary and "System.Xaml, Version=8.0.0.0, Culture=neutral, PublicKeyToken=b77a5c561934e089" was not. [C:\Users\ajith\new revit\RebarAutomation\RebarAutomation.csproj]
C:\Program Files\dotnet\sdk\10.0.102\Microsoft.Common.CurrentVersion.targets(2437,5): warning MSB3277:     References which depend on "System.Xaml, Version=4.0.0.0, Culture=neutral, PublicKeyToken=b77a5c561934e089" [C:\Program Files (x86)\Reference Assemblies\Microsoft\Framework\.NETFramework\v4.8\System.Xaml.dll]. [C:\Users\ajith\new revit\RebarAutomation\RebarAutomation.csproj]
C:\Program Files\dotnet\sdk\10.0.102\Microsoft.Common.CurrentVersion.targets(2437,5): warning MSB3277:         C:\Program Files (x86)\Reference Assemblies\Microsoft\Framework\.NETFramework\v4.8\System.Xaml.dll [C:\Users\ajith\new revit\RebarAutomation\RebarAutomation.csproj]
C:\Program Files\dotnet\sdk\10.0.102\Microsoft.Common.CurrentVersion.targets(2437,5): warning MSB3277:           Project file item includes which caused reference "C:\Program Files (x86)\Reference Assemblies\Microsoft\Framework\.NETFramework\v4.8\System.Xaml.dll". [C:\Users\ajith\new revit\RebarAutomation\RebarAutomation.csproj]
C:\Program Files\dotnet\sdk\10.0.102\Microsoft.Common.CurrentVersion.targets(2437,5): warning MSB3277:             System.Xaml [C:\Users\ajith\new revit\RebarAutomation\RebarAutomation.csproj]
C:\Program Files\dotnet\sdk\10.0.102\Microsoft.Common.CurrentVersion.targets(2437,5): warning MSB3277:     References which depend on or have been unified to "System.Xaml, Version=8.0.0.0, Culture=neutral, PublicKeyToken=b77a5c561934e089" []. [C:\Users\ajith\new revit\RebarAutomation\RebarAutomation.csproj]
C:\Program Files\dotnet\sdk\10.0.102\Microsoft.Common.CurrentVersion.targets(2437,5): warning MSB3277:         C:\Program Files\Autodesk\Revit 2026\RevitAPI.dll [C:\Users\ajith\new revit\RebarAutomation\RebarAutomation.csproj]
C:\Program Files\dotnet\sdk\10.0.102\Microsoft.Common.CurrentVersion.targets(2437,5): warning MSB3277:           Project file item includes which caused reference "C:\Program Files\Autodesk\Revit 2026\RevitAPI.dll". [C:\Users\ajith\new revit\RebarAutomation\RebarAutomation.csproj]
C:\Program Files\dotnet\sdk\10.0.102\Microsoft.Common.CurrentVersion.targets(2437,5): warning MSB3277:             RevitAPI [C:\Users\ajith\new revit\RebarAutomation\RebarAutomation.csproj]
C:\Program Files\dotnet\sdk\10.0.102\Microsoft.Common.CurrentVersion.targets(2437,5): warning MSB3277:             RevitAPIUI [C:\Users\ajith\new revit\RebarAutomation\RebarAutomation.csproj]
C:\Program Files\dotnet\sdk\10.0.102\Microsoft.Common.CurrentVersion.targets(2437,5): warning MSB3277:         C:\Program Files\Autodesk\Revit 2026\RevitAPIUI.dll [C:\Users\ajith\new revit\RebarAutomation\RebarAutomation.csproj]
C:\Program Files\dotnet\sdk\10.0.102\Microsoft.Common.CurrentVersion.targets(2437,5): warning MSB3277:           Project file item includes which caused reference "C:\Program Files\Autodesk\Revit 2026\RevitAPIUI.dll". [C:\Users\ajith\new revit\RebarAutomation\RebarAutomation.csproj]
C:\Program Files\dotnet\sdk\10.0.102\Microsoft.Common.CurrentVersion.targets(2437,5): warning MSB3277:             RevitAPIUI [C:\Users\ajith\new revit\RebarAutomation\RebarAutomation.csproj]
C:\Program Files\dotnet\sdk\10.0.102\Microsoft.Common.CurrentVersion.targets(2437,5): warning MSB3277:         C:\Program Files\Autodesk\Revit 2026\DBManagedServices.dll [C:\Users\ajith\new revit\RebarAutomation\RebarAutomation.csproj]
C:\Program Files\dotnet\sdk\10.0.102\Microsoft.Common.CurrentVersion.targets(2437,5): warning MSB3277:           Project file item includes which caused reference "C:\Program Files\Autodesk\Revit 2026\DBManagedServices.dll". [C:\Users\ajith\new revit\RebarAutomation\RebarAutomation.csproj]
C:\Program Files\dotnet\sdk\10.0.102\Microsoft.Common.CurrentVersion.targets(2437,5): warning MSB3277:             RevitAPI [C:\Users\ajith\new revit\RebarAutomation\RebarAutomation.csproj]
C:\Program Files\dotnet\sdk\10.0.102\Microsoft.Common.CurrentVersion.targets(2437,5): warning MSB3277:             RevitAPIUI [C:\Users\ajith\new revit\RebarAutomation\RebarAutomation.csproj]
C:\Program Files\dotnet\sdk\10.0.102\Microsoft.Common.CurrentVersion.targets(2437,5): warning MSB3277:         C:\Program Files\Autodesk\Revit 2026\AdWindows.dll [C:\Users\ajith\new revit\RebarAutomation\RebarAutomation.csproj]
C:\Program Files\dotnet\sdk\10.0.102\Microsoft.Common.CurrentVersion.targets(2437,5): warning MSB3277:           Project file item includes which caused reference "C:\Program Files\Autodesk\Revit 2026\AdWindows.dll". [C:\Users\ajith\new revit\RebarAutomation\RebarAutomation.csproj]
C:\Program Files\dotnet\sdk\10.0.102\Microsoft.Common.CurrentVersion.targets(2437,5): warning MSB3277:             RevitAPIUI [C:\Users\ajith\new revit\RebarAutomation\RebarAutomation.csproj]
C:\Program Files\dotnet\sdk\10.0.102\Microsoft.Common.CurrentVersion.targets(2437,5): warning MSB3277:         C:\Program Files\Autodesk\Revit 2026\UIFramework.dll [C:\Users\ajith\new revit\RebarAutomation\RebarAutomation.csproj]
C:\Program Files\dotnet\sdk\10.0.102\Microsoft.Common.CurrentVersion.targets(2437,5): warning MSB3277:           Project file item includes which caused reference "C:\Program Files\Autodesk\Revit 2026\UIFramework.dll". [C:\Users\ajith\new revit\RebarAutomation\RebarAutomation.csproj]
C:\Program Files\dotnet\sdk\10.0.102\Microsoft.Common.CurrentVersion.targets(2437,5): warning MSB3277:             RevitAPIUI [C:\Users\ajith\new revit\RebarAutomation\RebarAutomation.csproj]
C:\Program Files\dotnet\sdk\10.0.102\Microsoft.Common.CurrentVersion.targets(2437,5): warning MSB3277:         C:\Program Files\Autodesk\Revit 2026\UIFrameworkServices.dll [C:\Users\ajith\new revit\RebarAutomation\RebarAutomation.csproj]
C:\Program Files\dotnet\sdk\10.0.102\Microsoft.Common.CurrentVersion.targets(2437,5): warning MSB3277:           Project file item includes which caused reference "C:\Program Files\Autodesk\Revit 2026\UIFrameworkServices.dll". [C:\Users\ajith\new revit\RebarAutomation\RebarAutomation.csproj]
C:\Program Files\dotnet\sdk\10.0.102\Microsoft.Common.CurrentVersion.targets(2437,5): warning MSB3277:             RevitAPIUI [C:\Users\ajith\new revit\RebarAutomation\RebarAutomation.csproj]
C:\Program Files\dotnet\sdk\10.0.102\Microsoft.Common.CurrentVersion.targets(2437,5): warning MSB3277:         C:\Program Files\Autodesk\Revit 2026\Xceed.Wpf.AvalonDock.dll [C:\Users\ajith\new revit\RebarAutomation\RebarAutomation.csproj]
C:\Program Files\dotnet\sdk\10.0.102\Microsoft.Common.CurrentVersion.targets(2437,5): warning MSB3277:           Project file item includes which caused reference "C:\Program Files\Autodesk\Revit 2026\Xceed.Wpf.AvalonDock.dll". [C:\Users\ajith\new revit\RebarAutomation\RebarAutomation.csproj]
C:\Program Files\dotnet\sdk\10.0.102\Microsoft.Common.CurrentVersion.targets(2437,5): warning MSB3277:             RevitAPIUI [C:\Users\ajith\new revit\RebarAutomation\RebarAutomation.csproj]
C:\Program Files\dotnet\sdk\10.0.102\Microsoft.Common.CurrentVersion.targets(2437,5): warning MSB3277:         C:\Program Files\Autodesk\Revit 2026\Autodesk.Weave.Wpf.dll [C:\Users\ajith\new revit\RebarAutomation\RebarAutomation.csproj]
C:\Program Files\dotnet\sdk\10.0.102\Microsoft.Common.CurrentVersion.targets(2437,5): warning MSB3277:           Project file item includes which caused reference "C:\Program Files\Autodesk\Revit 2026\Autodesk.Weave.Wpf.dll". [C:\Users\ajith\new revit\RebarAutomation\RebarAutomation.csproj]
C:\Program Files\dotnet\sdk\10.0.102\Microsoft.Common.CurrentVersion.targets(2437,5): warning MSB3277:             RevitAPIUI [C:\Users\ajith\new revit\RebarAutomation\RebarAutomation.csproj]
C:\Program Files\dotnet\sdk\10.0.102\Microsoft.Common.CurrentVersion.targets(2437,5): warning MSB3277: Found conflicts between different versions of "UIAutomationClient" that could not be resolved. [C:\Users\ajith\new revit\RebarAutomation\RebarAutomation.csproj]
C:\Program Files\dotnet\sdk\10.0.102\Microsoft.Common.CurrentVersion.targets(2437,5): warning MSB3277: There was a conflict between "UIAutomationClient, Version=4.0.0.0, Culture=neutral, PublicKeyToken=31bf3856ad364e35" and "UIAutomationClient, Version=8.0.0.0, Culture=neutral, PublicKeyToken=31bf3856ad364e35". [C:\Users\ajith\new revit\RebarAutomation\RebarAutomation.csproj]
C:\Program Files\dotnet\sdk\10.0.102\Microsoft.Common.CurrentVersion.targets(2437,5): warning MSB3277:     "UIAutomationClient, Version=4.0.0.0, Culture=neutral, PublicKeyToken=31bf3856ad364e35" was chosen because it was primary and "UIAutomationClient, Version=8.0.0.0, Culture=neutral, PublicKeyToken=31bf3856ad364e35" was not. [C:\Users\ajith\new revit\RebarAutomation\RebarAutomation.csproj]
C:\Program Files\dotnet\sdk\10.0.102\Microsoft.Common.CurrentVersion.targets(2437,5): warning MSB3277:     References which depend on "UIAutomationClient, Version=4.0.0.0, Culture=neutral, PublicKeyToken=31bf3856ad364e35" [C:\Program Files (x86)\Reference Assemblies\Microsoft\Framework\.NETFramework\v4.8\UIAutomationClient.dll]. [C:\Users\ajith\new revit\RebarAutomation\RebarAutomation.csproj]
C:\Program Files\dotnet\sdk\10.0.102\Microsoft.Common.CurrentVersion.targets(2437,5): warning MSB3277:         C:\Program Files (x86)\Reference Assemblies\Microsoft\Framework\.NETFramework\v4.8\UIAutomationClient.dll [C:\Users\ajith\new revit\RebarAutomation\RebarAutomation.csproj]
C:\Program Files\dotnet\sdk\10.0.102\Microsoft.Common.CurrentVersion.targets(2437,5): warning MSB3277:           Project file item includes which caused reference "C:\Program Files (x86)\Reference Assemblies\Microsoft\Framework\.NETFramework\v4.8\UIAutomationClient.dll". [C:\Users\ajith\new revit\RebarAutomation\RebarAutomation.csproj]
C:\Program Files\dotnet\sdk\10.0.102\Microsoft.Common.CurrentVersion.targets(2437,5): warning MSB3277:             UIAutomationClient [C:\Users\ajith\new revit\RebarAutomation\RebarAutomation.csproj]
C:\Program Files\dotnet\sdk\10.0.102\Microsoft.Common.CurrentVersion.targets(2437,5): warning MSB3277:     References which depend on or have been unified to "UIAutomationClient, Version=8.0.0.0, Culture=neutral, PublicKeyToken=31bf3856ad364e35" []. [C:\Users\ajith\new revit\RebarAutomation\RebarAutomation.csproj]
C:\Program Files\dotnet\sdk\10.0.102\Microsoft.Common.CurrentVersion.targets(2437,5): warning MSB3277:         C:\Program Files\Autodesk\Revit 2026\RevitAPI.dll [C:\Users\ajith\new revit\RebarAutomation\RebarAutomation.csproj]
C:\Program Files\dotnet\sdk\10.0.102\Microsoft.Common.CurrentVersion.targets(2437,5): warning MSB3277:           Project file item includes which caused reference "C:\Program Files\Autodesk\Revit 2026\RevitAPI.dll". [C:\Users\ajith\new revit\RebarAutomation\RebarAutomation.csproj]
C:\Program Files\dotnet\sdk\10.0.102\Microsoft.Common.CurrentVersion.targets(2437,5): warning MSB3277:             RevitAPI [C:\Users\ajith\new revit\RebarAutomation\RebarAutomation.csproj]
C:\Program Files\dotnet\sdk\10.0.102\Microsoft.Common.CurrentVersion.targets(2437,5): warning MSB3277:             RevitAPIUI [C:\Users\ajith\new revit\RebarAutomation\RebarAutomation.csproj]
C:\Program Files\dotnet\sdk\10.0.102\Microsoft.Common.CurrentVersion.targets(2437,5): warning MSB3277:         C:\Program Files\Autodesk\Revit 2026\RevitAPIUI.dll [C:\Users\ajith\new revit\RebarAutomation\RebarAutomation.csproj]
C:\Program Files\dotnet\sdk\10.0.102\Microsoft.Common.CurrentVersion.targets(2437,5): warning MSB3277:           Project file item includes which caused reference "C:\Program Files\Autodesk\Revit 2026\RevitAPIUI.dll". [C:\Users\ajith\new revit\RebarAutomation\RebarAutomation.csproj]
C:\Program Files\dotnet\sdk\10.0.102\Microsoft.Common.CurrentVersion.targets(2437,5): warning MSB3277:             RevitAPIUI [C:\Users\ajith\new revit\RebarAutomation\RebarAutomation.csproj]
C:\Program Files\dotnet\sdk\10.0.102\Microsoft.Common.CurrentVersion.targets(2437,5): warning MSB3277:         C:\Program Files\Autodesk\Revit 2026\DBManagedServices.dll [C:\Users\ajith\new revit\RebarAutomation\RebarAutomation.csproj]
C:\Program Files\dotnet\sdk\10.0.102\Microsoft.Common.CurrentVersion.targets(2437,5): warning MSB3277:           Project file item includes which caused reference "C:\Program Files\Autodesk\Revit 2026\DBManagedServices.dll". [C:\Users\ajith\new revit\RebarAutomation\RebarAutomation.csproj]
C:\Program Files\dotnet\sdk\10.0.102\Microsoft.Common.CurrentVersion.targets(2437,5): warning MSB3277:             RevitAPI [C:\Users\ajith\new revit\RebarAutomation\RebarAutomation.csproj]
C:\Program Files\dotnet\sdk\10.0.102\Microsoft.Common.CurrentVersion.targets(2437,5): warning MSB3277:             RevitAPIUI [C:\Users\ajith\new revit\RebarAutomation\RebarAutomation.csproj]
C:\Program Files\dotnet\sdk\10.0.102\Microsoft.Common.CurrentVersion.targets(2437,5): warning MSB3277:         C:\Program Files\Autodesk\Revit 2026\UIFramework.dll [C:\Users\ajith\new revit\RebarAutomation\RebarAutomation.csproj]
C:\Program Files\dotnet\sdk\10.0.102\Microsoft.Common.CurrentVersion.targets(2437,5): warning MSB3277:           Project file item includes which caused reference "C:\Program Files\Autodesk\Revit 2026\UIFramework.dll". [C:\Users\ajith\new revit\RebarAutomation\RebarAutomation.csproj]
C:\Program Files\dotnet\sdk\10.0.102\Microsoft.Common.CurrentVersion.targets(2437,5): warning MSB3277:             RevitAPIUI [C:\Users\ajith\new revit\RebarAutomation\RebarAutomation.csproj]
C:\Program Files\dotnet\sdk\10.0.102\Microsoft.Common.CurrentVersion.targets(2437,5): warning MSB3277:         C:\Program Files\Autodesk\Revit 2026\UIFrameworkServices.dll [C:\Users\ajith\new revit\RebarAutomation\RebarAutomation.csproj]
C:\Program Files\dotnet\sdk\10.0.102\Microsoft.Common.CurrentVersion.targets(2437,5): warning MSB3277:           Project file item includes which caused reference "C:\Program Files\Autodesk\Revit 2026\UIFrameworkServices.dll". [C:\Users\ajith\new revit\RebarAutomation\RebarAutomation.csproj]
C:\Program Files\dotnet\sdk\10.0.102\Microsoft.Common.CurrentVersion.targets(2437,5): warning MSB3277:             RevitAPIUI [C:\Users\ajith\new revit\RebarAutomation\RebarAutomation.csproj]
C:\Program Files\dotnet\sdk\10.0.102\Microsoft.Common.CurrentVersion.targets(2437,5): warning MSB3277: Found conflicts between different versions of "UIAutomationProvider" that could not be resolved. [C:\Users\ajith\new revit\RebarAutomation\RebarAutomation.csproj]
C:\Program Files\dotnet\sdk\10.0.102\Microsoft.Common.CurrentVersion.targets(2437,5): warning MSB3277: There was a conflict between "UIAutomationProvider, Version=4.0.0.0, Culture=neutral, PublicKeyToken=31bf3856ad364e35" and "UIAutomationProvider, Version=8.0.0.0, Culture=neutral, PublicKeyToken=31bf3856ad364e35". [C:\Users\ajith\new revit\RebarAutomation\RebarAutomation.csproj]
C:\Program Files\dotnet\sdk\10.0.102\Microsoft.Common.CurrentVersion.targets(2437,5): warning MSB3277:     "UIAutomationProvider, Version=4.0.0.0, Culture=neutral, PublicKeyToken=31bf3856ad364e35" was chosen because it was primary and "UIAutomationProvider, Version=8.0.0.0, Culture=neutral, PublicKeyToken=31bf3856ad364e35" was not. [C:\Users\ajith\new revit\RebarAutomation\RebarAutomation.csproj]
C:\Program Files\dotnet\sdk\10.0.102\Microsoft.Common.CurrentVersion.targets(2437,5): warning MSB3277:     References which depend on "UIAutomationProvider, Version=4.0.0.0, Culture=neutral, PublicKeyToken=31bf3856ad364e35" [C:\Program Files (x86)\Reference Assemblies\Microsoft\Framework\.NETFramework\v4.8\UIAutomationProvider.dll]. [C:\Users\ajith\new revit\RebarAutomation\RebarAutomation.csproj]
C:\Program Files\dotnet\sdk\10.0.102\Microsoft.Common.CurrentVersion.targets(2437,5): warning MSB3277:         C:\Program Files (x86)\Reference Assemblies\Microsoft\Framework\.NETFramework\v4.8\UIAutomationProvider.dll [C:\Users\ajith\new revit\RebarAutomation\RebarAutomation.csproj]
C:\Program Files\dotnet\sdk\10.0.102\Microsoft.Common.CurrentVersion.targets(2437,5): warning MSB3277:           Project file item includes which caused reference "C:\Program Files (x86)\Reference Assemblies\Microsoft\Framework\.NETFramework\v4.8\UIAutomationProvider.dll". [C:\Users\ajith\new revit\RebarAutomation\RebarAutomation.csproj]
C:\Program Files\dotnet\sdk\10.0.102\Microsoft.Common.CurrentVersion.targets(2437,5): warning MSB3277:             UIAutomationProvider [C:\Users\ajith\new revit\RebarAutomation\RebarAutomation.csproj]
C:\Program Files\dotnet\sdk\10.0.102\Microsoft.Common.CurrentVersion.targets(2437,5): warning MSB3277:     References which depend on or have been unified to "UIAutomationProvider, Version=8.0.0.0, Culture=neutral, PublicKeyToken=31bf3856ad364e35" []. [C:\Users\ajith\new revit\RebarAutomation\RebarAutomation.csproj]
C:\Program Files\dotnet\sdk\10.0.102\Microsoft.Common.CurrentVersion.targets(2437,5): warning MSB3277:         C:\Program Files\Autodesk\Revit 2026\RevitAPI.dll [C:\Users\ajith\new revit\RebarAutomation\RebarAutomation.csproj]
C:\Program Files\dotnet\sdk\10.0.102\Microsoft.Common.CurrentVersion.targets(2437,5): warning MSB3277:           Project file item includes which caused reference "C:\Program Files\Autodesk\Revit 2026\RevitAPI.dll". [C:\Users\ajith\new revit\RebarAutomation\RebarAutomation.csproj]
C:\Program Files\dotnet\sdk\10.0.102\Microsoft.Common.CurrentVersion.targets(2437,5): warning MSB3277:             RevitAPI [C:\Users\ajith\new revit\RebarAutomation\RebarAutomation.csproj]
C:\Program Files\dotnet\sdk\10.0.102\Microsoft.Common.CurrentVersion.targets(2437,5): warning MSB3277:             RevitAPIUI [C:\Users\ajith\new revit\RebarAutomation\RebarAutomation.csproj]
C:\Program Files\dotnet\sdk\10.0.102\Microsoft.Common.CurrentVersion.targets(2437,5): warning MSB3277:         C:\Program Files\Autodesk\Revit 2026\RevitAPIUI.dll [C:\Users\ajith\new revit\RebarAutomation\RebarAutomation.csproj]
C:\Program Files\dotnet\sdk\10.0.102\Microsoft.Common.CurrentVersion.targets(2437,5): warning MSB3277:           Project file item includes which caused reference "C:\Program Files\Autodesk\Revit 2026\RevitAPIUI.dll". [C:\Users\ajith\new revit\RebarAutomation\RebarAutomation.csproj]
C:\Program Files\dotnet\sdk\10.0.102\Microsoft.Common.CurrentVersion.targets(2437,5): warning MSB3277:             RevitAPIUI [C:\Users\ajith\new revit\RebarAutomation\RebarAutomation.csproj]
C:\Program Files\dotnet\sdk\10.0.102\Microsoft.Common.CurrentVersion.targets(2437,5): warning MSB3277:         C:\Program Files\Autodesk\Revit 2026\DBManagedServices.dll [C:\Users\ajith\new revit\RebarAutomation\RebarAutomation.csproj]
C:\Program Files\dotnet\sdk\10.0.102\Microsoft.Common.CurrentVersion.targets(2437,5): warning MSB3277:           Project file item includes which caused reference "C:\Program Files\Autodesk\Revit 2026\DBManagedServices.dll". [C:\Users\ajith\new revit\RebarAutomation\RebarAutomation.csproj]
C:\Program Files\dotnet\sdk\10.0.102\Microsoft.Common.CurrentVersion.targets(2437,5): warning MSB3277:             RevitAPI [C:\Users\ajith\new revit\RebarAutomation\RebarAutomation.csproj]
C:\Program Files\dotnet\sdk\10.0.102\Microsoft.Common.CurrentVersion.targets(2437,5): warning MSB3277:             RevitAPIUI [C:\Users\ajith\new revit\RebarAutomation\RebarAutomation.csproj]
C:\Program Files\dotnet\sdk\10.0.102\Microsoft.Common.CurrentVersion.targets(2437,5): warning MSB3277:         C:\Program Files\Autodesk\Revit 2026\UIFramework.dll [C:\Users\ajith\new revit\RebarAutomation\RebarAutomation.csproj]
C:\Program Files\dotnet\sdk\10.0.102\Microsoft.Common.CurrentVersion.targets(2437,5): warning MSB3277:           Project file item includes which caused reference "C:\Program Files\Autodesk\Revit 2026\UIFramework.dll". [C:\Users\ajith\new revit\RebarAutomation\RebarAutomation.csproj]
C:\Program Files\dotnet\sdk\10.0.102\Microsoft.Common.CurrentVersion.targets(2437,5): warning MSB3277:             RevitAPIUI [C:\Users\ajith\new revit\RebarAutomation\RebarAutomation.csproj]
C:\Program Files\dotnet\sdk\10.0.102\Microsoft.Common.CurrentVersion.targets(2437,5): warning MSB3277:         C:\Program Files\Autodesk\Revit 2026\UIFrameworkServices.dll [C:\Users\ajith\new revit\RebarAutomation\RebarAutomation.csproj]
C:\Program Files\dotnet\sdk\10.0.102\Microsoft.Common.CurrentVersion.targets(2437,5): warning MSB3277:           Project file item includes which caused reference "C:\Program Files\Autodesk\Revit 2026\UIFrameworkServices.dll". [C:\Users\ajith\new revit\RebarAutomation\RebarAutomation.csproj]
C:\Program Files\dotnet\sdk\10.0.102\Microsoft.Common.CurrentVersion.targets(2437,5): warning MSB3277:             RevitAPIUI [C:\Users\ajith\new revit\RebarAutomation\RebarAutomation.csproj]
C:\Program Files\dotnet\sdk\10.0.102\Microsoft.Common.CurrentVersion.targets(2437,5): warning MSB3277: Found conflicts between different versions of "UIAutomationTypes" that could not be resolved. [C:\Users\ajith\new revit\RebarAutomation\RebarAutomation.csproj]
C:\Program Files\dotnet\sdk\10.0.102\Microsoft.Common.CurrentVersion.targets(2437,5): warning MSB3277: There was a conflict between "UIAutomationTypes, Version=4.0.0.0, Culture=neutral, PublicKeyToken=31bf3856ad364e35" and "UIAutomationTypes, Version=8.0.0.0, Culture=neutral, PublicKeyToken=31bf3856ad364e35". [C:\Users\ajith\new revit\RebarAutomation\RebarAutomation.csproj]
C:\Program Files\dotnet\sdk\10.0.102\Microsoft.Common.CurrentVersion.targets(2437,5): warning MSB3277:     "UIAutomationTypes, Version=4.0.0.0, Culture=neutral, PublicKeyToken=31bf3856ad364e35" was chosen because it was primary and "UIAutomationTypes, Version=8.0.0.0, Culture=neutral, PublicKeyToken=31bf3856ad364e35" was not. [C:\Users\ajith\new revit\RebarAutomation\RebarAutomation.csproj]
C:\Program Files\dotnet\sdk\10.0.102\Microsoft.Common.CurrentVersion.targets(2437,5): warning MSB3277:     References which depend on "UIAutomationTypes, Version=4.0.0.0, Culture=neutral, PublicKeyToken=31bf3856ad364e35" [C:\Program Files (x86)\Reference Assemblies\Microsoft\Framework\.NETFramework\v4.8\UIAutomationTypes.dll]. [C:\Users\ajith\new revit\RebarAutomation\RebarAutomation.csproj]
C:\Program Files\dotnet\sdk\10.0.102\Microsoft.Common.CurrentVersion.targets(2437,5): warning MSB3277:         C:\Program Files (x86)\Reference Assemblies\Microsoft\Framework\.NETFramework\v4.8\UIAutomationTypes.dll [C:\Users\ajith\new revit\RebarAutomation\RebarAutomation.csproj]
C:\Program Files\dotnet\sdk\10.0.102\Microsoft.Common.CurrentVersion.targets(2437,5): warning MSB3277:           Project file item includes which caused reference "C:\Program Files (x86)\Reference Assemblies\Microsoft\Framework\.NETFramework\v4.8\UIAutomationTypes.dll". [C:\Users\ajith\new revit\RebarAutomation\RebarAutomation.csproj]
C:\Program Files\dotnet\sdk\10.0.102\Microsoft.Common.CurrentVersion.targets(2437,5): warning MSB3277:             UIAutomationTypes [C:\Users\ajith\new revit\RebarAutomation\RebarAutomation.csproj]
C:\Program Files\dotnet\sdk\10.0.102\Microsoft.Common.CurrentVersion.targets(2437,5): warning MSB3277:     References which depend on or have been unified to "UIAutomationTypes, Version=8.0.0.0, Culture=neutral, PublicKeyToken=31bf3856ad364e35" []. [C:\Users\ajith\new revit\RebarAutomation\RebarAutomation.csproj]
C:\Program Files\dotnet\sdk\10.0.102\Microsoft.Common.CurrentVersion.targets(2437,5): warning MSB3277:         C:\Program Files\Autodesk\Revit 2026\RevitAPI.dll [C:\Users\ajith\new revit\RebarAutomation\RebarAutomation.csproj]
C:\Program Files\dotnet\sdk\10.0.102\Microsoft.Common.CurrentVersion.targets(2437,5): warning MSB3277:           Project file item includes which caused reference "C:\Program Files\Autodesk\Revit 2026\RevitAPI.dll". [C:\Users\ajith\new revit\RebarAutomation\RebarAutomation.csproj]
C:\Program Files\dotnet\sdk\10.0.102\Microsoft.Common.CurrentVersion.targets(2437,5): warning MSB3277:             RevitAPI [C:\Users\ajith\new revit\RebarAutomation\RebarAutomation.csproj]
C:\Program Files\dotnet\sdk\10.0.102\Microsoft.Common.CurrentVersion.targets(2437,5): warning MSB3277:             RevitAPIUI [C:\Users\ajith\new revit\RebarAutomation\RebarAutomation.csproj]
C:\Program Files\dotnet\sdk\10.0.102\Microsoft.Common.CurrentVersion.targets(2437,5): warning MSB3277:         C:\Program Files\Autodesk\Revit 2026\RevitAPIUI.dll [C:\Users\ajith\new revit\RebarAutomation\RebarAutomation.csproj]
C:\Program Files\dotnet\sdk\10.0.102\Microsoft.Common.CurrentVersion.targets(2437,5): warning MSB3277:           Project file item includes which caused reference "C:\Program Files\Autodesk\Revit 2026\RevitAPIUI.dll". [C:\Users\ajith\new revit\RebarAutomation\RebarAutomation.csproj]
C:\Program Files\dotnet\sdk\10.0.102\Microsoft.Common.CurrentVersion.targets(2437,5): warning MSB3277:             RevitAPIUI [C:\Users\ajith\new revit\RebarAutomation\RebarAutomation.csproj]
C:\Program Files\dotnet\sdk\10.0.102\Microsoft.Common.CurrentVersion.targets(2437,5): warning MSB3277:         C:\Program Files\Autodesk\Revit 2026\DBManagedServices.dll [C:\Users\ajith\new revit\RebarAutomation\RebarAutomation.csproj]
C:\Program Files\dotnet\sdk\10.0.102\Microsoft.Common.CurrentVersion.targets(2437,5): warning MSB3277:           Project file item includes which caused reference "C:\Program Files\Autodesk\Revit 2026\DBManagedServices.dll". [C:\Users\ajith\new revit\RebarAutomation\RebarAutomation.csproj]
C:\Program Files\dotnet\sdk\10.0.102\Microsoft.Common.CurrentVersion.targets(2437,5): warning MSB3277:             RevitAPI [C:\Users\ajith\new revit\RebarAutomation\RebarAutomation.csproj]
C:\Program Files\dotnet\sdk\10.0.102\Microsoft.Common.CurrentVersion.targets(2437,5): warning MSB3277:             RevitAPIUI [C:\Users\ajith\new revit\RebarAutomation\RebarAutomation.csproj]
C:\Program Files\dotnet\sdk\10.0.102\Microsoft.Common.CurrentVersion.targets(2437,5): warning MSB3277:         C:\Program Files\Autodesk\Revit 2026\UIFramework.dll [C:\Users\ajith\new revit\RebarAutomation\RebarAutomation.csproj]
C:\Program Files\dotnet\sdk\10.0.102\Microsoft.Common.CurrentVersion.targets(2437,5): warning MSB3277:           Project file item includes which caused reference "C:\Program Files\Autodesk\Revit 2026\UIFramework.dll". [C:\Users\ajith\new revit\RebarAutomation\RebarAutomation.csproj]
C:\Program Files\dotnet\sdk\10.0.102\Microsoft.Common.CurrentVersion.targets(2437,5): warning MSB3277:             RevitAPIUI [C:\Users\ajith\new revit\RebarAutomation\RebarAutomation.csproj]
C:\Program Files\dotnet\sdk\10.0.102\Microsoft.Common.CurrentVersion.targets(2437,5): warning MSB3277:         C:\Program Files\Autodesk\Revit 2026\UIFrameworkServices.dll [C:\Users\ajith\new revit\RebarAutomation\RebarAutomation.csproj]
C:\Program Files\dotnet\sdk\10.0.102\Microsoft.Common.CurrentVersion.targets(2437,5): warning MSB3277:           Project file item includes which caused reference "C:\Program Files\Autodesk\Revit 2026\UIFrameworkServices.dll". [C:\Users\ajith\new revit\RebarAutomation\RebarAutomation.csproj]
C:\Program Files\dotnet\sdk\10.0.102\Microsoft.Common.CurrentVersion.targets(2437,5): warning MSB3277:             RevitAPIUI [C:\Users\ajith\new revit\RebarAutomation\RebarAutomation.csproj]
C:\Program Files\dotnet\sdk\10.0.102\Microsoft.Common.CurrentVersion.targets(2437,5): warning MSB3277: Found conflicts between different versions of "WindowsBase" that could not be resolved. [C:\Users\ajith\new revit\RebarAutomation\RebarAutomation.csproj]
C:\Program Files\dotnet\sdk\10.0.102\Microsoft.Common.CurrentVersion.targets(2437,5): warning MSB3277: There was a conflict between "WindowsBase, Version=4.0.0.0, Culture=neutral, PublicKeyToken=31bf3856ad364e35" and "WindowsBase, Version=8.0.0.0, Culture=neutral, PublicKeyToken=31bf3856ad364e35". [C:\Users\ajith\new revit\RebarAutomation\RebarAutomation.csproj]
C:\Program Files\dotnet\sdk\10.0.102\Microsoft.Common.CurrentVersion.targets(2437,5): warning MSB3277:     "WindowsBase, Version=4.0.0.0, Culture=neutral, PublicKeyToken=31bf3856ad364e35" was chosen because it was primary and "WindowsBase, Version=8.0.0.0, Culture=neutral, PublicKeyToken=31bf3856ad364e35" was not. [C:\Users\ajith\new revit\RebarAutomation\RebarAutomation.csproj]
C:\Program Files\dotnet\sdk\10.0.102\Microsoft.Common.CurrentVersion.targets(2437,5): warning MSB3277:     References which depend on "WindowsBase, Version=4.0.0.0, Culture=neutral, PublicKeyToken=31bf3856ad364e35" [C:\Program Files (x86)\Reference Assemblies\Microsoft\Framework\.NETFramework\v4.8\WindowsBase.dll]. [C:\Users\ajith\new revit\RebarAutomation\RebarAutomation.csproj]
C:\Program Files\dotnet\sdk\10.0.102\Microsoft.Common.CurrentVersion.targets(2437,5): warning MSB3277:         C:\Program Files (x86)\Reference Assemblies\Microsoft\Framework\.NETFramework\v4.8\WindowsBase.dll [C:\Users\ajith\new revit\RebarAutomation\RebarAutomation.csproj]
C:\Program Files\dotnet\sdk\10.0.102\Microsoft.Common.CurrentVersion.targets(2437,5): warning MSB3277:           Project file item includes which caused reference "C:\Program Files (x86)\Reference Assemblies\Microsoft\Framework\.NETFramework\v4.8\WindowsBase.dll". [C:\Users\ajith\new revit\RebarAutomation\RebarAutomation.csproj]
C:\Program Files\dotnet\sdk\10.0.102\Microsoft.Common.CurrentVersion.targets(2437,5): warning MSB3277:             WindowsBase [C:\Users\ajith\new revit\RebarAutomation\RebarAutomation.csproj]
C:\Program Files\dotnet\sdk\10.0.102\Microsoft.Common.CurrentVersion.targets(2437,5): warning MSB3277:     References which depend on or have been unified to "WindowsBase, Version=8.0.0.0, Culture=neutral, PublicKeyToken=31bf3856ad364e35" []. [C:\Users\ajith\new revit\RebarAutomation\RebarAutomation.csproj]
C:\Program Files\dotnet\sdk\10.0.102\Microsoft.Common.CurrentVersion.targets(2437,5): warning MSB3277:         C:\Program Files\Autodesk\Revit 2026\RevitAPI.dll [C:\Users\ajith\new revit\RebarAutomation\RebarAutomation.csproj]
C:\Program Files\dotnet\sdk\10.0.102\Microsoft.Common.CurrentVersion.targets(2437,5): warning MSB3277:           Project file item includes which caused reference "C:\Program Files\Autodesk\Revit 2026\RevitAPI.dll". [C:\Users\ajith\new revit\RebarAutomation\RebarAutomation.csproj]
C:\Program Files\dotnet\sdk\10.0.102\Microsoft.Common.CurrentVersion.targets(2437,5): warning MSB3277:             RevitAPI [C:\Users\ajith\new revit\RebarAutomation\RebarAutomation.csproj]
C:\Program Files\dotnet\sdk\10.0.102\Microsoft.Common.CurrentVersion.targets(2437,5): warning MSB3277:             RevitAPIUI [C:\Users\ajith\new revit\RebarAutomation\RebarAutomation.csproj]
C:\Program Files\dotnet\sdk\10.0.102\Microsoft.Common.CurrentVersion.targets(2437,5): warning MSB3277:         C:\Program Files\Autodesk\Revit 2026\RevitAPIUI.dll [C:\Users\ajith\new revit\RebarAutomation\RebarAutomation.csproj]
C:\Program Files\dotnet\sdk\10.0.102\Microsoft.Common.CurrentVersion.targets(2437,5): warning MSB3277:           Project file item includes which caused reference "C:\Program Files\Autodesk\Revit 2026\RevitAPIUI.dll". [C:\Users\ajith\new revit\RebarAutomation\RebarAutomation.csproj]
C:\Program Files\dotnet\sdk\10.0.102\Microsoft.Common.CurrentVersion.targets(2437,5): warning MSB3277:             RevitAPIUI [C:\Users\ajith\new revit\RebarAutomation\RebarAutomation.csproj]
C:\Program Files\dotnet\sdk\10.0.102\Microsoft.Common.CurrentVersion.targets(2437,5): warning MSB3277:         C:\Program Files\Autodesk\Revit 2026\AdskRcManaged.dll [C:\Users\ajith\new revit\RebarAutomation\RebarAutomation.csproj]
C:\Program Files\dotnet\sdk\10.0.102\Microsoft.Common.CurrentVersion.targets(2437,5): warning MSB3277:           Project file item includes which caused reference "C:\Program Files\Autodesk\Revit 2026\AdskRcManaged.dll". [C:\Users\ajith\new revit\RebarAutomation\RebarAutomation.csproj]
C:\Program Files\dotnet\sdk\10.0.102\Microsoft.Common.CurrentVersion.targets(2437,5): warning MSB3277:             RevitAPI [C:\Users\ajith\new revit\RebarAutomation\RebarAutomation.csproj]
C:\Program Files\dotnet\sdk\10.0.102\Microsoft.Common.CurrentVersion.targets(2437,5): warning MSB3277:             RevitAPIUI [C:\Users\ajith\new revit\RebarAutomation\RebarAutomation.csproj]
C:\Program Files\dotnet\sdk\10.0.102\Microsoft.Common.CurrentVersion.targets(2437,5): warning MSB3277:         C:\Program Files\Autodesk\Revit 2026\RevitAPIFoundation.dll [C:\Users\ajith\new revit\RebarAutomation\RebarAutomation.csproj]
C:\Program Files\dotnet\sdk\10.0.102\Microsoft.Common.CurrentVersion.targets(2437,5): warning MSB3277:           Project file item includes which caused reference "C:\Program Files\Autodesk\Revit 2026\RevitAPIFoundation.dll". [C:\Users\ajith\new revit\RebarAutomation\RebarAutomation.csproj]
C:\Program Files\dotnet\sdk\10.0.102\Microsoft.Common.CurrentVersion.targets(2437,5): warning MSB3277:             RevitAPI [C:\Users\ajith\new revit\RebarAutomation\RebarAutomation.csproj]
C:\Program Files\dotnet\sdk\10.0.102\Microsoft.Common.CurrentVersion.targets(2437,5): warning MSB3277:             RevitAPIUI [C:\Users\ajith\new revit\RebarAutomation\RebarAutomation.csproj]
C:\Program Files\dotnet\sdk\10.0.102\Microsoft.Common.CurrentVersion.targets(2437,5): warning MSB3277:         C:\Program Files\Autodesk\Revit 2026\RevitDBAPI.dll [C:\Users\ajith\new revit\RebarAutomation\RebarAutomation.csproj]
C:\Program Files\dotnet\sdk\10.0.102\Microsoft.Common.CurrentVersion.targets(2437,5): warning MSB3277:           Project file item includes which caused reference "C:\Program Files\Autodesk\Revit 2026\RevitDBAPI.dll". [C:\Users\ajith\new revit\RebarAutomation\RebarAutomation.csproj]
C:\Program Files\dotnet\sdk\10.0.102\Microsoft.Common.CurrentVersion.targets(2437,5): warning MSB3277:             RevitAPI [C:\Users\ajith\new revit\RebarAutomation\RebarAutomation.csproj]
C:\Program Files\dotnet\sdk\10.0.102\Microsoft.Common.CurrentVersion.targets(2437,5): warning MSB3277:             RevitAPIUI [C:\Users\ajith\new revit\RebarAutomation\RebarAutomation.csproj]
C:\Program Files\dotnet\sdk\10.0.102\Microsoft.Common.CurrentVersion.targets(2437,5): warning MSB3277:         C:\Program Files\Autodesk\Revit 2026\RevitDBCoreAPI.dll [C:\Users\ajith\new revit\RebarAutomation\RebarAutomation.csproj]
C:\Program Files\dotnet\sdk\10.0.102\Microsoft.Common.CurrentVersion.targets(2437,5): warning MSB3277:           Project file item includes which caused reference "C:\Program Files\Autodesk\Revit 2026\RevitDBCoreAPI.dll". [C:\Users\ajith\new revit\RebarAutomation\RebarAutomation.csproj]
C:\Program Files\dotnet\sdk\10.0.102\Microsoft.Common.CurrentVersion.targets(2437,5): warning MSB3277:             RevitAPI [C:\Users\ajith\new revit\RebarAutomation\RebarAutomation.csproj]
C:\Program Files\dotnet\sdk\10.0.102\Microsoft.Common.CurrentVersion.targets(2437,5): warning MSB3277:             RevitAPIUI [C:\Users\ajith\new revit\RebarAutomation\RebarAutomation.csproj]
C:\Program Files\dotnet\sdk\10.0.102\Microsoft.Common.CurrentVersion.targets(2437,5): warning MSB3277:         C:\Program Files\Autodesk\Revit 2026\PersistenceDBAPI.dll [C:\Users\ajith\new revit\RebarAutomation\RebarAutomation.csproj]
C:\Program Files\dotnet\sdk\10.0.102\Microsoft.Common.CurrentVersion.targets(2437,5): warning MSB3277:           Project file item includes which caused reference "C:\Program Files\Autodesk\Revit 2026\PersistenceDBAPI.dll". [C:\Users\ajith\new revit\RebarAutomation\RebarAutomation.csproj]
C:\Program Files\dotnet\sdk\10.0.102\Microsoft.Common.CurrentVersion.targets(2437,5): warning MSB3277:             RevitAPI [C:\Users\ajith\new revit\RebarAutomation\RebarAutomation.csproj]
C:\Program Files\dotnet\sdk\10.0.102\Microsoft.Common.CurrentVersion.targets(2437,5): warning MSB3277:             RevitAPIUI [C:\Users\ajith\new revit\RebarAutomation\RebarAutomation.csproj]
C:\Program Files\dotnet\sdk\10.0.102\Microsoft.Common.CurrentVersion.targets(2437,5): warning MSB3277:         C:\Program Files\Autodesk\Revit 2026\UtilityAPI.dll [C:\Users\ajith\new revit\RebarAutomation\RebarAutomation.csproj]
C:\Program Files\dotnet\sdk\10.0.102\Microsoft.Common.CurrentVersion.targets(2437,5): warning MSB3277:           Project file item includes which caused reference "C:\Program Files\Autodesk\Revit 2026\UtilityAPI.dll". [C:\Users\ajith\new revit\RebarAutomation\RebarAutomation.csproj]
C:\Program Files\dotnet\sdk\10.0.102\Microsoft.Common.CurrentVersion.targets(2437,5): warning MSB3277:             RevitAPI [C:\Users\ajith\new revit\RebarAutomation\RebarAutomation.csproj]
C:\Program Files\dotnet\sdk\10.0.102\Microsoft.Common.CurrentVersion.targets(2437,5): warning MSB3277:             RevitAPIUI [C:\Users\ajith\new revit\RebarAutomation\RebarAutomation.csproj]
C:\Program Files\dotnet\sdk\10.0.102\Microsoft.Common.CurrentVersion.targets(2437,5): warning MSB3277:         C:\Program Files\Autodesk\Revit 2026\APIDBAPI.dll [C:\Users\ajith\new revit\RebarAutomation\RebarAutomation.csproj]
C:\Program Files\dotnet\sdk\10.0.102\Microsoft.Common.CurrentVersion.targets(2437,5): warning MSB3277:           Project file item includes which caused reference "C:\Program Files\Autodesk\Revit 2026\APIDBAPI.dll". [C:\Users\ajith\new revit\RebarAutomation\RebarAutomation.csproj]
C:\Program Files\dotnet\sdk\10.0.102\Microsoft.Common.CurrentVersion.targets(2437,5): warning MSB3277:             RevitAPI [C:\Users\ajith\new revit\RebarAutomation\RebarAutomation.csproj]
C:\Program Files\dotnet\sdk\10.0.102\Microsoft.Common.CurrentVersion.targets(2437,5): warning MSB3277:             RevitAPIUI [C:\Users\ajith\new revit\RebarAutomation\RebarAutomation.csproj]
C:\Program Files\dotnet\sdk\10.0.102\Microsoft.Common.CurrentVersion.targets(2437,5): warning MSB3277:         C:\Program Files\Autodesk\Revit 2026\GraphicsAPI.dll [C:\Users\ajith\new revit\RebarAutomation\RebarAutomation.csproj]
C:\Program Files\dotnet\sdk\10.0.102\Microsoft.Common.CurrentVersion.targets(2437,5): warning MSB3277:           Project file item includes which caused reference "C:\Program Files\Autodesk\Revit 2026\GraphicsAPI.dll". [C:\Users\ajith\new revit\RebarAutomation\RebarAutomation.csproj]
C:\Program Files\dotnet\sdk\10.0.102\Microsoft.Common.CurrentVersion.targets(2437,5): warning MSB3277:             RevitAPI [C:\Users\ajith\new revit\RebarAutomation\RebarAutomation.csproj]
C:\Program Files\dotnet\sdk\10.0.102\Microsoft.Common.CurrentVersion.targets(2437,5): warning MSB3277:             RevitAPIUI [C:\Users\ajith\new revit\RebarAutomation\RebarAutomation.csproj]
C:\Program Files\dotnet\sdk\10.0.102\Microsoft.Common.CurrentVersion.targets(2437,5): warning MSB3277:         C:\Program Files\Autodesk\Revit 2026\ElementGroupDBAPI.dll [C:\Users\ajith\new revit\RebarAutomation\RebarAutomation.csproj]
C:\Program Files\dotnet\sdk\10.0.102\Microsoft.Common.CurrentVersion.targets(2437,5): warning MSB3277:           Project file item includes which caused reference "C:\Program Files\Autodesk\Revit 2026\ElementGroupDBAPI.dll". [C:\Users\ajith\new revit\RebarAutomation\RebarAutomation.csproj]
C:\Program Files\dotnet\sdk\10.0.102\Microsoft.Common.CurrentVersion.targets(2437,5): warning MSB3277:             RevitAPI [C:\Users\ajith\new revit\RebarAutomation\RebarAutomation.csproj]
C:\Program Files\dotnet\sdk\10.0.102\Microsoft.Common.CurrentVersion.targets(2437,5): warning MSB3277:             RevitAPIUI [C:\Users\ajith\new revit\RebarAutomation\RebarAutomation.csproj]
C:\Program Files\dotnet\sdk\10.0.102\Microsoft.Common.CurrentVersion.targets(2437,5): warning MSB3277:         C:\Program Files\Autodesk\Revit 2026\EssentialsDBAPI.dll [C:\Users\ajith\new revit\RebarAutomation\RebarAutomation.csproj]
C:\Program Files\dotnet\sdk\10.0.102\Microsoft.Common.CurrentVersion.targets(2437,5): warning MSB3277:           Project file item includes which caused reference "C:\Program Files\Autodesk\Revit 2026\EssentialsDBAPI.dll". [C:\Users\ajith\new revit\RebarAutomation\RebarAutomation.csproj]
C:\Program Files\dotnet\sdk\10.0.102\Microsoft.Common.CurrentVersion.targets(2437,5): warning MSB3277:             RevitAPI [C:\Users\ajith\new revit\RebarAutomation\RebarAutomation.csproj]
C:\Program Files\dotnet\sdk\10.0.102\Microsoft.Common.CurrentVersion.targets(2437,5): warning MSB3277:             RevitAPIUI [C:\Users\ajith\new revit\RebarAutomation\RebarAutomation.csproj]
C:\Program Files\dotnet\sdk\10.0.102\Microsoft.Common.CurrentVersion.targets(2437,5): warning MSB3277:         C:\Program Files\Autodesk\Revit 2026\GeomUtilAPI.dll [C:\Users\ajith\new revit\RebarAutomation\RebarAutomation.csproj]
C:\Program Files\dotnet\sdk\10.0.102\Microsoft.Common.CurrentVersion.targets(2437,5): warning MSB3277:           Project file item includes which caused reference "C:\Program Files\Autodesk\Revit 2026\GeomUtilAPI.dll". [C:\Users\ajith\new revit\RebarAutomation\RebarAutomation.csproj]
C:\Program Files\dotnet\sdk\10.0.102\Microsoft.Common.CurrentVersion.targets(2437,5): warning MSB3277:             RevitAPI [C:\Users\ajith\new revit\RebarAutomation\RebarAutomation.csproj]
C:\Program Files\dotnet\sdk\10.0.102\Microsoft.Common.CurrentVersion.targets(2437,5): warning MSB3277:             RevitAPIUI [C:\Users\ajith\new revit\RebarAutomation\RebarAutomation.csproj]
C:\Program Files\dotnet\sdk\10.0.102\Microsoft.Common.CurrentVersion.targets(2437,5): warning MSB3277:         C:\Program Files\Autodesk\Revit 2026\FamilyDBAPI.dll [C:\Users\ajith\new revit\RebarAutomation\RebarAutomation.csproj]
C:\Program Files\dotnet\sdk\10.0.102\Microsoft.Common.CurrentVersion.targets(2437,5): warning MSB3277:           Project file item includes which caused reference "C:\Program Files\Autodesk\Revit 2026\FamilyDBAPI.dll". [C:\Users\ajith\new revit\RebarAutomation\RebarAutomation.csproj]
C:\Program Files\dotnet\sdk\10.0.102\Microsoft.Common.CurrentVersion.targets(2437,5): warning MSB3277:             RevitAPI [C:\Users\ajith\new revit\RebarAutomation\RebarAutomation.csproj]
C:\Program Files\dotnet\sdk\10.0.102\Microsoft.Common.CurrentVersion.targets(2437,5): warning MSB3277:             RevitAPIUI [C:\Users\ajith\new revit\RebarAutomation\RebarAutomation.csproj]
C:\Program Files\dotnet\sdk\10.0.102\Microsoft.Common.CurrentVersion.targets(2437,5): warning MSB3277:         C:\Program Files\Autodesk\Revit 2026\DetailDBAPI.dll [C:\Users\ajith\new revit\RebarAutomation\RebarAutomation.csproj]
C:\Program Files\dotnet\sdk\10.0.102\Microsoft.Common.CurrentVersion.targets(2437,5): warning MSB3277:           Project file item includes which caused reference "C:\Program Files\Autodesk\Revit 2026\DetailDBAPI.dll". [C:\Users\ajith\new revit\RebarAutomation\RebarAutomation.csproj]
C:\Program Files\dotnet\sdk\10.0.102\Microsoft.Common.CurrentVersion.targets(2437,5): warning MSB3277:             RevitAPI [C:\Users\ajith\new revit\RebarAutomation\RebarAutomation.csproj]
C:\Program Files\dotnet\sdk\10.0.102\Microsoft.Common.CurrentVersion.targets(2437,5): warning MSB3277:             RevitAPIUI [C:\Users\ajith\new revit\RebarAutomation\RebarAutomation.csproj]
C:\Program Files\dotnet\sdk\10.0.102\Microsoft.Common.CurrentVersion.targets(2437,5): warning MSB3277:         C:\Program Files\Autodesk\Revit 2026\CurtainGridFamilyDBAPI.dll [C:\Users\ajith\new revit\RebarAutomation\RebarAutomation.csproj]
C:\Program Files\dotnet\sdk\10.0.102\Microsoft.Common.CurrentVersion.targets(2437,5): warning MSB3277:           Project file item includes which caused reference "C:\Program Files\Autodesk\Revit 2026\CurtainGridFamilyDBAPI.dll". [C:\Users\ajith\new revit\RebarAutomation\RebarAutomation.csproj]
C:\Program Files\dotnet\sdk\10.0.102\Microsoft.Common.CurrentVersion.targets(2437,5): warning MSB3277:             RevitAPI [C:\Users\ajith\new revit\RebarAutomation\RebarAutomation.csproj]
C:\Program Files\dotnet\sdk\10.0.102\Microsoft.Common.CurrentVersion.targets(2437,5): warning MSB3277:             RevitAPIUI [C:\Users\ajith\new revit\RebarAutomation\RebarAutomation.csproj]
C:\Program Files\dotnet\sdk\10.0.102\Microsoft.Common.CurrentVersion.targets(2437,5): warning MSB3277:         C:\Program Files\Autodesk\Revit 2026\ArrayElemsDBAPI.dll [C:\Users\ajith\new revit\RebarAutomation\RebarAutomation.csproj]
C:\Program Files\dotnet\sdk\10.0.102\Microsoft.Common.CurrentVersion.targets(2437,5): warning MSB3277:           Project file item includes which caused reference "C:\Program Files\Autodesk\Revit 2026\ArrayElemsDBAPI.dll". [C:\Users\ajith\new revit\RebarAutomation\RebarAutomation.csproj]
C:\Program Files\dotnet\sdk\10.0.102\Microsoft.Common.CurrentVersion.targets(2437,5): warning MSB3277:             RevitAPI [C:\Users\ajith\new revit\RebarAutomation\RebarAutomation.csproj]
C:\Program Files\dotnet\sdk\10.0.102\Microsoft.Common.CurrentVersion.targets(2437,5): warning MSB3277:             RevitAPIUI [C:\Users\ajith\new revit\RebarAutomation\RebarAutomation.csproj]
C:\Program Files\dotnet\sdk\10.0.102\Microsoft.Common.CurrentVersion.targets(2437,5): warning MSB3277:         C:\Program Files\Autodesk\Revit 2026\EnergyAnalysisDBAPI.dll [C:\Users\ajith\new revit\RebarAutomation\RebarAutomation.csproj]
C:\Program Files\dotnet\sdk\10.0.102\Microsoft.Common.CurrentVersion.targets(2437,5): warning MSB3277:           Project file item includes which caused reference "C:\Program Files\Autodesk\Revit 2026\EnergyAnalysisDBAPI.dll". [C:\Users\ajith\new revit\RebarAutomation\RebarAutomation.csproj]
C:\Program Files\dotnet\sdk\10.0.102\Microsoft.Common.CurrentVersion.targets(2437,5): warning MSB3277:             RevitAPI [C:\Users\ajith\new revit\RebarAutomation\RebarAutomation.csproj]
C:\Program Files\dotnet\sdk\10.0.102\Microsoft.Common.CurrentVersion.targets(2437,5): warning MSB3277:             RevitAPIUI [C:\Users\ajith\new revit\RebarAutomation\RebarAutomation.csproj]
C:\Program Files\dotnet\sdk\10.0.102\Microsoft.Common.CurrentVersion.targets(2437,5): warning MSB3277:         C:\Program Files\Autodesk\Revit 2026\BuildingSystemsDBAPI.dll [C:\Users\ajith\new revit\RebarAutomation\RebarAutomation.csproj]
C:\Program Files\dotnet\sdk\10.0.102\Microsoft.Common.CurrentVersion.targets(2437,5): warning MSB3277:           Project file item includes which caused reference "C:\Program Files\Autodesk\Revit 2026\BuildingSystemsDBAPI.dll". [C:\Users\ajith\new revit\RebarAutomation\RebarAutomation.csproj]
C:\Program Files\dotnet\sdk\10.0.102\Microsoft.Common.CurrentVersion.targets(2437,5): warning MSB3277:             RevitAPI [C:\Users\ajith\new revit\RebarAutomation\RebarAutomation.csproj]
C:\Program Files\dotnet\sdk\10.0.102\Microsoft.Common.CurrentVersion.targets(2437,5): warning MSB3277:             RevitAPIUI [C:\Users\ajith\new revit\RebarAutomation\RebarAutomation.csproj]
C:\Program Files\dotnet\sdk\10.0.102\Microsoft.Common.CurrentVersion.targets(2437,5): warning MSB3277:         C:\Program Files\Autodesk\Revit 2026\HostObjDBAPI.dll [C:\Users\ajith\new revit\RebarAutomation\RebarAutomation.csproj]
C:\Program Files\dotnet\sdk\10.0.102\Microsoft.Common.CurrentVersion.targets(2437,5): warning MSB3277:           Project file item includes which caused reference "C:\Program Files\Autodesk\Revit 2026\HostObjDBAPI.dll". [C:\Users\ajith\new revit\RebarAutomation\RebarAutomation.csproj]
C:\Program Files\dotnet\sdk\10.0.102\Microsoft.Common.CurrentVersion.targets(2437,5): warning MSB3277:             RevitAPI [C:\Users\ajith\new revit\RebarAutomation\RebarAutomation.csproj]
C:\Program Files\dotnet\sdk\10.0.102\Microsoft.Common.CurrentVersion.targets(2437,5): warning MSB3277:             RevitAPIUI [C:\Users\ajith\new revit\RebarAutomation\RebarAutomation.csproj]
C:\Program Files\dotnet\sdk\10.0.102\Microsoft.Common.CurrentVersion.targets(2437,5): warning MSB3277:         C:\Program Files\Autodesk\Revit 2026\RoomAreaPlanDBAPI.dll [C:\Users\ajith\new revit\RebarAutomation\RebarAutomation.csproj]
C:\Program Files\dotnet\sdk\10.0.102\Microsoft.Common.CurrentVersion.targets(2437,5): warning MSB3277:           Project file item includes which caused reference "C:\Program Files\Autodesk\Revit 2026\RoomAreaPlanDBAPI.dll". [C:\Users\ajith\new revit\RebarAutomation\RebarAutomation.csproj]
C:\Program Files\dotnet\sdk\10.0.102\Microsoft.Common.CurrentVersion.targets(2437,5): warning MSB3277:             RevitAPI [C:\Users\ajith\new revit\RebarAutomation\RebarAutomation.csproj]
C:\Program Files\dotnet\sdk\10.0.102\Microsoft.Common.CurrentVersion.targets(2437,5): warning MSB3277:             RevitAPIUI [C:\Users\ajith\new revit\RebarAutomation\RebarAutomation.csproj]
C:\Program Files\dotnet\sdk\10.0.102\Microsoft.Common.CurrentVersion.targets(2437,5): warning MSB3277:         C:\Program Files\Autodesk\Revit 2026\SiteDBAPI.dll [C:\Users\ajith\new revit\RebarAutomation\RebarAutomation.csproj]
C:\Program Files\dotnet\sdk\10.0.102\Microsoft.Common.CurrentVersion.targets(2437,5): warning MSB3277:           Project file item includes which caused reference "C:\Program Files\Autodesk\Revit 2026\SiteDBAPI.dll". [C:\Users\ajith\new revit\RebarAutomation\RebarAutomation.csproj]
C:\Program Files\dotnet\sdk\10.0.102\Microsoft.Common.CurrentVersion.targets(2437,5): warning MSB3277:             RevitAPI [C:\Users\ajith\new revit\RebarAutomation\RebarAutomation.csproj]
C:\Program Files\dotnet\sdk\10.0.102\Microsoft.Common.CurrentVersion.targets(2437,5): warning MSB3277:             RevitAPIUI [C:\Users\ajith\new revit\RebarAutomation\RebarAutomation.csproj]
C:\Program Files\dotnet\sdk\10.0.102\Microsoft.Common.CurrentVersion.targets(2437,5): warning MSB3277:         C:\Program Files\Autodesk\Revit 2026\SculptingDBAPI.dll [C:\Users\ajith\new revit\RebarAutomation\RebarAutomation.csproj]
C:\Program Files\dotnet\sdk\10.0.102\Microsoft.Common.CurrentVersion.targets(2437,5): warning MSB3277:           Project file item includes which caused reference "C:\Program Files\Autodesk\Revit 2026\SculptingDBAPI.dll". [C:\Users\ajith\new revit\RebarAutomation\RebarAutomation.csproj]
C:\Program Files\dotnet\sdk\10.0.102\Microsoft.Common.CurrentVersion.targets(2437,5): warning MSB3277:             RevitAPI [C:\Users\ajith\new revit\RebarAutomation\RebarAutomation.csproj]
C:\Program Files\dotnet\sdk\10.0.102\Microsoft.Common.CurrentVersion.targets(2437,5): warning MSB3277:             RevitAPIUI [C:\Users\ajith\new revit\RebarAutomation\RebarAutomation.csproj]
C:\Program Files\dotnet\sdk\10.0.102\Microsoft.Common.CurrentVersion.targets(2437,5): warning MSB3277:         C:\Program Files\Autodesk\Revit 2026\StructuralDBAPI.dll [C:\Users\ajith\new revit\RebarAutomation\RebarAutomation.csproj]
C:\Program Files\dotnet\sdk\10.0.102\Microsoft.Common.CurrentVersion.targets(2437,5): warning MSB3277:           Project file item includes which caused reference "C:\Program Files\Autodesk\Revit 2026\StructuralDBAPI.dll". [C:\Users\ajith\new revit\RebarAutomation\RebarAutomation.csproj]
C:\Program Files\dotnet\sdk\10.0.102\Microsoft.Common.CurrentVersion.targets(2437,5): warning MSB3277:             RevitAPI [C:\Users\ajith\new revit\RebarAutomation\RebarAutomation.csproj]
C:\Program Files\dotnet\sdk\10.0.102\Microsoft.Common.CurrentVersion.targets(2437,5): warning MSB3277:             RevitAPIUI [C:\Users\ajith\new revit\RebarAutomation\RebarAutomation.csproj]
C:\Program Files\dotnet\sdk\10.0.102\Microsoft.Common.CurrentVersion.targets(2437,5): warning MSB3277:         C:\Program Files\Autodesk\Revit 2026\InterfaceAPI.dll [C:\Users\ajith\new revit\RebarAutomation\RebarAutomation.csproj]
C:\Program Files\dotnet\sdk\10.0.102\Microsoft.Common.CurrentVersion.targets(2437,5): warning MSB3277:           Project file item includes which caused reference "C:\Program Files\Autodesk\Revit 2026\InterfaceAPI.dll". [C:\Users\ajith\new revit\RebarAutomation\RebarAutomation.csproj]
C:\Program Files\dotnet\sdk\10.0.102\Microsoft.Common.CurrentVersion.targets(2437,5): warning MSB3277:             RevitAPI [C:\Users\ajith\new revit\RebarAutomation\RebarAutomation.csproj]
C:\Program Files\dotnet\sdk\10.0.102\Microsoft.Common.CurrentVersion.targets(2437,5): warning MSB3277:             RevitAPIUI [C:\Users\ajith\new revit\RebarAutomation\RebarAutomation.csproj]
C:\Program Files\dotnet\sdk\10.0.102\Microsoft.Common.CurrentVersion.targets(2437,5): warning MSB3277:         C:\Program Files\Autodesk\Revit 2026\InterfaceUtilAPI.dll [C:\Users\ajith\new revit\RebarAutomation\RebarAutomation.csproj]
C:\Program Files\dotnet\sdk\10.0.102\Microsoft.Common.CurrentVersion.targets(2437,5): warning MSB3277:           Project file item includes which caused reference "C:\Program Files\Autodesk\Revit 2026\InterfaceUtilAPI.dll". [C:\Users\ajith\new revit\RebarAutomation\RebarAutomation.csproj]
C:\Program Files\dotnet\sdk\10.0.102\Microsoft.Common.CurrentVersion.targets(2437,5): warning MSB3277:             RevitAPI [C:\Users\ajith\new revit\RebarAutomation\RebarAutomation.csproj]
C:\Program Files\dotnet\sdk\10.0.102\Microsoft.Common.CurrentVersion.targets(2437,5): warning MSB3277:             RevitAPIUI [C:\Users\ajith\new revit\RebarAutomation\RebarAutomation.csproj]
C:\Program Files\dotnet\sdk\10.0.102\Microsoft.Common.CurrentVersion.targets(2437,5): warning MSB3277:         C:\Program Files\Autodesk\Revit 2026\RebarDBAPI.dll [C:\Users\ajith\new revit\RebarAutomation\RebarAutomation.csproj]
C:\Program Files\dotnet\sdk\10.0.102\Microsoft.Common.CurrentVersion.targets(2437,5): warning MSB3277:           Project file item includes which caused reference "C:\Program Files\Autodesk\Revit 2026\RebarDBAPI.dll". [C:\Users\ajith\new revit\RebarAutomation\RebarAutomation.csproj]
C:\Program Files\dotnet\sdk\10.0.102\Microsoft.Common.CurrentVersion.targets(2437,5): warning MSB3277:             RevitAPI [C:\Users\ajith\new revit\RebarAutomation\RebarAutomation.csproj]
C:\Program Files\dotnet\sdk\10.0.102\Microsoft.Common.CurrentVersion.targets(2437,5): warning MSB3277:             RevitAPIUI [C:\Users\ajith\new revit\RebarAutomation\RebarAutomation.csproj]
C:\Program Files\dotnet\sdk\10.0.102\Microsoft.Common.CurrentVersion.targets(2437,5): warning MSB3277:         C:\Program Files\Autodesk\Revit 2026\StructuralAnalysisDBAPI.dll [C:\Users\ajith\new revit\RebarAutomation\RebarAutomation.csproj]
C:\Program Files\dotnet\sdk\10.0.102\Microsoft.Common.CurrentVersion.targets(2437,5): warning MSB3277:           Project file item includes which caused reference "C:\Program Files\Autodesk\Revit 2026\StructuralAnalysisDBAPI.dll". [C:\Users\ajith\new revit\RebarAutomation\RebarAutomation.csproj]
C:\Program Files\dotnet\sdk\10.0.102\Microsoft.Common.CurrentVersion.targets(2437,5): warning MSB3277:             RevitAPI [C:\Users\ajith\new revit\RebarAutomation\RebarAutomation.csproj]
C:\Program Files\dotnet\sdk\10.0.102\Microsoft.Common.CurrentVersion.targets(2437,5): warning MSB3277:             RevitAPIUI [C:\Users\ajith\new revit\RebarAutomation\RebarAutomation.csproj]
C:\Program Files\dotnet\sdk\10.0.102\Microsoft.Common.CurrentVersion.targets(2437,5): warning MSB3277:         C:\Program Files\Autodesk\Revit 2026\MassingDBAPI.dll [C:\Users\ajith\new revit\RebarAutomation\RebarAutomation.csproj]
C:\Program Files\dotnet\sdk\10.0.102\Microsoft.Common.CurrentVersion.targets(2437,5): warning MSB3277:           Project file item includes which caused reference "C:\Program Files\Autodesk\Revit 2026\MassingDBAPI.dll". [C:\Users\ajith\new revit\RebarAutomation\RebarAutomation.csproj]
C:\Program Files\dotnet\sdk\10.0.102\Microsoft.Common.CurrentVersion.targets(2437,5): warning MSB3277:             RevitAPI [C:\Users\ajith\new revit\RebarAutomation\RebarAutomation.csproj]
C:\Program Files\dotnet\sdk\10.0.102\Microsoft.Common.CurrentVersion.targets(2437,5): warning MSB3277:             RevitAPIUI [C:\Users\ajith\new revit\RebarAutomation\RebarAutomation.csproj]
C:\Program Files\dotnet\sdk\10.0.102\Microsoft.Common.CurrentVersion.targets(2437,5): warning MSB3277:         C:\Program Files\Autodesk\Revit 2026\AssemblyDBAPI.dll [C:\Users\ajith\new revit\RebarAutomation\RebarAutomation.csproj]
C:\Program Files\dotnet\sdk\10.0.102\Microsoft.Common.CurrentVersion.targets(2437,5): warning MSB3277:           Project file item includes which caused reference "C:\Program Files\Autodesk\Revit 2026\AssemblyDBAPI.dll". [C:\Users\ajith\new revit\RebarAutomation\RebarAutomation.csproj]
C:\Program Files\dotnet\sdk\10.0.102\Microsoft.Common.CurrentVersion.targets(2437,5): warning MSB3277:             RevitAPI [C:\Users\ajith\new revit\RebarAutomation\RebarAutomation.csproj]
C:\Program Files\dotnet\sdk\10.0.102\Microsoft.Common.CurrentVersion.targets(2437,5): warning MSB3277:             RevitAPIUI [C:\Users\ajith\new revit\RebarAutomation\RebarAutomation.csproj]
C:\Program Files\dotnet\sdk\10.0.102\Microsoft.Common.CurrentVersion.targets(2437,5): warning MSB3277:         C:\Program Files\Autodesk\Revit 2026\DPartDBAPI.dll [C:\Users\ajith\new revit\RebarAutomation\RebarAutomation.csproj]
C:\Program Files\dotnet\sdk\10.0.102\Microsoft.Common.CurrentVersion.targets(2437,5): warning MSB3277:           Project file item includes which caused reference "C:\Program Files\Autodesk\Revit 2026\DPartDBAPI.dll". [C:\Users\ajith\new revit\RebarAutomation\RebarAutomation.csproj]
C:\Program Files\dotnet\sdk\10.0.102\Microsoft.Common.CurrentVersion.targets(2437,5): warning MSB3277:             RevitAPI [C:\Users\ajith\new revit\RebarAutomation\RebarAutomation.csproj]
C:\Program Files\dotnet\sdk\10.0.102\Microsoft.Common.CurrentVersion.targets(2437,5): warning MSB3277:             RevitAPIUI [C:\Users\ajith\new revit\RebarAutomation\RebarAutomation.csproj]
C:\Program Files\dotnet\sdk\10.0.102\Microsoft.Common.CurrentVersion.targets(2437,5): warning MSB3277:         C:\Program Files\Autodesk\Revit 2026\NumberingDBAPI.dll [C:\Users\ajith\new revit\RebarAutomation\RebarAutomation.csproj]
C:\Program Files\dotnet\sdk\10.0.102\Microsoft.Common.CurrentVersion.targets(2437,5): warning MSB3277:           Project file item includes which caused reference "C:\Program Files\Autodesk\Revit 2026\NumberingDBAPI.dll". [C:\Users\ajith\new revit\RebarAutomation\RebarAutomation.csproj]
C:\Program Files\dotnet\sdk\10.0.102\Microsoft.Common.CurrentVersion.targets(2437,5): warning MSB3277:             RevitAPI [C:\Users\ajith\new revit\RebarAutomation\RebarAutomation.csproj]
C:\Program Files\dotnet\sdk\10.0.102\Microsoft.Common.CurrentVersion.targets(2437,5): warning MSB3277:             RevitAPIUI [C:\Users\ajith\new revit\RebarAutomation\RebarAutomation.csproj]
C:\Program Files\dotnet\sdk\10.0.102\Microsoft.Common.CurrentVersion.targets(2437,5): warning MSB3277:         C:\Program Files\Autodesk\Revit 2026\PointCloudAccessAPI.dll [C:\Users\ajith\new revit\RebarAutomation\RebarAutomation.csproj]
C:\Program Files\dotnet\sdk\10.0.102\Microsoft.Common.CurrentVersion.targets(2437,5): warning MSB3277:           Project file item includes which caused reference "C:\Program Files\Autodesk\Revit 2026\PointCloudAccessAPI.dll". [C:\Users\ajith\new revit\RebarAutomation\RebarAutomation.csproj]
C:\Program Files\dotnet\sdk\10.0.102\Microsoft.Common.CurrentVersion.targets(2437,5): warning MSB3277:             RevitAPI [C:\Users\ajith\new revit\RebarAutomation\RebarAutomation.csproj]
C:\Program Files\dotnet\sdk\10.0.102\Microsoft.Common.CurrentVersion.targets(2437,5): warning MSB3277:             RevitAPIUI [C:\Users\ajith\new revit\RebarAutomation\RebarAutomation.csproj]
C:\Program Files\dotnet\sdk\10.0.102\Microsoft.Common.CurrentVersion.targets(2437,5): warning MSB3277:         C:\Program Files\Autodesk\Revit 2026\StairRampDBAPI.dll [C:\Users\ajith\new revit\RebarAutomation\RebarAutomation.csproj]
C:\Program Files\dotnet\sdk\10.0.102\Microsoft.Common.CurrentVersion.targets(2437,5): warning MSB3277:           Project file item includes which caused reference "C:\Program Files\Autodesk\Revit 2026\StairRampDBAPI.dll". [C:\Users\ajith\new revit\RebarAutomation\RebarAutomation.csproj]
C:\Program Files\dotnet\sdk\10.0.102\Microsoft.Common.CurrentVersion.targets(2437,5): warning MSB3277:             RevitAPI [C:\Users\ajith\new revit\RebarAutomation\RebarAutomation.csproj]
C:\Program Files\dotnet\sdk\10.0.102\Microsoft.Common.CurrentVersion.targets(2437,5): warning MSB3277:             RevitAPIUI [C:\Users\ajith\new revit\RebarAutomation\RebarAutomation.csproj]
C:\Program Files\dotnet\sdk\10.0.102\Microsoft.Common.CurrentVersion.targets(2437,5): warning MSB3277:         C:\Program Files\Autodesk\Revit 2026\AnalysisAppsDBAPI.dll [C:\Users\ajith\new revit\RebarAutomation\RebarAutomation.csproj]
C:\Program Files\dotnet\sdk\10.0.102\Microsoft.Common.CurrentVersion.targets(2437,5): warning MSB3277:           Project file item includes which caused reference "C:\Program Files\Autodesk\Revit 2026\AnalysisAppsDBAPI.dll". [C:\Users\ajith\new revit\RebarAutomation\RebarAutomation.csproj]
C:\Program Files\dotnet\sdk\10.0.102\Microsoft.Common.CurrentVersion.targets(2437,5): warning MSB3277:             RevitAPI [C:\Users\ajith\new revit\RebarAutomation\RebarAutomation.csproj]
C:\Program Files\dotnet\sdk\10.0.102\Microsoft.Common.CurrentVersion.targets(2437,5): warning MSB3277:             RevitAPIUI [C:\Users\ajith\new revit\RebarAutomation\RebarAutomation.csproj]
C:\Program Files\dotnet\sdk\10.0.102\Microsoft.Common.CurrentVersion.targets(2437,5): warning MSB3277:         C:\Program Files\Autodesk\Revit 2026\MaterialDBAPI.dll [C:\Users\ajith\new revit\RebarAutomation\RebarAutomation.csproj]
C:\Program Files\dotnet\sdk\10.0.102\Microsoft.Common.CurrentVersion.targets(2437,5): warning MSB3277:           Project file item includes which caused reference "C:\Program Files\Autodesk\Revit 2026\MaterialDBAPI.dll". [C:\Users\ajith\new revit\RebarAutomation\RebarAutomation.csproj]
C:\Program Files\dotnet\sdk\10.0.102\Microsoft.Common.CurrentVersion.targets(2437,5): warning MSB3277:             RevitAPI [C:\Users\ajith\new revit\RebarAutomation\RebarAutomation.csproj]
C:\Program Files\dotnet\sdk\10.0.102\Microsoft.Common.CurrentVersion.targets(2437,5): warning MSB3277:             RevitAPIUI [C:\Users\ajith\new revit\RebarAutomation\RebarAutomation.csproj]
C:\Program Files\dotnet\sdk\10.0.102\Microsoft.Common.CurrentVersion.targets(2437,5): warning MSB3277:         C:\Program Files\Autodesk\Revit 2026\IntfATFAPI.dll [C:\Users\ajith\new revit\RebarAutomation\RebarAutomation.csproj]
C:\Program Files\dotnet\sdk\10.0.102\Microsoft.Common.CurrentVersion.targets(2437,5): warning MSB3277:           Project file item includes which caused reference "C:\Program Files\Autodesk\Revit 2026\IntfATFAPI.dll". [C:\Users\ajith\new revit\RebarAutomation\RebarAutomation.csproj]
C:\Program Files\dotnet\sdk\10.0.102\Microsoft.Common.CurrentVersion.targets(2437,5): warning MSB3277:             RevitAPI [C:\Users\ajith\new revit\RebarAutomation\RebarAutomation.csproj]
C:\Program Files\dotnet\sdk\10.0.102\Microsoft.Common.CurrentVersion.targets(2437,5): warning MSB3277:             RevitAPIUI [C:\Users\ajith\new revit\RebarAutomation\RebarAutomation.csproj]
C:\Program Files\dotnet\sdk\10.0.102\Microsoft.Common.CurrentVersion.targets(2437,5): warning MSB3277:         C:\Program Files\Autodesk\Revit 2026\TextEngineAPI.dll [C:\Users\ajith\new revit\RebarAutomation\RebarAutomation.csproj]
C:\Program Files\dotnet\sdk\10.0.102\Microsoft.Common.CurrentVersion.targets(2437,5): warning MSB3277:           Project file item includes which caused reference "C:\Program Files\Autodesk\Revit 2026\TextEngineAPI.dll". [C:\Users\ajith\new revit\RebarAutomation\RebarAutomation.csproj]
C:\Program Files\dotnet\sdk\10.0.102\Microsoft.Common.CurrentVersion.targets(2437,5): warning MSB3277:             RevitAPI [C:\Users\ajith\new revit\RebarAutomation\RebarAutomation.csproj]
C:\Program Files\dotnet\sdk\10.0.102\Microsoft.Common.CurrentVersion.targets(2437,5): warning MSB3277:             RevitAPIUI [C:\Users\ajith\new revit\RebarAutomation\RebarAutomation.csproj]
C:\Program Files\dotnet\sdk\10.0.102\Microsoft.Common.CurrentVersion.targets(2437,5): warning MSB3277:         C:\Program Files\Autodesk\Revit 2026\InfrastructureDBAPI.dll [C:\Users\ajith\new revit\RebarAutomation\RebarAutomation.csproj]
C:\Program Files\dotnet\sdk\10.0.102\Microsoft.Common.CurrentVersion.targets(2437,5): warning MSB3277:           Project file item includes which caused reference "C:\Program Files\Autodesk\Revit 2026\InfrastructureDBAPI.dll". [C:\Users\ajith\new revit\RebarAutomation\RebarAutomation.csproj]
C:\Program Files\dotnet\sdk\10.0.102\Microsoft.Common.CurrentVersion.targets(2437,5): warning MSB3277:             RevitAPI [C:\Users\ajith\new revit\RebarAutomation\RebarAutomation.csproj]
C:\Program Files\dotnet\sdk\10.0.102\Microsoft.Common.CurrentVersion.targets(2437,5): warning MSB3277:             RevitAPIUI [C:\Users\ajith\new revit\RebarAutomation\RebarAutomation.csproj]
C:\Program Files\dotnet\sdk\10.0.102\Microsoft.Common.CurrentVersion.targets(2437,5): warning MSB3277:         C:\Program Files\Autodesk\Revit 2026\ATFRevitCoreAPI.dll [C:\Users\ajith\new revit\RebarAutomation\RebarAutomation.csproj]
C:\Program Files\dotnet\sdk\10.0.102\Microsoft.Common.CurrentVersion.targets(2437,5): warning MSB3277:           Project file item includes which caused reference "C:\Program Files\Autodesk\Revit 2026\ATFRevitCoreAPI.dll". [C:\Users\ajith\new revit\RebarAutomation\RebarAutomation.csproj]
C:\Program Files\dotnet\sdk\10.0.102\Microsoft.Common.CurrentVersion.targets(2437,5): warning MSB3277:             RevitAPI [C:\Users\ajith\new revit\RebarAutomation\RebarAutomation.csproj]
C:\Program Files\dotnet\sdk\10.0.102\Microsoft.Common.CurrentVersion.targets(2437,5): warning MSB3277:             RevitAPIUI [C:\Users\ajith\new revit\RebarAutomation\RebarAutomation.csproj]
C:\Program Files\dotnet\sdk\10.0.102\Microsoft.Common.CurrentVersion.targets(2437,5): warning MSB3277:         C:\Program Files\Autodesk\Revit 2026\DBManagedServices.dll [C:\Users\ajith\new revit\RebarAutomation\RebarAutomation.csproj]
C:\Program Files\dotnet\sdk\10.0.102\Microsoft.Common.CurrentVersion.targets(2437,5): warning MSB3277:           Project file item includes which caused reference "C:\Program Files\Autodesk\Revit 2026\DBManagedServices.dll". [C:\Users\ajith\new revit\RebarAutomation\RebarAutomation.csproj]
C:\Program Files\dotnet\sdk\10.0.102\Microsoft.Common.CurrentVersion.targets(2437,5): warning MSB3277:             RevitAPI [C:\Users\ajith\new revit\RebarAutomation\RebarAutomation.csproj]
C:\Program Files\dotnet\sdk\10.0.102\Microsoft.Common.CurrentVersion.targets(2437,5): warning MSB3277:             RevitAPIUI [C:\Users\ajith\new revit\RebarAutomation\RebarAutomation.csproj]
C:\Program Files\dotnet\sdk\10.0.102\Microsoft.Common.CurrentVersion.targets(2437,5): warning MSB3277:         C:\Program Files\Autodesk\Revit 2026\AdWindows.dll [C:\Users\ajith\new revit\RebarAutomation\RebarAutomation.csproj]
C:\Program Files\dotnet\sdk\10.0.102\Microsoft.Common.CurrentVersion.targets(2437,5): warning MSB3277:           Project file item includes which caused reference "C:\Program Files\Autodesk\Revit 2026\AdWindows.dll". [C:\Users\ajith\new revit\RebarAutomation\RebarAutomation.csproj]
C:\Program Files\dotnet\sdk\10.0.102\Microsoft.Common.CurrentVersion.targets(2437,5): warning MSB3277:             RevitAPIUI [C:\Users\ajith\new revit\RebarAutomation\RebarAutomation.csproj]
C:\Program Files\dotnet\sdk\10.0.102\Microsoft.Common.CurrentVersion.targets(2437,5): warning MSB3277:         C:\Program Files\Autodesk\Revit 2026\APIInterop.dll [C:\Users\ajith\new revit\RebarAutomation\RebarAutomation.csproj]
C:\Program Files\dotnet\sdk\10.0.102\Microsoft.Common.CurrentVersion.targets(2437,5): warning MSB3277:           Project file item includes which caused reference "C:\Program Files\Autodesk\Revit 2026\APIInterop.dll". [C:\Users\ajith\new revit\RebarAutomation\RebarAutomation.csproj]
C:\Program Files\dotnet\sdk\10.0.102\Microsoft.Common.CurrentVersion.targets(2437,5): warning MSB3277:             RevitAPIUI [C:\Users\ajith\new revit\RebarAutomation\RebarAutomation.csproj]
C:\Program Files\dotnet\sdk\10.0.102\Microsoft.Common.CurrentVersion.targets(2437,5): warning MSB3277:         C:\Program Files\Autodesk\Revit 2026\UIFramework.dll [C:\Users\ajith\new revit\RebarAutomation\RebarAutomation.csproj]
C:\Program Files\dotnet\sdk\10.0.102\Microsoft.Common.CurrentVersion.targets(2437,5): warning MSB3277:           Project file item includes which caused reference "C:\Program Files\Autodesk\Revit 2026\UIFramework.dll". [C:\Users\ajith\new revit\RebarAutomation\RebarAutomation.csproj]
C:\Program Files\dotnet\sdk\10.0.102\Microsoft.Common.CurrentVersion.targets(2437,5): warning MSB3277:             RevitAPIUI [C:\Users\ajith\new revit\RebarAutomation\RebarAutomation.csproj]
C:\Program Files\dotnet\sdk\10.0.102\Microsoft.Common.CurrentVersion.targets(2437,5): warning MSB3277:         C:\Program Files\Autodesk\Revit 2026\AddInManager.dll [C:\Users\ajith\new revit\RebarAutomation\RebarAutomation.csproj]
C:\Program Files\dotnet\sdk\10.0.102\Microsoft.Common.CurrentVersion.targets(2437,5): warning MSB3277:           Project file item includes which caused reference "C:\Program Files\Autodesk\Revit 2026\AddInManager.dll". [C:\Users\ajith\new revit\RebarAutomation\RebarAutomation.csproj]
C:\Program Files\dotnet\sdk\10.0.102\Microsoft.Common.CurrentVersion.targets(2437,5): warning MSB3277:             RevitAPIUI [C:\Users\ajith\new revit\RebarAutomation\RebarAutomation.csproj]
C:\Program Files\dotnet\sdk\10.0.102\Microsoft.Common.CurrentVersion.targets(2437,5): warning MSB3277:         C:\Program Files\Autodesk\Revit 2026\RevitUIAPI.dll [C:\Users\ajith\new revit\RebarAutomation\RebarAutomation.csproj]
C:\Program Files\dotnet\sdk\10.0.102\Microsoft.Common.CurrentVersion.targets(2437,5): warning MSB3277:           Project file item includes which caused reference "C:\Program Files\Autodesk\Revit 2026\RevitUIAPI.dll". [C:\Users\ajith\new revit\RebarAutomation\RebarAutomation.csproj]
C:\Program Files\dotnet\sdk\10.0.102\Microsoft.Common.CurrentVersion.targets(2437,5): warning MSB3277:             RevitAPIUI [C:\Users\ajith\new revit\RebarAutomation\RebarAutomation.csproj]
C:\Program Files\dotnet\sdk\10.0.102\Microsoft.Common.CurrentVersion.targets(2437,5): warning MSB3277:         C:\Program Files\Autodesk\Revit 2026\BuildingSystemsUIAPI.dll [C:\Users\ajith\new revit\RebarAutomation\RebarAutomation.csproj]
C:\Program Files\dotnet\sdk\10.0.102\Microsoft.Common.CurrentVersion.targets(2437,5): warning MSB3277:           Project file item includes which caused reference "C:\Program Files\Autodesk\Revit 2026\BuildingSystemsUIAPI.dll". [C:\Users\ajith\new revit\RebarAutomation\RebarAutomation.csproj]
C:\Program Files\dotnet\sdk\10.0.102\Microsoft.Common.CurrentVersion.targets(2437,5): warning MSB3277:             RevitAPIUI [C:\Users\ajith\new revit\RebarAutomation\RebarAutomation.csproj]
C:\Program Files\dotnet\sdk\10.0.102\Microsoft.Common.CurrentVersion.targets(2437,5): warning MSB3277:         C:\Program Files\Autodesk\Revit 2026\DesktopMFCAPI.dll [C:\Users\ajith\new revit\RebarAutomation\RebarAutomation.csproj]
C:\Program Files\dotnet\sdk\10.0.102\Microsoft.Common.CurrentVersion.targets(2437,5): warning MSB3277:           Project file item includes which caused reference "C:\Program Files\Autodesk\Revit 2026\DesktopMFCAPI.dll". [C:\Users\ajith\new revit\RebarAutomation\RebarAutomation.csproj]
C:\Program Files\dotnet\sdk\10.0.102\Microsoft.Common.CurrentVersion.targets(2437,5): warning MSB3277:             RevitAPIUI [C:\Users\ajith\new revit\RebarAutomation\RebarAutomation.csproj]
C:\Program Files\dotnet\sdk\10.0.102\Microsoft.Common.CurrentVersion.targets(2437,5): warning MSB3277:         C:\Program Files\Autodesk\Revit 2026\APIUIAPI.dll [C:\Users\ajith\new revit\RebarAutomation\RebarAutomation.csproj]
C:\Program Files\dotnet\sdk\10.0.102\Microsoft.Common.CurrentVersion.targets(2437,5): warning MSB3277:           Project file item includes which caused reference "C:\Program Files\Autodesk\Revit 2026\APIUIAPI.dll". [C:\Users\ajith\new revit\RebarAutomation\RebarAutomation.csproj]
C:\Program Files\dotnet\sdk\10.0.102\Microsoft.Common.CurrentVersion.targets(2437,5): warning MSB3277:             RevitAPIUI [C:\Users\ajith\new revit\RebarAutomation\RebarAutomation.csproj]
C:\Program Files\dotnet\sdk\10.0.102\Microsoft.Common.CurrentVersion.targets(2437,5): warning MSB3277:         C:\Program Files\Autodesk\Revit 2026\RevitMFCAPI.dll [C:\Users\ajith\new revit\RebarAutomation\RebarAutomation.csproj]
C:\Program Files\dotnet\sdk\10.0.102\Microsoft.Common.CurrentVersion.targets(2437,5): warning MSB3277:           Project file item includes which caused reference "C:\Program Files\Autodesk\Revit 2026\RevitMFCAPI.dll". [C:\Users\ajith\new revit\RebarAutomation\RebarAutomation.csproj]
C:\Program Files\dotnet\sdk\10.0.102\Microsoft.Common.CurrentVersion.targets(2437,5): warning MSB3277:             RevitAPIUI [C:\Users\ajith\new revit\RebarAutomation\RebarAutomation.csproj]
C:\Program Files\dotnet\sdk\10.0.102\Microsoft.Common.CurrentVersion.targets(2437,5): warning MSB3277:         C:\Program Files\Autodesk\Revit 2026\EssentialsUIAPI.dll [C:\Users\ajith\new revit\RebarAutomation\RebarAutomation.csproj]
C:\Program Files\dotnet\sdk\10.0.102\Microsoft.Common.CurrentVersion.targets(2437,5): warning MSB3277:           Project file item includes which caused reference "C:\Program Files\Autodesk\Revit 2026\EssentialsUIAPI.dll". [C:\Users\ajith\new revit\RebarAutomation\RebarAutomation.csproj]
C:\Program Files\dotnet\sdk\10.0.102\Microsoft.Common.CurrentVersion.targets(2437,5): warning MSB3277:             RevitAPIUI [C:\Users\ajith\new revit\RebarAutomation\RebarAutomation.csproj]
C:\Program Files\dotnet\sdk\10.0.102\Microsoft.Common.CurrentVersion.targets(2437,5): warning MSB3277:         C:\Program Files\Autodesk\Revit 2026\DetailUIAPI.dll [C:\Users\ajith\new revit\RebarAutomation\RebarAutomation.csproj]
C:\Program Files\dotnet\sdk\10.0.102\Microsoft.Common.CurrentVersion.targets(2437,5): warning MSB3277:           Project file item includes which caused reference "C:\Program Files\Autodesk\Revit 2026\DetailUIAPI.dll". [C:\Users\ajith\new revit\RebarAutomation\RebarAutomation.csproj]
C:\Program Files\dotnet\sdk\10.0.102\Microsoft.Common.CurrentVersion.targets(2437,5): warning MSB3277:             RevitAPIUI [C:\Users\ajith\new revit\RebarAutomation\RebarAutomation.csproj]
C:\Program Files\dotnet\sdk\10.0.102\Microsoft.Common.CurrentVersion.targets(2437,5): warning MSB3277:         C:\Program Files\Autodesk\Revit 2026\UIFrameworkServices.dll [C:\Users\ajith\new revit\RebarAutomation\RebarAutomation.csproj]
C:\Program Files\dotnet\sdk\10.0.102\Microsoft.Common.CurrentVersion.targets(2437,5): warning MSB3277:           Project file item includes which caused reference "C:\Program Files\Autodesk\Revit 2026\UIFrameworkServices.dll". [C:\Users\ajith\new revit\RebarAutomation\RebarAutomation.csproj]
C:\Program Files\dotnet\sdk\10.0.102\Microsoft.Common.CurrentVersion.targets(2437,5): warning MSB3277:             RevitAPIUI [C:\Users\ajith\new revit\RebarAutomation\RebarAutomation.csproj]
C:\Program Files\dotnet\sdk\10.0.102\Microsoft.Common.CurrentVersion.targets(2437,5): warning MSB3277:         C:\Program Files\Autodesk\Revit 2026\SSONET.dll [C:\Users\ajith\new revit\RebarAutomation\RebarAutomation.csproj]
C:\Program Files\dotnet\sdk\10.0.102\Microsoft.Common.CurrentVersion.targets(2437,5): warning MSB3277:           Project file item includes which caused reference "C:\Program Files\Autodesk\Revit 2026\SSONET.dll". [C:\Users\ajith\new revit\RebarAutomation\RebarAutomation.csproj]
C:\Program Files\dotnet\sdk\10.0.102\Microsoft.Common.CurrentVersion.targets(2437,5): warning MSB3277:             RevitAPIUI [C:\Users\ajith\new revit\RebarAutomation\RebarAutomation.csproj]
C:\Program Files\dotnet\sdk\10.0.102\Microsoft.Common.CurrentVersion.targets(2437,5): warning MSB3277:         C:\Program Files\Autodesk\Revit 2026\Autodesk.UI.Windows.dll [C:\Users\ajith\new revit\RebarAutomation\RebarAutomation.csproj]
C:\Program Files\dotnet\sdk\10.0.102\Microsoft.Common.CurrentVersion.targets(2437,5): warning MSB3277:           Project file item includes which caused reference "C:\Program Files\Autodesk\Revit 2026\Autodesk.UI.Windows.dll". [C:\Users\ajith\new revit\RebarAutomation\RebarAutomation.csproj]
C:\Program Files\dotnet\sdk\10.0.102\Microsoft.Common.CurrentVersion.targets(2437,5): warning MSB3277:             RevitAPIUI [C:\Users\ajith\new revit\RebarAutomation\RebarAutomation.csproj]
C:\Program Files\dotnet\sdk\10.0.102\Microsoft.Common.CurrentVersion.targets(2437,5): warning MSB3277:         C:\Program Files\Autodesk\Revit 2026\Autodesk.UI.Themes.dll [C:\Users\ajith\new revit\RebarAutomation\RebarAutomation.csproj]
C:\Program Files\dotnet\sdk\10.0.102\Microsoft.Common.CurrentVersion.targets(2437,5): warning MSB3277:           Project file item includes which caused reference "C:\Program Files\Autodesk\Revit 2026\Autodesk.UI.Themes.dll". [C:\Users\ajith\new revit\RebarAutomation\RebarAutomation.csproj]
C:\Program Files\dotnet\sdk\10.0.102\Microsoft.Common.CurrentVersion.targets(2437,5): warning MSB3277:             RevitAPIUI [C:\Users\ajith\new revit\RebarAutomation\RebarAutomation.csproj]
C:\Program Files\dotnet\sdk\10.0.102\Microsoft.Common.CurrentVersion.targets(2437,5): warning MSB3277:         C:\Program Files\Autodesk\Revit 2026\Xceed.Wpf.AvalonDock.dll [C:\Users\ajith\new revit\RebarAutomation\RebarAutomation.csproj]
C:\Program Files\dotnet\sdk\10.0.102\Microsoft.Common.CurrentVersion.targets(2437,5): warning MSB3277:           Project file item includes which caused reference "C:\Program Files\Autodesk\Revit 2026\Xceed.Wpf.AvalonDock.dll". [C:\Users\ajith\new revit\RebarAutomation\RebarAutomation.csproj]
C:\Program Files\dotnet\sdk\10.0.102\Microsoft.Common.CurrentVersion.targets(2437,5): warning MSB3277:             RevitAPIUI [C:\Users\ajith\new revit\RebarAutomation\RebarAutomation.csproj]
C:\Program Files\dotnet\sdk\10.0.102\Microsoft.Common.CurrentVersion.targets(2437,5): warning MSB3277:         C:\Program Files\Autodesk\Revit 2026\Autodesk.Weave.Wpf.dll [C:\Users\ajith\new revit\RebarAutomation\RebarAutomation.csproj]
C:\Program Files\dotnet\sdk\10.0.102\Microsoft.Common.CurrentVersion.targets(2437,5): warning MSB3277:           Project file item includes which caused reference "C:\Program Files\Autodesk\Revit 2026\Autodesk.Weave.Wpf.dll". [C:\Users\ajith\new revit\RebarAutomation\RebarAutomation.csproj]
C:\Program Files\dotnet\sdk\10.0.102\Microsoft.Common.CurrentVersion.targets(2437,5): warning MSB3277:             RevitAPIUI [C:\Users\ajith\new revit\RebarAutomation\RebarAutomation.csproj]
C:\Program Files\dotnet\sdk\10.0.102\Sdks\Microsoft.NET.Sdk.WindowsDesktop\targets\Microsoft.WinFX.targets(211,9): error MC1000: Unknown build error, 'Could not find type 'System.Security.SecurityRuleSet' in assembly 'C:\Program Files (x86)\Reference Assemblies\Microsoft\Framework\.NETFramework\v4.8\Facades\System.Runtime.dll'.'  [C:\Users\ajith\new revit\RebarAutomation\RebarAutomation.csproj]

Build FAILED.

C:\Program Files\dotnet\sdk\10.0.102\Microsoft.Common.CurrentVersion.targets(2437,5): warning MSB3277: Found conflicts between different versions of "PresentationCore" that could not be resolved. [C:\Users\ajith\new revit\RebarAutomation\RebarAutomation.csproj]
C:\Program Files\dotnet\sdk\10.0.102\Microsoft.Common.CurrentVersion.targets(2437,5): warning MSB3277: There was a conflict between "PresentationCore, Version=4.0.0.0, Culture=neutral, PublicKeyToken=31bf3856ad364e35" and "PresentationCore, Version=8.0.0.0, Culture=neutral, PublicKeyToken=31bf3856ad364e35". [C:\Users\ajith\new revit\RebarAutomation\RebarAutomation.csproj]
C:\Program Files\dotnet\sdk\10.0.102\Microsoft.Common.CurrentVersion.targets(2437,5): warning MSB3277:     "PresentationCore, Version=4.0.0.0, Culture=neutral, PublicKeyToken=31bf3856ad364e35" was chosen because it was primary and "PresentationCore, Version=8.0.0.0, Culture=neutral, PublicKeyToken=31bf3856ad364e35" was not. [C:\Users\ajith\new revit\RebarAutomation\RebarAutomation.csproj]
C:\Program Files\dotnet\sdk\10.0.102\Microsoft.Common.CurrentVersion.targets(2437,5): warning MSB3277:     References which depend on "PresentationCore, Version=4.0.0.0, Culture=neutral, PublicKeyToken=31bf3856ad364e35" [C:\Program Files (x86)\Reference Assemblies\Microsoft\Framework\.NETFramework\v4.8\PresentationCore.dll]. [C:\Users\ajith\new revit\RebarAutomation\RebarAutomation.csproj]
C:\Program Files\dotnet\sdk\10.0.102\Microsoft.Common.CurrentVersion.targets(2437,5): warning MSB3277:         C:\Program Files (x86)\Reference Assemblies\Microsoft\Framework\.NETFramework\v4.8\PresentationCore.dll [C:\Users\ajith\new revit\RebarAutomation\RebarAutomation.csproj]
C:\Program Files\dotnet\sdk\10.0.102\Microsoft.Common.CurrentVersion.targets(2437,5): warning MSB3277:           Project file item includes which caused reference "C:\Program Files (x86)\Reference Assemblies\Microsoft\Framework\.NETFramework\v4.8\PresentationCore.dll". [C:\Users\ajith\new revit\RebarAutomation\RebarAutomation.csproj]
C:\Program Files\dotnet\sdk\10.0.102\Microsoft.Common.CurrentVersion.targets(2437,5): warning MSB3277:             PresentationCore [C:\Users\ajith\new revit\RebarAutomation\RebarAutomation.csproj]
C:\Program Files\dotnet\sdk\10.0.102\Microsoft.Common.CurrentVersion.targets(2437,5): warning MSB3277:     References which depend on or have been unified to "PresentationCore, Version=8.0.0.0, Culture=neutral, PublicKeyToken=31bf3856ad364e35" []. [C:\Users\ajith\new revit\RebarAutomation\RebarAutomation.csproj]
C:\Program Files\dotnet\sdk\10.0.102\Microsoft.Common.CurrentVersion.targets(2437,5): warning MSB3277:         C:\Program Files\Autodesk\Revit 2026\RevitAPI.dll [C:\Users\ajith\new revit\RebarAutomation\RebarAutomation.csproj]
C:\Program Files\dotnet\sdk\10.0.102\Microsoft.Common.CurrentVersion.targets(2437,5): warning MSB3277:           Project file item includes which caused reference "C:\Program Files\Autodesk\Revit 2026\RevitAPI.dll". [C:\Users\ajith\new revit\RebarAutomation\RebarAutomation.csproj]
C:\Program Files\dotnet\sdk\10.0.102\Microsoft.Common.CurrentVersion.targets(2437,5): warning MSB3277:             RevitAPI [C:\Users\ajith\new revit\RebarAutomation\RebarAutomation.csproj]
C:\Program Files\dotnet\sdk\10.0.102\Microsoft.Common.CurrentVersion.targets(2437,5): warning MSB3277:             RevitAPIUI [C:\Users\ajith\new revit\RebarAutomation\RebarAutomation.csproj]
C:\Program Files\dotnet\sdk\10.0.102\Microsoft.Common.CurrentVersion.targets(2437,5): warning MSB3277:         C:\Program Files\Autodesk\Revit 2026\RevitAPIUI.dll [C:\Users\ajith\new revit\RebarAutomation\RebarAutomation.csproj]
C:\Program Files\dotnet\sdk\10.0.102\Microsoft.Common.CurrentVersion.targets(2437,5): warning MSB3277:           Project file item includes which caused reference "C:\Program Files\Autodesk\Revit 2026\RevitAPIUI.dll". [C:\Users\ajith\new revit\RebarAutomation\RebarAutomation.csproj]
C:\Program Files\dotnet\sdk\10.0.102\Microsoft.Common.CurrentVersion.targets(2437,5): warning MSB3277:             RevitAPIUI [C:\Users\ajith\new revit\RebarAutomation\RebarAutomation.csproj]
C:\Program Files\dotnet\sdk\10.0.102\Microsoft.Common.CurrentVersion.targets(2437,5): warning MSB3277:         C:\Program Files\Autodesk\Revit 2026\DBManagedServices.dll [C:\Users\ajith\new revit\RebarAutomation\RebarAutomation.csproj]
C:\Program Files\dotnet\sdk\10.0.102\Microsoft.Common.CurrentVersion.targets(2437,5): warning MSB3277:           Project file item includes which caused reference "C:\Program Files\Autodesk\Revit 2026\DBManagedServices.dll". [C:\Users\ajith\new revit\RebarAutomation\RebarAutomation.csproj]
C:\Program Files\dotnet\sdk\10.0.102\Microsoft.Common.CurrentVersion.targets(2437,5): warning MSB3277:             RevitAPI [C:\Users\ajith\new revit\RebarAutomation\RebarAutomation.csproj]
C:\Program Files\dotnet\sdk\10.0.102\Microsoft.Common.CurrentVersion.targets(2437,5): warning MSB3277:             RevitAPIUI [C:\Users\ajith\new revit\RebarAutomation\RebarAutomation.csproj]
C:\Program Files\dotnet\sdk\10.0.102\Microsoft.Common.CurrentVersion.targets(2437,5): warning MSB3277:         C:\Program Files\Autodesk\Revit 2026\AdWindows.dll [C:\Users\ajith\new revit\RebarAutomation\RebarAutomation.csproj]
C:\Program Files\dotnet\sdk\10.0.102\Microsoft.Common.CurrentVersion.targets(2437,5): warning MSB3277:           Project file item includes which caused reference "C:\Program Files\Autodesk\Revit 2026\AdWindows.dll". [C:\Users\ajith\new revit\RebarAutomation\RebarAutomation.csproj]
C:\Program Files\dotnet\sdk\10.0.102\Microsoft.Common.CurrentVersion.targets(2437,5): warning MSB3277:             RevitAPIUI [C:\Users\ajith\new revit\RebarAutomation\RebarAutomation.csproj]
C:\Program Files\dotnet\sdk\10.0.102\Microsoft.Common.CurrentVersion.targets(2437,5): warning MSB3277:         C:\Program Files\Autodesk\Revit 2026\UIFramework.dll [C:\Users\ajith\new revit\RebarAutomation\RebarAutomation.csproj]
C:\Program Files\dotnet\sdk\10.0.102\Microsoft.Common.CurrentVersion.targets(2437,5): warning MSB3277:           Project file item includes which caused reference "C:\Program Files\Autodesk\Revit 2026\UIFramework.dll". [C:\Users\ajith\new revit\RebarAutomation\RebarAutomation.csproj]
C:\Program Files\dotnet\sdk\10.0.102\Microsoft.Common.CurrentVersion.targets(2437,5): warning MSB3277:             RevitAPIUI [C:\Users\ajith\new revit\RebarAutomation\RebarAutomation.csproj]
C:\Program Files\dotnet\sdk\10.0.102\Microsoft.Common.CurrentVersion.targets(2437,5): warning MSB3277:         C:\Program Files\Autodesk\Revit 2026\UIFrameworkServices.dll [C:\Users\ajith\new revit\RebarAutomation\RebarAutomation.csproj]
C:\Program Files\dotnet\sdk\10.0.102\Microsoft.Common.CurrentVersion.targets(2437,5): warning MSB3277:           Project file item includes which caused reference "C:\Program Files\Autodesk\Revit 2026\UIFrameworkServices.dll". [C:\Users\ajith\new revit\RebarAutomation\RebarAutomation.csproj]
C:\Program Files\dotnet\sdk\10.0.102\Microsoft.Common.CurrentVersion.targets(2437,5): warning MSB3277:             RevitAPIUI [C:\Users\ajith\new revit\RebarAutomation\RebarAutomation.csproj]
C:\Program Files\dotnet\sdk\10.0.102\Microsoft.Common.CurrentVersion.targets(2437,5): warning MSB3277:         C:\Program Files\Autodesk\Revit 2026\Autodesk.UI.Windows.dll [C:\Users\ajith\new revit\RebarAutomation\RebarAutomation.csproj]
C:\Program Files\dotnet\sdk\10.0.102\Microsoft.Common.CurrentVersion.targets(2437,5): warning MSB3277:           Project file item includes which caused reference "C:\Program Files\Autodesk\Revit 2026\Autodesk.UI.Windows.dll". [C:\Users\ajith\new revit\RebarAutomation\RebarAutomation.csproj]
C:\Program Files\dotnet\sdk\10.0.102\Microsoft.Common.CurrentVersion.targets(2437,5): warning MSB3277:             RevitAPIUI [C:\Users\ajith\new revit\RebarAutomation\RebarAutomation.csproj]
C:\Program Files\dotnet\sdk\10.0.102\Microsoft.Common.CurrentVersion.targets(2437,5): warning MSB3277:         C:\Program Files\Autodesk\Revit 2026\Autodesk.UI.Themes.dll [C:\Users\ajith\new revit\RebarAutomation\RebarAutomation.csproj]
C:\Program Files\dotnet\sdk\10.0.102\Microsoft.Common.CurrentVersion.targets(2437,5): warning MSB3277:           Project file item includes which caused reference "C:\Program Files\Autodesk\Revit 2026\Autodesk.UI.Themes.dll". [C:\Users\ajith\new revit\RebarAutomation\RebarAutomation.csproj]
C:\Program Files\dotnet\sdk\10.0.102\Microsoft.Common.CurrentVersion.targets(2437,5): warning MSB3277:             RevitAPIUI [C:\Users\ajith\new revit\RebarAutomation\RebarAutomation.csproj]
C:\Program Files\dotnet\sdk\10.0.102\Microsoft.Common.CurrentVersion.targets(2437,5): warning MSB3277:         C:\Program Files\Autodesk\Revit 2026\Xceed.Wpf.AvalonDock.dll [C:\Users\ajith\new revit\RebarAutomation\RebarAutomation.csproj]
C:\Program Files\dotnet\sdk\10.0.102\Microsoft.Common.CurrentVersion.targets(2437,5): warning MSB3277:           Project file item includes which caused reference "C:\Program Files\Autodesk\Revit 2026\Xceed.Wpf.AvalonDock.dll". [C:\Users\ajith\new revit\RebarAutomation\RebarAutomation.csproj]
C:\Program Files\dotnet\sdk\10.0.102\Microsoft.Common.CurrentVersion.targets(2437,5): warning MSB3277:             RevitAPIUI [C:\Users\ajith\new revit\RebarAutomation\RebarAutomation.csproj]
C:\Program Files\dotnet\sdk\10.0.102\Microsoft.Common.CurrentVersion.targets(2437,5): warning MSB3277:         C:\Program Files\Autodesk\Revit 2026\Autodesk.Weave.Wpf.dll [C:\Users\ajith\new revit\RebarAutomation\RebarAutomation.csproj]
C:\Program Files\dotnet\sdk\10.0.102\Microsoft.Common.CurrentVersion.targets(2437,5): warning MSB3277:           Project file item includes which caused reference "C:\Program Files\Autodesk\Revit 2026\Autodesk.Weave.Wpf.dll". [C:\Users\ajith\new revit\RebarAutomation\RebarAutomation.csproj]
C:\Program Files\dotnet\sdk\10.0.102\Microsoft.Common.CurrentVersion.targets(2437,5): warning MSB3277:             RevitAPIUI [C:\Users\ajith\new revit\RebarAutomation\RebarAutomation.csproj]
C:\Program Files\dotnet\sdk\10.0.102\Microsoft.Common.CurrentVersion.targets(2437,5): warning MSB3277: Found conflicts between different versions of "PresentationFramework" that could not be resolved. [C:\Users\ajith\new revit\RebarAutomation\RebarAutomation.csproj]
C:\Program Files\dotnet\sdk\10.0.102\Microsoft.Common.CurrentVersion.targets(2437,5): warning MSB3277: There was a conflict between "PresentationFramework, Version=4.0.0.0, Culture=neutral, PublicKeyToken=31bf3856ad364e35" and "PresentationFramework, Version=8.0.0.0, Culture=neutral, PublicKeyToken=31bf3856ad364e35". [C:\Users\ajith\new revit\RebarAutomation\RebarAutomation.csproj]
C:\Program Files\dotnet\sdk\10.0.102\Microsoft.Common.CurrentVersion.targets(2437,5): warning MSB3277:     "PresentationFramework, Version=4.0.0.0, Culture=neutral, PublicKeyToken=31bf3856ad364e35" was chosen because it was primary and "PresentationFramework, Version=8.0.0.0, Culture=neutral, PublicKeyToken=31bf3856ad364e35" was not. [C:\Users\ajith\new revit\RebarAutomation\RebarAutomation.csproj]
C:\Program Files\dotnet\sdk\10.0.102\Microsoft.Common.CurrentVersion.targets(2437,5): warning MSB3277:     References which depend on "PresentationFramework, Version=4.0.0.0, Culture=neutral, PublicKeyToken=31bf3856ad364e35" [C:\Program Files (x86)\Reference Assemblies\Microsoft\Framework\.NETFramework\v4.8\PresentationFramework.dll]. [C:\Users\ajith\new revit\RebarAutomation\RebarAutomation.csproj]
C:\Program Files\dotnet\sdk\10.0.102\Microsoft.Common.CurrentVersion.targets(2437,5): warning MSB3277:         C:\Program Files (x86)\Reference Assemblies\Microsoft\Framework\.NETFramework\v4.8\PresentationFramework.dll [C:\Users\ajith\new revit\RebarAutomation\RebarAutomation.csproj]
C:\Program Files\dotnet\sdk\10.0.102\Microsoft.Common.CurrentVersion.targets(2437,5): warning MSB3277:           Project file item includes which caused reference "C:\Program Files (x86)\Reference Assemblies\Microsoft\Framework\.NETFramework\v4.8\PresentationFramework.dll". [C:\Users\ajith\new revit\RebarAutomation\RebarAutomation.csproj]
C:\Program Files\dotnet\sdk\10.0.102\Microsoft.Common.CurrentVersion.targets(2437,5): warning MSB3277:             PresentationFramework [C:\Users\ajith\new revit\RebarAutomation\RebarAutomation.csproj]
C:\Program Files\dotnet\sdk\10.0.102\Microsoft.Common.CurrentVersion.targets(2437,5): warning MSB3277:     References which depend on or have been unified to "PresentationFramework, Version=8.0.0.0, Culture=neutral, PublicKeyToken=31bf3856ad364e35" []. [C:\Users\ajith\new revit\RebarAutomation\RebarAutomation.csproj]
C:\Program Files\dotnet\sdk\10.0.102\Microsoft.Common.CurrentVersion.targets(2437,5): warning MSB3277:         C:\Program Files\Autodesk\Revit 2026\RevitAPI.dll [C:\Users\ajith\new revit\RebarAutomation\RebarAutomation.csproj]
C:\Program Files\dotnet\sdk\10.0.102\Microsoft.Common.CurrentVersion.targets(2437,5): warning MSB3277:           Project file item includes which caused reference "C:\Program Files\Autodesk\Revit 2026\RevitAPI.dll". [C:\Users\ajith\new revit\RebarAutomation\RebarAutomation.csproj]
C:\Program Files\dotnet\sdk\10.0.102\Microsoft.Common.CurrentVersion.targets(2437,5): warning MSB3277:             RevitAPI [C:\Users\ajith\new revit\RebarAutomation\RebarAutomation.csproj]
C:\Program Files\dotnet\sdk\10.0.102\Microsoft.Common.CurrentVersion.targets(2437,5): warning MSB3277:             RevitAPIUI [C:\Users\ajith\new revit\RebarAutomation\RebarAutomation.csproj]
C:\Program Files\dotnet\sdk\10.0.102\Microsoft.Common.CurrentVersion.targets(2437,5): warning MSB3277:         C:\Program Files\Autodesk\Revit 2026\RevitAPIUI.dll [C:\Users\ajith\new revit\RebarAutomation\RebarAutomation.csproj]
C:\Program Files\dotnet\sdk\10.0.102\Microsoft.Common.CurrentVersion.targets(2437,5): warning MSB3277:           Project file item includes which caused reference "C:\Program Files\Autodesk\Revit 2026\RevitAPIUI.dll". [C:\Users\ajith\new revit\RebarAutomation\RebarAutomation.csproj]
C:\Program Files\dotnet\sdk\10.0.102\Microsoft.Common.CurrentVersion.targets(2437,5): warning MSB3277:             RevitAPIUI [C:\Users\ajith\new revit\RebarAutomation\RebarAutomation.csproj]
C:\Program Files\dotnet\sdk\10.0.102\Microsoft.Common.CurrentVersion.targets(2437,5): warning MSB3277:         C:\Program Files\Autodesk\Revit 2026\DBManagedServices.dll [C:\Users\ajith\new revit\RebarAutomation\RebarAutomation.csproj]
C:\Program Files\dotnet\sdk\10.0.102\Microsoft.Common.CurrentVersion.targets(2437,5): warning MSB3277:           Project file item includes which caused reference "C:\Program Files\Autodesk\Revit 2026\DBManagedServices.dll". [C:\Users\ajith\new revit\RebarAutomation\RebarAutomation.csproj]
C:\Program Files\dotnet\sdk\10.0.102\Microsoft.Common.CurrentVersion.targets(2437,5): warning MSB3277:             RevitAPI [C:\Users\ajith\new revit\RebarAutomation\RebarAutomation.csproj]
C:\Program Files\dotnet\sdk\10.0.102\Microsoft.Common.CurrentVersion.targets(2437,5): warning MSB3277:             RevitAPIUI [C:\Users\ajith\new revit\RebarAutomation\RebarAutomation.csproj]
C:\Program Files\dotnet\sdk\10.0.102\Microsoft.Common.CurrentVersion.targets(2437,5): warning MSB3277:         C:\Program Files\Autodesk\Revit 2026\AdWindows.dll [C:\Users\ajith\new revit\RebarAutomation\RebarAutomation.csproj]
C:\Program Files\dotnet\sdk\10.0.102\Microsoft.Common.CurrentVersion.targets(2437,5): warning MSB3277:           Project file item includes which caused reference "C:\Program Files\Autodesk\Revit 2026\AdWindows.dll". [C:\Users\ajith\new revit\RebarAutomation\RebarAutomation.csproj]
C:\Program Files\dotnet\sdk\10.0.102\Microsoft.Common.CurrentVersion.targets(2437,5): warning MSB3277:             RevitAPIUI [C:\Users\ajith\new revit\RebarAutomation\RebarAutomation.csproj]
C:\Program Files\dotnet\sdk\10.0.102\Microsoft.Common.CurrentVersion.targets(2437,5): warning MSB3277:         C:\Program Files\Autodesk\Revit 2026\UIFramework.dll [C:\Users\ajith\new revit\RebarAutomation\RebarAutomation.csproj]
C:\Program Files\dotnet\sdk\10.0.102\Microsoft.Common.CurrentVersion.targets(2437,5): warning MSB3277:           Project file item includes which caused reference "C:\Program Files\Autodesk\Revit 2026\UIFramework.dll". [C:\Users\ajith\new revit\RebarAutomation\RebarAutomation.csproj]
C:\Program Files\dotnet\sdk\10.0.102\Microsoft.Common.CurrentVersion.targets(2437,5): warning MSB3277:             RevitAPIUI [C:\Users\ajith\new revit\RebarAutomation\RebarAutomation.csproj]
C:\Program Files\dotnet\sdk\10.0.102\Microsoft.Common.CurrentVersion.targets(2437,5): warning MSB3277:         C:\Program Files\Autodesk\Revit 2026\UIFrameworkServices.dll [C:\Users\ajith\new revit\RebarAutomation\RebarAutomation.csproj]
C:\Program Files\dotnet\sdk\10.0.102\Microsoft.Common.CurrentVersion.targets(2437,5): warning MSB3277:           Project file item includes which caused reference "C:\Program Files\Autodesk\Revit 2026\UIFrameworkServices.dll". [C:\Users\ajith\new revit\RebarAutomation\RebarAutomation.csproj]
C:\Program Files\dotnet\sdk\10.0.102\Microsoft.Common.CurrentVersion.targets(2437,5): warning MSB3277:             RevitAPIUI [C:\Users\ajith\new revit\RebarAutomation\RebarAutomation.csproj]
C:\Program Files\dotnet\sdk\10.0.102\Microsoft.Common.CurrentVersion.targets(2437,5): warning MSB3277:         C:\Program Files\Autodesk\Revit 2026\Autodesk.UI.Windows.dll [C:\Users\ajith\new revit\RebarAutomation\RebarAutomation.csproj]
C:\Program Files\dotnet\sdk\10.0.102\Microsoft.Common.CurrentVersion.targets(2437,5): warning MSB3277:           Project file item includes which caused reference "C:\Program Files\Autodesk\Revit 2026\Autodesk.UI.Windows.dll". [C:\Users\ajith\new revit\RebarAutomation\RebarAutomation.csproj]
C:\Program Files\dotnet\sdk\10.0.102\Microsoft.Common.CurrentVersion.targets(2437,5): warning MSB3277:             RevitAPIUI [C:\Users\ajith\new revit\RebarAutomation\RebarAutomation.csproj]
C:\Program Files\dotnet\sdk\10.0.102\Microsoft.Common.CurrentVersion.targets(2437,5): warning MSB3277:         C:\Program Files\Autodesk\Revit 2026\Autodesk.UI.Themes.dll [C:\Users\ajith\new revit\RebarAutomation\RebarAutomation.csproj]
C:\Program Files\dotnet\sdk\10.0.102\Microsoft.Common.CurrentVersion.targets(2437,5): warning MSB3277:           Project file item includes which caused reference "C:\Program Files\Autodesk\Revit 2026\Autodesk.UI.Themes.dll". [C:\Users\ajith\new revit\RebarAutomation\RebarAutomation.csproj]
C:\Program Files\dotnet\sdk\10.0.102\Microsoft.Common.CurrentVersion.targets(2437,5): warning MSB3277:             RevitAPIUI [C:\Users\ajith\new revit\RebarAutomation\RebarAutomation.csproj]
C:\Program Files\dotnet\sdk\10.0.102\Microsoft.Common.CurrentVersion.targets(2437,5): warning MSB3277:         C:\Program Files\Autodesk\Revit 2026\Xceed.Wpf.AvalonDock.dll [C:\Users\ajith\new revit\RebarAutomation\RebarAutomation.csproj]
C:\Program Files\dotnet\sdk\10.0.102\Microsoft.Common.CurrentVersion.targets(2437,5): warning MSB3277:           Project file item includes which caused reference "C:\Program Files\Autodesk\Revit 2026\Xceed.Wpf.AvalonDock.dll". [C:\Users\ajith\new revit\RebarAutomation\RebarAutomation.csproj]
C:\Program Files\dotnet\sdk\10.0.102\Microsoft.Common.CurrentVersion.targets(2437,5): warning MSB3277:             RevitAPIUI [C:\Users\ajith\new revit\RebarAutomation\RebarAutomation.csproj]
C:\Program Files\dotnet\sdk\10.0.102\Microsoft.Common.CurrentVersion.targets(2437,5): warning MSB3277:         C:\Program Files\Autodesk\Revit 2026\Autodesk.Weave.Wpf.dll [C:\Users\ajith\new revit\RebarAutomation\RebarAutomation.csproj]
C:\Program Files\dotnet\sdk\10.0.102\Microsoft.Common.CurrentVersion.targets(2437,5): warning MSB3277:           Project file item includes which caused reference "C:\Program Files\Autodesk\Revit 2026\Autodesk.Weave.Wpf.dll". [C:\Users\ajith\new revit\RebarAutomation\RebarAutomation.csproj]
C:\Program Files\dotnet\sdk\10.0.102\Microsoft.Common.CurrentVersion.targets(2437,5): warning MSB3277:             RevitAPIUI [C:\Users\ajith\new revit\RebarAutomation\RebarAutomation.csproj]
C:\Program Files\dotnet\sdk\10.0.102\Microsoft.Common.CurrentVersion.targets(2437,5): warning MSB3277: Found conflicts between different versions of "System.ComponentModel.Annotations" that could not be resolved. [C:\Users\ajith\new revit\RebarAutomation\RebarAutomation.csproj]
C:\Program Files\dotnet\sdk\10.0.102\Microsoft.Common.CurrentVersion.targets(2437,5): warning MSB3277: There was a conflict between "System.ComponentModel.Annotations, Version=4.2.1.0, Culture=neutral, PublicKeyToken=b03f5f7f11d50a3a" and "System.ComponentModel.Annotations, Version=8.0.0.0, Culture=neutral, PublicKeyToken=b03f5f7f11d50a3a". [C:\Users\ajith\new revit\RebarAutomation\RebarAutomation.csproj]
C:\Program Files\dotnet\sdk\10.0.102\Microsoft.Common.CurrentVersion.targets(2437,5): warning MSB3277:     "System.ComponentModel.Annotations, Version=4.2.1.0, Culture=neutral, PublicKeyToken=b03f5f7f11d50a3a" was chosen because it was primary and "System.ComponentModel.Annotations, Version=8.0.0.0, Culture=neutral, PublicKeyToken=b03f5f7f11d50a3a" was not. [C:\Users\ajith\new revit\RebarAutomation\RebarAutomation.csproj]
C:\Program Files\dotnet\sdk\10.0.102\Microsoft.Common.CurrentVersion.targets(2437,5): warning MSB3277:     References which depend on "System.ComponentModel.Annotations, Version=4.2.1.0, Culture=neutral, PublicKeyToken=b03f5f7f11d50a3a" [C:\Users\ajith\.nuget\packages\system.componentmodel.annotations\5.0.0\ref\net461\System.ComponentModel.Annotations.dll]. [C:\Users\ajith\new revit\RebarAutomation\RebarAutomation.csproj]
C:\Program Files\dotnet\sdk\10.0.102\Microsoft.Common.CurrentVersion.targets(2437,5): warning MSB3277:         C:\Users\ajith\.nuget\packages\system.componentmodel.annotations\5.0.0\ref\net461\System.ComponentModel.Annotations.dll [C:\Users\ajith\new revit\RebarAutomation\RebarAutomation.csproj]
C:\Program Files\dotnet\sdk\10.0.102\Microsoft.Common.CurrentVersion.targets(2437,5): warning MSB3277:           Project file item includes which caused reference "C:\Users\ajith\.nuget\packages\system.componentmodel.annotations\5.0.0\ref\net461\System.ComponentModel.Annotations.dll". [C:\Users\ajith\new revit\RebarAutomation\RebarAutomation.csproj]
C:\Program Files\dotnet\sdk\10.0.102\Microsoft.Common.CurrentVersion.targets(2437,5): warning MSB3277:             C:\Users\ajith\.nuget\packages\system.componentmodel.annotations\5.0.0\ref\net461\System.ComponentModel.Annotations.dll [C:\Users\ajith\new revit\RebarAutomation\RebarAutomation.csproj]
C:\Program Files\dotnet\sdk\10.0.102\Microsoft.Common.CurrentVersion.targets(2437,5): warning MSB3277:     References which depend on or have been unified to "System.ComponentModel.Annotations, Version=8.0.0.0, Culture=neutral, PublicKeyToken=b03f5f7f11d50a3a" []. [C:\Users\ajith\new revit\RebarAutomation\RebarAutomation.csproj]
C:\Program Files\dotnet\sdk\10.0.102\Microsoft.Common.CurrentVersion.targets(2437,5): warning MSB3277:         C:\Program Files\Autodesk\Revit 2026\RevitAPI.dll [C:\Users\ajith\new revit\RebarAutomation\RebarAutomation.csproj]
C:\Program Files\dotnet\sdk\10.0.102\Microsoft.Common.CurrentVersion.targets(2437,5): warning MSB3277:           Project file item includes which caused reference "C:\Program Files\Autodesk\Revit 2026\RevitAPI.dll". [C:\Users\ajith\new revit\RebarAutomation\RebarAutomation.csproj]
C:\Program Files\dotnet\sdk\10.0.102\Microsoft.Common.CurrentVersion.targets(2437,5): warning MSB3277:             RevitAPI [C:\Users\ajith\new revit\RebarAutomation\RebarAutomation.csproj]
C:\Program Files\dotnet\sdk\10.0.102\Microsoft.Common.CurrentVersion.targets(2437,5): warning MSB3277:             RevitAPIUI [C:\Users\ajith\new revit\RebarAutomation\RebarAutomation.csproj]
C:\Program Files\dotnet\sdk\10.0.102\Microsoft.Common.CurrentVersion.targets(2437,5): warning MSB3277:         C:\Program Files\Autodesk\Revit 2026\RevitAPIUI.dll [C:\Users\ajith\new revit\RebarAutomation\RebarAutomation.csproj]
C:\Program Files\dotnet\sdk\10.0.102\Microsoft.Common.CurrentVersion.targets(2437,5): warning MSB3277:           Project file item includes which caused reference "C:\Program Files\Autodesk\Revit 2026\RevitAPIUI.dll". [C:\Users\ajith\new revit\RebarAutomation\RebarAutomation.csproj]
C:\Program Files\dotnet\sdk\10.0.102\Microsoft.Common.CurrentVersion.targets(2437,5): warning MSB3277:             RevitAPIUI [C:\Users\ajith\new revit\RebarAutomation\RebarAutomation.csproj]
C:\Program Files\dotnet\sdk\10.0.102\Microsoft.Common.CurrentVersion.targets(2437,5): warning MSB3277:         C:\Program Files\Autodesk\Revit 2026\AdskRcManaged.dll [C:\Users\ajith\new revit\RebarAutomation\RebarAutomation.csproj]
C:\Program Files\dotnet\sdk\10.0.102\Microsoft.Common.CurrentVersion.targets(2437,5): warning MSB3277:           Project file item includes which caused reference "C:\Program Files\Autodesk\Revit 2026\AdskRcManaged.dll". [C:\Users\ajith\new revit\RebarAutomation\RebarAutomation.csproj]
C:\Program Files\dotnet\sdk\10.0.102\Microsoft.Common.CurrentVersion.targets(2437,5): warning MSB3277:             RevitAPI [C:\Users\ajith\new revit\RebarAutomation\RebarAutomation.csproj]
C:\Program Files\dotnet\sdk\10.0.102\Microsoft.Common.CurrentVersion.targets(2437,5): warning MSB3277:             RevitAPIUI [C:\Users\ajith\new revit\RebarAutomation\RebarAutomation.csproj]
C:\Program Files\dotnet\sdk\10.0.102\Microsoft.Common.CurrentVersion.targets(2437,5): warning MSB3277:         C:\Program Files\Autodesk\Revit 2026\RevitAPIFoundation.dll [C:\Users\ajith\new revit\RebarAutomation\RebarAutomation.csproj]
C:\Program Files\dotnet\sdk\10.0.102\Microsoft.Common.CurrentVersion.targets(2437,5): warning MSB3277:           Project file item includes which caused reference "C:\Program Files\Autodesk\Revit 2026\RevitAPIFoundation.dll". [C:\Users\ajith\new revit\RebarAutomation\RebarAutomation.csproj]
C:\Program Files\dotnet\sdk\10.0.102\Microsoft.Common.CurrentVersion.targets(2437,5): warning MSB3277:             RevitAPI [C:\Users\ajith\new revit\RebarAutomation\RebarAutomation.csproj]
C:\Program Files\dotnet\sdk\10.0.102\Microsoft.Common.CurrentVersion.targets(2437,5): warning MSB3277:             RevitAPIUI [C:\Users\ajith\new revit\RebarAutomation\RebarAutomation.csproj]
C:\Program Files\dotnet\sdk\10.0.102\Microsoft.Common.CurrentVersion.targets(2437,5): warning MSB3277:         C:\Program Files\Autodesk\Revit 2026\RevitDBAPI.dll [C:\Users\ajith\new revit\RebarAutomation\RebarAutomation.csproj]
C:\Program Files\dotnet\sdk\10.0.102\Microsoft.Common.CurrentVersion.targets(2437,5): warning MSB3277:           Project file item includes which caused reference "C:\Program Files\Autodesk\Revit 2026\RevitDBAPI.dll". [C:\Users\ajith\new revit\RebarAutomation\RebarAutomation.csproj]
C:\Program Files\dotnet\sdk\10.0.102\Microsoft.Common.CurrentVersion.targets(2437,5): warning MSB3277:             RevitAPI [C:\Users\ajith\new revit\RebarAutomation\RebarAutomation.csproj]
C:\Program Files\dotnet\sdk\10.0.102\Microsoft.Common.CurrentVersion.targets(2437,5): warning MSB3277:             RevitAPIUI [C:\Users\ajith\new revit\RebarAutomation\RebarAutomation.csproj]
C:\Program Files\dotnet\sdk\10.0.102\Microsoft.Common.CurrentVersion.targets(2437,5): warning MSB3277:         C:\Program Files\Autodesk\Revit 2026\RevitDBCoreAPI.dll [C:\Users\ajith\new revit\RebarAutomation\RebarAutomation.csproj]
C:\Program Files\dotnet\sdk\10.0.102\Microsoft.Common.CurrentVersion.targets(2437,5): warning MSB3277:           Project file item includes which caused reference "C:\Program Files\Autodesk\Revit 2026\RevitDBCoreAPI.dll". [C:\Users\ajith\new revit\RebarAutomation\RebarAutomation.csproj]
C:\Program Files\dotnet\sdk\10.0.102\Microsoft.Common.CurrentVersion.targets(2437,5): warning MSB3277:             RevitAPI [C:\Users\ajith\new revit\RebarAutomation\RebarAutomation.csproj]
C:\Program Files\dotnet\sdk\10.0.102\Microsoft.Common.CurrentVersion.targets(2437,5): warning MSB3277:             RevitAPIUI [C:\Users\ajith\new revit\RebarAutomation\RebarAutomation.csproj]
C:\Program Files\dotnet\sdk\10.0.102\Microsoft.Common.CurrentVersion.targets(2437,5): warning MSB3277:         C:\Program Files\Autodesk\Revit 2026\PersistenceDBAPI.dll [C:\Users\ajith\new revit\RebarAutomation\RebarAutomation.csproj]
C:\Program Files\dotnet\sdk\10.0.102\Microsoft.Common.CurrentVersion.targets(2437,5): warning MSB3277:           Project file item includes which caused reference "C:\Program Files\Autodesk\Revit 2026\PersistenceDBAPI.dll". [C:\Users\ajith\new revit\RebarAutomation\RebarAutomation.csproj]
C:\Program Files\dotnet\sdk\10.0.102\Microsoft.Common.CurrentVersion.targets(2437,5): warning MSB3277:             RevitAPI [C:\Users\ajith\new revit\RebarAutomation\RebarAutomation.csproj]
C:\Program Files\dotnet\sdk\10.0.102\Microsoft.Common.CurrentVersion.targets(2437,5): warning MSB3277:             RevitAPIUI [C:\Users\ajith\new revit\RebarAutomation\RebarAutomation.csproj]
C:\Program Files\dotnet\sdk\10.0.102\Microsoft.Common.CurrentVersion.targets(2437,5): warning MSB3277:         C:\Program Files\Autodesk\Revit 2026\UtilityAPI.dll [C:\Users\ajith\new revit\RebarAutomation\RebarAutomation.csproj]
C:\Program Files\dotnet\sdk\10.0.102\Microsoft.Common.CurrentVersion.targets(2437,5): warning MSB3277:           Project file item includes which caused reference "C:\Program Files\Autodesk\Revit 2026\UtilityAPI.dll". [C:\Users\ajith\new revit\RebarAutomation\RebarAutomation.csproj]
C:\Program Files\dotnet\sdk\10.0.102\Microsoft.Common.CurrentVersion.targets(2437,5): warning MSB3277:             RevitAPI [C:\Users\ajith\new revit\RebarAutomation\RebarAutomation.csproj]
C:\Program Files\dotnet\sdk\10.0.102\Microsoft.Common.CurrentVersion.targets(2437,5): warning MSB3277:             RevitAPIUI [C:\Users\ajith\new revit\RebarAutomation\RebarAutomation.csproj]
C:\Program Files\dotnet\sdk\10.0.102\Microsoft.Common.CurrentVersion.targets(2437,5): warning MSB3277:         C:\Program Files\Autodesk\Revit 2026\APIDBAPI.dll [C:\Users\ajith\new revit\RebarAutomation\RebarAutomation.csproj]
C:\Program Files\dotnet\sdk\10.0.102\Microsoft.Common.CurrentVersion.targets(2437,5): warning MSB3277:           Project file item includes which caused reference "C:\Program Files\Autodesk\Revit 2026\APIDBAPI.dll". [C:\Users\ajith\new revit\RebarAutomation\RebarAutomation.csproj]
C:\Program Files\dotnet\sdk\10.0.102\Microsoft.Common.CurrentVersion.targets(2437,5): warning MSB3277:             RevitAPI [C:\Users\ajith\new revit\RebarAutomation\RebarAutomation.csproj]
C:\Program Files\dotnet\sdk\10.0.102\Microsoft.Common.CurrentVersion.targets(2437,5): warning MSB3277:             RevitAPIUI [C:\Users\ajith\new revit\RebarAutomation\RebarAutomation.csproj]
C:\Program Files\dotnet\sdk\10.0.102\Microsoft.Common.CurrentVersion.targets(2437,5): warning MSB3277:         C:\Program Files\Autodesk\Revit 2026\GraphicsAPI.dll [C:\Users\ajith\new revit\RebarAutomation\RebarAutomation.csproj]
C:\Program Files\dotnet\sdk\10.0.102\Microsoft.Common.CurrentVersion.targets(2437,5): warning MSB3277:           Project file item includes which caused reference "C:\Program Files\Autodesk\Revit 2026\GraphicsAPI.dll". [C:\Users\ajith\new revit\RebarAutomation\RebarAutomation.csproj]
C:\Program Files\dotnet\sdk\10.0.102\Microsoft.Common.CurrentVersion.targets(2437,5): warning MSB3277:             RevitAPI [C:\Users\ajith\new revit\RebarAutomation\RebarAutomation.csproj]
C:\Program Files\dotnet\sdk\10.0.102\Microsoft.Common.CurrentVersion.targets(2437,5): warning MSB3277:             RevitAPIUI [C:\Users\ajith\new revit\RebarAutomation\RebarAutomation.csproj]
C:\Program Files\dotnet\sdk\10.0.102\Microsoft.Common.CurrentVersion.targets(2437,5): warning MSB3277:         C:\Program Files\Autodesk\Revit 2026\ElementGroupDBAPI.dll [C:\Users\ajith\new revit\RebarAutomation\RebarAutomation.csproj]
C:\Program Files\dotnet\sdk\10.0.102\Microsoft.Common.CurrentVersion.targets(2437,5): warning MSB3277:           Project file item includes which caused reference "C:\Program Files\Autodesk\Revit 2026\ElementGroupDBAPI.dll". [C:\Users\ajith\new revit\RebarAutomation\RebarAutomation.csproj]
C:\Program Files\dotnet\sdk\10.0.102\Microsoft.Common.CurrentVersion.targets(2437,5): warning MSB3277:             RevitAPI [C:\Users\ajith\new revit\RebarAutomation\RebarAutomation.csproj]
C:\Program Files\dotnet\sdk\10.0.102\Microsoft.Common.CurrentVersion.targets(2437,5): warning MSB3277:             RevitAPIUI [C:\Users\ajith\new revit\RebarAutomation\RebarAutomation.csproj]
C:\Program Files\dotnet\sdk\10.0.102\Microsoft.Common.CurrentVersion.targets(2437,5): warning MSB3277:         C:\Program Files\Autodesk\Revit 2026\EssentialsDBAPI.dll [C:\Users\ajith\new revit\RebarAutomation\RebarAutomation.csproj]
C:\Program Files\dotnet\sdk\10.0.102\Microsoft.Common.CurrentVersion.targets(2437,5): warning MSB3277:           Project file item includes which caused reference "C:\Program Files\Autodesk\Revit 2026\EssentialsDBAPI.dll". [C:\Users\ajith\new revit\RebarAutomation\RebarAutomation.csproj]
C:\Program Files\dotnet\sdk\10.0.102\Microsoft.Common.CurrentVersion.targets(2437,5): warning MSB3277:             RevitAPI [C:\Users\ajith\new revit\RebarAutomation\RebarAutomation.csproj]
C:\Program Files\dotnet\sdk\10.0.102\Microsoft.Common.CurrentVersion.targets(2437,5): warning MSB3277:             RevitAPIUI [C:\Users\ajith\new revit\RebarAutomation\RebarAutomation.csproj]
C:\Program Files\dotnet\sdk\10.0.102\Microsoft.Common.CurrentVersion.targets(2437,5): warning MSB3277:         C:\Program Files\Autodesk\Revit 2026\GeomUtilAPI.dll [C:\Users\ajith\new revit\RebarAutomation\RebarAutomation.csproj]
C:\Program Files\dotnet\sdk\10.0.102\Microsoft.Common.CurrentVersion.targets(2437,5): warning MSB3277:           Project file item includes which caused reference "C:\Program Files\Autodesk\Revit 2026\GeomUtilAPI.dll". [C:\Users\ajith\new revit\RebarAutomation\RebarAutomation.csproj]
C:\Program Files\dotnet\sdk\10.0.102\Microsoft.Common.CurrentVersion.targets(2437,5): warning MSB3277:             RevitAPI [C:\Users\ajith\new revit\RebarAutomation\RebarAutomation.csproj]
C:\Program Files\dotnet\sdk\10.0.102\Microsoft.Common.CurrentVersion.targets(2437,5): warning MSB3277:             RevitAPIUI [C:\Users\ajith\new revit\RebarAutomation\RebarAutomation.csproj]
C:\Program Files\dotnet\sdk\10.0.102\Microsoft.Common.CurrentVersion.targets(2437,5): warning MSB3277:         C:\Program Files\Autodesk\Revit 2026\FamilyDBAPI.dll [C:\Users\ajith\new revit\RebarAutomation\RebarAutomation.csproj]
C:\Program Files\dotnet\sdk\10.0.102\Microsoft.Common.CurrentVersion.targets(2437,5): warning MSB3277:           Project file item includes which caused reference "C:\Program Files\Autodesk\Revit 2026\FamilyDBAPI.dll". [C:\Users\ajith\new revit\RebarAutomation\RebarAutomation.csproj]
C:\Program Files\dotnet\sdk\10.0.102\Microsoft.Common.CurrentVersion.targets(2437,5): warning MSB3277:             RevitAPI [C:\Users\ajith\new revit\RebarAutomation\RebarAutomation.csproj]
C:\Program Files\dotnet\sdk\10.0.102\Microsoft.Common.CurrentVersion.targets(2437,5): warning MSB3277:             RevitAPIUI [C:\Users\ajith\new revit\RebarAutomation\RebarAutomation.csproj]
C:\Program Files\dotnet\sdk\10.0.102\Microsoft.Common.CurrentVersion.targets(2437,5): warning MSB3277:         C:\Program Files\Autodesk\Revit 2026\DetailDBAPI.dll [C:\Users\ajith\new revit\RebarAutomation\RebarAutomation.csproj]
C:\Program Files\dotnet\sdk\10.0.102\Microsoft.Common.CurrentVersion.targets(2437,5): warning MSB3277:           Project file item includes which caused reference "C:\Program Files\Autodesk\Revit 2026\DetailDBAPI.dll". [C:\Users\ajith\new revit\RebarAutomation\RebarAutomation.csproj]
C:\Program Files\dotnet\sdk\10.0.102\Microsoft.Common.CurrentVersion.targets(2437,5): warning MSB3277:             RevitAPI [C:\Users\ajith\new revit\RebarAutomation\RebarAutomation.csproj]
C:\Program Files\dotnet\sdk\10.0.102\Microsoft.Common.CurrentVersion.targets(2437,5): warning MSB3277:             RevitAPIUI [C:\Users\ajith\new revit\RebarAutomation\RebarAutomation.csproj]
C:\Program Files\dotnet\sdk\10.0.102\Microsoft.Common.CurrentVersion.targets(2437,5): warning MSB3277:         C:\Program Files\Autodesk\Revit 2026\CurtainGridFamilyDBAPI.dll [C:\Users\ajith\new revit\RebarAutomation\RebarAutomation.csproj]
C:\Program Files\dotnet\sdk\10.0.102\Microsoft.Common.CurrentVersion.targets(2437,5): warning MSB3277:           Project file item includes which caused reference "C:\Program Files\Autodesk\Revit 2026\CurtainGridFamilyDBAPI.dll". [C:\Users\ajith\new revit\RebarAutomation\RebarAutomation.csproj]
C:\Program Files\dotnet\sdk\10.0.102\Microsoft.Common.CurrentVersion.targets(2437,5): warning MSB3277:             RevitAPI [C:\Users\ajith\new revit\RebarAutomation\RebarAutomation.csproj]
C:\Program Files\dotnet\sdk\10.0.102\Microsoft.Common.CurrentVersion.targets(2437,5): warning MSB3277:             RevitAPIUI [C:\Users\ajith\new revit\RebarAutomation\RebarAutomation.csproj]
C:\Program Files\dotnet\sdk\10.0.102\Microsoft.Common.CurrentVersion.targets(2437,5): warning MSB3277:         C:\Program Files\Autodesk\Revit 2026\ArrayElemsDBAPI.dll [C:\Users\ajith\new revit\RebarAutomation\RebarAutomation.csproj]
C:\Program Files\dotnet\sdk\10.0.102\Microsoft.Common.CurrentVersion.targets(2437,5): warning MSB3277:           Project file item includes which caused reference "C:\Program Files\Autodesk\Revit 2026\ArrayElemsDBAPI.dll". [C:\Users\ajith\new revit\RebarAutomation\RebarAutomation.csproj]
C:\Program Files\dotnet\sdk\10.0.102\Microsoft.Common.CurrentVersion.targets(2437,5): warning MSB3277:             RevitAPI [C:\Users\ajith\new revit\RebarAutomation\RebarAutomation.csproj]
C:\Program Files\dotnet\sdk\10.0.102\Microsoft.Common.CurrentVersion.targets(2437,5): warning MSB3277:             RevitAPIUI [C:\Users\ajith\new revit\RebarAutomation\RebarAutomation.csproj]
C:\Program Files\dotnet\sdk\10.0.102\Microsoft.Common.CurrentVersion.targets(2437,5): warning MSB3277:         C:\Program Files\Autodesk\Revit 2026\EnergyAnalysisDBAPI.dll [C:\Users\ajith\new revit\RebarAutomation\RebarAutomation.csproj]
C:\Program Files\dotnet\sdk\10.0.102\Microsoft.Common.CurrentVersion.targets(2437,5): warning MSB3277:           Project file item includes which caused reference "C:\Program Files\Autodesk\Revit 2026\EnergyAnalysisDBAPI.dll". [C:\Users\ajith\new revit\RebarAutomation\RebarAutomation.csproj]
C:\Program Files\dotnet\sdk\10.0.102\Microsoft.Common.CurrentVersion.targets(2437,5): warning MSB3277:             RevitAPI [C:\Users\ajith\new revit\RebarAutomation\RebarAutomation.csproj]
C:\Program Files\dotnet\sdk\10.0.102\Microsoft.Common.CurrentVersion.targets(2437,5): warning MSB3277:             RevitAPIUI [C:\Users\ajith\new revit\RebarAutomation\RebarAutomation.csproj]
C:\Program Files\dotnet\sdk\10.0.102\Microsoft.Common.CurrentVersion.targets(2437,5): warning MSB3277:         C:\Program Files\Autodesk\Revit 2026\BuildingSystemsDBAPI.dll [C:\Users\ajith\new revit\RebarAutomation\RebarAutomation.csproj]
C:\Program Files\dotnet\sdk\10.0.102\Microsoft.Common.CurrentVersion.targets(2437,5): warning MSB3277:           Project file item includes which caused reference "C:\Program Files\Autodesk\Revit 2026\BuildingSystemsDBAPI.dll". [C:\Users\ajith\new revit\RebarAutomation\RebarAutomation.csproj]
C:\Program Files\dotnet\sdk\10.0.102\Microsoft.Common.CurrentVersion.targets(2437,5): warning MSB3277:             RevitAPI [C:\Users\ajith\new revit\RebarAutomation\RebarAutomation.csproj]
C:\Program Files\dotnet\sdk\10.0.102\Microsoft.Common.CurrentVersion.targets(2437,5): warning MSB3277:             RevitAPIUI [C:\Users\ajith\new revit\RebarAutomation\RebarAutomation.csproj]
C:\Program Files\dotnet\sdk\10.0.102\Microsoft.Common.CurrentVersion.targets(2437,5): warning MSB3277:         C:\Program Files\Autodesk\Revit 2026\HostObjDBAPI.dll [C:\Users\ajith\new revit\RebarAutomation\RebarAutomation.csproj]
C:\Program Files\dotnet\sdk\10.0.102\Microsoft.Common.CurrentVersion.targets(2437,5): warning MSB3277:           Project file item includes which caused reference "C:\Program Files\Autodesk\Revit 2026\HostObjDBAPI.dll". [C:\Users\ajith\new revit\RebarAutomation\RebarAutomation.csproj]
C:\Program Files\dotnet\sdk\10.0.102\Microsoft.Common.CurrentVersion.targets(2437,5): warning MSB3277:             RevitAPI [C:\Users\ajith\new revit\RebarAutomation\RebarAutomation.csproj]
C:\Program Files\dotnet\sdk\10.0.102\Microsoft.Common.CurrentVersion.targets(2437,5): warning MSB3277:             RevitAPIUI [C:\Users\ajith\new revit\RebarAutomation\RebarAutomation.csproj]
C:\Program Files\dotnet\sdk\10.0.102\Microsoft.Common.CurrentVersion.targets(2437,5): warning MSB3277:         C:\Program Files\Autodesk\Revit 2026\RoomAreaPlanDBAPI.dll [C:\Users\ajith\new revit\RebarAutomation\RebarAutomation.csproj]
C:\Program Files\dotnet\sdk\10.0.102\Microsoft.Common.CurrentVersion.targets(2437,5): warning MSB3277:           Project file item includes which caused reference "C:\Program Files\Autodesk\Revit 2026\RoomAreaPlanDBAPI.dll". [C:\Users\ajith\new revit\RebarAutomation\RebarAutomation.csproj]
C:\Program Files\dotnet\sdk\10.0.102\Microsoft.Common.CurrentVersion.targets(2437,5): warning MSB3277:             RevitAPI [C:\Users\ajith\new revit\RebarAutomation\RebarAutomation.csproj]
C:\Program Files\dotnet\sdk\10.0.102\Microsoft.Common.CurrentVersion.targets(2437,5): warning MSB3277:             RevitAPIUI [C:\Users\ajith\new revit\RebarAutomation\RebarAutomation.csproj]
C:\Program Files\dotnet\sdk\10.0.102\Microsoft.Common.CurrentVersion.targets(2437,5): warning MSB3277:         C:\Program Files\Autodesk\Revit 2026\SiteDBAPI.dll [C:\Users\ajith\new revit\RebarAutomation\RebarAutomation.csproj]
C:\Program Files\dotnet\sdk\10.0.102\Microsoft.Common.CurrentVersion.targets(2437,5): warning MSB3277:           Project file item includes which caused reference "C:\Program Files\Autodesk\Revit 2026\SiteDBAPI.dll". [C:\Users\ajith\new revit\RebarAutomation\RebarAutomation.csproj]
C:\Program Files\dotnet\sdk\10.0.102\Microsoft.Common.CurrentVersion.targets(2437,5): warning MSB3277:             RevitAPI [C:\Users\ajith\new revit\RebarAutomation\RebarAutomation.csproj]
C:\Program Files\dotnet\sdk\10.0.102\Microsoft.Common.CurrentVersion.targets(2437,5): warning MSB3277:             RevitAPIUI [C:\Users\ajith\new revit\RebarAutomation\RebarAutomation.csproj]
C:\Program Files\dotnet\sdk\10.0.102\Microsoft.Common.CurrentVersion.targets(2437,5): warning MSB3277:         C:\Program Files\Autodesk\Revit 2026\SculptingDBAPI.dll [C:\Users\ajith\new revit\RebarAutomation\RebarAutomation.csproj]
C:\Program Files\dotnet\sdk\10.0.102\Microsoft.Common.CurrentVersion.targets(2437,5): warning MSB3277:           Project file item includes which caused reference "C:\Program Files\Autodesk\Revit 2026\SculptingDBAPI.dll". [C:\Users\ajith\new revit\RebarAutomation\RebarAutomation.csproj]
C:\Program Files\dotnet\sdk\10.0.102\Microsoft.Common.CurrentVersion.targets(2437,5): warning MSB3277:             RevitAPI [C:\Users\ajith\new revit\RebarAutomation\RebarAutomation.csproj]
C:\Program Files\dotnet\sdk\10.0.102\Microsoft.Common.CurrentVersion.targets(2437,5): warning MSB3277:             RevitAPIUI [C:\Users\ajith\new revit\RebarAutomation\RebarAutomation.csproj]
C:\Program Files\dotnet\sdk\10.0.102\Microsoft.Common.CurrentVersion.targets(2437,5): warning MSB3277:         C:\Program Files\Autodesk\Revit 2026\StructuralDBAPI.dll [C:\Users\ajith\new revit\RebarAutomation\RebarAutomation.csproj]
C:\Program Files\dotnet\sdk\10.0.102\Microsoft.Common.CurrentVersion.targets(2437,5): warning MSB3277:           Project file item includes which caused reference "C:\Program Files\Autodesk\Revit 2026\StructuralDBAPI.dll". [C:\Users\ajith\new revit\RebarAutomation\RebarAutomation.csproj]
C:\Program Files\dotnet\sdk\10.0.102\Microsoft.Common.CurrentVersion.targets(2437,5): warning MSB3277:             RevitAPI [C:\Users\ajith\new revit\RebarAutomation\RebarAutomation.csproj]
C:\Program Files\dotnet\sdk\10.0.102\Microsoft.Common.CurrentVersion.targets(2437,5): warning MSB3277:             RevitAPIUI [C:\Users\ajith\new revit\RebarAutomation\RebarAutomation.csproj]
C:\Program Files\dotnet\sdk\10.0.102\Microsoft.Common.CurrentVersion.targets(2437,5): warning MSB3277:         C:\Program Files\Autodesk\Revit 2026\InterfaceAPI.dll [C:\Users\ajith\new revit\RebarAutomation\RebarAutomation.csproj]
C:\Program Files\dotnet\sdk\10.0.102\Microsoft.Common.CurrentVersion.targets(2437,5): warning MSB3277:           Project file item includes which caused reference "C:\Program Files\Autodesk\Revit 2026\InterfaceAPI.dll". [C:\Users\ajith\new revit\RebarAutomation\RebarAutomation.csproj]
C:\Program Files\dotnet\sdk\10.0.102\Microsoft.Common.CurrentVersion.targets(2437,5): warning MSB3277:             RevitAPI [C:\Users\ajith\new revit\RebarAutomation\RebarAutomation.csproj]
C:\Program Files\dotnet\sdk\10.0.102\Microsoft.Common.CurrentVersion.targets(2437,5): warning MSB3277:             RevitAPIUI [C:\Users\ajith\new revit\RebarAutomation\RebarAutomation.csproj]
C:\Program Files\dotnet\sdk\10.0.102\Microsoft.Common.CurrentVersion.targets(2437,5): warning MSB3277:         C:\Program Files\Autodesk\Revit 2026\InterfaceUtilAPI.dll [C:\Users\ajith\new revit\RebarAutomation\RebarAutomation.csproj]
C:\Program Files\dotnet\sdk\10.0.102\Microsoft.Common.CurrentVersion.targets(2437,5): warning MSB3277:           Project file item includes which caused reference "C:\Program Files\Autodesk\Revit 2026\InterfaceUtilAPI.dll". [C:\Users\ajith\new revit\RebarAutomation\RebarAutomation.csproj]
C:\Program Files\dotnet\sdk\10.0.102\Microsoft.Common.CurrentVersion.targets(2437,5): warning MSB3277:             RevitAPI [C:\Users\ajith\new revit\RebarAutomation\RebarAutomation.csproj]
C:\Program Files\dotnet\sdk\10.0.102\Microsoft.Common.CurrentVersion.targets(2437,5): warning MSB3277:             RevitAPIUI [C:\Users\ajith\new revit\RebarAutomation\RebarAutomation.csproj]
C:\Program Files\dotnet\sdk\10.0.102\Microsoft.Common.CurrentVersion.targets(2437,5): warning MSB3277:         C:\Program Files\Autodesk\Revit 2026\RebarDBAPI.dll [C:\Users\ajith\new revit\RebarAutomation\RebarAutomation.csproj]
C:\Program Files\dotnet\sdk\10.0.102\Microsoft.Common.CurrentVersion.targets(2437,5): warning MSB3277:           Project file item includes which caused reference "C:\Program Files\Autodesk\Revit 2026\RebarDBAPI.dll". [C:\Users\ajith\new revit\RebarAutomation\RebarAutomation.csproj]
C:\Program Files\dotnet\sdk\10.0.102\Microsoft.Common.CurrentVersion.targets(2437,5): warning MSB3277:             RevitAPI [C:\Users\ajith\new revit\RebarAutomation\RebarAutomation.csproj]
C:\Program Files\dotnet\sdk\10.0.102\Microsoft.Common.CurrentVersion.targets(2437,5): warning MSB3277:             RevitAPIUI [C:\Users\ajith\new revit\RebarAutomation\RebarAutomation.csproj]
C:\Program Files\dotnet\sdk\10.0.102\Microsoft.Common.CurrentVersion.targets(2437,5): warning MSB3277:         C:\Program Files\Autodesk\Revit 2026\StructuralAnalysisDBAPI.dll [C:\Users\ajith\new revit\RebarAutomation\RebarAutomation.csproj]
C:\Program Files\dotnet\sdk\10.0.102\Microsoft.Common.CurrentVersion.targets(2437,5): warning MSB3277:           Project file item includes which caused reference "C:\Program Files\Autodesk\Revit 2026\StructuralAnalysisDBAPI.dll". [C:\Users\ajith\new revit\RebarAutomation\RebarAutomation.csproj]
C:\Program Files\dotnet\sdk\10.0.102\Microsoft.Common.CurrentVersion.targets(2437,5): warning MSB3277:             RevitAPI [C:\Users\ajith\new revit\RebarAutomation\RebarAutomation.csproj]
C:\Program Files\dotnet\sdk\10.0.102\Microsoft.Common.CurrentVersion.targets(2437,5): warning MSB3277:             RevitAPIUI [C:\Users\ajith\new revit\RebarAutomation\RebarAutomation.csproj]
C:\Program Files\dotnet\sdk\10.0.102\Microsoft.Common.CurrentVersion.targets(2437,5): warning MSB3277:         C:\Program Files\Autodesk\Revit 2026\MassingDBAPI.dll [C:\Users\ajith\new revit\RebarAutomation\RebarAutomation.csproj]
C:\Program Files\dotnet\sdk\10.0.102\Microsoft.Common.CurrentVersion.targets(2437,5): warning MSB3277:           Project file item includes which caused reference "C:\Program Files\Autodesk\Revit 2026\MassingDBAPI.dll". [C:\Users\ajith\new revit\RebarAutomation\RebarAutomation.csproj]
C:\Program Files\dotnet\sdk\10.0.102\Microsoft.Common.CurrentVersion.targets(2437,5): warning MSB3277:             RevitAPI [C:\Users\ajith\new revit\RebarAutomation\RebarAutomation.csproj]
C:\Program Files\dotnet\sdk\10.0.102\Microsoft.Common.CurrentVersion.targets(2437,5): warning MSB3277:             RevitAPIUI [C:\Users\ajith\new revit\RebarAutomation\RebarAutomation.csproj]
C:\Program Files\dotnet\sdk\10.0.102\Microsoft.Common.CurrentVersion.targets(2437,5): warning MSB3277:         C:\Program Files\Autodesk\Revit 2026\AssemblyDBAPI.dll [C:\Users\ajith\new revit\RebarAutomation\RebarAutomation.csproj]
C:\Program Files\dotnet\sdk\10.0.102\Microsoft.Common.CurrentVersion.targets(2437,5): warning MSB3277:           Project file item includes which caused reference "C:\Program Files\Autodesk\Revit 2026\AssemblyDBAPI.dll". [C:\Users\ajith\new revit\RebarAutomation\RebarAutomation.csproj]
C:\Program Files\dotnet\sdk\10.0.102\Microsoft.Common.CurrentVersion.targets(2437,5): warning MSB3277:             RevitAPI [C:\Users\ajith\new revit\RebarAutomation\RebarAutomation.csproj]
C:\Program Files\dotnet\sdk\10.0.102\Microsoft.Common.CurrentVersion.targets(2437,5): warning MSB3277:             RevitAPIUI [C:\Users\ajith\new revit\RebarAutomation\RebarAutomation.csproj]
C:\Program Files\dotnet\sdk\10.0.102\Microsoft.Common.CurrentVersion.targets(2437,5): warning MSB3277:         C:\Program Files\Autodesk\Revit 2026\DPartDBAPI.dll [C:\Users\ajith\new revit\RebarAutomation\RebarAutomation.csproj]
C:\Program Files\dotnet\sdk\10.0.102\Microsoft.Common.CurrentVersion.targets(2437,5): warning MSB3277:           Project file item includes which caused reference "C:\Program Files\Autodesk\Revit 2026\DPartDBAPI.dll". [C:\Users\ajith\new revit\RebarAutomation\RebarAutomation.csproj]
C:\Program Files\dotnet\sdk\10.0.102\Microsoft.Common.CurrentVersion.targets(2437,5): warning MSB3277:             RevitAPI [C:\Users\ajith\new revit\RebarAutomation\RebarAutomation.csproj]
C:\Program Files\dotnet\sdk\10.0.102\Microsoft.Common.CurrentVersion.targets(2437,5): warning MSB3277:             RevitAPIUI [C:\Users\ajith\new revit\RebarAutomation\RebarAutomation.csproj]
C:\Program Files\dotnet\sdk\10.0.102\Microsoft.Common.CurrentVersion.targets(2437,5): warning MSB3277:         C:\Program Files\Autodesk\Revit 2026\NumberingDBAPI.dll [C:\Users\ajith\new revit\RebarAutomation\RebarAutomation.csproj]
C:\Program Files\dotnet\sdk\10.0.102\Microsoft.Common.CurrentVersion.targets(2437,5): warning MSB3277:           Project file item includes which caused reference "C:\Program Files\Autodesk\Revit 2026\NumberingDBAPI.dll". [C:\Users\ajith\new revit\RebarAutomation\RebarAutomation.csproj]
C:\Program Files\dotnet\sdk\10.0.102\Microsoft.Common.CurrentVersion.targets(2437,5): warning MSB3277:             RevitAPI [C:\Users\ajith\new revit\RebarAutomation\RebarAutomation.csproj]
C:\Program Files\dotnet\sdk\10.0.102\Microsoft.Common.CurrentVersion.targets(2437,5): warning MSB3277:             RevitAPIUI [C:\Users\ajith\new revit\RebarAutomation\RebarAutomation.csproj]
C:\Program Files\dotnet\sdk\10.0.102\Microsoft.Common.CurrentVersion.targets(2437,5): warning MSB3277:         C:\Program Files\Autodesk\Revit 2026\PointCloudAccessAPI.dll [C:\Users\ajith\new revit\RebarAutomation\RebarAutomation.csproj]
C:\Program Files\dotnet\sdk\10.0.102\Microsoft.Common.CurrentVersion.targets(2437,5): warning MSB3277:           Project file item includes which caused reference "C:\Program Files\Autodesk\Revit 2026\PointCloudAccessAPI.dll". [C:\Users\ajith\new revit\RebarAutomation\RebarAutomation.csproj]
C:\Program Files\dotnet\sdk\10.0.102\Microsoft.Common.CurrentVersion.targets(2437,5): warning MSB3277:             RevitAPI [C:\Users\ajith\new revit\RebarAutomation\RebarAutomation.csproj]
C:\Program Files\dotnet\sdk\10.0.102\Microsoft.Common.CurrentVersion.targets(2437,5): warning MSB3277:             RevitAPIUI [C:\Users\ajith\new revit\RebarAutomation\RebarAutomation.csproj]
C:\Program Files\dotnet\sdk\10.0.102\Microsoft.Common.CurrentVersion.targets(2437,5): warning MSB3277:         C:\Program Files\Autodesk\Revit 2026\StairRampDBAPI.dll [C:\Users\ajith\new revit\RebarAutomation\RebarAutomation.csproj]
C:\Program Files\dotnet\sdk\10.0.102\Microsoft.Common.CurrentVersion.targets(2437,5): warning MSB3277:           Project file item includes which caused reference "C:\Program Files\Autodesk\Revit 2026\StairRampDBAPI.dll". [C:\Users\ajith\new revit\RebarAutomation\RebarAutomation.csproj]
C:\Program Files\dotnet\sdk\10.0.102\Microsoft.Common.CurrentVersion.targets(2437,5): warning MSB3277:             RevitAPI [C:\Users\ajith\new revit\RebarAutomation\RebarAutomation.csproj]
C:\Program Files\dotnet\sdk\10.0.102\Microsoft.Common.CurrentVersion.targets(2437,5): warning MSB3277:             RevitAPIUI [C:\Users\ajith\new revit\RebarAutomation\RebarAutomation.csproj]
C:\Program Files\dotnet\sdk\10.0.102\Microsoft.Common.CurrentVersion.targets(2437,5): warning MSB3277:         C:\Program Files\Autodesk\Revit 2026\AnalysisAppsDBAPI.dll [C:\Users\ajith\new revit\RebarAutomation\RebarAutomation.csproj]
C:\Program Files\dotnet\sdk\10.0.102\Microsoft.Common.CurrentVersion.targets(2437,5): warning MSB3277:           Project file item includes which caused reference "C:\Program Files\Autodesk\Revit 2026\AnalysisAppsDBAPI.dll". [C:\Users\ajith\new revit\RebarAutomation\RebarAutomation.csproj]
C:\Program Files\dotnet\sdk\10.0.102\Microsoft.Common.CurrentVersion.targets(2437,5): warning MSB3277:             RevitAPI [C:\Users\ajith\new revit\RebarAutomation\RebarAutomation.csproj]
C:\Program Files\dotnet\sdk\10.0.102\Microsoft.Common.CurrentVersion.targets(2437,5): warning MSB3277:             RevitAPIUI [C:\Users\ajith\new revit\RebarAutomation\RebarAutomation.csproj]
C:\Program Files\dotnet\sdk\10.0.102\Microsoft.Common.CurrentVersion.targets(2437,5): warning MSB3277:         C:\Program Files\Autodesk\Revit 2026\MaterialDBAPI.dll [C:\Users\ajith\new revit\RebarAutomation\RebarAutomation.csproj]
C:\Program Files\dotnet\sdk\10.0.102\Microsoft.Common.CurrentVersion.targets(2437,5): warning MSB3277:           Project file item includes which caused reference "C:\Program Files\Autodesk\Revit 2026\MaterialDBAPI.dll". [C:\Users\ajith\new revit\RebarAutomation\RebarAutomation.csproj]
C:\Program Files\dotnet\sdk\10.0.102\Microsoft.Common.CurrentVersion.targets(2437,5): warning MSB3277:             RevitAPI [C:\Users\ajith\new revit\RebarAutomation\RebarAutomation.csproj]
C:\Program Files\dotnet\sdk\10.0.102\Microsoft.Common.CurrentVersion.targets(2437,5): warning MSB3277:             RevitAPIUI [C:\Users\ajith\new revit\RebarAutomation\RebarAutomation.csproj]
C:\Program Files\dotnet\sdk\10.0.102\Microsoft.Common.CurrentVersion.targets(2437,5): warning MSB3277:         C:\Program Files\Autodesk\Revit 2026\IntfATFAPI.dll [C:\Users\ajith\new revit\RebarAutomation\RebarAutomation.csproj]
C:\Program Files\dotnet\sdk\10.0.102\Microsoft.Common.CurrentVersion.targets(2437,5): warning MSB3277:           Project file item includes which caused reference "C:\Program Files\Autodesk\Revit 2026\IntfATFAPI.dll". [C:\Users\ajith\new revit\RebarAutomation\RebarAutomation.csproj]
C:\Program Files\dotnet\sdk\10.0.102\Microsoft.Common.CurrentVersion.targets(2437,5): warning MSB3277:             RevitAPI [C:\Users\ajith\new revit\RebarAutomation\RebarAutomation.csproj]
C:\Program Files\dotnet\sdk\10.0.102\Microsoft.Common.CurrentVersion.targets(2437,5): warning MSB3277:             RevitAPIUI [C:\Users\ajith\new revit\RebarAutomation\RebarAutomation.csproj]
C:\Program Files\dotnet\sdk\10.0.102\Microsoft.Common.CurrentVersion.targets(2437,5): warning MSB3277:         C:\Program Files\Autodesk\Revit 2026\TextEngineAPI.dll [C:\Users\ajith\new revit\RebarAutomation\RebarAutomation.csproj]
C:\Program Files\dotnet\sdk\10.0.102\Microsoft.Common.CurrentVersion.targets(2437,5): warning MSB3277:           Project file item includes which caused reference "C:\Program Files\Autodesk\Revit 2026\TextEngineAPI.dll". [C:\Users\ajith\new revit\RebarAutomation\RebarAutomation.csproj]
C:\Program Files\dotnet\sdk\10.0.102\Microsoft.Common.CurrentVersion.targets(2437,5): warning MSB3277:             RevitAPI [C:\Users\ajith\new revit\RebarAutomation\RebarAutomation.csproj]
C:\Program Files\dotnet\sdk\10.0.102\Microsoft.Common.CurrentVersion.targets(2437,5): warning MSB3277:             RevitAPIUI [C:\Users\ajith\new revit\RebarAutomation\RebarAutomation.csproj]
C:\Program Files\dotnet\sdk\10.0.102\Microsoft.Common.CurrentVersion.targets(2437,5): warning MSB3277:         C:\Program Files\Autodesk\Revit 2026\InfrastructureDBAPI.dll [C:\Users\ajith\new revit\RebarAutomation\RebarAutomation.csproj]
C:\Program Files\dotnet\sdk\10.0.102\Microsoft.Common.CurrentVersion.targets(2437,5): warning MSB3277:           Project file item includes which caused reference "C:\Program Files\Autodesk\Revit 2026\InfrastructureDBAPI.dll". [C:\Users\ajith\new revit\RebarAutomation\RebarAutomation.csproj]
C:\Program Files\dotnet\sdk\10.0.102\Microsoft.Common.CurrentVersion.targets(2437,5): warning MSB3277:             RevitAPI [C:\Users\ajith\new revit\RebarAutomation\RebarAutomation.csproj]
C:\Program Files\dotnet\sdk\10.0.102\Microsoft.Common.CurrentVersion.targets(2437,5): warning MSB3277:             RevitAPIUI [C:\Users\ajith\new revit\RebarAutomation\RebarAutomation.csproj]
C:\Program Files\dotnet\sdk\10.0.102\Microsoft.Common.CurrentVersion.targets(2437,5): warning MSB3277:         C:\Program Files\Autodesk\Revit 2026\ATFRevitCoreAPI.dll [C:\Users\ajith\new revit\RebarAutomation\RebarAutomation.csproj]
C:\Program Files\dotnet\sdk\10.0.102\Microsoft.Common.CurrentVersion.targets(2437,5): warning MSB3277:           Project file item includes which caused reference "C:\Program Files\Autodesk\Revit 2026\ATFRevitCoreAPI.dll". [C:\Users\ajith\new revit\RebarAutomation\RebarAutomation.csproj]
C:\Program Files\dotnet\sdk\10.0.102\Microsoft.Common.CurrentVersion.targets(2437,5): warning MSB3277:             RevitAPI [C:\Users\ajith\new revit\RebarAutomation\RebarAutomation.csproj]
C:\Program Files\dotnet\sdk\10.0.102\Microsoft.Common.CurrentVersion.targets(2437,5): warning MSB3277:             RevitAPIUI [C:\Users\ajith\new revit\RebarAutomation\RebarAutomation.csproj]
C:\Program Files\dotnet\sdk\10.0.102\Microsoft.Common.CurrentVersion.targets(2437,5): warning MSB3277:         C:\Program Files\Autodesk\Revit 2026\DBManagedServices.dll [C:\Users\ajith\new revit\RebarAutomation\RebarAutomation.csproj]
C:\Program Files\dotnet\sdk\10.0.102\Microsoft.Common.CurrentVersion.targets(2437,5): warning MSB3277:           Project file item includes which caused reference "C:\Program Files\Autodesk\Revit 2026\DBManagedServices.dll". [C:\Users\ajith\new revit\RebarAutomation\RebarAutomation.csproj]
C:\Program Files\dotnet\sdk\10.0.102\Microsoft.Common.CurrentVersion.targets(2437,5): warning MSB3277:             RevitAPI [C:\Users\ajith\new revit\RebarAutomation\RebarAutomation.csproj]
C:\Program Files\dotnet\sdk\10.0.102\Microsoft.Common.CurrentVersion.targets(2437,5): warning MSB3277:             RevitAPIUI [C:\Users\ajith\new revit\RebarAutomation\RebarAutomation.csproj]
C:\Program Files\dotnet\sdk\10.0.102\Microsoft.Common.CurrentVersion.targets(2437,5): warning MSB3277:         C:\Program Files\Autodesk\Revit 2026\APIInterop.dll [C:\Users\ajith\new revit\RebarAutomation\RebarAutomation.csproj]
C:\Program Files\dotnet\sdk\10.0.102\Microsoft.Common.CurrentVersion.targets(2437,5): warning MSB3277:           Project file item includes which caused reference "C:\Program Files\Autodesk\Revit 2026\APIInterop.dll". [C:\Users\ajith\new revit\RebarAutomation\RebarAutomation.csproj]
C:\Program Files\dotnet\sdk\10.0.102\Microsoft.Common.CurrentVersion.targets(2437,5): warning MSB3277:             RevitAPIUI [C:\Users\ajith\new revit\RebarAutomation\RebarAutomation.csproj]
C:\Program Files\dotnet\sdk\10.0.102\Microsoft.Common.CurrentVersion.targets(2437,5): warning MSB3277:         C:\Program Files\Autodesk\Revit 2026\AddInManager.dll [C:\Users\ajith\new revit\RebarAutomation\RebarAutomation.csproj]
C:\Program Files\dotnet\sdk\10.0.102\Microsoft.Common.CurrentVersion.targets(2437,5): warning MSB3277:           Project file item includes which caused reference "C:\Program Files\Autodesk\Revit 2026\AddInManager.dll". [C:\Users\ajith\new revit\RebarAutomation\RebarAutomation.csproj]
C:\Program Files\dotnet\sdk\10.0.102\Microsoft.Common.CurrentVersion.targets(2437,5): warning MSB3277:             RevitAPIUI [C:\Users\ajith\new revit\RebarAutomation\RebarAutomation.csproj]
C:\Program Files\dotnet\sdk\10.0.102\Microsoft.Common.CurrentVersion.targets(2437,5): warning MSB3277:         C:\Program Files\Autodesk\Revit 2026\RevitUIAPI.dll [C:\Users\ajith\new revit\RebarAutomation\RebarAutomation.csproj]
C:\Program Files\dotnet\sdk\10.0.102\Microsoft.Common.CurrentVersion.targets(2437,5): warning MSB3277:           Project file item includes which caused reference "C:\Program Files\Autodesk\Revit 2026\RevitUIAPI.dll". [C:\Users\ajith\new revit\RebarAutomation\RebarAutomation.csproj]
C:\Program Files\dotnet\sdk\10.0.102\Microsoft.Common.CurrentVersion.targets(2437,5): warning MSB3277:             RevitAPIUI [C:\Users\ajith\new revit\RebarAutomation\RebarAutomation.csproj]
C:\Program Files\dotnet\sdk\10.0.102\Microsoft.Common.CurrentVersion.targets(2437,5): warning MSB3277:         C:\Program Files\Autodesk\Revit 2026\BuildingSystemsUIAPI.dll [C:\Users\ajith\new revit\RebarAutomation\RebarAutomation.csproj]
C:\Program Files\dotnet\sdk\10.0.102\Microsoft.Common.CurrentVersion.targets(2437,5): warning MSB3277:           Project file item includes which caused reference "C:\Program Files\Autodesk\Revit 2026\BuildingSystemsUIAPI.dll". [C:\Users\ajith\new revit\RebarAutomation\RebarAutomation.csproj]
C:\Program Files\dotnet\sdk\10.0.102\Microsoft.Common.CurrentVersion.targets(2437,5): warning MSB3277:             RevitAPIUI [C:\Users\ajith\new revit\RebarAutomation\RebarAutomation.csproj]
C:\Program Files\dotnet\sdk\10.0.102\Microsoft.Common.CurrentVersion.targets(2437,5): warning MSB3277:         C:\Program Files\Autodesk\Revit 2026\DesktopMFCAPI.dll [C:\Users\ajith\new revit\RebarAutomation\RebarAutomation.csproj]
C:\Program Files\dotnet\sdk\10.0.102\Microsoft.Common.CurrentVersion.targets(2437,5): warning MSB3277:           Project file item includes which caused reference "C:\Program Files\Autodesk\Revit 2026\DesktopMFCAPI.dll". [C:\Users\ajith\new revit\RebarAutomation\RebarAutomation.csproj]
C:\Program Files\dotnet\sdk\10.0.102\Microsoft.Common.CurrentVersion.targets(2437,5): warning MSB3277:             RevitAPIUI [C:\Users\ajith\new revit\RebarAutomation\RebarAutomation.csproj]
C:\Program Files\dotnet\sdk\10.0.102\Microsoft.Common.CurrentVersion.targets(2437,5): warning MSB3277:         C:\Program Files\Autodesk\Revit 2026\APIUIAPI.dll [C:\Users\ajith\new revit\RebarAutomation\RebarAutomation.csproj]
C:\Program Files\dotnet\sdk\10.0.102\Microsoft.Common.CurrentVersion.targets(2437,5): warning MSB3277:           Project file item includes which caused reference "C:\Program Files\Autodesk\Revit 2026\APIUIAPI.dll". [C:\Users\ajith\new revit\RebarAutomation\RebarAutomation.csproj]
C:\Program Files\dotnet\sdk\10.0.102\Microsoft.Common.CurrentVersion.targets(2437,5): warning MSB3277:             RevitAPIUI [C:\Users\ajith\new revit\RebarAutomation\RebarAutomation.csproj]
C:\Program Files\dotnet\sdk\10.0.102\Microsoft.Common.CurrentVersion.targets(2437,5): warning MSB3277:         C:\Program Files\Autodesk\Revit 2026\RevitMFCAPI.dll [C:\Users\ajith\new revit\RebarAutomation\RebarAutomation.csproj]
C:\Program Files\dotnet\sdk\10.0.102\Microsoft.Common.CurrentVersion.targets(2437,5): warning MSB3277:           Project file item includes which caused reference "C:\Program Files\Autodesk\Revit 2026\RevitMFCAPI.dll". [C:\Users\ajith\new revit\RebarAutomation\RebarAutomation.csproj]
C:\Program Files\dotnet\sdk\10.0.102\Microsoft.Common.CurrentVersion.targets(2437,5): warning MSB3277:             RevitAPIUI [C:\Users\ajith\new revit\RebarAutomation\RebarAutomation.csproj]
C:\Program Files\dotnet\sdk\10.0.102\Microsoft.Common.CurrentVersion.targets(2437,5): warning MSB3277:         C:\Program Files\Autodesk\Revit 2026\EssentialsUIAPI.dll [C:\Users\ajith\new revit\RebarAutomation\RebarAutomation.csproj]
C:\Program Files\dotnet\sdk\10.0.102\Microsoft.Common.CurrentVersion.targets(2437,5): warning MSB3277:           Project file item includes which caused reference "C:\Program Files\Autodesk\Revit 2026\EssentialsUIAPI.dll". [C:\Users\ajith\new revit\RebarAutomation\RebarAutomation.csproj]
C:\Program Files\dotnet\sdk\10.0.102\Microsoft.Common.CurrentVersion.targets(2437,5): warning MSB3277:             RevitAPIUI [C:\Users\ajith\new revit\RebarAutomation\RebarAutomation.csproj]
C:\Program Files\dotnet\sdk\10.0.102\Microsoft.Common.CurrentVersion.targets(2437,5): warning MSB3277:         C:\Program Files\Autodesk\Revit 2026\DetailUIAPI.dll [C:\Users\ajith\new revit\RebarAutomation\RebarAutomation.csproj]
C:\Program Files\dotnet\sdk\10.0.102\Microsoft.Common.CurrentVersion.targets(2437,5): warning MSB3277:           Project file item includes which caused reference "C:\Program Files\Autodesk\Revit 2026\DetailUIAPI.dll". [C:\Users\ajith\new revit\RebarAutomation\RebarAutomation.csproj]
C:\Program Files\dotnet\sdk\10.0.102\Microsoft.Common.CurrentVersion.targets(2437,5): warning MSB3277:             RevitAPIUI [C:\Users\ajith\new revit\RebarAutomation\RebarAutomation.csproj]
C:\Program Files\dotnet\sdk\10.0.102\Microsoft.Common.CurrentVersion.targets(2437,5): warning MSB3277:         C:\Program Files\Autodesk\Revit 2026\UIFrameworkServices.dll [C:\Users\ajith\new revit\RebarAutomation\RebarAutomation.csproj]
C:\Program Files\dotnet\sdk\10.0.102\Microsoft.Common.CurrentVersion.targets(2437,5): warning MSB3277:           Project file item includes which caused reference "C:\Program Files\Autodesk\Revit 2026\UIFrameworkServices.dll". [C:\Users\ajith\new revit\RebarAutomation\RebarAutomation.csproj]
C:\Program Files\dotnet\sdk\10.0.102\Microsoft.Common.CurrentVersion.targets(2437,5): warning MSB3277:             RevitAPIUI [C:\Users\ajith\new revit\RebarAutomation\RebarAutomation.csproj]
C:\Program Files\dotnet\sdk\10.0.102\Microsoft.Common.CurrentVersion.targets(2437,5): warning MSB3277:         C:\Program Files\Autodesk\Revit 2026\SSONET.dll [C:\Users\ajith\new revit\RebarAutomation\RebarAutomation.csproj]
C:\Program Files\dotnet\sdk\10.0.102\Microsoft.Common.CurrentVersion.targets(2437,5): warning MSB3277:           Project file item includes which caused reference "C:\Program Files\Autodesk\Revit 2026\SSONET.dll". [C:\Users\ajith\new revit\RebarAutomation\RebarAutomation.csproj]
C:\Program Files\dotnet\sdk\10.0.102\Microsoft.Common.CurrentVersion.targets(2437,5): warning MSB3277:             RevitAPIUI [C:\Users\ajith\new revit\RebarAutomation\RebarAutomation.csproj]
C:\Program Files\dotnet\sdk\10.0.102\Microsoft.Common.CurrentVersion.targets(2437,5): warning MSB3277: Found conflicts between different versions of "System.Drawing" that could not be resolved. [C:\Users\ajith\new revit\RebarAutomation\RebarAutomation.csproj]
C:\Program Files\dotnet\sdk\10.0.102\Microsoft.Common.CurrentVersion.targets(2437,5): warning MSB3277: There was a conflict between "System.Drawing, Version=4.0.0.0, Culture=neutral, PublicKeyToken=b03f5f7f11d50a3a" and "System.Drawing, Version=8.0.0.0, Culture=neutral, PublicKeyToken=b03f5f7f11d50a3a". [C:\Users\ajith\new revit\RebarAutomation\RebarAutomation.csproj]
C:\Program Files\dotnet\sdk\10.0.102\Microsoft.Common.CurrentVersion.targets(2437,5): warning MSB3277:     "System.Drawing, Version=4.0.0.0, Culture=neutral, PublicKeyToken=b03f5f7f11d50a3a" was chosen because it was primary and "System.Drawing, Version=8.0.0.0, Culture=neutral, PublicKeyToken=b03f5f7f11d50a3a" was not. [C:\Users\ajith\new revit\RebarAutomation\RebarAutomation.csproj]
C:\Program Files\dotnet\sdk\10.0.102\Microsoft.Common.CurrentVersion.targets(2437,5): warning MSB3277:     References which depend on "System.Drawing, Version=4.0.0.0, Culture=neutral, PublicKeyToken=b03f5f7f11d50a3a" [C:\Program Files (x86)\Reference Assemblies\Microsoft\Framework\.NETFramework\v4.8\System.Drawing.dll]. [C:\Users\ajith\new revit\RebarAutomation\RebarAutomation.csproj]
C:\Program Files\dotnet\sdk\10.0.102\Microsoft.Common.CurrentVersion.targets(2437,5): warning MSB3277:         C:\Program Files (x86)\Reference Assemblies\Microsoft\Framework\.NETFramework\v4.8\System.Drawing.dll [C:\Users\ajith\new revit\RebarAutomation\RebarAutomation.csproj]
C:\Program Files\dotnet\sdk\10.0.102\Microsoft.Common.CurrentVersion.targets(2437,5): warning MSB3277:           Project file item includes which caused reference "C:\Program Files (x86)\Reference Assemblies\Microsoft\Framework\.NETFramework\v4.8\System.Drawing.dll". [C:\Users\ajith\new revit\RebarAutomation\RebarAutomation.csproj]
C:\Program Files\dotnet\sdk\10.0.102\Microsoft.Common.CurrentVersion.targets(2437,5): warning MSB3277:             System.Drawing [C:\Users\ajith\new revit\RebarAutomation\RebarAutomation.csproj]
C:\Program Files\dotnet\sdk\10.0.102\Microsoft.Common.CurrentVersion.targets(2437,5): warning MSB3277:     References which depend on or have been unified to "System.Drawing, Version=8.0.0.0, Culture=neutral, PublicKeyToken=b03f5f7f11d50a3a" []. [C:\Users\ajith\new revit\RebarAutomation\RebarAutomation.csproj]
C:\Program Files\dotnet\sdk\10.0.102\Microsoft.Common.CurrentVersion.targets(2437,5): warning MSB3277:         C:\Program Files\Autodesk\Revit 2026\RevitAPI.dll [C:\Users\ajith\new revit\RebarAutomation\RebarAutomation.csproj]
C:\Program Files\dotnet\sdk\10.0.102\Microsoft.Common.CurrentVersion.targets(2437,5): warning MSB3277:           Project file item includes which caused reference "C:\Program Files\Autodesk\Revit 2026\RevitAPI.dll". [C:\Users\ajith\new revit\RebarAutomation\RebarAutomation.csproj]
C:\Program Files\dotnet\sdk\10.0.102\Microsoft.Common.CurrentVersion.targets(2437,5): warning MSB3277:             RevitAPI [C:\Users\ajith\new revit\RebarAutomation\RebarAutomation.csproj]
C:\Program Files\dotnet\sdk\10.0.102\Microsoft.Common.CurrentVersion.targets(2437,5): warning MSB3277:             RevitAPIUI [C:\Users\ajith\new revit\RebarAutomation\RebarAutomation.csproj]
C:\Program Files\dotnet\sdk\10.0.102\Microsoft.Common.CurrentVersion.targets(2437,5): warning MSB3277:         C:\Program Files\Autodesk\Revit 2026\RevitAPIUI.dll [C:\Users\ajith\new revit\RebarAutomation\RebarAutomation.csproj]
C:\Program Files\dotnet\sdk\10.0.102\Microsoft.Common.CurrentVersion.targets(2437,5): warning MSB3277:           Project file item includes which caused reference "C:\Program Files\Autodesk\Revit 2026\RevitAPIUI.dll". [C:\Users\ajith\new revit\RebarAutomation\RebarAutomation.csproj]
C:\Program Files\dotnet\sdk\10.0.102\Microsoft.Common.CurrentVersion.targets(2437,5): warning MSB3277:             RevitAPIUI [C:\Users\ajith\new revit\RebarAutomation\RebarAutomation.csproj]
C:\Program Files\dotnet\sdk\10.0.102\Microsoft.Common.CurrentVersion.targets(2437,5): warning MSB3277:         C:\Users\ajith\.nuget\packages\epplus\7.0.0\lib\net462\EPPlus.dll [C:\Users\ajith\new revit\RebarAutomation\RebarAutomation.csproj]
C:\Program Files\dotnet\sdk\10.0.102\Microsoft.Common.CurrentVersion.targets(2437,5): warning MSB3277:           Project file item includes which caused reference "C:\Users\ajith\.nuget\packages\epplus\7.0.0\lib\net462\EPPlus.dll". [C:\Users\ajith\new revit\RebarAutomation\RebarAutomation.csproj]
C:\Program Files\dotnet\sdk\10.0.102\Microsoft.Common.CurrentVersion.targets(2437,5): warning MSB3277:             C:\Users\ajith\.nuget\packages\epplus\7.0.0\lib\net462\EPPlus.dll [C:\Users\ajith\new revit\RebarAutomation\RebarAutomation.csproj]
C:\Program Files\dotnet\sdk\10.0.102\Microsoft.Common.CurrentVersion.targets(2437,5): warning MSB3277:         C:\Users\ajith\.nuget\packages\epplus.system.drawing\6.1.1\lib\net462\EPPlus.System.Drawing.dll [C:\Users\ajith\new revit\RebarAutomation\RebarAutomation.csproj]
C:\Program Files\dotnet\sdk\10.0.102\Microsoft.Common.CurrentVersion.targets(2437,5): warning MSB3277:           Project file item includes which caused reference "C:\Users\ajith\.nuget\packages\epplus.system.drawing\6.1.1\lib\net462\EPPlus.System.Drawing.dll". [C:\Users\ajith\new revit\RebarAutomation\RebarAutomation.csproj]
C:\Program Files\dotnet\sdk\10.0.102\Microsoft.Common.CurrentVersion.targets(2437,5): warning MSB3277:             C:\Users\ajith\.nuget\packages\epplus.system.drawing\6.1.1\lib\net462\EPPlus.System.Drawing.dll [C:\Users\ajith\new revit\RebarAutomation\RebarAutomation.csproj]
C:\Program Files\dotnet\sdk\10.0.102\Microsoft.Common.CurrentVersion.targets(2437,5): warning MSB3277:             C:\Users\ajith\.nuget\packages\epplus\7.0.0\lib\net462\EPPlus.dll [C:\Users\ajith\new revit\RebarAutomation\RebarAutomation.csproj]
C:\Program Files\dotnet\sdk\10.0.102\Microsoft.Common.CurrentVersion.targets(2437,5): warning MSB3277:         C:\Program Files\Autodesk\Revit 2026\AdskRcManaged.dll [C:\Users\ajith\new revit\RebarAutomation\RebarAutomation.csproj]
C:\Program Files\dotnet\sdk\10.0.102\Microsoft.Common.CurrentVersion.targets(2437,5): warning MSB3277:           Project file item includes which caused reference "C:\Program Files\Autodesk\Revit 2026\AdskRcManaged.dll". [C:\Users\ajith\new revit\RebarAutomation\RebarAutomation.csproj]
C:\Program Files\dotnet\sdk\10.0.102\Microsoft.Common.CurrentVersion.targets(2437,5): warning MSB3277:             RevitAPI [C:\Users\ajith\new revit\RebarAutomation\RebarAutomation.csproj]
C:\Program Files\dotnet\sdk\10.0.102\Microsoft.Common.CurrentVersion.targets(2437,5): warning MSB3277:             RevitAPIUI [C:\Users\ajith\new revit\RebarAutomation\RebarAutomation.csproj]
C:\Program Files\dotnet\sdk\10.0.102\Microsoft.Common.CurrentVersion.targets(2437,5): warning MSB3277:         C:\Program Files\Autodesk\Revit 2026\RevitAPIFoundation.dll [C:\Users\ajith\new revit\RebarAutomation\RebarAutomation.csproj]
C:\Program Files\dotnet\sdk\10.0.102\Microsoft.Common.CurrentVersion.targets(2437,5): warning MSB3277:           Project file item includes which caused reference "C:\Program Files\Autodesk\Revit 2026\RevitAPIFoundation.dll". [C:\Users\ajith\new revit\RebarAutomation\RebarAutomation.csproj]
C:\Program Files\dotnet\sdk\10.0.102\Microsoft.Common.CurrentVersion.targets(2437,5): warning MSB3277:             RevitAPI [C:\Users\ajith\new revit\RebarAutomation\RebarAutomation.csproj]
C:\Program Files\dotnet\sdk\10.0.102\Microsoft.Common.CurrentVersion.targets(2437,5): warning MSB3277:             RevitAPIUI [C:\Users\ajith\new revit\RebarAutomation\RebarAutomation.csproj]
C:\Program Files\dotnet\sdk\10.0.102\Microsoft.Common.CurrentVersion.targets(2437,5): warning MSB3277:         C:\Program Files\Autodesk\Revit 2026\RevitDBAPI.dll [C:\Users\ajith\new revit\RebarAutomation\RebarAutomation.csproj]
C:\Program Files\dotnet\sdk\10.0.102\Microsoft.Common.CurrentVersion.targets(2437,5): warning MSB3277:           Project file item includes which caused reference "C:\Program Files\Autodesk\Revit 2026\RevitDBAPI.dll". [C:\Users\ajith\new revit\RebarAutomation\RebarAutomation.csproj]
C:\Program Files\dotnet\sdk\10.0.102\Microsoft.Common.CurrentVersion.targets(2437,5): warning MSB3277:             RevitAPI [C:\Users\ajith\new revit\RebarAutomation\RebarAutomation.csproj]
C:\Program Files\dotnet\sdk\10.0.102\Microsoft.Common.CurrentVersion.targets(2437,5): warning MSB3277:             RevitAPIUI [C:\Users\ajith\new revit\RebarAutomation\RebarAutomation.csproj]
C:\Program Files\dotnet\sdk\10.0.102\Microsoft.Common.CurrentVersion.targets(2437,5): warning MSB3277:         C:\Program Files\Autodesk\Revit 2026\RevitDBCoreAPI.dll [C:\Users\ajith\new revit\RebarAutomation\RebarAutomation.csproj]
C:\Program Files\dotnet\sdk\10.0.102\Microsoft.Common.CurrentVersion.targets(2437,5): warning MSB3277:           Project file item includes which caused reference "C:\Program Files\Autodesk\Revit 2026\RevitDBCoreAPI.dll". [C:\Users\ajith\new revit\RebarAutomation\RebarAutomation.csproj]
C:\Program Files\dotnet\sdk\10.0.102\Microsoft.Common.CurrentVersion.targets(2437,5): warning MSB3277:             RevitAPI [C:\Users\ajith\new revit\RebarAutomation\RebarAutomation.csproj]
C:\Program Files\dotnet\sdk\10.0.102\Microsoft.Common.CurrentVersion.targets(2437,5): warning MSB3277:             RevitAPIUI [C:\Users\ajith\new revit\RebarAutomation\RebarAutomation.csproj]
C:\Program Files\dotnet\sdk\10.0.102\Microsoft.Common.CurrentVersion.targets(2437,5): warning MSB3277:         C:\Program Files\Autodesk\Revit 2026\PersistenceDBAPI.dll [C:\Users\ajith\new revit\RebarAutomation\RebarAutomation.csproj]
C:\Program Files\dotnet\sdk\10.0.102\Microsoft.Common.CurrentVersion.targets(2437,5): warning MSB3277:           Project file item includes which caused reference "C:\Program Files\Autodesk\Revit 2026\PersistenceDBAPI.dll". [C:\Users\ajith\new revit\RebarAutomation\RebarAutomation.csproj]
C:\Program Files\dotnet\sdk\10.0.102\Microsoft.Common.CurrentVersion.targets(2437,5): warning MSB3277:             RevitAPI [C:\Users\ajith\new revit\RebarAutomation\RebarAutomation.csproj]
C:\Program Files\dotnet\sdk\10.0.102\Microsoft.Common.CurrentVersion.targets(2437,5): warning MSB3277:             RevitAPIUI [C:\Users\ajith\new revit\RebarAutomation\RebarAutomation.csproj]
C:\Program Files\dotnet\sdk\10.0.102\Microsoft.Common.CurrentVersion.targets(2437,5): warning MSB3277:         C:\Program Files\Autodesk\Revit 2026\UtilityAPI.dll [C:\Users\ajith\new revit\RebarAutomation\RebarAutomation.csproj]
C:\Program Files\dotnet\sdk\10.0.102\Microsoft.Common.CurrentVersion.targets(2437,5): warning MSB3277:           Project file item includes which caused reference "C:\Program Files\Autodesk\Revit 2026\UtilityAPI.dll". [C:\Users\ajith\new revit\RebarAutomation\RebarAutomation.csproj]
C:\Program Files\dotnet\sdk\10.0.102\Microsoft.Common.CurrentVersion.targets(2437,5): warning MSB3277:             RevitAPI [C:\Users\ajith\new revit\RebarAutomation\RebarAutomation.csproj]
C:\Program Files\dotnet\sdk\10.0.102\Microsoft.Common.CurrentVersion.targets(2437,5): warning MSB3277:             RevitAPIUI [C:\Users\ajith\new revit\RebarAutomation\RebarAutomation.csproj]
C:\Program Files\dotnet\sdk\10.0.102\Microsoft.Common.CurrentVersion.targets(2437,5): warning MSB3277:         C:\Program Files\Autodesk\Revit 2026\APIDBAPI.dll [C:\Users\ajith\new revit\RebarAutomation\RebarAutomation.csproj]
C:\Program Files\dotnet\sdk\10.0.102\Microsoft.Common.CurrentVersion.targets(2437,5): warning MSB3277:           Project file item includes which caused reference "C:\Program Files\Autodesk\Revit 2026\APIDBAPI.dll". [C:\Users\ajith\new revit\RebarAutomation\RebarAutomation.csproj]
C:\Program Files\dotnet\sdk\10.0.102\Microsoft.Common.CurrentVersion.targets(2437,5): warning MSB3277:             RevitAPI [C:\Users\ajith\new revit\RebarAutomation\RebarAutomation.csproj]
C:\Program Files\dotnet\sdk\10.0.102\Microsoft.Common.CurrentVersion.targets(2437,5): warning MSB3277:             RevitAPIUI [C:\Users\ajith\new revit\RebarAutomation\RebarAutomation.csproj]
C:\Program Files\dotnet\sdk\10.0.102\Microsoft.Common.CurrentVersion.targets(2437,5): warning MSB3277:         C:\Program Files\Autodesk\Revit 2026\GraphicsAPI.dll [C:\Users\ajith\new revit\RebarAutomation\RebarAutomation.csproj]
C:\Program Files\dotnet\sdk\10.0.102\Microsoft.Common.CurrentVersion.targets(2437,5): warning MSB3277:           Project file item includes which caused reference "C:\Program Files\Autodesk\Revit 2026\GraphicsAPI.dll". [C:\Users\ajith\new revit\RebarAutomation\RebarAutomation.csproj]
C:\Program Files\dotnet\sdk\10.0.102\Microsoft.Common.CurrentVersion.targets(2437,5): warning MSB3277:             RevitAPI [C:\Users\ajith\new revit\RebarAutomation\RebarAutomation.csproj]
C:\Program Files\dotnet\sdk\10.0.102\Microsoft.Common.CurrentVersion.targets(2437,5): warning MSB3277:             RevitAPIUI [C:\Users\ajith\new revit\RebarAutomation\RebarAutomation.csproj]
C:\Program Files\dotnet\sdk\10.0.102\Microsoft.Common.CurrentVersion.targets(2437,5): warning MSB3277:         C:\Program Files\Autodesk\Revit 2026\ElementGroupDBAPI.dll [C:\Users\ajith\new revit\RebarAutomation\RebarAutomation.csproj]
C:\Program Files\dotnet\sdk\10.0.102\Microsoft.Common.CurrentVersion.targets(2437,5): warning MSB3277:           Project file item includes which caused reference "C:\Program Files\Autodesk\Revit 2026\ElementGroupDBAPI.dll". [C:\Users\ajith\new revit\RebarAutomation\RebarAutomation.csproj]
C:\Program Files\dotnet\sdk\10.0.102\Microsoft.Common.CurrentVersion.targets(2437,5): warning MSB3277:             RevitAPI [C:\Users\ajith\new revit\RebarAutomation\RebarAutomation.csproj]
C:\Program Files\dotnet\sdk\10.0.102\Microsoft.Common.CurrentVersion.targets(2437,5): warning MSB3277:             RevitAPIUI [C:\Users\ajith\new revit\RebarAutomation\RebarAutomation.csproj]
C:\Program Files\dotnet\sdk\10.0.102\Microsoft.Common.CurrentVersion.targets(2437,5): warning MSB3277:         C:\Program Files\Autodesk\Revit 2026\EssentialsDBAPI.dll [C:\Users\ajith\new revit\RebarAutomation\RebarAutomation.csproj]
C:\Program Files\dotnet\sdk\10.0.102\Microsoft.Common.CurrentVersion.targets(2437,5): warning MSB3277:           Project file item includes which caused reference "C:\Program Files\Autodesk\Revit 2026\EssentialsDBAPI.dll". [C:\Users\ajith\new revit\RebarAutomation\RebarAutomation.csproj]
C:\Program Files\dotnet\sdk\10.0.102\Microsoft.Common.CurrentVersion.targets(2437,5): warning MSB3277:             RevitAPI [C:\Users\ajith\new revit\RebarAutomation\RebarAutomation.csproj]
C:\Program Files\dotnet\sdk\10.0.102\Microsoft.Common.CurrentVersion.targets(2437,5): warning MSB3277:             RevitAPIUI [C:\Users\ajith\new revit\RebarAutomation\RebarAutomation.csproj]
C:\Program Files\dotnet\sdk\10.0.102\Microsoft.Common.CurrentVersion.targets(2437,5): warning MSB3277:         C:\Program Files\Autodesk\Revit 2026\GeomUtilAPI.dll [C:\Users\ajith\new revit\RebarAutomation\RebarAutomation.csproj]
C:\Program Files\dotnet\sdk\10.0.102\Microsoft.Common.CurrentVersion.targets(2437,5): warning MSB3277:           Project file item includes which caused reference "C:\Program Files\Autodesk\Revit 2026\GeomUtilAPI.dll". [C:\Users\ajith\new revit\RebarAutomation\RebarAutomation.csproj]
C:\Program Files\dotnet\sdk\10.0.102\Microsoft.Common.CurrentVersion.targets(2437,5): warning MSB3277:             RevitAPI [C:\Users\ajith\new revit\RebarAutomation\RebarAutomation.csproj]
C:\Program Files\dotnet\sdk\10.0.102\Microsoft.Common.CurrentVersion.targets(2437,5): warning MSB3277:             RevitAPIUI [C:\Users\ajith\new revit\RebarAutomation\RebarAutomation.csproj]
C:\Program Files\dotnet\sdk\10.0.102\Microsoft.Common.CurrentVersion.targets(2437,5): warning MSB3277:         C:\Program Files\Autodesk\Revit 2026\FamilyDBAPI.dll [C:\Users\ajith\new revit\RebarAutomation\RebarAutomation.csproj]
C:\Program Files\dotnet\sdk\10.0.102\Microsoft.Common.CurrentVersion.targets(2437,5): warning MSB3277:           Project file item includes which caused reference "C:\Program Files\Autodesk\Revit 2026\FamilyDBAPI.dll". [C:\Users\ajith\new revit\RebarAutomation\RebarAutomation.csproj]
C:\Program Files\dotnet\sdk\10.0.102\Microsoft.Common.CurrentVersion.targets(2437,5): warning MSB3277:             RevitAPI [C:\Users\ajith\new revit\RebarAutomation\RebarAutomation.csproj]
C:\Program Files\dotnet\sdk\10.0.102\Microsoft.Common.CurrentVersion.targets(2437,5): warning MSB3277:             RevitAPIUI [C:\Users\ajith\new revit\RebarAutomation\RebarAutomation.csproj]
C:\Program Files\dotnet\sdk\10.0.102\Microsoft.Common.CurrentVersion.targets(2437,5): warning MSB3277:         C:\Program Files\Autodesk\Revit 2026\DetailDBAPI.dll [C:\Users\ajith\new revit\RebarAutomation\RebarAutomation.csproj]
C:\Program Files\dotnet\sdk\10.0.102\Microsoft.Common.CurrentVersion.targets(2437,5): warning MSB3277:           Project file item includes which caused reference "C:\Program Files\Autodesk\Revit 2026\DetailDBAPI.dll". [C:\Users\ajith\new revit\RebarAutomation\RebarAutomation.csproj]
C:\Program Files\dotnet\sdk\10.0.102\Microsoft.Common.CurrentVersion.targets(2437,5): warning MSB3277:             RevitAPI [C:\Users\ajith\new revit\RebarAutomation\RebarAutomation.csproj]
C:\Program Files\dotnet\sdk\10.0.102\Microsoft.Common.CurrentVersion.targets(2437,5): warning MSB3277:             RevitAPIUI [C:\Users\ajith\new revit\RebarAutomation\RebarAutomation.csproj]
C:\Program Files\dotnet\sdk\10.0.102\Microsoft.Common.CurrentVersion.targets(2437,5): warning MSB3277:         C:\Program Files\Autodesk\Revit 2026\CurtainGridFamilyDBAPI.dll [C:\Users\ajith\new revit\RebarAutomation\RebarAutomation.csproj]
C:\Program Files\dotnet\sdk\10.0.102\Microsoft.Common.CurrentVersion.targets(2437,5): warning MSB3277:           Project file item includes which caused reference "C:\Program Files\Autodesk\Revit 2026\CurtainGridFamilyDBAPI.dll". [C:\Users\ajith\new revit\RebarAutomation\RebarAutomation.csproj]
C:\Program Files\dotnet\sdk\10.0.102\Microsoft.Common.CurrentVersion.targets(2437,5): warning MSB3277:             RevitAPI [C:\Users\ajith\new revit\RebarAutomation\RebarAutomation.csproj]
C:\Program Files\dotnet\sdk\10.0.102\Microsoft.Common.CurrentVersion.targets(2437,5): warning MSB3277:             RevitAPIUI [C:\Users\ajith\new revit\RebarAutomation\RebarAutomation.csproj]
C:\Program Files\dotnet\sdk\10.0.102\Microsoft.Common.CurrentVersion.targets(2437,5): warning MSB3277:         C:\Program Files\Autodesk\Revit 2026\ArrayElemsDBAPI.dll [C:\Users\ajith\new revit\RebarAutomation\RebarAutomation.csproj]
C:\Program Files\dotnet\sdk\10.0.102\Microsoft.Common.CurrentVersion.targets(2437,5): warning MSB3277:           Project file item includes which caused reference "C:\Program Files\Autodesk\Revit 2026\ArrayElemsDBAPI.dll". [C:\Users\ajith\new revit\RebarAutomation\RebarAutomation.csproj]
C:\Program Files\dotnet\sdk\10.0.102\Microsoft.Common.CurrentVersion.targets(2437,5): warning MSB3277:             RevitAPI [C:\Users\ajith\new revit\RebarAutomation\RebarAutomation.csproj]
C:\Program Files\dotnet\sdk\10.0.102\Microsoft.Common.CurrentVersion.targets(2437,5): warning MSB3277:             RevitAPIUI [C:\Users\ajith\new revit\RebarAutomation\RebarAutomation.csproj]
C:\Program Files\dotnet\sdk\10.0.102\Microsoft.Common.CurrentVersion.targets(2437,5): warning MSB3277:         C:\Program Files\Autodesk\Revit 2026\EnergyAnalysisDBAPI.dll [C:\Users\ajith\new revit\RebarAutomation\RebarAutomation.csproj]
C:\Program Files\dotnet\sdk\10.0.102\Microsoft.Common.CurrentVersion.targets(2437,5): warning MSB3277:           Project file item includes which caused reference "C:\Program Files\Autodesk\Revit 2026\EnergyAnalysisDBAPI.dll". [C:\Users\ajith\new revit\RebarAutomation\RebarAutomation.csproj]
C:\Program Files\dotnet\sdk\10.0.102\Microsoft.Common.CurrentVersion.targets(2437,5): warning MSB3277:             RevitAPI [C:\Users\ajith\new revit\RebarAutomation\RebarAutomation.csproj]
C:\Program Files\dotnet\sdk\10.0.102\Microsoft.Common.CurrentVersion.targets(2437,5): warning MSB3277:             RevitAPIUI [C:\Users\ajith\new revit\RebarAutomation\RebarAutomation.csproj]
C:\Program Files\dotnet\sdk\10.0.102\Microsoft.Common.CurrentVersion.targets(2437,5): warning MSB3277:         C:\Program Files\Autodesk\Revit 2026\BuildingSystemsDBAPI.dll [C:\Users\ajith\new revit\RebarAutomation\RebarAutomation.csproj]
C:\Program Files\dotnet\sdk\10.0.102\Microsoft.Common.CurrentVersion.targets(2437,5): warning MSB3277:           Project file item includes which caused reference "C:\Program Files\Autodesk\Revit 2026\BuildingSystemsDBAPI.dll". [C:\Users\ajith\new revit\RebarAutomation\RebarAutomation.csproj]
C:\Program Files\dotnet\sdk\10.0.102\Microsoft.Common.CurrentVersion.targets(2437,5): warning MSB3277:             RevitAPI [C:\Users\ajith\new revit\RebarAutomation\RebarAutomation.csproj]
C:\Program Files\dotnet\sdk\10.0.102\Microsoft.Common.CurrentVersion.targets(2437,5): warning MSB3277:             RevitAPIUI [C:\Users\ajith\new revit\RebarAutomation\RebarAutomation.csproj]
C:\Program Files\dotnet\sdk\10.0.102\Microsoft.Common.CurrentVersion.targets(2437,5): warning MSB3277:         C:\Program Files\Autodesk\Revit 2026\HostObjDBAPI.dll [C:\Users\ajith\new revit\RebarAutomation\RebarAutomation.csproj]
C:\Program Files\dotnet\sdk\10.0.102\Microsoft.Common.CurrentVersion.targets(2437,5): warning MSB3277:           Project file item includes which caused reference "C:\Program Files\Autodesk\Revit 2026\HostObjDBAPI.dll". [C:\Users\ajith\new revit\RebarAutomation\RebarAutomation.csproj]
C:\Program Files\dotnet\sdk\10.0.102\Microsoft.Common.CurrentVersion.targets(2437,5): warning MSB3277:             RevitAPI [C:\Users\ajith\new revit\RebarAutomation\RebarAutomation.csproj]
C:\Program Files\dotnet\sdk\10.0.102\Microsoft.Common.CurrentVersion.targets(2437,5): warning MSB3277:             RevitAPIUI [C:\Users\ajith\new revit\RebarAutomation\RebarAutomation.csproj]
C:\Program Files\dotnet\sdk\10.0.102\Microsoft.Common.CurrentVersion.targets(2437,5): warning MSB3277:         C:\Program Files\Autodesk\Revit 2026\RoomAreaPlanDBAPI.dll [C:\Users\ajith\new revit\RebarAutomation\RebarAutomation.csproj]
C:\Program Files\dotnet\sdk\10.0.102\Microsoft.Common.CurrentVersion.targets(2437,5): warning MSB3277:           Project file item includes which caused reference "C:\Program Files\Autodesk\Revit 2026\RoomAreaPlanDBAPI.dll". [C:\Users\ajith\new revit\RebarAutomation\RebarAutomation.csproj]
C:\Program Files\dotnet\sdk\10.0.102\Microsoft.Common.CurrentVersion.targets(2437,5): warning MSB3277:             RevitAPI [C:\Users\ajith\new revit\RebarAutomation\RebarAutomation.csproj]
C:\Program Files\dotnet\sdk\10.0.102\Microsoft.Common.CurrentVersion.targets(2437,5): warning MSB3277:             RevitAPIUI [C:\Users\ajith\new revit\RebarAutomation\RebarAutomation.csproj]
C:\Program Files\dotnet\sdk\10.0.102\Microsoft.Common.CurrentVersion.targets(2437,5): warning MSB3277:         C:\Program Files\Autodesk\Revit 2026\SiteDBAPI.dll [C:\Users\ajith\new revit\RebarAutomation\RebarAutomation.csproj]
C:\Program Files\dotnet\sdk\10.0.102\Microsoft.Common.CurrentVersion.targets(2437,5): warning MSB3277:           Project file item includes which caused reference "C:\Program Files\Autodesk\Revit 2026\SiteDBAPI.dll". [C:\Users\ajith\new revit\RebarAutomation\RebarAutomation.csproj]
C:\Program Files\dotnet\sdk\10.0.102\Microsoft.Common.CurrentVersion.targets(2437,5): warning MSB3277:             RevitAPI [C:\Users\ajith\new revit\RebarAutomation\RebarAutomation.csproj]
C:\Program Files\dotnet\sdk\10.0.102\Microsoft.Common.CurrentVersion.targets(2437,5): warning MSB3277:             RevitAPIUI [C:\Users\ajith\new revit\RebarAutomation\RebarAutomation.csproj]
C:\Program Files\dotnet\sdk\10.0.102\Microsoft.Common.CurrentVersion.targets(2437,5): warning MSB3277:         C:\Program Files\Autodesk\Revit 2026\SculptingDBAPI.dll [C:\Users\ajith\new revit\RebarAutomation\RebarAutomation.csproj]
C:\Program Files\dotnet\sdk\10.0.102\Microsoft.Common.CurrentVersion.targets(2437,5): warning MSB3277:           Project file item includes which caused reference "C:\Program Files\Autodesk\Revit 2026\SculptingDBAPI.dll". [C:\Users\ajith\new revit\RebarAutomation\RebarAutomation.csproj]
C:\Program Files\dotnet\sdk\10.0.102\Microsoft.Common.CurrentVersion.targets(2437,5): warning MSB3277:             RevitAPI [C:\Users\ajith\new revit\RebarAutomation\RebarAutomation.csproj]
C:\Program Files\dotnet\sdk\10.0.102\Microsoft.Common.CurrentVersion.targets(2437,5): warning MSB3277:             RevitAPIUI [C:\Users\ajith\new revit\RebarAutomation\RebarAutomation.csproj]
C:\Program Files\dotnet\sdk\10.0.102\Microsoft.Common.CurrentVersion.targets(2437,5): warning MSB3277:         C:\Program Files\Autodesk\Revit 2026\StructuralDBAPI.dll [C:\Users\ajith\new revit\RebarAutomation\RebarAutomation.csproj]
C:\Program Files\dotnet\sdk\10.0.102\Microsoft.Common.CurrentVersion.targets(2437,5): warning MSB3277:           Project file item includes which caused reference "C:\Program Files\Autodesk\Revit 2026\StructuralDBAPI.dll". [C:\Users\ajith\new revit\RebarAutomation\RebarAutomation.csproj]
C:\Program Files\dotnet\sdk\10.0.102\Microsoft.Common.CurrentVersion.targets(2437,5): warning MSB3277:             RevitAPI [C:\Users\ajith\new revit\RebarAutomation\RebarAutomation.csproj]
C:\Program Files\dotnet\sdk\10.0.102\Microsoft.Common.CurrentVersion.targets(2437,5): warning MSB3277:             RevitAPIUI [C:\Users\ajith\new revit\RebarAutomation\RebarAutomation.csproj]
C:\Program Files\dotnet\sdk\10.0.102\Microsoft.Common.CurrentVersion.targets(2437,5): warning MSB3277:         C:\Program Files\Autodesk\Revit 2026\InterfaceAPI.dll [C:\Users\ajith\new revit\RebarAutomation\RebarAutomation.csproj]
C:\Program Files\dotnet\sdk\10.0.102\Microsoft.Common.CurrentVersion.targets(2437,5): warning MSB3277:           Project file item includes which caused reference "C:\Program Files\Autodesk\Revit 2026\InterfaceAPI.dll". [C:\Users\ajith\new revit\RebarAutomation\RebarAutomation.csproj]
C:\Program Files\dotnet\sdk\10.0.102\Microsoft.Common.CurrentVersion.targets(2437,5): warning MSB3277:             RevitAPI [C:\Users\ajith\new revit\RebarAutomation\RebarAutomation.csproj]
C:\Program Files\dotnet\sdk\10.0.102\Microsoft.Common.CurrentVersion.targets(2437,5): warning MSB3277:             RevitAPIUI [C:\Users\ajith\new revit\RebarAutomation\RebarAutomation.csproj]
C:\Program Files\dotnet\sdk\10.0.102\Microsoft.Common.CurrentVersion.targets(2437,5): warning MSB3277:         C:\Program Files\Autodesk\Revit 2026\InterfaceUtilAPI.dll [C:\Users\ajith\new revit\RebarAutomation\RebarAutomation.csproj]
C:\Program Files\dotnet\sdk\10.0.102\Microsoft.Common.CurrentVersion.targets(2437,5): warning MSB3277:           Project file item includes which caused reference "C:\Program Files\Autodesk\Revit 2026\InterfaceUtilAPI.dll". [C:\Users\ajith\new revit\RebarAutomation\RebarAutomation.csproj]
C:\Program Files\dotnet\sdk\10.0.102\Microsoft.Common.CurrentVersion.targets(2437,5): warning MSB3277:             RevitAPI [C:\Users\ajith\new revit\RebarAutomation\RebarAutomation.csproj]
C:\Program Files\dotnet\sdk\10.0.102\Microsoft.Common.CurrentVersion.targets(2437,5): warning MSB3277:             RevitAPIUI [C:\Users\ajith\new revit\RebarAutomation\RebarAutomation.csproj]
C:\Program Files\dotnet\sdk\10.0.102\Microsoft.Common.CurrentVersion.targets(2437,5): warning MSB3277:         C:\Program Files\Autodesk\Revit 2026\RebarDBAPI.dll [C:\Users\ajith\new revit\RebarAutomation\RebarAutomation.csproj]
C:\Program Files\dotnet\sdk\10.0.102\Microsoft.Common.CurrentVersion.targets(2437,5): warning MSB3277:           Project file item includes which caused reference "C:\Program Files\Autodesk\Revit 2026\RebarDBAPI.dll". [C:\Users\ajith\new revit\RebarAutomation\RebarAutomation.csproj]
C:\Program Files\dotnet\sdk\10.0.102\Microsoft.Common.CurrentVersion.targets(2437,5): warning MSB3277:             RevitAPI [C:\Users\ajith\new revit\RebarAutomation\RebarAutomation.csproj]
C:\Program Files\dotnet\sdk\10.0.102\Microsoft.Common.CurrentVersion.targets(2437,5): warning MSB3277:             RevitAPIUI [C:\Users\ajith\new revit\RebarAutomation\RebarAutomation.csproj]
C:\Program Files\dotnet\sdk\10.0.102\Microsoft.Common.CurrentVersion.targets(2437,5): warning MSB3277:         C:\Program Files\Autodesk\Revit 2026\StructuralAnalysisDBAPI.dll [C:\Users\ajith\new revit\RebarAutomation\RebarAutomation.csproj]
C:\Program Files\dotnet\sdk\10.0.102\Microsoft.Common.CurrentVersion.targets(2437,5): warning MSB3277:           Project file item includes which caused reference "C:\Program Files\Autodesk\Revit 2026\StructuralAnalysisDBAPI.dll". [C:\Users\ajith\new revit\RebarAutomation\RebarAutomation.csproj]
C:\Program Files\dotnet\sdk\10.0.102\Microsoft.Common.CurrentVersion.targets(2437,5): warning MSB3277:             RevitAPI [C:\Users\ajith\new revit\RebarAutomation\RebarAutomation.csproj]
C:\Program Files\dotnet\sdk\10.0.102\Microsoft.Common.CurrentVersion.targets(2437,5): warning MSB3277:             RevitAPIUI [C:\Users\ajith\new revit\RebarAutomation\RebarAutomation.csproj]
C:\Program Files\dotnet\sdk\10.0.102\Microsoft.Common.CurrentVersion.targets(2437,5): warning MSB3277:         C:\Program Files\Autodesk\Revit 2026\MassingDBAPI.dll [C:\Users\ajith\new revit\RebarAutomation\RebarAutomation.csproj]
C:\Program Files\dotnet\sdk\10.0.102\Microsoft.Common.CurrentVersion.targets(2437,5): warning MSB3277:           Project file item includes which caused reference "C:\Program Files\Autodesk\Revit 2026\MassingDBAPI.dll". [C:\Users\ajith\new revit\RebarAutomation\RebarAutomation.csproj]
C:\Program Files\dotnet\sdk\10.0.102\Microsoft.Common.CurrentVersion.targets(2437,5): warning MSB3277:             RevitAPI [C:\Users\ajith\new revit\RebarAutomation\RebarAutomation.csproj]
C:\Program Files\dotnet\sdk\10.0.102\Microsoft.Common.CurrentVersion.targets(2437,5): warning MSB3277:             RevitAPIUI [C:\Users\ajith\new revit\RebarAutomation\RebarAutomation.csproj]
C:\Program Files\dotnet\sdk\10.0.102\Microsoft.Common.CurrentVersion.targets(2437,5): warning MSB3277:         C:\Program Files\Autodesk\Revit 2026\AssemblyDBAPI.dll [C:\Users\ajith\new revit\RebarAutomation\RebarAutomation.csproj]
C:\Program Files\dotnet\sdk\10.0.102\Microsoft.Common.CurrentVersion.targets(2437,5): warning MSB3277:           Project file item includes which caused reference "C:\Program Files\Autodesk\Revit 2026\AssemblyDBAPI.dll". [C:\Users\ajith\new revit\RebarAutomation\RebarAutomation.csproj]
C:\Program Files\dotnet\sdk\10.0.102\Microsoft.Common.CurrentVersion.targets(2437,5): warning MSB3277:             RevitAPI [C:\Users\ajith\new revit\RebarAutomation\RebarAutomation.csproj]
C:\Program Files\dotnet\sdk\10.0.102\Microsoft.Common.CurrentVersion.targets(2437,5): warning MSB3277:             RevitAPIUI [C:\Users\ajith\new revit\RebarAutomation\RebarAutomation.csproj]
C:\Program Files\dotnet\sdk\10.0.102\Microsoft.Common.CurrentVersion.targets(2437,5): warning MSB3277:         C:\Program Files\Autodesk\Revit 2026\DPartDBAPI.dll [C:\Users\ajith\new revit\RebarAutomation\RebarAutomation.csproj]
C:\Program Files\dotnet\sdk\10.0.102\Microsoft.Common.CurrentVersion.targets(2437,5): warning MSB3277:           Project file item includes which caused reference "C:\Program Files\Autodesk\Revit 2026\DPartDBAPI.dll". [C:\Users\ajith\new revit\RebarAutomation\RebarAutomation.csproj]
C:\Program Files\dotnet\sdk\10.0.102\Microsoft.Common.CurrentVersion.targets(2437,5): warning MSB3277:             RevitAPI [C:\Users\ajith\new revit\RebarAutomation\RebarAutomation.csproj]
C:\Program Files\dotnet\sdk\10.0.102\Microsoft.Common.CurrentVersion.targets(2437,5): warning MSB3277:             RevitAPIUI [C:\Users\ajith\new revit\RebarAutomation\RebarAutomation.csproj]
C:\Program Files\dotnet\sdk\10.0.102\Microsoft.Common.CurrentVersion.targets(2437,5): warning MSB3277:         C:\Program Files\Autodesk\Revit 2026\NumberingDBAPI.dll [C:\Users\ajith\new revit\RebarAutomation\RebarAutomation.csproj]
C:\Program Files\dotnet\sdk\10.0.102\Microsoft.Common.CurrentVersion.targets(2437,5): warning MSB3277:           Project file item includes which caused reference "C:\Program Files\Autodesk\Revit 2026\NumberingDBAPI.dll". [C:\Users\ajith\new revit\RebarAutomation\RebarAutomation.csproj]
C:\Program Files\dotnet\sdk\10.0.102\Microsoft.Common.CurrentVersion.targets(2437,5): warning MSB3277:             RevitAPI [C:\Users\ajith\new revit\RebarAutomation\RebarAutomation.csproj]
C:\Program Files\dotnet\sdk\10.0.102\Microsoft.Common.CurrentVersion.targets(2437,5): warning MSB3277:             RevitAPIUI [C:\Users\ajith\new revit\RebarAutomation\RebarAutomation.csproj]
C:\Program Files\dotnet\sdk\10.0.102\Microsoft.Common.CurrentVersion.targets(2437,5): warning MSB3277:         C:\Program Files\Autodesk\Revit 2026\PointCloudAccessAPI.dll [C:\Users\ajith\new revit\RebarAutomation\RebarAutomation.csproj]
C:\Program Files\dotnet\sdk\10.0.102\Microsoft.Common.CurrentVersion.targets(2437,5): warning MSB3277:           Project file item includes which caused reference "C:\Program Files\Autodesk\Revit 2026\PointCloudAccessAPI.dll". [C:\Users\ajith\new revit\RebarAutomation\RebarAutomation.csproj]
C:\Program Files\dotnet\sdk\10.0.102\Microsoft.Common.CurrentVersion.targets(2437,5): warning MSB3277:             RevitAPI [C:\Users\ajith\new revit\RebarAutomation\RebarAutomation.csproj]
C:\Program Files\dotnet\sdk\10.0.102\Microsoft.Common.CurrentVersion.targets(2437,5): warning MSB3277:             RevitAPIUI [C:\Users\ajith\new revit\RebarAutomation\RebarAutomation.csproj]
C:\Program Files\dotnet\sdk\10.0.102\Microsoft.Common.CurrentVersion.targets(2437,5): warning MSB3277:         C:\Program Files\Autodesk\Revit 2026\StairRampDBAPI.dll [C:\Users\ajith\new revit\RebarAutomation\RebarAutomation.csproj]
C:\Program Files\dotnet\sdk\10.0.102\Microsoft.Common.CurrentVersion.targets(2437,5): warning MSB3277:           Project file item includes which caused reference "C:\Program Files\Autodesk\Revit 2026\StairRampDBAPI.dll". [C:\Users\ajith\new revit\RebarAutomation\RebarAutomation.csproj]
C:\Program Files\dotnet\sdk\10.0.102\Microsoft.Common.CurrentVersion.targets(2437,5): warning MSB3277:             RevitAPI [C:\Users\ajith\new revit\RebarAutomation\RebarAutomation.csproj]
C:\Program Files\dotnet\sdk\10.0.102\Microsoft.Common.CurrentVersion.targets(2437,5): warning MSB3277:             RevitAPIUI [C:\Users\ajith\new revit\RebarAutomation\RebarAutomation.csproj]
C:\Program Files\dotnet\sdk\10.0.102\Microsoft.Common.CurrentVersion.targets(2437,5): warning MSB3277:         C:\Program Files\Autodesk\Revit 2026\AnalysisAppsDBAPI.dll [C:\Users\ajith\new revit\RebarAutomation\RebarAutomation.csproj]
C:\Program Files\dotnet\sdk\10.0.102\Microsoft.Common.CurrentVersion.targets(2437,5): warning MSB3277:           Project file item includes which caused reference "C:\Program Files\Autodesk\Revit 2026\AnalysisAppsDBAPI.dll". [C:\Users\ajith\new revit\RebarAutomation\RebarAutomation.csproj]
C:\Program Files\dotnet\sdk\10.0.102\Microsoft.Common.CurrentVersion.targets(2437,5): warning MSB3277:             RevitAPI [C:\Users\ajith\new revit\RebarAutomation\RebarAutomation.csproj]
C:\Program Files\dotnet\sdk\10.0.102\Microsoft.Common.CurrentVersion.targets(2437,5): warning MSB3277:             RevitAPIUI [C:\Users\ajith\new revit\RebarAutomation\RebarAutomation.csproj]
C:\Program Files\dotnet\sdk\10.0.102\Microsoft.Common.CurrentVersion.targets(2437,5): warning MSB3277:         C:\Program Files\Autodesk\Revit 2026\MaterialDBAPI.dll [C:\Users\ajith\new revit\RebarAutomation\RebarAutomation.csproj]
C:\Program Files\dotnet\sdk\10.0.102\Microsoft.Common.CurrentVersion.targets(2437,5): warning MSB3277:           Project file item includes which caused reference "C:\Program Files\Autodesk\Revit 2026\MaterialDBAPI.dll". [C:\Users\ajith\new revit\RebarAutomation\RebarAutomation.csproj]
C:\Program Files\dotnet\sdk\10.0.102\Microsoft.Common.CurrentVersion.targets(2437,5): warning MSB3277:             RevitAPI [C:\Users\ajith\new revit\RebarAutomation\RebarAutomation.csproj]
C:\Program Files\dotnet\sdk\10.0.102\Microsoft.Common.CurrentVersion.targets(2437,5): warning MSB3277:             RevitAPIUI [C:\Users\ajith\new revit\RebarAutomation\RebarAutomation.csproj]
C:\Program Files\dotnet\sdk\10.0.102\Microsoft.Common.CurrentVersion.targets(2437,5): warning MSB3277:         C:\Program Files\Autodesk\Revit 2026\IntfATFAPI.dll [C:\Users\ajith\new revit\RebarAutomation\RebarAutomation.csproj]
C:\Program Files\dotnet\sdk\10.0.102\Microsoft.Common.CurrentVersion.targets(2437,5): warning MSB3277:           Project file item includes which caused reference "C:\Program Files\Autodesk\Revit 2026\IntfATFAPI.dll". [C:\Users\ajith\new revit\RebarAutomation\RebarAutomation.csproj]
C:\Program Files\dotnet\sdk\10.0.102\Microsoft.Common.CurrentVersion.targets(2437,5): warning MSB3277:             RevitAPI [C:\Users\ajith\new revit\RebarAutomation\RebarAutomation.csproj]
C:\Program Files\dotnet\sdk\10.0.102\Microsoft.Common.CurrentVersion.targets(2437,5): warning MSB3277:             RevitAPIUI [C:\Users\ajith\new revit\RebarAutomation\RebarAutomation.csproj]
C:\Program Files\dotnet\sdk\10.0.102\Microsoft.Common.CurrentVersion.targets(2437,5): warning MSB3277:         C:\Program Files\Autodesk\Revit 2026\TextEngineAPI.dll [C:\Users\ajith\new revit\RebarAutomation\RebarAutomation.csproj]
C:\Program Files\dotnet\sdk\10.0.102\Microsoft.Common.CurrentVersion.targets(2437,5): warning MSB3277:           Project file item includes which caused reference "C:\Program Files\Autodesk\Revit 2026\TextEngineAPI.dll". [C:\Users\ajith\new revit\RebarAutomation\RebarAutomation.csproj]
C:\Program Files\dotnet\sdk\10.0.102\Microsoft.Common.CurrentVersion.targets(2437,5): warning MSB3277:             RevitAPI [C:\Users\ajith\new revit\RebarAutomation\RebarAutomation.csproj]
C:\Program Files\dotnet\sdk\10.0.102\Microsoft.Common.CurrentVersion.targets(2437,5): warning MSB3277:             RevitAPIUI [C:\Users\ajith\new revit\RebarAutomation\RebarAutomation.csproj]
C:\Program Files\dotnet\sdk\10.0.102\Microsoft.Common.CurrentVersion.targets(2437,5): warning MSB3277:         C:\Program Files\Autodesk\Revit 2026\InfrastructureDBAPI.dll [C:\Users\ajith\new revit\RebarAutomation\RebarAutomation.csproj]
C:\Program Files\dotnet\sdk\10.0.102\Microsoft.Common.CurrentVersion.targets(2437,5): warning MSB3277:           Project file item includes which caused reference "C:\Program Files\Autodesk\Revit 2026\InfrastructureDBAPI.dll". [C:\Users\ajith\new revit\RebarAutomation\RebarAutomation.csproj]
C:\Program Files\dotnet\sdk\10.0.102\Microsoft.Common.CurrentVersion.targets(2437,5): warning MSB3277:             RevitAPI [C:\Users\ajith\new revit\RebarAutomation\RebarAutomation.csproj]
C:\Program Files\dotnet\sdk\10.0.102\Microsoft.Common.CurrentVersion.targets(2437,5): warning MSB3277:             RevitAPIUI [C:\Users\ajith\new revit\RebarAutomation\RebarAutomation.csproj]
C:\Program Files\dotnet\sdk\10.0.102\Microsoft.Common.CurrentVersion.targets(2437,5): warning MSB3277:         C:\Program Files\Autodesk\Revit 2026\ATFRevitCoreAPI.dll [C:\Users\ajith\new revit\RebarAutomation\RebarAutomation.csproj]
C:\Program Files\dotnet\sdk\10.0.102\Microsoft.Common.CurrentVersion.targets(2437,5): warning MSB3277:           Project file item includes which caused reference "C:\Program Files\Autodesk\Revit 2026\ATFRevitCoreAPI.dll". [C:\Users\ajith\new revit\RebarAutomation\RebarAutomation.csproj]
C:\Program Files\dotnet\sdk\10.0.102\Microsoft.Common.CurrentVersion.targets(2437,5): warning MSB3277:             RevitAPI [C:\Users\ajith\new revit\RebarAutomation\RebarAutomation.csproj]
C:\Program Files\dotnet\sdk\10.0.102\Microsoft.Common.CurrentVersion.targets(2437,5): warning MSB3277:             RevitAPIUI [C:\Users\ajith\new revit\RebarAutomation\RebarAutomation.csproj]
C:\Program Files\dotnet\sdk\10.0.102\Microsoft.Common.CurrentVersion.targets(2437,5): warning MSB3277:         C:\Program Files\Autodesk\Revit 2026\DBManagedServices.dll [C:\Users\ajith\new revit\RebarAutomation\RebarAutomation.csproj]
C:\Program Files\dotnet\sdk\10.0.102\Microsoft.Common.CurrentVersion.targets(2437,5): warning MSB3277:           Project file item includes which caused reference "C:\Program Files\Autodesk\Revit 2026\DBManagedServices.dll". [C:\Users\ajith\new revit\RebarAutomation\RebarAutomation.csproj]
C:\Program Files\dotnet\sdk\10.0.102\Microsoft.Common.CurrentVersion.targets(2437,5): warning MSB3277:             RevitAPI [C:\Users\ajith\new revit\RebarAutomation\RebarAutomation.csproj]
C:\Program Files\dotnet\sdk\10.0.102\Microsoft.Common.CurrentVersion.targets(2437,5): warning MSB3277:             RevitAPIUI [C:\Users\ajith\new revit\RebarAutomation\RebarAutomation.csproj]
C:\Program Files\dotnet\sdk\10.0.102\Microsoft.Common.CurrentVersion.targets(2437,5): warning MSB3277:         C:\Program Files\Autodesk\Revit 2026\APIInterop.dll [C:\Users\ajith\new revit\RebarAutomation\RebarAutomation.csproj]
C:\Program Files\dotnet\sdk\10.0.102\Microsoft.Common.CurrentVersion.targets(2437,5): warning MSB3277:           Project file item includes which caused reference "C:\Program Files\Autodesk\Revit 2026\APIInterop.dll". [C:\Users\ajith\new revit\RebarAutomation\RebarAutomation.csproj]
C:\Program Files\dotnet\sdk\10.0.102\Microsoft.Common.CurrentVersion.targets(2437,5): warning MSB3277:             RevitAPIUI [C:\Users\ajith\new revit\RebarAutomation\RebarAutomation.csproj]
C:\Program Files\dotnet\sdk\10.0.102\Microsoft.Common.CurrentVersion.targets(2437,5): warning MSB3277:         C:\Program Files\Autodesk\Revit 2026\AddInManager.dll [C:\Users\ajith\new revit\RebarAutomation\RebarAutomation.csproj]
C:\Program Files\dotnet\sdk\10.0.102\Microsoft.Common.CurrentVersion.targets(2437,5): warning MSB3277:           Project file item includes which caused reference "C:\Program Files\Autodesk\Revit 2026\AddInManager.dll". [C:\Users\ajith\new revit\RebarAutomation\RebarAutomation.csproj]
C:\Program Files\dotnet\sdk\10.0.102\Microsoft.Common.CurrentVersion.targets(2437,5): warning MSB3277:             RevitAPIUI [C:\Users\ajith\new revit\RebarAutomation\RebarAutomation.csproj]
C:\Program Files\dotnet\sdk\10.0.102\Microsoft.Common.CurrentVersion.targets(2437,5): warning MSB3277:         C:\Program Files\Autodesk\Revit 2026\RevitUIAPI.dll [C:\Users\ajith\new revit\RebarAutomation\RebarAutomation.csproj]
C:\Program Files\dotnet\sdk\10.0.102\Microsoft.Common.CurrentVersion.targets(2437,5): warning MSB3277:           Project file item includes which caused reference "C:\Program Files\Autodesk\Revit 2026\RevitUIAPI.dll". [C:\Users\ajith\new revit\RebarAutomation\RebarAutomation.csproj]
C:\Program Files\dotnet\sdk\10.0.102\Microsoft.Common.CurrentVersion.targets(2437,5): warning MSB3277:             RevitAPIUI [C:\Users\ajith\new revit\RebarAutomation\RebarAutomation.csproj]
C:\Program Files\dotnet\sdk\10.0.102\Microsoft.Common.CurrentVersion.targets(2437,5): warning MSB3277:         C:\Program Files\Autodesk\Revit 2026\BuildingSystemsUIAPI.dll [C:\Users\ajith\new revit\RebarAutomation\RebarAutomation.csproj]
C:\Program Files\dotnet\sdk\10.0.102\Microsoft.Common.CurrentVersion.targets(2437,5): warning MSB3277:           Project file item includes which caused reference "C:\Program Files\Autodesk\Revit 2026\BuildingSystemsUIAPI.dll". [C:\Users\ajith\new revit\RebarAutomation\RebarAutomation.csproj]
C:\Program Files\dotnet\sdk\10.0.102\Microsoft.Common.CurrentVersion.targets(2437,5): warning MSB3277:             RevitAPIUI [C:\Users\ajith\new revit\RebarAutomation\RebarAutomation.csproj]
C:\Program Files\dotnet\sdk\10.0.102\Microsoft.Common.CurrentVersion.targets(2437,5): warning MSB3277:         C:\Program Files\Autodesk\Revit 2026\DesktopMFCAPI.dll [C:\Users\ajith\new revit\RebarAutomation\RebarAutomation.csproj]
C:\Program Files\dotnet\sdk\10.0.102\Microsoft.Common.CurrentVersion.targets(2437,5): warning MSB3277:           Project file item includes which caused reference "C:\Program Files\Autodesk\Revit 2026\DesktopMFCAPI.dll". [C:\Users\ajith\new revit\RebarAutomation\RebarAutomation.csproj]
C:\Program Files\dotnet\sdk\10.0.102\Microsoft.Common.CurrentVersion.targets(2437,5): warning MSB3277:             RevitAPIUI [C:\Users\ajith\new revit\RebarAutomation\RebarAutomation.csproj]
C:\Program Files\dotnet\sdk\10.0.102\Microsoft.Common.CurrentVersion.targets(2437,5): warning MSB3277:         C:\Program Files\Autodesk\Revit 2026\APIUIAPI.dll [C:\Users\ajith\new revit\RebarAutomation\RebarAutomation.csproj]
C:\Program Files\dotnet\sdk\10.0.102\Microsoft.Common.CurrentVersion.targets(2437,5): warning MSB3277:           Project file item includes which caused reference "C:\Program Files\Autodesk\Revit 2026\APIUIAPI.dll". [C:\Users\ajith\new revit\RebarAutomation\RebarAutomation.csproj]
C:\Program Files\dotnet\sdk\10.0.102\Microsoft.Common.CurrentVersion.targets(2437,5): warning MSB3277:             RevitAPIUI [C:\Users\ajith\new revit\RebarAutomation\RebarAutomation.csproj]
C:\Program Files\dotnet\sdk\10.0.102\Microsoft.Common.CurrentVersion.targets(2437,5): warning MSB3277:         C:\Program Files\Autodesk\Revit 2026\RevitMFCAPI.dll [C:\Users\ajith\new revit\RebarAutomation\RebarAutomation.csproj]
C:\Program Files\dotnet\sdk\10.0.102\Microsoft.Common.CurrentVersion.targets(2437,5): warning MSB3277:           Project file item includes which caused reference "C:\Program Files\Autodesk\Revit 2026\RevitMFCAPI.dll". [C:\Users\ajith\new revit\RebarAutomation\RebarAutomation.csproj]
C:\Program Files\dotnet\sdk\10.0.102\Microsoft.Common.CurrentVersion.targets(2437,5): warning MSB3277:             RevitAPIUI [C:\Users\ajith\new revit\RebarAutomation\RebarAutomation.csproj]
C:\Program Files\dotnet\sdk\10.0.102\Microsoft.Common.CurrentVersion.targets(2437,5): warning MSB3277:         C:\Program Files\Autodesk\Revit 2026\EssentialsUIAPI.dll [C:\Users\ajith\new revit\RebarAutomation\RebarAutomation.csproj]
C:\Program Files\dotnet\sdk\10.0.102\Microsoft.Common.CurrentVersion.targets(2437,5): warning MSB3277:           Project file item includes which caused reference "C:\Program Files\Autodesk\Revit 2026\EssentialsUIAPI.dll". [C:\Users\ajith\new revit\RebarAutomation\RebarAutomation.csproj]
C:\Program Files\dotnet\sdk\10.0.102\Microsoft.Common.CurrentVersion.targets(2437,5): warning MSB3277:             RevitAPIUI [C:\Users\ajith\new revit\RebarAutomation\RebarAutomation.csproj]
C:\Program Files\dotnet\sdk\10.0.102\Microsoft.Common.CurrentVersion.targets(2437,5): warning MSB3277:         C:\Program Files\Autodesk\Revit 2026\DetailUIAPI.dll [C:\Users\ajith\new revit\RebarAutomation\RebarAutomation.csproj]
C:\Program Files\dotnet\sdk\10.0.102\Microsoft.Common.CurrentVersion.targets(2437,5): warning MSB3277:           Project file item includes which caused reference "C:\Program Files\Autodesk\Revit 2026\DetailUIAPI.dll". [C:\Users\ajith\new revit\RebarAutomation\RebarAutomation.csproj]
C:\Program Files\dotnet\sdk\10.0.102\Microsoft.Common.CurrentVersion.targets(2437,5): warning MSB3277:             RevitAPIUI [C:\Users\ajith\new revit\RebarAutomation\RebarAutomation.csproj]
C:\Program Files\dotnet\sdk\10.0.102\Microsoft.Common.CurrentVersion.targets(2437,5): warning MSB3277:         C:\Program Files\Autodesk\Revit 2026\UIFrameworkServices.dll [C:\Users\ajith\new revit\RebarAutomation\RebarAutomation.csproj]
C:\Program Files\dotnet\sdk\10.0.102\Microsoft.Common.CurrentVersion.targets(2437,5): warning MSB3277:           Project file item includes which caused reference "C:\Program Files\Autodesk\Revit 2026\UIFrameworkServices.dll". [C:\Users\ajith\new revit\RebarAutomation\RebarAutomation.csproj]
C:\Program Files\dotnet\sdk\10.0.102\Microsoft.Common.CurrentVersion.targets(2437,5): warning MSB3277:             RevitAPIUI [C:\Users\ajith\new revit\RebarAutomation\RebarAutomation.csproj]
C:\Program Files\dotnet\sdk\10.0.102\Microsoft.Common.CurrentVersion.targets(2437,5): warning MSB3277:         C:\Program Files\Autodesk\Revit 2026\SSONET.dll [C:\Users\ajith\new revit\RebarAutomation\RebarAutomation.csproj]
C:\Program Files\dotnet\sdk\10.0.102\Microsoft.Common.CurrentVersion.targets(2437,5): warning MSB3277:           Project file item includes which caused reference "C:\Program Files\Autodesk\Revit 2026\SSONET.dll". [C:\Users\ajith\new revit\RebarAutomation\RebarAutomation.csproj]
C:\Program Files\dotnet\sdk\10.0.102\Microsoft.Common.CurrentVersion.targets(2437,5): warning MSB3277:             RevitAPIUI [C:\Users\ajith\new revit\RebarAutomation\RebarAutomation.csproj]
C:\Program Files\dotnet\sdk\10.0.102\Microsoft.Common.CurrentVersion.targets(2437,5): warning MSB3277: Found conflicts between different versions of "System.Threading.Tasks" that could not be resolved. [C:\Users\ajith\new revit\RebarAutomation\RebarAutomation.csproj]
C:\Program Files\dotnet\sdk\10.0.102\Microsoft.Common.CurrentVersion.targets(2437,5): warning MSB3277: There was a conflict between "System.Threading.Tasks, Version=4.0.11.0, Culture=neutral, PublicKeyToken=b03f5f7f11d50a3a" and "System.Threading.Tasks, Version=8.0.0.0, Culture=neutral, PublicKeyToken=b03f5f7f11d50a3a". [C:\Users\ajith\new revit\RebarAutomation\RebarAutomation.csproj]
C:\Program Files\dotnet\sdk\10.0.102\Microsoft.Common.CurrentVersion.targets(2437,5): warning MSB3277:     "System.Threading.Tasks, Version=4.0.11.0, Culture=neutral, PublicKeyToken=b03f5f7f11d50a3a" was chosen because it was primary and "System.Threading.Tasks, Version=8.0.0.0, Culture=neutral, PublicKeyToken=b03f5f7f11d50a3a" was not. [C:\Users\ajith\new revit\RebarAutomation\RebarAutomation.csproj]
C:\Program Files\dotnet\sdk\10.0.102\Microsoft.Common.CurrentVersion.targets(2437,5): warning MSB3277:     References which depend on "System.Threading.Tasks, Version=4.0.11.0, Culture=neutral, PublicKeyToken=b03f5f7f11d50a3a" [C:\Program Files (x86)\Reference Assemblies\Microsoft\Framework\.NETFramework\v4.8\Facades\System.Threading.Tasks.dll]. [C:\Users\ajith\new revit\RebarAutomation\RebarAutomation.csproj]
C:\Program Files\dotnet\sdk\10.0.102\Microsoft.Common.CurrentVersion.targets(2437,5): warning MSB3277:         C:\Program Files (x86)\Reference Assemblies\Microsoft\Framework\.NETFramework\v4.8\Facades\System.Threading.Tasks.dll [C:\Users\ajith\new revit\RebarAutomation\RebarAutomation.csproj]
C:\Program Files\dotnet\sdk\10.0.102\Microsoft.Common.CurrentVersion.targets(2437,5): warning MSB3277:           Project file item includes which caused reference "C:\Program Files (x86)\Reference Assemblies\Microsoft\Framework\.NETFramework\v4.8\Facades\System.Threading.Tasks.dll". [C:\Users\ajith\new revit\RebarAutomation\RebarAutomation.csproj]
C:\Program Files\dotnet\sdk\10.0.102\Microsoft.Common.CurrentVersion.targets(2437,5): warning MSB3277:             System.Threading.Tasks [C:\Users\ajith\new revit\RebarAutomation\RebarAutomation.csproj]
C:\Program Files\dotnet\sdk\10.0.102\Microsoft.Common.CurrentVersion.targets(2437,5): warning MSB3277:     References which depend on or have been unified to "System.Threading.Tasks, Version=8.0.0.0, Culture=neutral, PublicKeyToken=b03f5f7f11d50a3a" []. [C:\Users\ajith\new revit\RebarAutomation\RebarAutomation.csproj]
C:\Program Files\dotnet\sdk\10.0.102\Microsoft.Common.CurrentVersion.targets(2437,5): warning MSB3277:         C:\Program Files\Autodesk\Revit 2026\RevitAPI.dll [C:\Users\ajith\new revit\RebarAutomation\RebarAutomation.csproj]
C:\Program Files\dotnet\sdk\10.0.102\Microsoft.Common.CurrentVersion.targets(2437,5): warning MSB3277:           Project file item includes which caused reference "C:\Program Files\Autodesk\Revit 2026\RevitAPI.dll". [C:\Users\ajith\new revit\RebarAutomation\RebarAutomation.csproj]
C:\Program Files\dotnet\sdk\10.0.102\Microsoft.Common.CurrentVersion.targets(2437,5): warning MSB3277:             RevitAPI [C:\Users\ajith\new revit\RebarAutomation\RebarAutomation.csproj]
C:\Program Files\dotnet\sdk\10.0.102\Microsoft.Common.CurrentVersion.targets(2437,5): warning MSB3277:             RevitAPIUI [C:\Users\ajith\new revit\RebarAutomation\RebarAutomation.csproj]
C:\Program Files\dotnet\sdk\10.0.102\Microsoft.Common.CurrentVersion.targets(2437,5): warning MSB3277:         C:\Program Files\Autodesk\Revit 2026\RevitAPIUI.dll [C:\Users\ajith\new revit\RebarAutomation\RebarAutomation.csproj]
C:\Program Files\dotnet\sdk\10.0.102\Microsoft.Common.CurrentVersion.targets(2437,5): warning MSB3277:           Project file item includes which caused reference "C:\Program Files\Autodesk\Revit 2026\RevitAPIUI.dll". [C:\Users\ajith\new revit\RebarAutomation\RebarAutomation.csproj]
C:\Program Files\dotnet\sdk\10.0.102\Microsoft.Common.CurrentVersion.targets(2437,5): warning MSB3277:             RevitAPIUI [C:\Users\ajith\new revit\RebarAutomation\RebarAutomation.csproj]
C:\Program Files\dotnet\sdk\10.0.102\Microsoft.Common.CurrentVersion.targets(2437,5): warning MSB3277:         C:\Program Files\Autodesk\Revit 2026\AdskRcManaged.dll [C:\Users\ajith\new revit\RebarAutomation\RebarAutomation.csproj]
C:\Program Files\dotnet\sdk\10.0.102\Microsoft.Common.CurrentVersion.targets(2437,5): warning MSB3277:           Project file item includes which caused reference "C:\Program Files\Autodesk\Revit 2026\AdskRcManaged.dll". [C:\Users\ajith\new revit\RebarAutomation\RebarAutomation.csproj]
C:\Program Files\dotnet\sdk\10.0.102\Microsoft.Common.CurrentVersion.targets(2437,5): warning MSB3277:             RevitAPI [C:\Users\ajith\new revit\RebarAutomation\RebarAutomation.csproj]
C:\Program Files\dotnet\sdk\10.0.102\Microsoft.Common.CurrentVersion.targets(2437,5): warning MSB3277:             RevitAPIUI [C:\Users\ajith\new revit\RebarAutomation\RebarAutomation.csproj]
C:\Program Files\dotnet\sdk\10.0.102\Microsoft.Common.CurrentVersion.targets(2437,5): warning MSB3277:         C:\Program Files\Autodesk\Revit 2026\RevitAPIFoundation.dll [C:\Users\ajith\new revit\RebarAutomation\RebarAutomation.csproj]
C:\Program Files\dotnet\sdk\10.0.102\Microsoft.Common.CurrentVersion.targets(2437,5): warning MSB3277:           Project file item includes which caused reference "C:\Program Files\Autodesk\Revit 2026\RevitAPIFoundation.dll". [C:\Users\ajith\new revit\RebarAutomation\RebarAutomation.csproj]
C:\Program Files\dotnet\sdk\10.0.102\Microsoft.Common.CurrentVersion.targets(2437,5): warning MSB3277:             RevitAPI [C:\Users\ajith\new revit\RebarAutomation\RebarAutomation.csproj]
C:\Program Files\dotnet\sdk\10.0.102\Microsoft.Common.CurrentVersion.targets(2437,5): warning MSB3277:             RevitAPIUI [C:\Users\ajith\new revit\RebarAutomation\RebarAutomation.csproj]
C:\Program Files\dotnet\sdk\10.0.102\Microsoft.Common.CurrentVersion.targets(2437,5): warning MSB3277:         C:\Program Files\Autodesk\Revit 2026\RevitDBAPI.dll [C:\Users\ajith\new revit\RebarAutomation\RebarAutomation.csproj]
C:\Program Files\dotnet\sdk\10.0.102\Microsoft.Common.CurrentVersion.targets(2437,5): warning MSB3277:           Project file item includes which caused reference "C:\Program Files\Autodesk\Revit 2026\RevitDBAPI.dll". [C:\Users\ajith\new revit\RebarAutomation\RebarAutomation.csproj]
C:\Program Files\dotnet\sdk\10.0.102\Microsoft.Common.CurrentVersion.targets(2437,5): warning MSB3277:             RevitAPI [C:\Users\ajith\new revit\RebarAutomation\RebarAutomation.csproj]
C:\Program Files\dotnet\sdk\10.0.102\Microsoft.Common.CurrentVersion.targets(2437,5): warning MSB3277:             RevitAPIUI [C:\Users\ajith\new revit\RebarAutomation\RebarAutomation.csproj]
C:\Program Files\dotnet\sdk\10.0.102\Microsoft.Common.CurrentVersion.targets(2437,5): warning MSB3277:         C:\Program Files\Autodesk\Revit 2026\RevitDBCoreAPI.dll [C:\Users\ajith\new revit\RebarAutomation\RebarAutomation.csproj]
C:\Program Files\dotnet\sdk\10.0.102\Microsoft.Common.CurrentVersion.targets(2437,5): warning MSB3277:           Project file item includes which caused reference "C:\Program Files\Autodesk\Revit 2026\RevitDBCoreAPI.dll". [C:\Users\ajith\new revit\RebarAutomation\RebarAutomation.csproj]
C:\Program Files\dotnet\sdk\10.0.102\Microsoft.Common.CurrentVersion.targets(2437,5): warning MSB3277:             RevitAPI [C:\Users\ajith\new revit\RebarAutomation\RebarAutomation.csproj]
C:\Program Files\dotnet\sdk\10.0.102\Microsoft.Common.CurrentVersion.targets(2437,5): warning MSB3277:             RevitAPIUI [C:\Users\ajith\new revit\RebarAutomation\RebarAutomation.csproj]
C:\Program Files\dotnet\sdk\10.0.102\Microsoft.Common.CurrentVersion.targets(2437,5): warning MSB3277:         C:\Program Files\Autodesk\Revit 2026\PersistenceDBAPI.dll [C:\Users\ajith\new revit\RebarAutomation\RebarAutomation.csproj]
C:\Program Files\dotnet\sdk\10.0.102\Microsoft.Common.CurrentVersion.targets(2437,5): warning MSB3277:           Project file item includes which caused reference "C:\Program Files\Autodesk\Revit 2026\PersistenceDBAPI.dll". [C:\Users\ajith\new revit\RebarAutomation\RebarAutomation.csproj]
C:\Program Files\dotnet\sdk\10.0.102\Microsoft.Common.CurrentVersion.targets(2437,5): warning MSB3277:             RevitAPI [C:\Users\ajith\new revit\RebarAutomation\RebarAutomation.csproj]
C:\Program Files\dotnet\sdk\10.0.102\Microsoft.Common.CurrentVersion.targets(2437,5): warning MSB3277:             RevitAPIUI [C:\Users\ajith\new revit\RebarAutomation\RebarAutomation.csproj]
C:\Program Files\dotnet\sdk\10.0.102\Microsoft.Common.CurrentVersion.targets(2437,5): warning MSB3277:         C:\Program Files\Autodesk\Revit 2026\UtilityAPI.dll [C:\Users\ajith\new revit\RebarAutomation\RebarAutomation.csproj]
C:\Program Files\dotnet\sdk\10.0.102\Microsoft.Common.CurrentVersion.targets(2437,5): warning MSB3277:           Project file item includes which caused reference "C:\Program Files\Autodesk\Revit 2026\UtilityAPI.dll". [C:\Users\ajith\new revit\RebarAutomation\RebarAutomation.csproj]
C:\Program Files\dotnet\sdk\10.0.102\Microsoft.Common.CurrentVersion.targets(2437,5): warning MSB3277:             RevitAPI [C:\Users\ajith\new revit\RebarAutomation\RebarAutomation.csproj]
C:\Program Files\dotnet\sdk\10.0.102\Microsoft.Common.CurrentVersion.targets(2437,5): warning MSB3277:             RevitAPIUI [C:\Users\ajith\new revit\RebarAutomation\RebarAutomation.csproj]
C:\Program Files\dotnet\sdk\10.0.102\Microsoft.Common.CurrentVersion.targets(2437,5): warning MSB3277:         C:\Program Files\Autodesk\Revit 2026\APIDBAPI.dll [C:\Users\ajith\new revit\RebarAutomation\RebarAutomation.csproj]
C:\Program Files\dotnet\sdk\10.0.102\Microsoft.Common.CurrentVersion.targets(2437,5): warning MSB3277:           Project file item includes which caused reference "C:\Program Files\Autodesk\Revit 2026\APIDBAPI.dll". [C:\Users\ajith\new revit\RebarAutomation\RebarAutomation.csproj]
C:\Program Files\dotnet\sdk\10.0.102\Microsoft.Common.CurrentVersion.targets(2437,5): warning MSB3277:             RevitAPI [C:\Users\ajith\new revit\RebarAutomation\RebarAutomation.csproj]
C:\Program Files\dotnet\sdk\10.0.102\Microsoft.Common.CurrentVersion.targets(2437,5): warning MSB3277:             RevitAPIUI [C:\Users\ajith\new revit\RebarAutomation\RebarAutomation.csproj]
C:\Program Files\dotnet\sdk\10.0.102\Microsoft.Common.CurrentVersion.targets(2437,5): warning MSB3277:         C:\Program Files\Autodesk\Revit 2026\GraphicsAPI.dll [C:\Users\ajith\new revit\RebarAutomation\RebarAutomation.csproj]
C:\Program Files\dotnet\sdk\10.0.102\Microsoft.Common.CurrentVersion.targets(2437,5): warning MSB3277:           Project file item includes which caused reference "C:\Program Files\Autodesk\Revit 2026\GraphicsAPI.dll". [C:\Users\ajith\new revit\RebarAutomation\RebarAutomation.csproj]
C:\Program Files\dotnet\sdk\10.0.102\Microsoft.Common.CurrentVersion.targets(2437,5): warning MSB3277:             RevitAPI [C:\Users\ajith\new revit\RebarAutomation\RebarAutomation.csproj]
C:\Program Files\dotnet\sdk\10.0.102\Microsoft.Common.CurrentVersion.targets(2437,5): warning MSB3277:             RevitAPIUI [C:\Users\ajith\new revit\RebarAutomation\RebarAutomation.csproj]
C:\Program Files\dotnet\sdk\10.0.102\Microsoft.Common.CurrentVersion.targets(2437,5): warning MSB3277:         C:\Program Files\Autodesk\Revit 2026\ElementGroupDBAPI.dll [C:\Users\ajith\new revit\RebarAutomation\RebarAutomation.csproj]
C:\Program Files\dotnet\sdk\10.0.102\Microsoft.Common.CurrentVersion.targets(2437,5): warning MSB3277:           Project file item includes which caused reference "C:\Program Files\Autodesk\Revit 2026\ElementGroupDBAPI.dll". [C:\Users\ajith\new revit\RebarAutomation\RebarAutomation.csproj]
C:\Program Files\dotnet\sdk\10.0.102\Microsoft.Common.CurrentVersion.targets(2437,5): warning MSB3277:             RevitAPI [C:\Users\ajith\new revit\RebarAutomation\RebarAutomation.csproj]
C:\Program Files\dotnet\sdk\10.0.102\Microsoft.Common.CurrentVersion.targets(2437,5): warning MSB3277:             RevitAPIUI [C:\Users\ajith\new revit\RebarAutomation\RebarAutomation.csproj]
C:\Program Files\dotnet\sdk\10.0.102\Microsoft.Common.CurrentVersion.targets(2437,5): warning MSB3277:         C:\Program Files\Autodesk\Revit 2026\EssentialsDBAPI.dll [C:\Users\ajith\new revit\RebarAutomation\RebarAutomation.csproj]
C:\Program Files\dotnet\sdk\10.0.102\Microsoft.Common.CurrentVersion.targets(2437,5): warning MSB3277:           Project file item includes which caused reference "C:\Program Files\Autodesk\Revit 2026\EssentialsDBAPI.dll". [C:\Users\ajith\new revit\RebarAutomation\RebarAutomation.csproj]
C:\Program Files\dotnet\sdk\10.0.102\Microsoft.Common.CurrentVersion.targets(2437,5): warning MSB3277:             RevitAPI [C:\Users\ajith\new revit\RebarAutomation\RebarAutomation.csproj]
C:\Program Files\dotnet\sdk\10.0.102\Microsoft.Common.CurrentVersion.targets(2437,5): warning MSB3277:             RevitAPIUI [C:\Users\ajith\new revit\RebarAutomation\RebarAutomation.csproj]
C:\Program Files\dotnet\sdk\10.0.102\Microsoft.Common.CurrentVersion.targets(2437,5): warning MSB3277:         C:\Program Files\Autodesk\Revit 2026\GeomUtilAPI.dll [C:\Users\ajith\new revit\RebarAutomation\RebarAutomation.csproj]
C:\Program Files\dotnet\sdk\10.0.102\Microsoft.Common.CurrentVersion.targets(2437,5): warning MSB3277:           Project file item includes which caused reference "C:\Program Files\Autodesk\Revit 2026\GeomUtilAPI.dll". [C:\Users\ajith\new revit\RebarAutomation\RebarAutomation.csproj]
C:\Program Files\dotnet\sdk\10.0.102\Microsoft.Common.CurrentVersion.targets(2437,5): warning MSB3277:             RevitAPI [C:\Users\ajith\new revit\RebarAutomation\RebarAutomation.csproj]
C:\Program Files\dotnet\sdk\10.0.102\Microsoft.Common.CurrentVersion.targets(2437,5): warning MSB3277:             RevitAPIUI [C:\Users\ajith\new revit\RebarAutomation\RebarAutomation.csproj]
C:\Program Files\dotnet\sdk\10.0.102\Microsoft.Common.CurrentVersion.targets(2437,5): warning MSB3277:         C:\Program Files\Autodesk\Revit 2026\FamilyDBAPI.dll [C:\Users\ajith\new revit\RebarAutomation\RebarAutomation.csproj]
C:\Program Files\dotnet\sdk\10.0.102\Microsoft.Common.CurrentVersion.targets(2437,5): warning MSB3277:           Project file item includes which caused reference "C:\Program Files\Autodesk\Revit 2026\FamilyDBAPI.dll". [C:\Users\ajith\new revit\RebarAutomation\RebarAutomation.csproj]
C:\Program Files\dotnet\sdk\10.0.102\Microsoft.Common.CurrentVersion.targets(2437,5): warning MSB3277:             RevitAPI [C:\Users\ajith\new revit\RebarAutomation\RebarAutomation.csproj]
C:\Program Files\dotnet\sdk\10.0.102\Microsoft.Common.CurrentVersion.targets(2437,5): warning MSB3277:             RevitAPIUI [C:\Users\ajith\new revit\RebarAutomation\RebarAutomation.csproj]
C:\Program Files\dotnet\sdk\10.0.102\Microsoft.Common.CurrentVersion.targets(2437,5): warning MSB3277:         C:\Program Files\Autodesk\Revit 2026\DetailDBAPI.dll [C:\Users\ajith\new revit\RebarAutomation\RebarAutomation.csproj]
C:\Program Files\dotnet\sdk\10.0.102\Microsoft.Common.CurrentVersion.targets(2437,5): warning MSB3277:           Project file item includes which caused reference "C:\Program Files\Autodesk\Revit 2026\DetailDBAPI.dll". [C:\Users\ajith\new revit\RebarAutomation\RebarAutomation.csproj]
C:\Program Files\dotnet\sdk\10.0.102\Microsoft.Common.CurrentVersion.targets(2437,5): warning MSB3277:             RevitAPI [C:\Users\ajith\new revit\RebarAutomation\RebarAutomation.csproj]
C:\Program Files\dotnet\sdk\10.0.102\Microsoft.Common.CurrentVersion.targets(2437,5): warning MSB3277:             RevitAPIUI [C:\Users\ajith\new revit\RebarAutomation\RebarAutomation.csproj]
C:\Program Files\dotnet\sdk\10.0.102\Microsoft.Common.CurrentVersion.targets(2437,5): warning MSB3277:         C:\Program Files\Autodesk\Revit 2026\CurtainGridFamilyDBAPI.dll [C:\Users\ajith\new revit\RebarAutomation\RebarAutomation.csproj]
C:\Program Files\dotnet\sdk\10.0.102\Microsoft.Common.CurrentVersion.targets(2437,5): warning MSB3277:           Project file item includes which caused reference "C:\Program Files\Autodesk\Revit 2026\CurtainGridFamilyDBAPI.dll". [C:\Users\ajith\new revit\RebarAutomation\RebarAutomation.csproj]
C:\Program Files\dotnet\sdk\10.0.102\Microsoft.Common.CurrentVersion.targets(2437,5): warning MSB3277:             RevitAPI [C:\Users\ajith\new revit\RebarAutomation\RebarAutomation.csproj]
C:\Program Files\dotnet\sdk\10.0.102\Microsoft.Common.CurrentVersion.targets(2437,5): warning MSB3277:             RevitAPIUI [C:\Users\ajith\new revit\RebarAutomation\RebarAutomation.csproj]
C:\Program Files\dotnet\sdk\10.0.102\Microsoft.Common.CurrentVersion.targets(2437,5): warning MSB3277:         C:\Program Files\Autodesk\Revit 2026\ArrayElemsDBAPI.dll [C:\Users\ajith\new revit\RebarAutomation\RebarAutomation.csproj]
C:\Program Files\dotnet\sdk\10.0.102\Microsoft.Common.CurrentVersion.targets(2437,5): warning MSB3277:           Project file item includes which caused reference "C:\Program Files\Autodesk\Revit 2026\ArrayElemsDBAPI.dll". [C:\Users\ajith\new revit\RebarAutomation\RebarAutomation.csproj]
C:\Program Files\dotnet\sdk\10.0.102\Microsoft.Common.CurrentVersion.targets(2437,5): warning MSB3277:             RevitAPI [C:\Users\ajith\new revit\RebarAutomation\RebarAutomation.csproj]
C:\Program Files\dotnet\sdk\10.0.102\Microsoft.Common.CurrentVersion.targets(2437,5): warning MSB3277:             RevitAPIUI [C:\Users\ajith\new revit\RebarAutomation\RebarAutomation.csproj]
C:\Program Files\dotnet\sdk\10.0.102\Microsoft.Common.CurrentVersion.targets(2437,5): warning MSB3277:         C:\Program Files\Autodesk\Revit 2026\EnergyAnalysisDBAPI.dll [C:\Users\ajith\new revit\RebarAutomation\RebarAutomation.csproj]
C:\Program Files\dotnet\sdk\10.0.102\Microsoft.Common.CurrentVersion.targets(2437,5): warning MSB3277:           Project file item includes which caused reference "C:\Program Files\Autodesk\Revit 2026\EnergyAnalysisDBAPI.dll". [C:\Users\ajith\new revit\RebarAutomation\RebarAutomation.csproj]
C:\Program Files\dotnet\sdk\10.0.102\Microsoft.Common.CurrentVersion.targets(2437,5): warning MSB3277:             RevitAPI [C:\Users\ajith\new revit\RebarAutomation\RebarAutomation.csproj]
C:\Program Files\dotnet\sdk\10.0.102\Microsoft.Common.CurrentVersion.targets(2437,5): warning MSB3277:             RevitAPIUI [C:\Users\ajith\new revit\RebarAutomation\RebarAutomation.csproj]
C:\Program Files\dotnet\sdk\10.0.102\Microsoft.Common.CurrentVersion.targets(2437,5): warning MSB3277:         C:\Program Files\Autodesk\Revit 2026\BuildingSystemsDBAPI.dll [C:\Users\ajith\new revit\RebarAutomation\RebarAutomation.csproj]
C:\Program Files\dotnet\sdk\10.0.102\Microsoft.Common.CurrentVersion.targets(2437,5): warning MSB3277:           Project file item includes which caused reference "C:\Program Files\Autodesk\Revit 2026\BuildingSystemsDBAPI.dll". [C:\Users\ajith\new revit\RebarAutomation\RebarAutomation.csproj]
C:\Program Files\dotnet\sdk\10.0.102\Microsoft.Common.CurrentVersion.targets(2437,5): warning MSB3277:             RevitAPI [C:\Users\ajith\new revit\RebarAutomation\RebarAutomation.csproj]
C:\Program Files\dotnet\sdk\10.0.102\Microsoft.Common.CurrentVersion.targets(2437,5): warning MSB3277:             RevitAPIUI [C:\Users\ajith\new revit\RebarAutomation\RebarAutomation.csproj]
C:\Program Files\dotnet\sdk\10.0.102\Microsoft.Common.CurrentVersion.targets(2437,5): warning MSB3277:         C:\Program Files\Autodesk\Revit 2026\HostObjDBAPI.dll [C:\Users\ajith\new revit\RebarAutomation\RebarAutomation.csproj]
C:\Program Files\dotnet\sdk\10.0.102\Microsoft.Common.CurrentVersion.targets(2437,5): warning MSB3277:           Project file item includes which caused reference "C:\Program Files\Autodesk\Revit 2026\HostObjDBAPI.dll". [C:\Users\ajith\new revit\RebarAutomation\RebarAutomation.csproj]
C:\Program Files\dotnet\sdk\10.0.102\Microsoft.Common.CurrentVersion.targets(2437,5): warning MSB3277:             RevitAPI [C:\Users\ajith\new revit\RebarAutomation\RebarAutomation.csproj]
C:\Program Files\dotnet\sdk\10.0.102\Microsoft.Common.CurrentVersion.targets(2437,5): warning MSB3277:             RevitAPIUI [C:\Users\ajith\new revit\RebarAutomation\RebarAutomation.csproj]
C:\Program Files\dotnet\sdk\10.0.102\Microsoft.Common.CurrentVersion.targets(2437,5): warning MSB3277:         C:\Program Files\Autodesk\Revit 2026\RoomAreaPlanDBAPI.dll [C:\Users\ajith\new revit\RebarAutomation\RebarAutomation.csproj]
C:\Program Files\dotnet\sdk\10.0.102\Microsoft.Common.CurrentVersion.targets(2437,5): warning MSB3277:           Project file item includes which caused reference "C:\Program Files\Autodesk\Revit 2026\RoomAreaPlanDBAPI.dll". [C:\Users\ajith\new revit\RebarAutomation\RebarAutomation.csproj]
C:\Program Files\dotnet\sdk\10.0.102\Microsoft.Common.CurrentVersion.targets(2437,5): warning MSB3277:             RevitAPI [C:\Users\ajith\new revit\RebarAutomation\RebarAutomation.csproj]
C:\Program Files\dotnet\sdk\10.0.102\Microsoft.Common.CurrentVersion.targets(2437,5): warning MSB3277:             RevitAPIUI [C:\Users\ajith\new revit\RebarAutomation\RebarAutomation.csproj]
C:\Program Files\dotnet\sdk\10.0.102\Microsoft.Common.CurrentVersion.targets(2437,5): warning MSB3277:         C:\Program Files\Autodesk\Revit 2026\SiteDBAPI.dll [C:\Users\ajith\new revit\RebarAutomation\RebarAutomation.csproj]
C:\Program Files\dotnet\sdk\10.0.102\Microsoft.Common.CurrentVersion.targets(2437,5): warning MSB3277:           Project file item includes which caused reference "C:\Program Files\Autodesk\Revit 2026\SiteDBAPI.dll". [C:\Users\ajith\new revit\RebarAutomation\RebarAutomation.csproj]
C:\Program Files\dotnet\sdk\10.0.102\Microsoft.Common.CurrentVersion.targets(2437,5): warning MSB3277:             RevitAPI [C:\Users\ajith\new revit\RebarAutomation\RebarAutomation.csproj]
C:\Program Files\dotnet\sdk\10.0.102\Microsoft.Common.CurrentVersion.targets(2437,5): warning MSB3277:             RevitAPIUI [C:\Users\ajith\new revit\RebarAutomation\RebarAutomation.csproj]
C:\Program Files\dotnet\sdk\10.0.102\Microsoft.Common.CurrentVersion.targets(2437,5): warning MSB3277:         C:\Program Files\Autodesk\Revit 2026\SculptingDBAPI.dll [C:\Users\ajith\new revit\RebarAutomation\RebarAutomation.csproj]
C:\Program Files\dotnet\sdk\10.0.102\Microsoft.Common.CurrentVersion.targets(2437,5): warning MSB3277:           Project file item includes which caused reference "C:\Program Files\Autodesk\Revit 2026\SculptingDBAPI.dll". [C:\Users\ajith\new revit\RebarAutomation\RebarAutomation.csproj]
C:\Program Files\dotnet\sdk\10.0.102\Microsoft.Common.CurrentVersion.targets(2437,5): warning MSB3277:             RevitAPI [C:\Users\ajith\new revit\RebarAutomation\RebarAutomation.csproj]
C:\Program Files\dotnet\sdk\10.0.102\Microsoft.Common.CurrentVersion.targets(2437,5): warning MSB3277:             RevitAPIUI [C:\Users\ajith\new revit\RebarAutomation\RebarAutomation.csproj]
C:\Program Files\dotnet\sdk\10.0.102\Microsoft.Common.CurrentVersion.targets(2437,5): warning MSB3277:         C:\Program Files\Autodesk\Revit 2026\StructuralDBAPI.dll [C:\Users\ajith\new revit\RebarAutomation\RebarAutomation.csproj]
C:\Program Files\dotnet\sdk\10.0.102\Microsoft.Common.CurrentVersion.targets(2437,5): warning MSB3277:           Project file item includes which caused reference "C:\Program Files\Autodesk\Revit 2026\StructuralDBAPI.dll". [C:\Users\ajith\new revit\RebarAutomation\RebarAutomation.csproj]
C:\Program Files\dotnet\sdk\10.0.102\Microsoft.Common.CurrentVersion.targets(2437,5): warning MSB3277:             RevitAPI [C:\Users\ajith\new revit\RebarAutomation\RebarAutomation.csproj]
C:\Program Files\dotnet\sdk\10.0.102\Microsoft.Common.CurrentVersion.targets(2437,5): warning MSB3277:             RevitAPIUI [C:\Users\ajith\new revit\RebarAutomation\RebarAutomation.csproj]
C:\Program Files\dotnet\sdk\10.0.102\Microsoft.Common.CurrentVersion.targets(2437,5): warning MSB3277:         C:\Program Files\Autodesk\Revit 2026\InterfaceAPI.dll [C:\Users\ajith\new revit\RebarAutomation\RebarAutomation.csproj]
C:\Program Files\dotnet\sdk\10.0.102\Microsoft.Common.CurrentVersion.targets(2437,5): warning MSB3277:           Project file item includes which caused reference "C:\Program Files\Autodesk\Revit 2026\InterfaceAPI.dll". [C:\Users\ajith\new revit\RebarAutomation\RebarAutomation.csproj]
C:\Program Files\dotnet\sdk\10.0.102\Microsoft.Common.CurrentVersion.targets(2437,5): warning MSB3277:             RevitAPI [C:\Users\ajith\new revit\RebarAutomation\RebarAutomation.csproj]
C:\Program Files\dotnet\sdk\10.0.102\Microsoft.Common.CurrentVersion.targets(2437,5): warning MSB3277:             RevitAPIUI [C:\Users\ajith\new revit\RebarAutomation\RebarAutomation.csproj]
C:\Program Files\dotnet\sdk\10.0.102\Microsoft.Common.CurrentVersion.targets(2437,5): warning MSB3277:         C:\Program Files\Autodesk\Revit 2026\InterfaceUtilAPI.dll [C:\Users\ajith\new revit\RebarAutomation\RebarAutomation.csproj]
C:\Program Files\dotnet\sdk\10.0.102\Microsoft.Common.CurrentVersion.targets(2437,5): warning MSB3277:           Project file item includes which caused reference "C:\Program Files\Autodesk\Revit 2026\InterfaceUtilAPI.dll". [C:\Users\ajith\new revit\RebarAutomation\RebarAutomation.csproj]
C:\Program Files\dotnet\sdk\10.0.102\Microsoft.Common.CurrentVersion.targets(2437,5): warning MSB3277:             RevitAPI [C:\Users\ajith\new revit\RebarAutomation\RebarAutomation.csproj]
C:\Program Files\dotnet\sdk\10.0.102\Microsoft.Common.CurrentVersion.targets(2437,5): warning MSB3277:             RevitAPIUI [C:\Users\ajith\new revit\RebarAutomation\RebarAutomation.csproj]
C:\Program Files\dotnet\sdk\10.0.102\Microsoft.Common.CurrentVersion.targets(2437,5): warning MSB3277:         C:\Program Files\Autodesk\Revit 2026\RebarDBAPI.dll [C:\Users\ajith\new revit\RebarAutomation\RebarAutomation.csproj]
C:\Program Files\dotnet\sdk\10.0.102\Microsoft.Common.CurrentVersion.targets(2437,5): warning MSB3277:           Project file item includes which caused reference "C:\Program Files\Autodesk\Revit 2026\RebarDBAPI.dll". [C:\Users\ajith\new revit\RebarAutomation\RebarAutomation.csproj]
C:\Program Files\dotnet\sdk\10.0.102\Microsoft.Common.CurrentVersion.targets(2437,5): warning MSB3277:             RevitAPI [C:\Users\ajith\new revit\RebarAutomation\RebarAutomation.csproj]
C:\Program Files\dotnet\sdk\10.0.102\Microsoft.Common.CurrentVersion.targets(2437,5): warning MSB3277:             RevitAPIUI [C:\Users\ajith\new revit\RebarAutomation\RebarAutomation.csproj]
C:\Program Files\dotnet\sdk\10.0.102\Microsoft.Common.CurrentVersion.targets(2437,5): warning MSB3277:         C:\Program Files\Autodesk\Revit 2026\StructuralAnalysisDBAPI.dll [C:\Users\ajith\new revit\RebarAutomation\RebarAutomation.csproj]
C:\Program Files\dotnet\sdk\10.0.102\Microsoft.Common.CurrentVersion.targets(2437,5): warning MSB3277:           Project file item includes which caused reference "C:\Program Files\Autodesk\Revit 2026\StructuralAnalysisDBAPI.dll". [C:\Users\ajith\new revit\RebarAutomation\RebarAutomation.csproj]
C:\Program Files\dotnet\sdk\10.0.102\Microsoft.Common.CurrentVersion.targets(2437,5): warning MSB3277:             RevitAPI [C:\Users\ajith\new revit\RebarAutomation\RebarAutomation.csproj]
C:\Program Files\dotnet\sdk\10.0.102\Microsoft.Common.CurrentVersion.targets(2437,5): warning MSB3277:             RevitAPIUI [C:\Users\ajith\new revit\RebarAutomation\RebarAutomation.csproj]
C:\Program Files\dotnet\sdk\10.0.102\Microsoft.Common.CurrentVersion.targets(2437,5): warning MSB3277:         C:\Program Files\Autodesk\Revit 2026\MassingDBAPI.dll [C:\Users\ajith\new revit\RebarAutomation\RebarAutomation.csproj]
C:\Program Files\dotnet\sdk\10.0.102\Microsoft.Common.CurrentVersion.targets(2437,5): warning MSB3277:           Project file item includes which caused reference "C:\Program Files\Autodesk\Revit 2026\MassingDBAPI.dll". [C:\Users\ajith\new revit\RebarAutomation\RebarAutomation.csproj]
C:\Program Files\dotnet\sdk\10.0.102\Microsoft.Common.CurrentVersion.targets(2437,5): warning MSB3277:             RevitAPI [C:\Users\ajith\new revit\RebarAutomation\RebarAutomation.csproj]
C:\Program Files\dotnet\sdk\10.0.102\Microsoft.Common.CurrentVersion.targets(2437,5): warning MSB3277:             RevitAPIUI [C:\Users\ajith\new revit\RebarAutomation\RebarAutomation.csproj]
C:\Program Files\dotnet\sdk\10.0.102\Microsoft.Common.CurrentVersion.targets(2437,5): warning MSB3277:         C:\Program Files\Autodesk\Revit 2026\AssemblyDBAPI.dll [C:\Users\ajith\new revit\RebarAutomation\RebarAutomation.csproj]
C:\Program Files\dotnet\sdk\10.0.102\Microsoft.Common.CurrentVersion.targets(2437,5): warning MSB3277:           Project file item includes which caused reference "C:\Program Files\Autodesk\Revit 2026\AssemblyDBAPI.dll". [C:\Users\ajith\new revit\RebarAutomation\RebarAutomation.csproj]
C:\Program Files\dotnet\sdk\10.0.102\Microsoft.Common.CurrentVersion.targets(2437,5): warning MSB3277:             RevitAPI [C:\Users\ajith\new revit\RebarAutomation\RebarAutomation.csproj]
C:\Program Files\dotnet\sdk\10.0.102\Microsoft.Common.CurrentVersion.targets(2437,5): warning MSB3277:             RevitAPIUI [C:\Users\ajith\new revit\RebarAutomation\RebarAutomation.csproj]
C:\Program Files\dotnet\sdk\10.0.102\Microsoft.Common.CurrentVersion.targets(2437,5): warning MSB3277:         C:\Program Files\Autodesk\Revit 2026\DPartDBAPI.dll [C:\Users\ajith\new revit\RebarAutomation\RebarAutomation.csproj]
C:\Program Files\dotnet\sdk\10.0.102\Microsoft.Common.CurrentVersion.targets(2437,5): warning MSB3277:           Project file item includes which caused reference "C:\Program Files\Autodesk\Revit 2026\DPartDBAPI.dll". [C:\Users\ajith\new revit\RebarAutomation\RebarAutomation.csproj]
C:\Program Files\dotnet\sdk\10.0.102\Microsoft.Common.CurrentVersion.targets(2437,5): warning MSB3277:             RevitAPI [C:\Users\ajith\new revit\RebarAutomation\RebarAutomation.csproj]
C:\Program Files\dotnet\sdk\10.0.102\Microsoft.Common.CurrentVersion.targets(2437,5): warning MSB3277:             RevitAPIUI [C:\Users\ajith\new revit\RebarAutomation\RebarAutomation.csproj]
C:\Program Files\dotnet\sdk\10.0.102\Microsoft.Common.CurrentVersion.targets(2437,5): warning MSB3277:         C:\Program Files\Autodesk\Revit 2026\NumberingDBAPI.dll [C:\Users\ajith\new revit\RebarAutomation\RebarAutomation.csproj]
C:\Program Files\dotnet\sdk\10.0.102\Microsoft.Common.CurrentVersion.targets(2437,5): warning MSB3277:           Project file item includes which caused reference "C:\Program Files\Autodesk\Revit 2026\NumberingDBAPI.dll". [C:\Users\ajith\new revit\RebarAutomation\RebarAutomation.csproj]
C:\Program Files\dotnet\sdk\10.0.102\Microsoft.Common.CurrentVersion.targets(2437,5): warning MSB3277:             RevitAPI [C:\Users\ajith\new revit\RebarAutomation\RebarAutomation.csproj]
C:\Program Files\dotnet\sdk\10.0.102\Microsoft.Common.CurrentVersion.targets(2437,5): warning MSB3277:             RevitAPIUI [C:\Users\ajith\new revit\RebarAutomation\RebarAutomation.csproj]
C:\Program Files\dotnet\sdk\10.0.102\Microsoft.Common.CurrentVersion.targets(2437,5): warning MSB3277:         C:\Program Files\Autodesk\Revit 2026\PointCloudAccessAPI.dll [C:\Users\ajith\new revit\RebarAutomation\RebarAutomation.csproj]
C:\Program Files\dotnet\sdk\10.0.102\Microsoft.Common.CurrentVersion.targets(2437,5): warning MSB3277:           Project file item includes which caused reference "C:\Program Files\Autodesk\Revit 2026\PointCloudAccessAPI.dll". [C:\Users\ajith\new revit\RebarAutomation\RebarAutomation.csproj]
C:\Program Files\dotnet\sdk\10.0.102\Microsoft.Common.CurrentVersion.targets(2437,5): warning MSB3277:             RevitAPI [C:\Users\ajith\new revit\RebarAutomation\RebarAutomation.csproj]
C:\Program Files\dotnet\sdk\10.0.102\Microsoft.Common.CurrentVersion.targets(2437,5): warning MSB3277:             RevitAPIUI [C:\Users\ajith\new revit\RebarAutomation\RebarAutomation.csproj]
C:\Program Files\dotnet\sdk\10.0.102\Microsoft.Common.CurrentVersion.targets(2437,5): warning MSB3277:         C:\Program Files\Autodesk\Revit 2026\StairRampDBAPI.dll [C:\Users\ajith\new revit\RebarAutomation\RebarAutomation.csproj]
C:\Program Files\dotnet\sdk\10.0.102\Microsoft.Common.CurrentVersion.targets(2437,5): warning MSB3277:           Project file item includes which caused reference "C:\Program Files\Autodesk\Revit 2026\StairRampDBAPI.dll". [C:\Users\ajith\new revit\RebarAutomation\RebarAutomation.csproj]
C:\Program Files\dotnet\sdk\10.0.102\Microsoft.Common.CurrentVersion.targets(2437,5): warning MSB3277:             RevitAPI [C:\Users\ajith\new revit\RebarAutomation\RebarAutomation.csproj]
C:\Program Files\dotnet\sdk\10.0.102\Microsoft.Common.CurrentVersion.targets(2437,5): warning MSB3277:             RevitAPIUI [C:\Users\ajith\new revit\RebarAutomation\RebarAutomation.csproj]
C:\Program Files\dotnet\sdk\10.0.102\Microsoft.Common.CurrentVersion.targets(2437,5): warning MSB3277:         C:\Program Files\Autodesk\Revit 2026\AnalysisAppsDBAPI.dll [C:\Users\ajith\new revit\RebarAutomation\RebarAutomation.csproj]
C:\Program Files\dotnet\sdk\10.0.102\Microsoft.Common.CurrentVersion.targets(2437,5): warning MSB3277:           Project file item includes which caused reference "C:\Program Files\Autodesk\Revit 2026\AnalysisAppsDBAPI.dll". [C:\Users\ajith\new revit\RebarAutomation\RebarAutomation.csproj]
C:\Program Files\dotnet\sdk\10.0.102\Microsoft.Common.CurrentVersion.targets(2437,5): warning MSB3277:             RevitAPI [C:\Users\ajith\new revit\RebarAutomation\RebarAutomation.csproj]
C:\Program Files\dotnet\sdk\10.0.102\Microsoft.Common.CurrentVersion.targets(2437,5): warning MSB3277:             RevitAPIUI [C:\Users\ajith\new revit\RebarAutomation\RebarAutomation.csproj]
C:\Program Files\dotnet\sdk\10.0.102\Microsoft.Common.CurrentVersion.targets(2437,5): warning MSB3277:         C:\Program Files\Autodesk\Revit 2026\MaterialDBAPI.dll [C:\Users\ajith\new revit\RebarAutomation\RebarAutomation.csproj]
C:\Program Files\dotnet\sdk\10.0.102\Microsoft.Common.CurrentVersion.targets(2437,5): warning MSB3277:           Project file item includes which caused reference "C:\Program Files\Autodesk\Revit 2026\MaterialDBAPI.dll". [C:\Users\ajith\new revit\RebarAutomation\RebarAutomation.csproj]
C:\Program Files\dotnet\sdk\10.0.102\Microsoft.Common.CurrentVersion.targets(2437,5): warning MSB3277:             RevitAPI [C:\Users\ajith\new revit\RebarAutomation\RebarAutomation.csproj]
C:\Program Files\dotnet\sdk\10.0.102\Microsoft.Common.CurrentVersion.targets(2437,5): warning MSB3277:             RevitAPIUI [C:\Users\ajith\new revit\RebarAutomation\RebarAutomation.csproj]
C:\Program Files\dotnet\sdk\10.0.102\Microsoft.Common.CurrentVersion.targets(2437,5): warning MSB3277:         C:\Program Files\Autodesk\Revit 2026\IntfATFAPI.dll [C:\Users\ajith\new revit\RebarAutomation\RebarAutomation.csproj]
C:\Program Files\dotnet\sdk\10.0.102\Microsoft.Common.CurrentVersion.targets(2437,5): warning MSB3277:           Project file item includes which caused reference "C:\Program Files\Autodesk\Revit 2026\IntfATFAPI.dll". [C:\Users\ajith\new revit\RebarAutomation\RebarAutomation.csproj]
C:\Program Files\dotnet\sdk\10.0.102\Microsoft.Common.CurrentVersion.targets(2437,5): warning MSB3277:             RevitAPI [C:\Users\ajith\new revit\RebarAutomation\RebarAutomation.csproj]
C:\Program Files\dotnet\sdk\10.0.102\Microsoft.Common.CurrentVersion.targets(2437,5): warning MSB3277:             RevitAPIUI [C:\Users\ajith\new revit\RebarAutomation\RebarAutomation.csproj]
C:\Program Files\dotnet\sdk\10.0.102\Microsoft.Common.CurrentVersion.targets(2437,5): warning MSB3277:         C:\Program Files\Autodesk\Revit 2026\TextEngineAPI.dll [C:\Users\ajith\new revit\RebarAutomation\RebarAutomation.csproj]
C:\Program Files\dotnet\sdk\10.0.102\Microsoft.Common.CurrentVersion.targets(2437,5): warning MSB3277:           Project file item includes which caused reference "C:\Program Files\Autodesk\Revit 2026\TextEngineAPI.dll". [C:\Users\ajith\new revit\RebarAutomation\RebarAutomation.csproj]
C:\Program Files\dotnet\sdk\10.0.102\Microsoft.Common.CurrentVersion.targets(2437,5): warning MSB3277:             RevitAPI [C:\Users\ajith\new revit\RebarAutomation\RebarAutomation.csproj]
C:\Program Files\dotnet\sdk\10.0.102\Microsoft.Common.CurrentVersion.targets(2437,5): warning MSB3277:             RevitAPIUI [C:\Users\ajith\new revit\RebarAutomation\RebarAutomation.csproj]
C:\Program Files\dotnet\sdk\10.0.102\Microsoft.Common.CurrentVersion.targets(2437,5): warning MSB3277:         C:\Program Files\Autodesk\Revit 2026\InfrastructureDBAPI.dll [C:\Users\ajith\new revit\RebarAutomation\RebarAutomation.csproj]
C:\Program Files\dotnet\sdk\10.0.102\Microsoft.Common.CurrentVersion.targets(2437,5): warning MSB3277:           Project file item includes which caused reference "C:\Program Files\Autodesk\Revit 2026\InfrastructureDBAPI.dll". [C:\Users\ajith\new revit\RebarAutomation\RebarAutomation.csproj]
C:\Program Files\dotnet\sdk\10.0.102\Microsoft.Common.CurrentVersion.targets(2437,5): warning MSB3277:             RevitAPI [C:\Users\ajith\new revit\RebarAutomation\RebarAutomation.csproj]
C:\Program Files\dotnet\sdk\10.0.102\Microsoft.Common.CurrentVersion.targets(2437,5): warning MSB3277:             RevitAPIUI [C:\Users\ajith\new revit\RebarAutomation\RebarAutomation.csproj]
C:\Program Files\dotnet\sdk\10.0.102\Microsoft.Common.CurrentVersion.targets(2437,5): warning MSB3277:         C:\Program Files\Autodesk\Revit 2026\ATFRevitCoreAPI.dll [C:\Users\ajith\new revit\RebarAutomation\RebarAutomation.csproj]
C:\Program Files\dotnet\sdk\10.0.102\Microsoft.Common.CurrentVersion.targets(2437,5): warning MSB3277:           Project file item includes which caused reference "C:\Program Files\Autodesk\Revit 2026\ATFRevitCoreAPI.dll". [C:\Users\ajith\new revit\RebarAutomation\RebarAutomation.csproj]
C:\Program Files\dotnet\sdk\10.0.102\Microsoft.Common.CurrentVersion.targets(2437,5): warning MSB3277:             RevitAPI [C:\Users\ajith\new revit\RebarAutomation\RebarAutomation.csproj]
C:\Program Files\dotnet\sdk\10.0.102\Microsoft.Common.CurrentVersion.targets(2437,5): warning MSB3277:             RevitAPIUI [C:\Users\ajith\new revit\RebarAutomation\RebarAutomation.csproj]
C:\Program Files\dotnet\sdk\10.0.102\Microsoft.Common.CurrentVersion.targets(2437,5): warning MSB3277:         C:\Program Files\Autodesk\Revit 2026\DBManagedServices.dll [C:\Users\ajith\new revit\RebarAutomation\RebarAutomation.csproj]
C:\Program Files\dotnet\sdk\10.0.102\Microsoft.Common.CurrentVersion.targets(2437,5): warning MSB3277:           Project file item includes which caused reference "C:\Program Files\Autodesk\Revit 2026\DBManagedServices.dll". [C:\Users\ajith\new revit\RebarAutomation\RebarAutomation.csproj]
C:\Program Files\dotnet\sdk\10.0.102\Microsoft.Common.CurrentVersion.targets(2437,5): warning MSB3277:             RevitAPI [C:\Users\ajith\new revit\RebarAutomation\RebarAutomation.csproj]
C:\Program Files\dotnet\sdk\10.0.102\Microsoft.Common.CurrentVersion.targets(2437,5): warning MSB3277:             RevitAPIUI [C:\Users\ajith\new revit\RebarAutomation\RebarAutomation.csproj]
C:\Program Files\dotnet\sdk\10.0.102\Microsoft.Common.CurrentVersion.targets(2437,5): warning MSB3277:         C:\Program Files\Autodesk\Revit 2026\APIInterop.dll [C:\Users\ajith\new revit\RebarAutomation\RebarAutomation.csproj]
C:\Program Files\dotnet\sdk\10.0.102\Microsoft.Common.CurrentVersion.targets(2437,5): warning MSB3277:           Project file item includes which caused reference "C:\Program Files\Autodesk\Revit 2026\APIInterop.dll". [C:\Users\ajith\new revit\RebarAutomation\RebarAutomation.csproj]
C:\Program Files\dotnet\sdk\10.0.102\Microsoft.Common.CurrentVersion.targets(2437,5): warning MSB3277:             RevitAPIUI [C:\Users\ajith\new revit\RebarAutomation\RebarAutomation.csproj]
C:\Program Files\dotnet\sdk\10.0.102\Microsoft.Common.CurrentVersion.targets(2437,5): warning MSB3277:         C:\Program Files\Autodesk\Revit 2026\AddInManager.dll [C:\Users\ajith\new revit\RebarAutomation\RebarAutomation.csproj]
C:\Program Files\dotnet\sdk\10.0.102\Microsoft.Common.CurrentVersion.targets(2437,5): warning MSB3277:           Project file item includes which caused reference "C:\Program Files\Autodesk\Revit 2026\AddInManager.dll". [C:\Users\ajith\new revit\RebarAutomation\RebarAutomation.csproj]
C:\Program Files\dotnet\sdk\10.0.102\Microsoft.Common.CurrentVersion.targets(2437,5): warning MSB3277:             RevitAPIUI [C:\Users\ajith\new revit\RebarAutomation\RebarAutomation.csproj]
C:\Program Files\dotnet\sdk\10.0.102\Microsoft.Common.CurrentVersion.targets(2437,5): warning MSB3277:         C:\Program Files\Autodesk\Revit 2026\RevitUIAPI.dll [C:\Users\ajith\new revit\RebarAutomation\RebarAutomation.csproj]
C:\Program Files\dotnet\sdk\10.0.102\Microsoft.Common.CurrentVersion.targets(2437,5): warning MSB3277:           Project file item includes which caused reference "C:\Program Files\Autodesk\Revit 2026\RevitUIAPI.dll". [C:\Users\ajith\new revit\RebarAutomation\RebarAutomation.csproj]
C:\Program Files\dotnet\sdk\10.0.102\Microsoft.Common.CurrentVersion.targets(2437,5): warning MSB3277:             RevitAPIUI [C:\Users\ajith\new revit\RebarAutomation\RebarAutomation.csproj]
C:\Program Files\dotnet\sdk\10.0.102\Microsoft.Common.CurrentVersion.targets(2437,5): warning MSB3277:         C:\Program Files\Autodesk\Revit 2026\BuildingSystemsUIAPI.dll [C:\Users\ajith\new revit\RebarAutomation\RebarAutomation.csproj]
C:\Program Files\dotnet\sdk\10.0.102\Microsoft.Common.CurrentVersion.targets(2437,5): warning MSB3277:           Project file item includes which caused reference "C:\Program Files\Autodesk\Revit 2026\BuildingSystemsUIAPI.dll". [C:\Users\ajith\new revit\RebarAutomation\RebarAutomation.csproj]
C:\Program Files\dotnet\sdk\10.0.102\Microsoft.Common.CurrentVersion.targets(2437,5): warning MSB3277:             RevitAPIUI [C:\Users\ajith\new revit\RebarAutomation\RebarAutomation.csproj]
C:\Program Files\dotnet\sdk\10.0.102\Microsoft.Common.CurrentVersion.targets(2437,5): warning MSB3277:         C:\Program Files\Autodesk\Revit 2026\DesktopMFCAPI.dll [C:\Users\ajith\new revit\RebarAutomation\RebarAutomation.csproj]
C:\Program Files\dotnet\sdk\10.0.102\Microsoft.Common.CurrentVersion.targets(2437,5): warning MSB3277:           Project file item includes which caused reference "C:\Program Files\Autodesk\Revit 2026\DesktopMFCAPI.dll". [C:\Users\ajith\new revit\RebarAutomation\RebarAutomation.csproj]
C:\Program Files\dotnet\sdk\10.0.102\Microsoft.Common.CurrentVersion.targets(2437,5): warning MSB3277:             RevitAPIUI [C:\Users\ajith\new revit\RebarAutomation\RebarAutomation.csproj]
C:\Program Files\dotnet\sdk\10.0.102\Microsoft.Common.CurrentVersion.targets(2437,5): warning MSB3277:         C:\Program Files\Autodesk\Revit 2026\APIUIAPI.dll [C:\Users\ajith\new revit\RebarAutomation\RebarAutomation.csproj]
C:\Program Files\dotnet\sdk\10.0.102\Microsoft.Common.CurrentVersion.targets(2437,5): warning MSB3277:           Project file item includes which caused reference "C:\Program Files\Autodesk\Revit 2026\APIUIAPI.dll". [C:\Users\ajith\new revit\RebarAutomation\RebarAutomation.csproj]
C:\Program Files\dotnet\sdk\10.0.102\Microsoft.Common.CurrentVersion.targets(2437,5): warning MSB3277:             RevitAPIUI [C:\Users\ajith\new revit\RebarAutomation\RebarAutomation.csproj]
C:\Program Files\dotnet\sdk\10.0.102\Microsoft.Common.CurrentVersion.targets(2437,5): warning MSB3277:         C:\Program Files\Autodesk\Revit 2026\RevitMFCAPI.dll [C:\Users\ajith\new revit\RebarAutomation\RebarAutomation.csproj]
C:\Program Files\dotnet\sdk\10.0.102\Microsoft.Common.CurrentVersion.targets(2437,5): warning MSB3277:           Project file item includes which caused reference "C:\Program Files\Autodesk\Revit 2026\RevitMFCAPI.dll". [C:\Users\ajith\new revit\RebarAutomation\RebarAutomation.csproj]
C:\Program Files\dotnet\sdk\10.0.102\Microsoft.Common.CurrentVersion.targets(2437,5): warning MSB3277:             RevitAPIUI [C:\Users\ajith\new revit\RebarAutomation\RebarAutomation.csproj]
C:\Program Files\dotnet\sdk\10.0.102\Microsoft.Common.CurrentVersion.targets(2437,5): warning MSB3277:         C:\Program Files\Autodesk\Revit 2026\EssentialsUIAPI.dll [C:\Users\ajith\new revit\RebarAutomation\RebarAutomation.csproj]
C:\Program Files\dotnet\sdk\10.0.102\Microsoft.Common.CurrentVersion.targets(2437,5): warning MSB3277:           Project file item includes which caused reference "C:\Program Files\Autodesk\Revit 2026\EssentialsUIAPI.dll". [C:\Users\ajith\new revit\RebarAutomation\RebarAutomation.csproj]
C:\Program Files\dotnet\sdk\10.0.102\Microsoft.Common.CurrentVersion.targets(2437,5): warning MSB3277:             RevitAPIUI [C:\Users\ajith\new revit\RebarAutomation\RebarAutomation.csproj]
C:\Program Files\dotnet\sdk\10.0.102\Microsoft.Common.CurrentVersion.targets(2437,5): warning MSB3277:         C:\Program Files\Autodesk\Revit 2026\DetailUIAPI.dll [C:\Users\ajith\new revit\RebarAutomation\RebarAutomation.csproj]
C:\Program Files\dotnet\sdk\10.0.102\Microsoft.Common.CurrentVersion.targets(2437,5): warning MSB3277:           Project file item includes which caused reference "C:\Program Files\Autodesk\Revit 2026\DetailUIAPI.dll". [C:\Users\ajith\new revit\RebarAutomation\RebarAutomation.csproj]
C:\Program Files\dotnet\sdk\10.0.102\Microsoft.Common.CurrentVersion.targets(2437,5): warning MSB3277:             RevitAPIUI [C:\Users\ajith\new revit\RebarAutomation\RebarAutomation.csproj]
C:\Program Files\dotnet\sdk\10.0.102\Microsoft.Common.CurrentVersion.targets(2437,5): warning MSB3277:         C:\Program Files\Autodesk\Revit 2026\UIFrameworkServices.dll [C:\Users\ajith\new revit\RebarAutomation\RebarAutomation.csproj]
C:\Program Files\dotnet\sdk\10.0.102\Microsoft.Common.CurrentVersion.targets(2437,5): warning MSB3277:           Project file item includes which caused reference "C:\Program Files\Autodesk\Revit 2026\UIFrameworkServices.dll". [C:\Users\ajith\new revit\RebarAutomation\RebarAutomation.csproj]
C:\Program Files\dotnet\sdk\10.0.102\Microsoft.Common.CurrentVersion.targets(2437,5): warning MSB3277:             RevitAPIUI [C:\Users\ajith\new revit\RebarAutomation\RebarAutomation.csproj]
C:\Program Files\dotnet\sdk\10.0.102\Microsoft.Common.CurrentVersion.targets(2437,5): warning MSB3277:         C:\Program Files\Autodesk\Revit 2026\SSONET.dll [C:\Users\ajith\new revit\RebarAutomation\RebarAutomation.csproj]
C:\Program Files\dotnet\sdk\10.0.102\Microsoft.Common.CurrentVersion.targets(2437,5): warning MSB3277:           Project file item includes which caused reference "C:\Program Files\Autodesk\Revit 2026\SSONET.dll". [C:\Users\ajith\new revit\RebarAutomation\RebarAutomation.csproj]
C:\Program Files\dotnet\sdk\10.0.102\Microsoft.Common.CurrentVersion.targets(2437,5): warning MSB3277:             RevitAPIUI [C:\Users\ajith\new revit\RebarAutomation\RebarAutomation.csproj]
C:\Program Files\dotnet\sdk\10.0.102\Microsoft.Common.CurrentVersion.targets(2437,5): warning MSB3277: Found conflicts between different versions of "System.Xaml" that could not be resolved. [C:\Users\ajith\new revit\RebarAutomation\RebarAutomation.csproj]
C:\Program Files\dotnet\sdk\10.0.102\Microsoft.Common.CurrentVersion.targets(2437,5): warning MSB3277: There was a conflict between "System.Xaml, Version=4.0.0.0, Culture=neutral, PublicKeyToken=b77a5c561934e089" and "System.Xaml, Version=8.0.0.0, Culture=neutral, PublicKeyToken=b77a5c561934e089". [C:\Users\ajith\new revit\RebarAutomation\RebarAutomation.csproj]
C:\Program Files\dotnet\sdk\10.0.102\Microsoft.Common.CurrentVersion.targets(2437,5): warning MSB3277:     "System.Xaml, Version=4.0.0.0, Culture=neutral, PublicKeyToken=b77a5c561934e089" was chosen because it was primary and "System.Xaml, Version=8.0.0.0, Culture=neutral, PublicKeyToken=b77a5c561934e089" was not. [C:\Users\ajith\new revit\RebarAutomation\RebarAutomation.csproj]
C:\Program Files\dotnet\sdk\10.0.102\Microsoft.Common.CurrentVersion.targets(2437,5): warning MSB3277:     References which depend on "System.Xaml, Version=4.0.0.0, Culture=neutral, PublicKeyToken=b77a5c561934e089" [C:\Program Files (x86)\Reference Assemblies\Microsoft\Framework\.NETFramework\v4.8\System.Xaml.dll]. [C:\Users\ajith\new revit\RebarAutomation\RebarAutomation.csproj]
C:\Program Files\dotnet\sdk\10.0.102\Microsoft.Common.CurrentVersion.targets(2437,5): warning MSB3277:         C:\Program Files (x86)\Reference Assemblies\Microsoft\Framework\.NETFramework\v4.8\System.Xaml.dll [C:\Users\ajith\new revit\RebarAutomation\RebarAutomation.csproj]
C:\Program Files\dotnet\sdk\10.0.102\Microsoft.Common.CurrentVersion.targets(2437,5): warning MSB3277:           Project file item includes which caused reference "C:\Program Files (x86)\Reference Assemblies\Microsoft\Framework\.NETFramework\v4.8\System.Xaml.dll". [C:\Users\ajith\new revit\RebarAutomation\RebarAutomation.csproj]
C:\Program Files\dotnet\sdk\10.0.102\Microsoft.Common.CurrentVersion.targets(2437,5): warning MSB3277:             System.Xaml [C:\Users\ajith\new revit\RebarAutomation\RebarAutomation.csproj]
C:\Program Files\dotnet\sdk\10.0.102\Microsoft.Common.CurrentVersion.targets(2437,5): warning MSB3277:     References which depend on or have been unified to "System.Xaml, Version=8.0.0.0, Culture=neutral, PublicKeyToken=b77a5c561934e089" []. [C:\Users\ajith\new revit\RebarAutomation\RebarAutomation.csproj]
C:\Program Files\dotnet\sdk\10.0.102\Microsoft.Common.CurrentVersion.targets(2437,5): warning MSB3277:         C:\Program Files\Autodesk\Revit 2026\RevitAPI.dll [C:\Users\ajith\new revit\RebarAutomation\RebarAutomation.csproj]
C:\Program Files\dotnet\sdk\10.0.102\Microsoft.Common.CurrentVersion.targets(2437,5): warning MSB3277:           Project file item includes which caused reference "C:\Program Files\Autodesk\Revit 2026\RevitAPI.dll". [C:\Users\ajith\new revit\RebarAutomation\RebarAutomation.csproj]
C:\Program Files\dotnet\sdk\10.0.102\Microsoft.Common.CurrentVersion.targets(2437,5): warning MSB3277:             RevitAPI [C:\Users\ajith\new revit\RebarAutomation\RebarAutomation.csproj]
C:\Program Files\dotnet\sdk\10.0.102\Microsoft.Common.CurrentVersion.targets(2437,5): warning MSB3277:             RevitAPIUI [C:\Users\ajith\new revit\RebarAutomation\RebarAutomation.csproj]
C:\Program Files\dotnet\sdk\10.0.102\Microsoft.Common.CurrentVersion.targets(2437,5): warning MSB3277:         C:\Program Files\Autodesk\Revit 2026\RevitAPIUI.dll [C:\Users\ajith\new revit\RebarAutomation\RebarAutomation.csproj]
C:\Program Files\dotnet\sdk\10.0.102\Microsoft.Common.CurrentVersion.targets(2437,5): warning MSB3277:           Project file item includes which caused reference "C:\Program Files\Autodesk\Revit 2026\RevitAPIUI.dll". [C:\Users\ajith\new revit\RebarAutomation\RebarAutomation.csproj]
C:\Program Files\dotnet\sdk\10.0.102\Microsoft.Common.CurrentVersion.targets(2437,5): warning MSB3277:             RevitAPIUI [C:\Users\ajith\new revit\RebarAutomation\RebarAutomation.csproj]
C:\Program Files\dotnet\sdk\10.0.102\Microsoft.Common.CurrentVersion.targets(2437,5): warning MSB3277:         C:\Program Files\Autodesk\Revit 2026\DBManagedServices.dll [C:\Users\ajith\new revit\RebarAutomation\RebarAutomation.csproj]
C:\Program Files\dotnet\sdk\10.0.102\Microsoft.Common.CurrentVersion.targets(2437,5): warning MSB3277:           Project file item includes which caused reference "C:\Program Files\Autodesk\Revit 2026\DBManagedServices.dll". [C:\Users\ajith\new revit\RebarAutomation\RebarAutomation.csproj]
C:\Program Files\dotnet\sdk\10.0.102\Microsoft.Common.CurrentVersion.targets(2437,5): warning MSB3277:             RevitAPI [C:\Users\ajith\new revit\RebarAutomation\RebarAutomation.csproj]
C:\Program Files\dotnet\sdk\10.0.102\Microsoft.Common.CurrentVersion.targets(2437,5): warning MSB3277:             RevitAPIUI [C:\Users\ajith\new revit\RebarAutomation\RebarAutomation.csproj]
C:\Program Files\dotnet\sdk\10.0.102\Microsoft.Common.CurrentVersion.targets(2437,5): warning MSB3277:         C:\Program Files\Autodesk\Revit 2026\AdWindows.dll [C:\Users\ajith\new revit\RebarAutomation\RebarAutomation.csproj]
C:\Program Files\dotnet\sdk\10.0.102\Microsoft.Common.CurrentVersion.targets(2437,5): warning MSB3277:           Project file item includes which caused reference "C:\Program Files\Autodesk\Revit 2026\AdWindows.dll". [C:\Users\ajith\new revit\RebarAutomation\RebarAutomation.csproj]
C:\Program Files\dotnet\sdk\10.0.102\Microsoft.Common.CurrentVersion.targets(2437,5): warning MSB3277:             RevitAPIUI [C:\Users\ajith\new revit\RebarAutomation\RebarAutomation.csproj]
C:\Program Files\dotnet\sdk\10.0.102\Microsoft.Common.CurrentVersion.targets(2437,5): warning MSB3277:         C:\Program Files\Autodesk\Revit 2026\UIFramework.dll [C:\Users\ajith\new revit\RebarAutomation\RebarAutomation.csproj]
C:\Program Files\dotnet\sdk\10.0.102\Microsoft.Common.CurrentVersion.targets(2437,5): warning MSB3277:           Project file item includes which caused reference "C:\Program Files\Autodesk\Revit 2026\UIFramework.dll". [C:\Users\ajith\new revit\RebarAutomation\RebarAutomation.csproj]
C:\Program Files\dotnet\sdk\10.0.102\Microsoft.Common.CurrentVersion.targets(2437,5): warning MSB3277:             RevitAPIUI [C:\Users\ajith\new revit\RebarAutomation\RebarAutomation.csproj]
C:\Program Files\dotnet\sdk\10.0.102\Microsoft.Common.CurrentVersion.targets(2437,5): warning MSB3277:         C:\Program Files\Autodesk\Revit 2026\UIFrameworkServices.dll [C:\Users\ajith\new revit\RebarAutomation\RebarAutomation.csproj]
C:\Program Files\dotnet\sdk\10.0.102\Microsoft.Common.CurrentVersion.targets(2437,5): warning MSB3277:           Project file item includes which caused reference "C:\Program Files\Autodesk\Revit 2026\UIFrameworkServices.dll". [C:\Users\ajith\new revit\RebarAutomation\RebarAutomation.csproj]
C:\Program Files\dotnet\sdk\10.0.102\Microsoft.Common.CurrentVersion.targets(2437,5): warning MSB3277:             RevitAPIUI [C:\Users\ajith\new revit\RebarAutomation\RebarAutomation.csproj]
C:\Program Files\dotnet\sdk\10.0.102\Microsoft.Common.CurrentVersion.targets(2437,5): warning MSB3277:         C:\Program Files\Autodesk\Revit 2026\Xceed.Wpf.AvalonDock.dll [C:\Users\ajith\new revit\RebarAutomation\RebarAutomation.csproj]
C:\Program Files\dotnet\sdk\10.0.102\Microsoft.Common.CurrentVersion.targets(2437,5): warning MSB3277:           Project file item includes which caused reference "C:\Program Files\Autodesk\Revit 2026\Xceed.Wpf.AvalonDock.dll". [C:\Users\ajith\new revit\RebarAutomation\RebarAutomation.csproj]
C:\Program Files\dotnet\sdk\10.0.102\Microsoft.Common.CurrentVersion.targets(2437,5): warning MSB3277:             RevitAPIUI [C:\Users\ajith\new revit\RebarAutomation\RebarAutomation.csproj]
C:\Program Files\dotnet\sdk\10.0.102\Microsoft.Common.CurrentVersion.targets(2437,5): warning MSB3277:         C:\Program Files\Autodesk\Revit 2026\Autodesk.Weave.Wpf.dll [C:\Users\ajith\new revit\RebarAutomation\RebarAutomation.csproj]
C:\Program Files\dotnet\sdk\10.0.102\Microsoft.Common.CurrentVersion.targets(2437,5): warning MSB3277:           Project file item includes which caused reference "C:\Program Files\Autodesk\Revit 2026\Autodesk.Weave.Wpf.dll". [C:\Users\ajith\new revit\RebarAutomation\RebarAutomation.csproj]
C:\Program Files\dotnet\sdk\10.0.102\Microsoft.Common.CurrentVersion.targets(2437,5): warning MSB3277:             RevitAPIUI [C:\Users\ajith\new revit\RebarAutomation\RebarAutomation.csproj]
C:\Program Files\dotnet\sdk\10.0.102\Microsoft.Common.CurrentVersion.targets(2437,5): warning MSB3277: Found conflicts between different versions of "UIAutomationClient" that could not be resolved. [C:\Users\ajith\new revit\RebarAutomation\RebarAutomation.csproj]
C:\Program Files\dotnet\sdk\10.0.102\Microsoft.Common.CurrentVersion.targets(2437,5): warning MSB3277: There was a conflict between "UIAutomationClient, Version=4.0.0.0, Culture=neutral, PublicKeyToken=31bf3856ad364e35" and "UIAutomationClient, Version=8.0.0.0, Culture=neutral, PublicKeyToken=31bf3856ad364e35". [C:\Users\ajith\new revit\RebarAutomation\RebarAutomation.csproj]
C:\Program Files\dotnet\sdk\10.0.102\Microsoft.Common.CurrentVersion.targets(2437,5): warning MSB3277:     "UIAutomationClient, Version=4.0.0.0, Culture=neutral, PublicKeyToken=31bf3856ad364e35" was chosen because it was primary and "UIAutomationClient, Version=8.0.0.0, Culture=neutral, PublicKeyToken=31bf3856ad364e35" was not. [C:\Users\ajith\new revit\RebarAutomation\RebarAutomation.csproj]
C:\Program Files\dotnet\sdk\10.0.102\Microsoft.Common.CurrentVersion.targets(2437,5): warning MSB3277:     References which depend on "UIAutomationClient, Version=4.0.0.0, Culture=neutral, PublicKeyToken=31bf3856ad364e35" [C:\Program Files (x86)\Reference Assemblies\Microsoft\Framework\.NETFramework\v4.8\UIAutomationClient.dll]. [C:\Users\ajith\new revit\RebarAutomation\RebarAutomation.csproj]
C:\Program Files\dotnet\sdk\10.0.102\Microsoft.Common.CurrentVersion.targets(2437,5): warning MSB3277:         C:\Program Files (x86)\Reference Assemblies\Microsoft\Framework\.NETFramework\v4.8\UIAutomationClient.dll [C:\Users\ajith\new revit\RebarAutomation\RebarAutomation.csproj]
C:\Program Files\dotnet\sdk\10.0.102\Microsoft.Common.CurrentVersion.targets(2437,5): warning MSB3277:           Project file item includes which caused reference "C:\Program Files (x86)\Reference Assemblies\Microsoft\Framework\.NETFramework\v4.8\UIAutomationClient.dll". [C:\Users\ajith\new revit\RebarAutomation\RebarAutomation.csproj]
C:\Program Files\dotnet\sdk\10.0.102\Microsoft.Common.CurrentVersion.targets(2437,5): warning MSB3277:             UIAutomationClient [C:\Users\ajith\new revit\RebarAutomation\RebarAutomation.csproj]
C:\Program Files\dotnet\sdk\10.0.102\Microsoft.Common.CurrentVersion.targets(2437,5): warning MSB3277:     References which depend on or have been unified to "UIAutomationClient, Version=8.0.0.0, Culture=neutral, PublicKeyToken=31bf3856ad364e35" []. [C:\Users\ajith\new revit\RebarAutomation\RebarAutomation.csproj]
C:\Program Files\dotnet\sdk\10.0.102\Microsoft.Common.CurrentVersion.targets(2437,5): warning MSB3277:         C:\Program Files\Autodesk\Revit 2026\RevitAPI.dll [C:\Users\ajith\new revit\RebarAutomation\RebarAutomation.csproj]
C:\Program Files\dotnet\sdk\10.0.102\Microsoft.Common.CurrentVersion.targets(2437,5): warning MSB3277:           Project file item includes which caused reference "C:\Program Files\Autodesk\Revit 2026\RevitAPI.dll". [C:\Users\ajith\new revit\RebarAutomation\RebarAutomation.csproj]
C:\Program Files\dotnet\sdk\10.0.102\Microsoft.Common.CurrentVersion.targets(2437,5): warning MSB3277:             RevitAPI [C:\Users\ajith\new revit\RebarAutomation\RebarAutomation.csproj]
C:\Program Files\dotnet\sdk\10.0.102\Microsoft.Common.CurrentVersion.targets(2437,5): warning MSB3277:             RevitAPIUI [C:\Users\ajith\new revit\RebarAutomation\RebarAutomation.csproj]
C:\Program Files\dotnet\sdk\10.0.102\Microsoft.Common.CurrentVersion.targets(2437,5): warning MSB3277:         C:\Program Files\Autodesk\Revit 2026\RevitAPIUI.dll [C:\Users\ajith\new revit\RebarAutomation\RebarAutomation.csproj]
C:\Program Files\dotnet\sdk\10.0.102\Microsoft.Common.CurrentVersion.targets(2437,5): warning MSB3277:           Project file item includes which caused reference "C:\Program Files\Autodesk\Revit 2026\RevitAPIUI.dll". [C:\Users\ajith\new revit\RebarAutomation\RebarAutomation.csproj]
C:\Program Files\dotnet\sdk\10.0.102\Microsoft.Common.CurrentVersion.targets(2437,5): warning MSB3277:             RevitAPIUI [C:\Users\ajith\new revit\RebarAutomation\RebarAutomation.csproj]
C:\Program Files\dotnet\sdk\10.0.102\Microsoft.Common.CurrentVersion.targets(2437,5): warning MSB3277:         C:\Program Files\Autodesk\Revit 2026\DBManagedServices.dll [C:\Users\ajith\new revit\RebarAutomation\RebarAutomation.csproj]
C:\Program Files\dotnet\sdk\10.0.102\Microsoft.Common.CurrentVersion.targets(2437,5): warning MSB3277:           Project file item includes which caused reference "C:\Program Files\Autodesk\Revit 2026\DBManagedServices.dll". [C:\Users\ajith\new revit\RebarAutomation\RebarAutomation.csproj]
C:\Program Files\dotnet\sdk\10.0.102\Microsoft.Common.CurrentVersion.targets(2437,5): warning MSB3277:             RevitAPI [C:\Users\ajith\new revit\RebarAutomation\RebarAutomation.csproj]
C:\Program Files\dotnet\sdk\10.0.102\Microsoft.Common.CurrentVersion.targets(2437,5): warning MSB3277:             RevitAPIUI [C:\Users\ajith\new revit\RebarAutomation\RebarAutomation.csproj]
C:\Program Files\dotnet\sdk\10.0.102\Microsoft.Common.CurrentVersion.targets(2437,5): warning MSB3277:         C:\Program Files\Autodesk\Revit 2026\UIFramework.dll [C:\Users\ajith\new revit\RebarAutomation\RebarAutomation.csproj]
C:\Program Files\dotnet\sdk\10.0.102\Microsoft.Common.CurrentVersion.targets(2437,5): warning MSB3277:           Project file item includes which caused reference "C:\Program Files\Autodesk\Revit 2026\UIFramework.dll". [C:\Users\ajith\new revit\RebarAutomation\RebarAutomation.csproj]
C:\Program Files\dotnet\sdk\10.0.102\Microsoft.Common.CurrentVersion.targets(2437,5): warning MSB3277:             RevitAPIUI [C:\Users\ajith\new revit\RebarAutomation\RebarAutomation.csproj]
C:\Program Files\dotnet\sdk\10.0.102\Microsoft.Common.CurrentVersion.targets(2437,5): warning MSB3277:         C:\Program Files\Autodesk\Revit 2026\UIFrameworkServices.dll [C:\Users\ajith\new revit\RebarAutomation\RebarAutomation.csproj]
C:\Program Files\dotnet\sdk\10.0.102\Microsoft.Common.CurrentVersion.targets(2437,5): warning MSB3277:           Project file item includes which caused reference "C:\Program Files\Autodesk\Revit 2026\UIFrameworkServices.dll". [C:\Users\ajith\new revit\RebarAutomation\RebarAutomation.csproj]
C:\Program Files\dotnet\sdk\10.0.102\Microsoft.Common.CurrentVersion.targets(2437,5): warning MSB3277:             RevitAPIUI [C:\Users\ajith\new revit\RebarAutomation\RebarAutomation.csproj]
C:\Program Files\dotnet\sdk\10.0.102\Microsoft.Common.CurrentVersion.targets(2437,5): warning MSB3277: Found conflicts between different versions of "UIAutomationProvider" that could not be resolved. [C:\Users\ajith\new revit\RebarAutomation\RebarAutomation.csproj]
C:\Program Files\dotnet\sdk\10.0.102\Microsoft.Common.CurrentVersion.targets(2437,5): warning MSB3277: There was a conflict between "UIAutomationProvider, Version=4.0.0.0, Culture=neutral, PublicKeyToken=31bf3856ad364e35" and "UIAutomationProvider, Version=8.0.0.0, Culture=neutral, PublicKeyToken=31bf3856ad364e35". [C:\Users\ajith\new revit\RebarAutomation\RebarAutomation.csproj]
C:\Program Files\dotnet\sdk\10.0.102\Microsoft.Common.CurrentVersion.targets(2437,5): warning MSB3277:     "UIAutomationProvider, Version=4.0.0.0, Culture=neutral, PublicKeyToken=31bf3856ad364e35" was chosen because it was primary and "UIAutomationProvider, Version=8.0.0.0, Culture=neutral, PublicKeyToken=31bf3856ad364e35" was not. [C:\Users\ajith\new revit\RebarAutomation\RebarAutomation.csproj]
C:\Program Files\dotnet\sdk\10.0.102\Microsoft.Common.CurrentVersion.targets(2437,5): warning MSB3277:     References which depend on "UIAutomationProvider, Version=4.0.0.0, Culture=neutral, PublicKeyToken=31bf3856ad364e35" [C:\Program Files (x86)\Reference Assemblies\Microsoft\Framework\.NETFramework\v4.8\UIAutomationProvider.dll]. [C:\Users\ajith\new revit\RebarAutomation\RebarAutomation.csproj]
C:\Program Files\dotnet\sdk\10.0.102\Microsoft.Common.CurrentVersion.targets(2437,5): warning MSB3277:         C:\Program Files (x86)\Reference Assemblies\Microsoft\Framework\.NETFramework\v4.8\UIAutomationProvider.dll [C:\Users\ajith\new revit\RebarAutomation\RebarAutomation.csproj]
C:\Program Files\dotnet\sdk\10.0.102\Microsoft.Common.CurrentVersion.targets(2437,5): warning MSB3277:           Project file item includes which caused reference "C:\Program Files (x86)\Reference Assemblies\Microsoft\Framework\.NETFramework\v4.8\UIAutomationProvider.dll". [C:\Users\ajith\new revit\RebarAutomation\RebarAutomation.csproj]
C:\Program Files\dotnet\sdk\10.0.102\Microsoft.Common.CurrentVersion.targets(2437,5): warning MSB3277:             UIAutomationProvider [C:\Users\ajith\new revit\RebarAutomation\RebarAutomation.csproj]
C:\Program Files\dotnet\sdk\10.0.102\Microsoft.Common.CurrentVersion.targets(2437,5): warning MSB3277:     References which depend on or have been unified to "UIAutomationProvider, Version=8.0.0.0, Culture=neutral, PublicKeyToken=31bf3856ad364e35" []. [C:\Users\ajith\new revit\RebarAutomation\RebarAutomation.csproj]
C:\Program Files\dotnet\sdk\10.0.102\Microsoft.Common.CurrentVersion.targets(2437,5): warning MSB3277:         C:\Program Files\Autodesk\Revit 2026\RevitAPI.dll [C:\Users\ajith\new revit\RebarAutomation\RebarAutomation.csproj]
C:\Program Files\dotnet\sdk\10.0.102\Microsoft.Common.CurrentVersion.targets(2437,5): warning MSB3277:           Project file item includes which caused reference "C:\Program Files\Autodesk\Revit 2026\RevitAPI.dll". [C:\Users\ajith\new revit\RebarAutomation\RebarAutomation.csproj]
C:\Program Files\dotnet\sdk\10.0.102\Microsoft.Common.CurrentVersion.targets(2437,5): warning MSB3277:             RevitAPI [C:\Users\ajith\new revit\RebarAutomation\RebarAutomation.csproj]
C:\Program Files\dotnet\sdk\10.0.102\Microsoft.Common.CurrentVersion.targets(2437,5): warning MSB3277:             RevitAPIUI [C:\Users\ajith\new revit\RebarAutomation\RebarAutomation.csproj]
C:\Program Files\dotnet\sdk\10.0.102\Microsoft.Common.CurrentVersion.targets(2437,5): warning MSB3277:         C:\Program Files\Autodesk\Revit 2026\RevitAPIUI.dll [C:\Users\ajith\new revit\RebarAutomation\RebarAutomation.csproj]
C:\Program Files\dotnet\sdk\10.0.102\Microsoft.Common.CurrentVersion.targets(2437,5): warning MSB3277:           Project file item includes which caused reference "C:\Program Files\Autodesk\Revit 2026\RevitAPIUI.dll". [C:\Users\ajith\new revit\RebarAutomation\RebarAutomation.csproj]
C:\Program Files\dotnet\sdk\10.0.102\Microsoft.Common.CurrentVersion.targets(2437,5): warning MSB3277:             RevitAPIUI [C:\Users\ajith\new revit\RebarAutomation\RebarAutomation.csproj]
C:\Program Files\dotnet\sdk\10.0.102\Microsoft.Common.CurrentVersion.targets(2437,5): warning MSB3277:         C:\Program Files\Autodesk\Revit 2026\DBManagedServices.dll [C:\Users\ajith\new revit\RebarAutomation\RebarAutomation.csproj]
C:\Program Files\dotnet\sdk\10.0.102\Microsoft.Common.CurrentVersion.targets(2437,5): warning MSB3277:           Project file item includes which caused reference "C:\Program Files\Autodesk\Revit 2026\DBManagedServices.dll". [C:\Users\ajith\new revit\RebarAutomation\RebarAutomation.csproj]
C:\Program Files\dotnet\sdk\10.0.102\Microsoft.Common.CurrentVersion.targets(2437,5): warning MSB3277:             RevitAPI [C:\Users\ajith\new revit\RebarAutomation\RebarAutomation.csproj]
C:\Program Files\dotnet\sdk\10.0.102\Microsoft.Common.CurrentVersion.targets(2437,5): warning MSB3277:             RevitAPIUI [C:\Users\ajith\new revit\RebarAutomation\RebarAutomation.csproj]
C:\Program Files\dotnet\sdk\10.0.102\Microsoft.Common.CurrentVersion.targets(2437,5): warning MSB3277:         C:\Program Files\Autodesk\Revit 2026\UIFramework.dll [C:\Users\ajith\new revit\RebarAutomation\RebarAutomation.csproj]
C:\Program Files\dotnet\sdk\10.0.102\Microsoft.Common.CurrentVersion.targets(2437,5): warning MSB3277:           Project file item includes which caused reference "C:\Program Files\Autodesk\Revit 2026\UIFramework.dll". [C:\Users\ajith\new revit\RebarAutomation\RebarAutomation.csproj]
C:\Program Files\dotnet\sdk\10.0.102\Microsoft.Common.CurrentVersion.targets(2437,5): warning MSB3277:             RevitAPIUI [C:\Users\ajith\new revit\RebarAutomation\RebarAutomation.csproj]
C:\Program Files\dotnet\sdk\10.0.102\Microsoft.Common.CurrentVersion.targets(2437,5): warning MSB3277:         C:\Program Files\Autodesk\Revit 2026\UIFrameworkServices.dll [C:\Users\ajith\new revit\RebarAutomation\RebarAutomation.csproj]
C:\Program Files\dotnet\sdk\10.0.102\Microsoft.Common.CurrentVersion.targets(2437,5): warning MSB3277:           Project file item includes which caused reference "C:\Program Files\Autodesk\Revit 2026\UIFrameworkServices.dll". [C:\Users\ajith\new revit\RebarAutomation\RebarAutomation.csproj]
C:\Program Files\dotnet\sdk\10.0.102\Microsoft.Common.CurrentVersion.targets(2437,5): warning MSB3277:             RevitAPIUI [C:\Users\ajith\new revit\RebarAutomation\RebarAutomation.csproj]
C:\Program Files\dotnet\sdk\10.0.102\Microsoft.Common.CurrentVersion.targets(2437,5): warning MSB3277: Found conflicts between different versions of "UIAutomationTypes" that could not be resolved. [C:\Users\ajith\new revit\RebarAutomation\RebarAutomation.csproj]
C:\Program Files\dotnet\sdk\10.0.102\Microsoft.Common.CurrentVersion.targets(2437,5): warning MSB3277: There was a conflict between "UIAutomationTypes, Version=4.0.0.0, Culture=neutral, PublicKeyToken=31bf3856ad364e35" and "UIAutomationTypes, Version=8.0.0.0, Culture=neutral, PublicKeyToken=31bf3856ad364e35". [C:\Users\ajith\new revit\RebarAutomation\RebarAutomation.csproj]
C:\Program Files\dotnet\sdk\10.0.102\Microsoft.Common.CurrentVersion.targets(2437,5): warning MSB3277:     "UIAutomationTypes, Version=4.0.0.0, Culture=neutral, PublicKeyToken=31bf3856ad364e35" was chosen because it was primary and "UIAutomationTypes, Version=8.0.0.0, Culture=neutral, PublicKeyToken=31bf3856ad364e35" was not. [C:\Users\ajith\new revit\RebarAutomation\RebarAutomation.csproj]
C:\Program Files\dotnet\sdk\10.0.102\Microsoft.Common.CurrentVersion.targets(2437,5): warning MSB3277:     References which depend on "UIAutomationTypes, Version=4.0.0.0, Culture=neutral, PublicKeyToken=31bf3856ad364e35" [C:\Program Files (x86)\Reference Assemblies\Microsoft\Framework\.NETFramework\v4.8\UIAutomationTypes.dll]. [C:\Users\ajith\new revit\RebarAutomation\RebarAutomation.csproj]
C:\Program Files\dotnet\sdk\10.0.102\Microsoft.Common.CurrentVersion.targets(2437,5): warning MSB3277:         C:\Program Files (x86)\Reference Assemblies\Microsoft\Framework\.NETFramework\v4.8\UIAutomationTypes.dll [C:\Users\ajith\new revit\RebarAutomation\RebarAutomation.csproj]
C:\Program Files\dotnet\sdk\10.0.102\Microsoft.Common.CurrentVersion.targets(2437,5): warning MSB3277:           Project file item includes which caused reference "C:\Program Files (x86)\Reference Assemblies\Microsoft\Framework\.NETFramework\v4.8\UIAutomationTypes.dll". [C:\Users\ajith\new revit\RebarAutomation\RebarAutomation.csproj]
C:\Program Files\dotnet\sdk\10.0.102\Microsoft.Common.CurrentVersion.targets(2437,5): warning MSB3277:             UIAutomationTypes [C:\Users\ajith\new revit\RebarAutomation\RebarAutomation.csproj]
C:\Program Files\dotnet\sdk\10.0.102\Microsoft.Common.CurrentVersion.targets(2437,5): warning MSB3277:     References which depend on or have been unified to "UIAutomationTypes, Version=8.0.0.0, Culture=neutral, PublicKeyToken=31bf3856ad364e35" []. [C:\Users\ajith\new revit\RebarAutomation\RebarAutomation.csproj]
C:\Program Files\dotnet\sdk\10.0.102\Microsoft.Common.CurrentVersion.targets(2437,5): warning MSB3277:         C:\Program Files\Autodesk\Revit 2026\RevitAPI.dll [C:\Users\ajith\new revit\RebarAutomation\RebarAutomation.csproj]
C:\Program Files\dotnet\sdk\10.0.102\Microsoft.Common.CurrentVersion.targets(2437,5): warning MSB3277:           Project file item includes which caused reference "C:\Program Files\Autodesk\Revit 2026\RevitAPI.dll". [C:\Users\ajith\new revit\RebarAutomation\RebarAutomation.csproj]
C:\Program Files\dotnet\sdk\10.0.102\Microsoft.Common.CurrentVersion.targets(2437,5): warning MSB3277:             RevitAPI [C:\Users\ajith\new revit\RebarAutomation\RebarAutomation.csproj]
C:\Program Files\dotnet\sdk\10.0.102\Microsoft.Common.CurrentVersion.targets(2437,5): warning MSB3277:             RevitAPIUI [C:\Users\ajith\new revit\RebarAutomation\RebarAutomation.csproj]
C:\Program Files\dotnet\sdk\10.0.102\Microsoft.Common.CurrentVersion.targets(2437,5): warning MSB3277:         C:\Program Files\Autodesk\Revit 2026\RevitAPIUI.dll [C:\Users\ajith\new revit\RebarAutomation\RebarAutomation.csproj]
C:\Program Files\dotnet\sdk\10.0.102\Microsoft.Common.CurrentVersion.targets(2437,5): warning MSB3277:           Project file item includes which caused reference "C:\Program Files\Autodesk\Revit 2026\RevitAPIUI.dll". [C:\Users\ajith\new revit\RebarAutomation\RebarAutomation.csproj]
C:\Program Files\dotnet\sdk\10.0.102\Microsoft.Common.CurrentVersion.targets(2437,5): warning MSB3277:             RevitAPIUI [C:\Users\ajith\new revit\RebarAutomation\RebarAutomation.csproj]
C:\Program Files\dotnet\sdk\10.0.102\Microsoft.Common.CurrentVersion.targets(2437,5): warning MSB3277:         C:\Program Files\Autodesk\Revit 2026\DBManagedServices.dll [C:\Users\ajith\new revit\RebarAutomation\RebarAutomation.csproj]
C:\Program Files\dotnet\sdk\10.0.102\Microsoft.Common.CurrentVersion.targets(2437,5): warning MSB3277:           Project file item includes which caused reference "C:\Program Files\Autodesk\Revit 2026\DBManagedServices.dll". [C:\Users\ajith\new revit\RebarAutomation\RebarAutomation.csproj]
C:\Program Files\dotnet\sdk\10.0.102\Microsoft.Common.CurrentVersion.targets(2437,5): warning MSB3277:             RevitAPI [C:\Users\ajith\new revit\RebarAutomation\RebarAutomation.csproj]
C:\Program Files\dotnet\sdk\10.0.102\Microsoft.Common.CurrentVersion.targets(2437,5): warning MSB3277:             RevitAPIUI [C:\Users\ajith\new revit\RebarAutomation\RebarAutomation.csproj]
C:\Program Files\dotnet\sdk\10.0.102\Microsoft.Common.CurrentVersion.targets(2437,5): warning MSB3277:         C:\Program Files\Autodesk\Revit 2026\UIFramework.dll [C:\Users\ajith\new revit\RebarAutomation\RebarAutomation.csproj]
C:\Program Files\dotnet\sdk\10.0.102\Microsoft.Common.CurrentVersion.targets(2437,5): warning MSB3277:           Project file item includes which caused reference "C:\Program Files\Autodesk\Revit 2026\UIFramework.dll". [C:\Users\ajith\new revit\RebarAutomation\RebarAutomation.csproj]
C:\Program Files\dotnet\sdk\10.0.102\Microsoft.Common.CurrentVersion.targets(2437,5): warning MSB3277:             RevitAPIUI [C:\Users\ajith\new revit\RebarAutomation\RebarAutomation.csproj]
C:\Program Files\dotnet\sdk\10.0.102\Microsoft.Common.CurrentVersion.targets(2437,5): warning MSB3277:         C:\Program Files\Autodesk\Revit 2026\UIFrameworkServices.dll [C:\Users\ajith\new revit\RebarAutomation\RebarAutomation.csproj]
C:\Program Files\dotnet\sdk\10.0.102\Microsoft.Common.CurrentVersion.targets(2437,5): warning MSB3277:           Project file item includes which caused reference "C:\Program Files\Autodesk\Revit 2026\UIFrameworkServices.dll". [C:\Users\ajith\new revit\RebarAutomation\RebarAutomation.csproj]
C:\Program Files\dotnet\sdk\10.0.102\Microsoft.Common.CurrentVersion.targets(2437,5): warning MSB3277:             RevitAPIUI [C:\Users\ajith\new revit\RebarAutomation\RebarAutomation.csproj]
C:\Program Files\dotnet\sdk\10.0.102\Microsoft.Common.CurrentVersion.targets(2437,5): warning MSB3277: Found conflicts between different versions of "WindowsBase" that could not be resolved. [C:\Users\ajith\new revit\RebarAutomation\RebarAutomation.csproj]
C:\Program Files\dotnet\sdk\10.0.102\Microsoft.Common.CurrentVersion.targets(2437,5): warning MSB3277: There was a conflict between "WindowsBase, Version=4.0.0.0, Culture=neutral, PublicKeyToken=31bf3856ad364e35" and "WindowsBase, Version=8.0.0.0, Culture=neutral, PublicKeyToken=31bf3856ad364e35". [C:\Users\ajith\new revit\RebarAutomation\RebarAutomation.csproj]
C:\Program Files\dotnet\sdk\10.0.102\Microsoft.Common.CurrentVersion.targets(2437,5): warning MSB3277:     "WindowsBase, Version=4.0.0.0, Culture=neutral, PublicKeyToken=31bf3856ad364e35" was chosen because it was primary and "WindowsBase, Version=8.0.0.0, Culture=neutral, PublicKeyToken=31bf3856ad364e35" was not. [C:\Users\ajith\new revit\RebarAutomation\RebarAutomation.csproj]
C:\Program Files\dotnet\sdk\10.0.102\Microsoft.Common.CurrentVersion.targets(2437,5): warning MSB3277:     References which depend on "WindowsBase, Version=4.0.0.0, Culture=neutral, PublicKeyToken=31bf3856ad364e35" [C:\Program Files (x86)\Reference Assemblies\Microsoft\Framework\.NETFramework\v4.8\WindowsBase.dll]. [C:\Users\ajith\new revit\RebarAutomation\RebarAutomation.csproj]
C:\Program Files\dotnet\sdk\10.0.102\Microsoft.Common.CurrentVersion.targets(2437,5): warning MSB3277:         C:\Program Files (x86)\Reference Assemblies\Microsoft\Framework\.NETFramework\v4.8\WindowsBase.dll [C:\Users\ajith\new revit\RebarAutomation\RebarAutomation.csproj]
C:\Program Files\dotnet\sdk\10.0.102\Microsoft.Common.CurrentVersion.targets(2437,5): warning MSB3277:           Project file item includes which caused reference "C:\Program Files (x86)\Reference Assemblies\Microsoft\Framework\.NETFramework\v4.8\WindowsBase.dll". [C:\Users\ajith\new revit\RebarAutomation\RebarAutomation.csproj]
C:\Program Files\dotnet\sdk\10.0.102\Microsoft.Common.CurrentVersion.targets(2437,5): warning MSB3277:             WindowsBase [C:\Users\ajith\new revit\RebarAutomation\RebarAutomation.csproj]
C:\Program Files\dotnet\sdk\10.0.102\Microsoft.Common.CurrentVersion.targets(2437,5): warning MSB3277:     References which depend on or have been unified to "WindowsBase, Version=8.0.0.0, Culture=neutral, PublicKeyToken=31bf3856ad364e35" []. [C:\Users\ajith\new revit\RebarAutomation\RebarAutomation.csproj]
C:\Program Files\dotnet\sdk\10.0.102\Microsoft.Common.CurrentVersion.targets(2437,5): warning MSB3277:         C:\Program Files\Autodesk\Revit 2026\RevitAPI.dll [C:\Users\ajith\new revit\RebarAutomation\RebarAutomation.csproj]
C:\Program Files\dotnet\sdk\10.0.102\Microsoft.Common.CurrentVersion.targets(2437,5): warning MSB3277:           Project file item includes which caused reference "C:\Program Files\Autodesk\Revit 2026\RevitAPI.dll". [C:\Users\ajith\new revit\RebarAutomation\RebarAutomation.csproj]
C:\Program Files\dotnet\sdk\10.0.102\Microsoft.Common.CurrentVersion.targets(2437,5): warning MSB3277:             RevitAPI [C:\Users\ajith\new revit\RebarAutomation\RebarAutomation.csproj]
C:\Program Files\dotnet\sdk\10.0.102\Microsoft.Common.CurrentVersion.targets(2437,5): warning MSB3277:             RevitAPIUI [C:\Users\ajith\new revit\RebarAutomation\RebarAutomation.csproj]
C:\Program Files\dotnet\sdk\10.0.102\Microsoft.Common.CurrentVersion.targets(2437,5): warning MSB3277:         C:\Program Files\Autodesk\Revit 2026\RevitAPIUI.dll [C:\Users\ajith\new revit\RebarAutomation\RebarAutomation.csproj]
C:\Program Files\dotnet\sdk\10.0.102\Microsoft.Common.CurrentVersion.targets(2437,5): warning MSB3277:           Project file item includes which caused reference "C:\Program Files\Autodesk\Revit 2026\RevitAPIUI.dll". [C:\Users\ajith\new revit\RebarAutomation\RebarAutomation.csproj]
C:\Program Files\dotnet\sdk\10.0.102\Microsoft.Common.CurrentVersion.targets(2437,5): warning MSB3277:             RevitAPIUI [C:\Users\ajith\new revit\RebarAutomation\RebarAutomation.csproj]
C:\Program Files\dotnet\sdk\10.0.102\Microsoft.Common.CurrentVersion.targets(2437,5): warning MSB3277:         C:\Program Files\Autodesk\Revit 2026\AdskRcManaged.dll [C:\Users\ajith\new revit\RebarAutomation\RebarAutomation.csproj]
C:\Program Files\dotnet\sdk\10.0.102\Microsoft.Common.CurrentVersion.targets(2437,5): warning MSB3277:           Project file item includes which caused reference "C:\Program Files\Autodesk\Revit 2026\AdskRcManaged.dll". [C:\Users\ajith\new revit\RebarAutomation\RebarAutomation.csproj]
C:\Program Files\dotnet\sdk\10.0.102\Microsoft.Common.CurrentVersion.targets(2437,5): warning MSB3277:             RevitAPI [C:\Users\ajith\new revit\RebarAutomation\RebarAutomation.csproj]
C:\Program Files\dotnet\sdk\10.0.102\Microsoft.Common.CurrentVersion.targets(2437,5): warning MSB3277:             RevitAPIUI [C:\Users\ajith\new revit\RebarAutomation\RebarAutomation.csproj]
C:\Program Files\dotnet\sdk\10.0.102\Microsoft.Common.CurrentVersion.targets(2437,5): warning MSB3277:         C:\Program Files\Autodesk\Revit 2026\RevitAPIFoundation.dll [C:\Users\ajith\new revit\RebarAutomation\RebarAutomation.csproj]
C:\Program Files\dotnet\sdk\10.0.102\Microsoft.Common.CurrentVersion.targets(2437,5): warning MSB3277:           Project file item includes which caused reference "C:\Program Files\Autodesk\Revit 2026\RevitAPIFoundation.dll". [C:\Users\ajith\new revit\RebarAutomation\RebarAutomation.csproj]
C:\Program Files\dotnet\sdk\10.0.102\Microsoft.Common.CurrentVersion.targets(2437,5): warning MSB3277:             RevitAPI [C:\Users\ajith\new revit\RebarAutomation\RebarAutomation.csproj]
C:\Program Files\dotnet\sdk\10.0.102\Microsoft.Common.CurrentVersion.targets(2437,5): warning MSB3277:             RevitAPIUI [C:\Users\ajith\new revit\RebarAutomation\RebarAutomation.csproj]
C:\Program Files\dotnet\sdk\10.0.102\Microsoft.Common.CurrentVersion.targets(2437,5): warning MSB3277:         C:\Program Files\Autodesk\Revit 2026\RevitDBAPI.dll [C:\Users\ajith\new revit\RebarAutomation\RebarAutomation.csproj]
C:\Program Files\dotnet\sdk\10.0.102\Microsoft.Common.CurrentVersion.targets(2437,5): warning MSB3277:           Project file item includes which caused reference "C:\Program Files\Autodesk\Revit 2026\RevitDBAPI.dll". [C:\Users\ajith\new revit\RebarAutomation\RebarAutomation.csproj]
C:\Program Files\dotnet\sdk\10.0.102\Microsoft.Common.CurrentVersion.targets(2437,5): warning MSB3277:             RevitAPI [C:\Users\ajith\new revit\RebarAutomation\RebarAutomation.csproj]
C:\Program Files\dotnet\sdk\10.0.102\Microsoft.Common.CurrentVersion.targets(2437,5): warning MSB3277:             RevitAPIUI [C:\Users\ajith\new revit\RebarAutomation\RebarAutomation.csproj]
C:\Program Files\dotnet\sdk\10.0.102\Microsoft.Common.CurrentVersion.targets(2437,5): warning MSB3277:         C:\Program Files\Autodesk\Revit 2026\RevitDBCoreAPI.dll [C:\Users\ajith\new revit\RebarAutomation\RebarAutomation.csproj]
C:\Program Files\dotnet\sdk\10.0.102\Microsoft.Common.CurrentVersion.targets(2437,5): warning MSB3277:           Project file item includes which caused reference "C:\Program Files\Autodesk\Revit 2026\RevitDBCoreAPI.dll". [C:\Users\ajith\new revit\RebarAutomation\RebarAutomation.csproj]
C:\Program Files\dotnet\sdk\10.0.102\Microsoft.Common.CurrentVersion.targets(2437,5): warning MSB3277:             RevitAPI [C:\Users\ajith\new revit\RebarAutomation\RebarAutomation.csproj]
C:\Program Files\dotnet\sdk\10.0.102\Microsoft.Common.CurrentVersion.targets(2437,5): warning MSB3277:             RevitAPIUI [C:\Users\ajith\new revit\RebarAutomation\RebarAutomation.csproj]
C:\Program Files\dotnet\sdk\10.0.102\Microsoft.Common.CurrentVersion.targets(2437,5): warning MSB3277:         C:\Program Files\Autodesk\Revit 2026\PersistenceDBAPI.dll [C:\Users\ajith\new revit\RebarAutomation\RebarAutomation.csproj]
C:\Program Files\dotnet\sdk\10.0.102\Microsoft.Common.CurrentVersion.targets(2437,5): warning MSB3277:           Project file item includes which caused reference "C:\Program Files\Autodesk\Revit 2026\PersistenceDBAPI.dll". [C:\Users\ajith\new revit\RebarAutomation\RebarAutomation.csproj]
C:\Program Files\dotnet\sdk\10.0.102\Microsoft.Common.CurrentVersion.targets(2437,5): warning MSB3277:             RevitAPI [C:\Users\ajith\new revit\RebarAutomation\RebarAutomation.csproj]
C:\Program Files\dotnet\sdk\10.0.102\Microsoft.Common.CurrentVersion.targets(2437,5): warning MSB3277:             RevitAPIUI [C:\Users\ajith\new revit\RebarAutomation\RebarAutomation.csproj]
C:\Program Files\dotnet\sdk\10.0.102\Microsoft.Common.CurrentVersion.targets(2437,5): warning MSB3277:         C:\Program Files\Autodesk\Revit 2026\UtilityAPI.dll [C:\Users\ajith\new revit\RebarAutomation\RebarAutomation.csproj]
C:\Program Files\dotnet\sdk\10.0.102\Microsoft.Common.CurrentVersion.targets(2437,5): warning MSB3277:           Project file item includes which caused reference "C:\Program Files\Autodesk\Revit 2026\UtilityAPI.dll". [C:\Users\ajith\new revit\RebarAutomation\RebarAutomation.csproj]
C:\Program Files\dotnet\sdk\10.0.102\Microsoft.Common.CurrentVersion.targets(2437,5): warning MSB3277:             RevitAPI [C:\Users\ajith\new revit\RebarAutomation\RebarAutomation.csproj]
C:\Program Files\dotnet\sdk\10.0.102\Microsoft.Common.CurrentVersion.targets(2437,5): warning MSB3277:             RevitAPIUI [C:\Users\ajith\new revit\RebarAutomation\RebarAutomation.csproj]
C:\Program Files\dotnet\sdk\10.0.102\Microsoft.Common.CurrentVersion.targets(2437,5): warning MSB3277:         C:\Program Files\Autodesk\Revit 2026\APIDBAPI.dll [C:\Users\ajith\new revit\RebarAutomation\RebarAutomation.csproj]
C:\Program Files\dotnet\sdk\10.0.102\Microsoft.Common.CurrentVersion.targets(2437,5): warning MSB3277:           Project file item includes which caused reference "C:\Program Files\Autodesk\Revit 2026\APIDBAPI.dll". [C:\Users\ajith\new revit\RebarAutomation\RebarAutomation.csproj]
C:\Program Files\dotnet\sdk\10.0.102\Microsoft.Common.CurrentVersion.targets(2437,5): warning MSB3277:             RevitAPI [C:\Users\ajith\new revit\RebarAutomation\RebarAutomation.csproj]
C:\Program Files\dotnet\sdk\10.0.102\Microsoft.Common.CurrentVersion.targets(2437,5): warning MSB3277:             RevitAPIUI [C:\Users\ajith\new revit\RebarAutomation\RebarAutomation.csproj]
C:\Program Files\dotnet\sdk\10.0.102\Microsoft.Common.CurrentVersion.targets(2437,5): warning MSB3277:         C:\Program Files\Autodesk\Revit 2026\GraphicsAPI.dll [C:\Users\ajith\new revit\RebarAutomation\RebarAutomation.csproj]
C:\Program Files\dotnet\sdk\10.0.102\Microsoft.Common.CurrentVersion.targets(2437,5): warning MSB3277:           Project file item includes which caused reference "C:\Program Files\Autodesk\Revit 2026\GraphicsAPI.dll". [C:\Users\ajith\new revit\RebarAutomation\RebarAutomation.csproj]
C:\Program Files\dotnet\sdk\10.0.102\Microsoft.Common.CurrentVersion.targets(2437,5): warning MSB3277:             RevitAPI [C:\Users\ajith\new revit\RebarAutomation\RebarAutomation.csproj]
C:\Program Files\dotnet\sdk\10.0.102\Microsoft.Common.CurrentVersion.targets(2437,5): warning MSB3277:             RevitAPIUI [C:\Users\ajith\new revit\RebarAutomation\RebarAutomation.csproj]
C:\Program Files\dotnet\sdk\10.0.102\Microsoft.Common.CurrentVersion.targets(2437,5): warning MSB3277:         C:\Program Files\Autodesk\Revit 2026\ElementGroupDBAPI.dll [C:\Users\ajith\new revit\RebarAutomation\RebarAutomation.csproj]
C:\Program Files\dotnet\sdk\10.0.102\Microsoft.Common.CurrentVersion.targets(2437,5): warning MSB3277:           Project file item includes which caused reference "C:\Program Files\Autodesk\Revit 2026\ElementGroupDBAPI.dll". [C:\Users\ajith\new revit\RebarAutomation\RebarAutomation.csproj]
C:\Program Files\dotnet\sdk\10.0.102\Microsoft.Common.CurrentVersion.targets(2437,5): warning MSB3277:             RevitAPI [C:\Users\ajith\new revit\RebarAutomation\RebarAutomation.csproj]
C:\Program Files\dotnet\sdk\10.0.102\Microsoft.Common.CurrentVersion.targets(2437,5): warning MSB3277:             RevitAPIUI [C:\Users\ajith\new revit\RebarAutomation\RebarAutomation.csproj]
C:\Program Files\dotnet\sdk\10.0.102\Microsoft.Common.CurrentVersion.targets(2437,5): warning MSB3277:         C:\Program Files\Autodesk\Revit 2026\EssentialsDBAPI.dll [C:\Users\ajith\new revit\RebarAutomation\RebarAutomation.csproj]
C:\Program Files\dotnet\sdk\10.0.102\Microsoft.Common.CurrentVersion.targets(2437,5): warning MSB3277:           Project file item includes which caused reference "C:\Program Files\Autodesk\Revit 2026\EssentialsDBAPI.dll". [C:\Users\ajith\new revit\RebarAutomation\RebarAutomation.csproj]
C:\Program Files\dotnet\sdk\10.0.102\Microsoft.Common.CurrentVersion.targets(2437,5): warning MSB3277:             RevitAPI [C:\Users\ajith\new revit\RebarAutomation\RebarAutomation.csproj]
C:\Program Files\dotnet\sdk\10.0.102\Microsoft.Common.CurrentVersion.targets(2437,5): warning MSB3277:             RevitAPIUI [C:\Users\ajith\new revit\RebarAutomation\RebarAutomation.csproj]
C:\Program Files\dotnet\sdk\10.0.102\Microsoft.Common.CurrentVersion.targets(2437,5): warning MSB3277:         C:\Program Files\Autodesk\Revit 2026\GeomUtilAPI.dll [C:\Users\ajith\new revit\RebarAutomation\RebarAutomation.csproj]
C:\Program Files\dotnet\sdk\10.0.102\Microsoft.Common.CurrentVersion.targets(2437,5): warning MSB3277:           Project file item includes which caused reference "C:\Program Files\Autodesk\Revit 2026\GeomUtilAPI.dll". [C:\Users\ajith\new revit\RebarAutomation\RebarAutomation.csproj]
C:\Program Files\dotnet\sdk\10.0.102\Microsoft.Common.CurrentVersion.targets(2437,5): warning MSB3277:             RevitAPI [C:\Users\ajith\new revit\RebarAutomation\RebarAutomation.csproj]
C:\Program Files\dotnet\sdk\10.0.102\Microsoft.Common.CurrentVersion.targets(2437,5): warning MSB3277:             RevitAPIUI [C:\Users\ajith\new revit\RebarAutomation\RebarAutomation.csproj]
C:\Program Files\dotnet\sdk\10.0.102\Microsoft.Common.CurrentVersion.targets(2437,5): warning MSB3277:         C:\Program Files\Autodesk\Revit 2026\FamilyDBAPI.dll [C:\Users\ajith\new revit\RebarAutomation\RebarAutomation.csproj]
C:\Program Files\dotnet\sdk\10.0.102\Microsoft.Common.CurrentVersion.targets(2437,5): warning MSB3277:           Project file item includes which caused reference "C:\Program Files\Autodesk\Revit 2026\FamilyDBAPI.dll". [C:\Users\ajith\new revit\RebarAutomation\RebarAutomation.csproj]
C:\Program Files\dotnet\sdk\10.0.102\Microsoft.Common.CurrentVersion.targets(2437,5): warning MSB3277:             RevitAPI [C:\Users\ajith\new revit\RebarAutomation\RebarAutomation.csproj]
C:\Program Files\dotnet\sdk\10.0.102\Microsoft.Common.CurrentVersion.targets(2437,5): warning MSB3277:             RevitAPIUI [C:\Users\ajith\new revit\RebarAutomation\RebarAutomation.csproj]
C:\Program Files\dotnet\sdk\10.0.102\Microsoft.Common.CurrentVersion.targets(2437,5): warning MSB3277:         C:\Program Files\Autodesk\Revit 2026\DetailDBAPI.dll [C:\Users\ajith\new revit\RebarAutomation\RebarAutomation.csproj]
C:\Program Files\dotnet\sdk\10.0.102\Microsoft.Common.CurrentVersion.targets(2437,5): warning MSB3277:           Project file item includes which caused reference "C:\Program Files\Autodesk\Revit 2026\DetailDBAPI.dll". [C:\Users\ajith\new revit\RebarAutomation\RebarAutomation.csproj]
C:\Program Files\dotnet\sdk\10.0.102\Microsoft.Common.CurrentVersion.targets(2437,5): warning MSB3277:             RevitAPI [C:\Users\ajith\new revit\RebarAutomation\RebarAutomation.csproj]
C:\Program Files\dotnet\sdk\10.0.102\Microsoft.Common.CurrentVersion.targets(2437,5): warning MSB3277:             RevitAPIUI [C:\Users\ajith\new revit\RebarAutomation\RebarAutomation.csproj]
C:\Program Files\dotnet\sdk\10.0.102\Microsoft.Common.CurrentVersion.targets(2437,5): warning MSB3277:         C:\Program Files\Autodesk\Revit 2026\CurtainGridFamilyDBAPI.dll [C:\Users\ajith\new revit\RebarAutomation\RebarAutomation.csproj]
C:\Program Files\dotnet\sdk\10.0.102\Microsoft.Common.CurrentVersion.targets(2437,5): warning MSB3277:           Project file item includes which caused reference "C:\Program Files\Autodesk\Revit 2026\CurtainGridFamilyDBAPI.dll". [C:\Users\ajith\new revit\RebarAutomation\RebarAutomation.csproj]
C:\Program Files\dotnet\sdk\10.0.102\Microsoft.Common.CurrentVersion.targets(2437,5): warning MSB3277:             RevitAPI [C:\Users\ajith\new revit\RebarAutomation\RebarAutomation.csproj]
C:\Program Files\dotnet\sdk\10.0.102\Microsoft.Common.CurrentVersion.targets(2437,5): warning MSB3277:             RevitAPIUI [C:\Users\ajith\new revit\RebarAutomation\RebarAutomation.csproj]
C:\Program Files\dotnet\sdk\10.0.102\Microsoft.Common.CurrentVersion.targets(2437,5): warning MSB3277:         C:\Program Files\Autodesk\Revit 2026\ArrayElemsDBAPI.dll [C:\Users\ajith\new revit\RebarAutomation\RebarAutomation.csproj]
C:\Program Files\dotnet\sdk\10.0.102\Microsoft.Common.CurrentVersion.targets(2437,5): warning MSB3277:           Project file item includes which caused reference "C:\Program Files\Autodesk\Revit 2026\ArrayElemsDBAPI.dll". [C:\Users\ajith\new revit\RebarAutomation\RebarAutomation.csproj]
C:\Program Files\dotnet\sdk\10.0.102\Microsoft.Common.CurrentVersion.targets(2437,5): warning MSB3277:             RevitAPI [C:\Users\ajith\new revit\RebarAutomation\RebarAutomation.csproj]
C:\Program Files\dotnet\sdk\10.0.102\Microsoft.Common.CurrentVersion.targets(2437,5): warning MSB3277:             RevitAPIUI [C:\Users\ajith\new revit\RebarAutomation\RebarAutomation.csproj]
C:\Program Files\dotnet\sdk\10.0.102\Microsoft.Common.CurrentVersion.targets(2437,5): warning MSB3277:         C:\Program Files\Autodesk\Revit 2026\EnergyAnalysisDBAPI.dll [C:\Users\ajith\new revit\RebarAutomation\RebarAutomation.csproj]
C:\Program Files\dotnet\sdk\10.0.102\Microsoft.Common.CurrentVersion.targets(2437,5): warning MSB3277:           Project file item includes which caused reference "C:\Program Files\Autodesk\Revit 2026\EnergyAnalysisDBAPI.dll". [C:\Users\ajith\new revit\RebarAutomation\RebarAutomation.csproj]
C:\Program Files\dotnet\sdk\10.0.102\Microsoft.Common.CurrentVersion.targets(2437,5): warning MSB3277:             RevitAPI [C:\Users\ajith\new revit\RebarAutomation\RebarAutomation.csproj]
C:\Program Files\dotnet\sdk\10.0.102\Microsoft.Common.CurrentVersion.targets(2437,5): warning MSB3277:             RevitAPIUI [C:\Users\ajith\new revit\RebarAutomation\RebarAutomation.csproj]
C:\Program Files\dotnet\sdk\10.0.102\Microsoft.Common.CurrentVersion.targets(2437,5): warning MSB3277:         C:\Program Files\Autodesk\Revit 2026\BuildingSystemsDBAPI.dll [C:\Users\ajith\new revit\RebarAutomation\RebarAutomation.csproj]
C:\Program Files\dotnet\sdk\10.0.102\Microsoft.Common.CurrentVersion.targets(2437,5): warning MSB3277:           Project file item includes which caused reference "C:\Program Files\Autodesk\Revit 2026\BuildingSystemsDBAPI.dll". [C:\Users\ajith\new revit\RebarAutomation\RebarAutomation.csproj]
C:\Program Files\dotnet\sdk\10.0.102\Microsoft.Common.CurrentVersion.targets(2437,5): warning MSB3277:             RevitAPI [C:\Users\ajith\new revit\RebarAutomation\RebarAutomation.csproj]
C:\Program Files\dotnet\sdk\10.0.102\Microsoft.Common.CurrentVersion.targets(2437,5): warning MSB3277:             RevitAPIUI [C:\Users\ajith\new revit\RebarAutomation\RebarAutomation.csproj]
C:\Program Files\dotnet\sdk\10.0.102\Microsoft.Common.CurrentVersion.targets(2437,5): warning MSB3277:         C:\Program Files\Autodesk\Revit 2026\HostObjDBAPI.dll [C:\Users\ajith\new revit\RebarAutomation\RebarAutomation.csproj]
C:\Program Files\dotnet\sdk\10.0.102\Microsoft.Common.CurrentVersion.targets(2437,5): warning MSB3277:           Project file item includes which caused reference "C:\Program Files\Autodesk\Revit 2026\HostObjDBAPI.dll". [C:\Users\ajith\new revit\RebarAutomation\RebarAutomation.csproj]
C:\Program Files\dotnet\sdk\10.0.102\Microsoft.Common.CurrentVersion.targets(2437,5): warning MSB3277:             RevitAPI [C:\Users\ajith\new revit\RebarAutomation\RebarAutomation.csproj]
C:\Program Files\dotnet\sdk\10.0.102\Microsoft.Common.CurrentVersion.targets(2437,5): warning MSB3277:             RevitAPIUI [C:\Users\ajith\new revit\RebarAutomation\RebarAutomation.csproj]
C:\Program Files\dotnet\sdk\10.0.102\Microsoft.Common.CurrentVersion.targets(2437,5): warning MSB3277:         C:\Program Files\Autodesk\Revit 2026\RoomAreaPlanDBAPI.dll [C:\Users\ajith\new revit\RebarAutomation\RebarAutomation.csproj]
C:\Program Files\dotnet\sdk\10.0.102\Microsoft.Common.CurrentVersion.targets(2437,5): warning MSB3277:           Project file item includes which caused reference "C:\Program Files\Autodesk\Revit 2026\RoomAreaPlanDBAPI.dll". [C:\Users\ajith\new revit\RebarAutomation\RebarAutomation.csproj]
C:\Program Files\dotnet\sdk\10.0.102\Microsoft.Common.CurrentVersion.targets(2437,5): warning MSB3277:             RevitAPI [C:\Users\ajith\new revit\RebarAutomation\RebarAutomation.csproj]
C:\Program Files\dotnet\sdk\10.0.102\Microsoft.Common.CurrentVersion.targets(2437,5): warning MSB3277:             RevitAPIUI [C:\Users\ajith\new revit\RebarAutomation\RebarAutomation.csproj]
C:\Program Files\dotnet\sdk\10.0.102\Microsoft.Common.CurrentVersion.targets(2437,5): warning MSB3277:         C:\Program Files\Autodesk\Revit 2026\SiteDBAPI.dll [C:\Users\ajith\new revit\RebarAutomation\RebarAutomation.csproj]
C:\Program Files\dotnet\sdk\10.0.102\Microsoft.Common.CurrentVersion.targets(2437,5): warning MSB3277:           Project file item includes which caused reference "C:\Program Files\Autodesk\Revit 2026\SiteDBAPI.dll". [C:\Users\ajith\new revit\RebarAutomation\RebarAutomation.csproj]
C:\Program Files\dotnet\sdk\10.0.102\Microsoft.Common.CurrentVersion.targets(2437,5): warning MSB3277:             RevitAPI [C:\Users\ajith\new revit\RebarAutomation\RebarAutomation.csproj]
C:\Program Files\dotnet\sdk\10.0.102\Microsoft.Common.CurrentVersion.targets(2437,5): warning MSB3277:             RevitAPIUI [C:\Users\ajith\new revit\RebarAutomation\RebarAutomation.csproj]
C:\Program Files\dotnet\sdk\10.0.102\Microsoft.Common.CurrentVersion.targets(2437,5): warning MSB3277:         C:\Program Files\Autodesk\Revit 2026\SculptingDBAPI.dll [C:\Users\ajith\new revit\RebarAutomation\RebarAutomation.csproj]
C:\Program Files\dotnet\sdk\10.0.102\Microsoft.Common.CurrentVersion.targets(2437,5): warning MSB3277:           Project file item includes which caused reference "C:\Program Files\Autodesk\Revit 2026\SculptingDBAPI.dll". [C:\Users\ajith\new revit\RebarAutomation\RebarAutomation.csproj]
C:\Program Files\dotnet\sdk\10.0.102\Microsoft.Common.CurrentVersion.targets(2437,5): warning MSB3277:             RevitAPI [C:\Users\ajith\new revit\RebarAutomation\RebarAutomation.csproj]
C:\Program Files\dotnet\sdk\10.0.102\Microsoft.Common.CurrentVersion.targets(2437,5): warning MSB3277:             RevitAPIUI [C:\Users\ajith\new revit\RebarAutomation\RebarAutomation.csproj]
C:\Program Files\dotnet\sdk\10.0.102\Microsoft.Common.CurrentVersion.targets(2437,5): warning MSB3277:         C:\Program Files\Autodesk\Revit 2026\StructuralDBAPI.dll [C:\Users\ajith\new revit\RebarAutomation\RebarAutomation.csproj]
C:\Program Files\dotnet\sdk\10.0.102\Microsoft.Common.CurrentVersion.targets(2437,5): warning MSB3277:           Project file item includes which caused reference "C:\Program Files\Autodesk\Revit 2026\StructuralDBAPI.dll". [C:\Users\ajith\new revit\RebarAutomation\RebarAutomation.csproj]
C:\Program Files\dotnet\sdk\10.0.102\Microsoft.Common.CurrentVersion.targets(2437,5): warning MSB3277:             RevitAPI [C:\Users\ajith\new revit\RebarAutomation\RebarAutomation.csproj]
C:\Program Files\dotnet\sdk\10.0.102\Microsoft.Common.CurrentVersion.targets(2437,5): warning MSB3277:             RevitAPIUI [C:\Users\ajith\new revit\RebarAutomation\RebarAutomation.csproj]
C:\Program Files\dotnet\sdk\10.0.102\Microsoft.Common.CurrentVersion.targets(2437,5): warning MSB3277:         C:\Program Files\Autodesk\Revit 2026\InterfaceAPI.dll [C:\Users\ajith\new revit\RebarAutomation\RebarAutomation.csproj]
C:\Program Files\dotnet\sdk\10.0.102\Microsoft.Common.CurrentVersion.targets(2437,5): warning MSB3277:           Project file item includes which caused reference "C:\Program Files\Autodesk\Revit 2026\InterfaceAPI.dll". [C:\Users\ajith\new revit\RebarAutomation\RebarAutomation.csproj]
C:\Program Files\dotnet\sdk\10.0.102\Microsoft.Common.CurrentVersion.targets(2437,5): warning MSB3277:             RevitAPI [C:\Users\ajith\new revit\RebarAutomation\RebarAutomation.csproj]
C:\Program Files\dotnet\sdk\10.0.102\Microsoft.Common.CurrentVersion.targets(2437,5): warning MSB3277:             RevitAPIUI [C:\Users\ajith\new revit\RebarAutomation\RebarAutomation.csproj]
C:\Program Files\dotnet\sdk\10.0.102\Microsoft.Common.CurrentVersion.targets(2437,5): warning MSB3277:         C:\Program Files\Autodesk\Revit 2026\InterfaceUtilAPI.dll [C:\Users\ajith\new revit\RebarAutomation\RebarAutomation.csproj]
C:\Program Files\dotnet\sdk\10.0.102\Microsoft.Common.CurrentVersion.targets(2437,5): warning MSB3277:           Project file item includes which caused reference "C:\Program Files\Autodesk\Revit 2026\InterfaceUtilAPI.dll". [C:\Users\ajith\new revit\RebarAutomation\RebarAutomation.csproj]
C:\Program Files\dotnet\sdk\10.0.102\Microsoft.Common.CurrentVersion.targets(2437,5): warning MSB3277:             RevitAPI [C:\Users\ajith\new revit\RebarAutomation\RebarAutomation.csproj]
C:\Program Files\dotnet\sdk\10.0.102\Microsoft.Common.CurrentVersion.targets(2437,5): warning MSB3277:             RevitAPIUI [C:\Users\ajith\new revit\RebarAutomation\RebarAutomation.csproj]
C:\Program Files\dotnet\sdk\10.0.102\Microsoft.Common.CurrentVersion.targets(2437,5): warning MSB3277:         C:\Program Files\Autodesk\Revit 2026\RebarDBAPI.dll [C:\Users\ajith\new revit\RebarAutomation\RebarAutomation.csproj]
C:\Program Files\dotnet\sdk\10.0.102\Microsoft.Common.CurrentVersion.targets(2437,5): warning MSB3277:           Project file item includes which caused reference "C:\Program Files\Autodesk\Revit 2026\RebarDBAPI.dll". [C:\Users\ajith\new revit\RebarAutomation\RebarAutomation.csproj]
C:\Program Files\dotnet\sdk\10.0.102\Microsoft.Common.CurrentVersion.targets(2437,5): warning MSB3277:             RevitAPI [C:\Users\ajith\new revit\RebarAutomation\RebarAutomation.csproj]
C:\Program Files\dotnet\sdk\10.0.102\Microsoft.Common.CurrentVersion.targets(2437,5): warning MSB3277:             RevitAPIUI [C:\Users\ajith\new revit\RebarAutomation\RebarAutomation.csproj]
C:\Program Files\dotnet\sdk\10.0.102\Microsoft.Common.CurrentVersion.targets(2437,5): warning MSB3277:         C:\Program Files\Autodesk\Revit 2026\StructuralAnalysisDBAPI.dll [C:\Users\ajith\new revit\RebarAutomation\RebarAutomation.csproj]
C:\Program Files\dotnet\sdk\10.0.102\Microsoft.Common.CurrentVersion.targets(2437,5): warning MSB3277:           Project file item includes which caused reference "C:\Program Files\Autodesk\Revit 2026\StructuralAnalysisDBAPI.dll". [C:\Users\ajith\new revit\RebarAutomation\RebarAutomation.csproj]
C:\Program Files\dotnet\sdk\10.0.102\Microsoft.Common.CurrentVersion.targets(2437,5): warning MSB3277:             RevitAPI [C:\Users\ajith\new revit\RebarAutomation\RebarAutomation.csproj]
C:\Program Files\dotnet\sdk\10.0.102\Microsoft.Common.CurrentVersion.targets(2437,5): warning MSB3277:             RevitAPIUI [C:\Users\ajith\new revit\RebarAutomation\RebarAutomation.csproj]
C:\Program Files\dotnet\sdk\10.0.102\Microsoft.Common.CurrentVersion.targets(2437,5): warning MSB3277:         C:\Program Files\Autodesk\Revit 2026\MassingDBAPI.dll [C:\Users\ajith\new revit\RebarAutomation\RebarAutomation.csproj]
C:\Program Files\dotnet\sdk\10.0.102\Microsoft.Common.CurrentVersion.targets(2437,5): warning MSB3277:           Project file item includes which caused reference "C:\Program Files\Autodesk\Revit 2026\MassingDBAPI.dll". [C:\Users\ajith\new revit\RebarAutomation\RebarAutomation.csproj]
C:\Program Files\dotnet\sdk\10.0.102\Microsoft.Common.CurrentVersion.targets(2437,5): warning MSB3277:             RevitAPI [C:\Users\ajith\new revit\RebarAutomation\RebarAutomation.csproj]
C:\Program Files\dotnet\sdk\10.0.102\Microsoft.Common.CurrentVersion.targets(2437,5): warning MSB3277:             RevitAPIUI [C:\Users\ajith\new revit\RebarAutomation\RebarAutomation.csproj]
C:\Program Files\dotnet\sdk\10.0.102\Microsoft.Common.CurrentVersion.targets(2437,5): warning MSB3277:         C:\Program Files\Autodesk\Revit 2026\AssemblyDBAPI.dll [C:\Users\ajith\new revit\RebarAutomation\RebarAutomation.csproj]
C:\Program Files\dotnet\sdk\10.0.102\Microsoft.Common.CurrentVersion.targets(2437,5): warning MSB3277:           Project file item includes which caused reference "C:\Program Files\Autodesk\Revit 2026\AssemblyDBAPI.dll". [C:\Users\ajith\new revit\RebarAutomation\RebarAutomation.csproj]
C:\Program Files\dotnet\sdk\10.0.102\Microsoft.Common.CurrentVersion.targets(2437,5): warning MSB3277:             RevitAPI [C:\Users\ajith\new revit\RebarAutomation\RebarAutomation.csproj]
C:\Program Files\dotnet\sdk\10.0.102\Microsoft.Common.CurrentVersion.targets(2437,5): warning MSB3277:             RevitAPIUI [C:\Users\ajith\new revit\RebarAutomation\RebarAutomation.csproj]
C:\Program Files\dotnet\sdk\10.0.102\Microsoft.Common.CurrentVersion.targets(2437,5): warning MSB3277:         C:\Program Files\Autodesk\Revit 2026\DPartDBAPI.dll [C:\Users\ajith\new revit\RebarAutomation\RebarAutomation.csproj]
C:\Program Files\dotnet\sdk\10.0.102\Microsoft.Common.CurrentVersion.targets(2437,5): warning MSB3277:           Project file item includes which caused reference "C:\Program Files\Autodesk\Revit 2026\DPartDBAPI.dll". [C:\Users\ajith\new revit\RebarAutomation\RebarAutomation.csproj]
C:\Program Files\dotnet\sdk\10.0.102\Microsoft.Common.CurrentVersion.targets(2437,5): warning MSB3277:             RevitAPI [C:\Users\ajith\new revit\RebarAutomation\RebarAutomation.csproj]
C:\Program Files\dotnet\sdk\10.0.102\Microsoft.Common.CurrentVersion.targets(2437,5): warning MSB3277:             RevitAPIUI [C:\Users\ajith\new revit\RebarAutomation\RebarAutomation.csproj]
C:\Program Files\dotnet\sdk\10.0.102\Microsoft.Common.CurrentVersion.targets(2437,5): warning MSB3277:         C:\Program Files\Autodesk\Revit 2026\NumberingDBAPI.dll [C:\Users\ajith\new revit\RebarAutomation\RebarAutomation.csproj]
C:\Program Files\dotnet\sdk\10.0.102\Microsoft.Common.CurrentVersion.targets(2437,5): warning MSB3277:           Project file item includes which caused reference "C:\Program Files\Autodesk\Revit 2026\NumberingDBAPI.dll". [C:\Users\ajith\new revit\RebarAutomation\RebarAutomation.csproj]
C:\Program Files\dotnet\sdk\10.0.102\Microsoft.Common.CurrentVersion.targets(2437,5): warning MSB3277:             RevitAPI [C:\Users\ajith\new revit\RebarAutomation\RebarAutomation.csproj]
C:\Program Files\dotnet\sdk\10.0.102\Microsoft.Common.CurrentVersion.targets(2437,5): warning MSB3277:             RevitAPIUI [C:\Users\ajith\new revit\RebarAutomation\RebarAutomation.csproj]
C:\Program Files\dotnet\sdk\10.0.102\Microsoft.Common.CurrentVersion.targets(2437,5): warning MSB3277:         C:\Program Files\Autodesk\Revit 2026\PointCloudAccessAPI.dll [C:\Users\ajith\new revit\RebarAutomation\RebarAutomation.csproj]
C:\Program Files\dotnet\sdk\10.0.102\Microsoft.Common.CurrentVersion.targets(2437,5): warning MSB3277:           Project file item includes which caused reference "C:\Program Files\Autodesk\Revit 2026\PointCloudAccessAPI.dll". [C:\Users\ajith\new revit\RebarAutomation\RebarAutomation.csproj]
C:\Program Files\dotnet\sdk\10.0.102\Microsoft.Common.CurrentVersion.targets(2437,5): warning MSB3277:             RevitAPI [C:\Users\ajith\new revit\RebarAutomation\RebarAutomation.csproj]
C:\Program Files\dotnet\sdk\10.0.102\Microsoft.Common.CurrentVersion.targets(2437,5): warning MSB3277:             RevitAPIUI [C:\Users\ajith\new revit\RebarAutomation\RebarAutomation.csproj]
C:\Program Files\dotnet\sdk\10.0.102\Microsoft.Common.CurrentVersion.targets(2437,5): warning MSB3277:         C:\Program Files\Autodesk\Revit 2026\StairRampDBAPI.dll [C:\Users\ajith\new revit\RebarAutomation\RebarAutomation.csproj]
C:\Program Files\dotnet\sdk\10.0.102\Microsoft.Common.CurrentVersion.targets(2437,5): warning MSB3277:           Project file item includes which caused reference "C:\Program Files\Autodesk\Revit 2026\StairRampDBAPI.dll". [C:\Users\ajith\new revit\RebarAutomation\RebarAutomation.csproj]
C:\Program Files\dotnet\sdk\10.0.102\Microsoft.Common.CurrentVersion.targets(2437,5): warning MSB3277:             RevitAPI [C:\Users\ajith\new revit\RebarAutomation\RebarAutomation.csproj]
C:\Program Files\dotnet\sdk\10.0.102\Microsoft.Common.CurrentVersion.targets(2437,5): warning MSB3277:             RevitAPIUI [C:\Users\ajith\new revit\RebarAutomation\RebarAutomation.csproj]
C:\Program Files\dotnet\sdk\10.0.102\Microsoft.Common.CurrentVersion.targets(2437,5): warning MSB3277:         C:\Program Files\Autodesk\Revit 2026\AnalysisAppsDBAPI.dll [C:\Users\ajith\new revit\RebarAutomation\RebarAutomation.csproj]
C:\Program Files\dotnet\sdk\10.0.102\Microsoft.Common.CurrentVersion.targets(2437,5): warning MSB3277:           Project file item includes which caused reference "C:\Program Files\Autodesk\Revit 2026\AnalysisAppsDBAPI.dll". [C:\Users\ajith\new revit\RebarAutomation\RebarAutomation.csproj]
C:\Program Files\dotnet\sdk\10.0.102\Microsoft.Common.CurrentVersion.targets(2437,5): warning MSB3277:             RevitAPI [C:\Users\ajith\new revit\RebarAutomation\RebarAutomation.csproj]
C:\Program Files\dotnet\sdk\10.0.102\Microsoft.Common.CurrentVersion.targets(2437,5): warning MSB3277:             RevitAPIUI [C:\Users\ajith\new revit\RebarAutomation\RebarAutomation.csproj]
C:\Program Files\dotnet\sdk\10.0.102\Microsoft.Common.CurrentVersion.targets(2437,5): warning MSB3277:         C:\Program Files\Autodesk\Revit 2026\MaterialDBAPI.dll [C:\Users\ajith\new revit\RebarAutomation\RebarAutomation.csproj]
C:\Program Files\dotnet\sdk\10.0.102\Microsoft.Common.CurrentVersion.targets(2437,5): warning MSB3277:           Project file item includes which caused reference "C:\Program Files\Autodesk\Revit 2026\MaterialDBAPI.dll". [C:\Users\ajith\new revit\RebarAutomation\RebarAutomation.csproj]
C:\Program Files\dotnet\sdk\10.0.102\Microsoft.Common.CurrentVersion.targets(2437,5): warning MSB3277:             RevitAPI [C:\Users\ajith\new revit\RebarAutomation\RebarAutomation.csproj]
C:\Program Files\dotnet\sdk\10.0.102\Microsoft.Common.CurrentVersion.targets(2437,5): warning MSB3277:             RevitAPIUI [C:\Users\ajith\new revit\RebarAutomation\RebarAutomation.csproj]
C:\Program Files\dotnet\sdk\10.0.102\Microsoft.Common.CurrentVersion.targets(2437,5): warning MSB3277:         C:\Program Files\Autodesk\Revit 2026\IntfATFAPI.dll [C:\Users\ajith\new revit\RebarAutomation\RebarAutomation.csproj]
C:\Program Files\dotnet\sdk\10.0.102\Microsoft.Common.CurrentVersion.targets(2437,5): warning MSB3277:           Project file item includes which caused reference "C:\Program Files\Autodesk\Revit 2026\IntfATFAPI.dll". [C:\Users\ajith\new revit\RebarAutomation\RebarAutomation.csproj]
C:\Program Files\dotnet\sdk\10.0.102\Microsoft.Common.CurrentVersion.targets(2437,5): warning MSB3277:             RevitAPI [C:\Users\ajith\new revit\RebarAutomation\RebarAutomation.csproj]
C:\Program Files\dotnet\sdk\10.0.102\Microsoft.Common.CurrentVersion.targets(2437,5): warning MSB3277:             RevitAPIUI [C:\Users\ajith\new revit\RebarAutomation\RebarAutomation.csproj]
C:\Program Files\dotnet\sdk\10.0.102\Microsoft.Common.CurrentVersion.targets(2437,5): warning MSB3277:         C:\Program Files\Autodesk\Revit 2026\TextEngineAPI.dll [C:\Users\ajith\new revit\RebarAutomation\RebarAutomation.csproj]
C:\Program Files\dotnet\sdk\10.0.102\Microsoft.Common.CurrentVersion.targets(2437,5): warning MSB3277:           Project file item includes which caused reference "C:\Program Files\Autodesk\Revit 2026\TextEngineAPI.dll". [C:\Users\ajith\new revit\RebarAutomation\RebarAutomation.csproj]
C:\Program Files\dotnet\sdk\10.0.102\Microsoft.Common.CurrentVersion.targets(2437,5): warning MSB3277:             RevitAPI [C:\Users\ajith\new revit\RebarAutomation\RebarAutomation.csproj]
C:\Program Files\dotnet\sdk\10.0.102\Microsoft.Common.CurrentVersion.targets(2437,5): warning MSB3277:             RevitAPIUI [C:\Users\ajith\new revit\RebarAutomation\RebarAutomation.csproj]
C:\Program Files\dotnet\sdk\10.0.102\Microsoft.Common.CurrentVersion.targets(2437,5): warning MSB3277:         C:\Program Files\Autodesk\Revit 2026\InfrastructureDBAPI.dll [C:\Users\ajith\new revit\RebarAutomation\RebarAutomation.csproj]
C:\Program Files\dotnet\sdk\10.0.102\Microsoft.Common.CurrentVersion.targets(2437,5): warning MSB3277:           Project file item includes which caused reference "C:\Program Files\Autodesk\Revit 2026\InfrastructureDBAPI.dll". [C:\Users\ajith\new revit\RebarAutomation\RebarAutomation.csproj]
C:\Program Files\dotnet\sdk\10.0.102\Microsoft.Common.CurrentVersion.targets(2437,5): warning MSB3277:             RevitAPI [C:\Users\ajith\new revit\RebarAutomation\RebarAutomation.csproj]
C:\Program Files\dotnet\sdk\10.0.102\Microsoft.Common.CurrentVersion.targets(2437,5): warning MSB3277:             RevitAPIUI [C:\Users\ajith\new revit\RebarAutomation\RebarAutomation.csproj]
C:\Program Files\dotnet\sdk\10.0.102\Microsoft.Common.CurrentVersion.targets(2437,5): warning MSB3277:         C:\Program Files\Autodesk\Revit 2026\ATFRevitCoreAPI.dll [C:\Users\ajith\new revit\RebarAutomation\RebarAutomation.csproj]
C:\Program Files\dotnet\sdk\10.0.102\Microsoft.Common.CurrentVersion.targets(2437,5): warning MSB3277:           Project file item includes which caused reference "C:\Program Files\Autodesk\Revit 2026\ATFRevitCoreAPI.dll". [C:\Users\ajith\new revit\RebarAutomation\RebarAutomation.csproj]
C:\Program Files\dotnet\sdk\10.0.102\Microsoft.Common.CurrentVersion.targets(2437,5): warning MSB3277:             RevitAPI [C:\Users\ajith\new revit\RebarAutomation\RebarAutomation.csproj]
C:\Program Files\dotnet\sdk\10.0.102\Microsoft.Common.CurrentVersion.targets(2437,5): warning MSB3277:             RevitAPIUI [C:\Users\ajith\new revit\RebarAutomation\RebarAutomation.csproj]
C:\Program Files\dotnet\sdk\10.0.102\Microsoft.Common.CurrentVersion.targets(2437,5): warning MSB3277:         C:\Program Files\Autodesk\Revit 2026\DBManagedServices.dll [C:\Users\ajith\new revit\RebarAutomation\RebarAutomation.csproj]
C:\Program Files\dotnet\sdk\10.0.102\Microsoft.Common.CurrentVersion.targets(2437,5): warning MSB3277:           Project file item includes which caused reference "C:\Program Files\Autodesk\Revit 2026\DBManagedServices.dll". [C:\Users\ajith\new revit\RebarAutomation\RebarAutomation.csproj]
C:\Program Files\dotnet\sdk\10.0.102\Microsoft.Common.CurrentVersion.targets(2437,5): warning MSB3277:             RevitAPI [C:\Users\ajith\new revit\RebarAutomation\RebarAutomation.csproj]
C:\Program Files\dotnet\sdk\10.0.102\Microsoft.Common.CurrentVersion.targets(2437,5): warning MSB3277:             RevitAPIUI [C:\Users\ajith\new revit\RebarAutomation\RebarAutomation.csproj]
C:\Program Files\dotnet\sdk\10.0.102\Microsoft.Common.CurrentVersion.targets(2437,5): warning MSB3277:         C:\Program Files\Autodesk\Revit 2026\AdWindows.dll [C:\Users\ajith\new revit\RebarAutomation\RebarAutomation.csproj]
C:\Program Files\dotnet\sdk\10.0.102\Microsoft.Common.CurrentVersion.targets(2437,5): warning MSB3277:           Project file item includes which caused reference "C:\Program Files\Autodesk\Revit 2026\AdWindows.dll". [C:\Users\ajith\new revit\RebarAutomation\RebarAutomation.csproj]
C:\Program Files\dotnet\sdk\10.0.102\Microsoft.Common.CurrentVersion.targets(2437,5): warning MSB3277:             RevitAPIUI [C:\Users\ajith\new revit\RebarAutomation\RebarAutomation.csproj]
C:\Program Files\dotnet\sdk\10.0.102\Microsoft.Common.CurrentVersion.targets(2437,5): warning MSB3277:         C:\Program Files\Autodesk\Revit 2026\APIInterop.dll [C:\Users\ajith\new revit\RebarAutomation\RebarAutomation.csproj]
C:\Program Files\dotnet\sdk\10.0.102\Microsoft.Common.CurrentVersion.targets(2437,5): warning MSB3277:           Project file item includes which caused reference "C:\Program Files\Autodesk\Revit 2026\APIInterop.dll". [C:\Users\ajith\new revit\RebarAutomation\RebarAutomation.csproj]
C:\Program Files\dotnet\sdk\10.0.102\Microsoft.Common.CurrentVersion.targets(2437,5): warning MSB3277:             RevitAPIUI [C:\Users\ajith\new revit\RebarAutomation\RebarAutomation.csproj]
C:\Program Files\dotnet\sdk\10.0.102\Microsoft.Common.CurrentVersion.targets(2437,5): warning MSB3277:         C:\Program Files\Autodesk\Revit 2026\UIFramework.dll [C:\Users\ajith\new revit\RebarAutomation\RebarAutomation.csproj]
C:\Program Files\dotnet\sdk\10.0.102\Microsoft.Common.CurrentVersion.targets(2437,5): warning MSB3277:           Project file item includes which caused reference "C:\Program Files\Autodesk\Revit 2026\UIFramework.dll". [C:\Users\ajith\new revit\RebarAutomation\RebarAutomation.csproj]
C:\Program Files\dotnet\sdk\10.0.102\Microsoft.Common.CurrentVersion.targets(2437,5): warning MSB3277:             RevitAPIUI [C:\Users\ajith\new revit\RebarAutomation\RebarAutomation.csproj]
C:\Program Files\dotnet\sdk\10.0.102\Microsoft.Common.CurrentVersion.targets(2437,5): warning MSB3277:         C:\Program Files\Autodesk\Revit 2026\AddInManager.dll [C:\Users\ajith\new revit\RebarAutomation\RebarAutomation.csproj]
C:\Program Files\dotnet\sdk\10.0.102\Microsoft.Common.CurrentVersion.targets(2437,5): warning MSB3277:           Project file item includes which caused reference "C:\Program Files\Autodesk\Revit 2026\AddInManager.dll". [C:\Users\ajith\new revit\RebarAutomation\RebarAutomation.csproj]
C:\Program Files\dotnet\sdk\10.0.102\Microsoft.Common.CurrentVersion.targets(2437,5): warning MSB3277:             RevitAPIUI [C:\Users\ajith\new revit\RebarAutomation\RebarAutomation.csproj]
C:\Program Files\dotnet\sdk\10.0.102\Microsoft.Common.CurrentVersion.targets(2437,5): warning MSB3277:         C:\Program Files\Autodesk\Revit 2026\RevitUIAPI.dll [C:\Users\ajith\new revit\RebarAutomation\RebarAutomation.csproj]
C:\Program Files\dotnet\sdk\10.0.102\Microsoft.Common.CurrentVersion.targets(2437,5): warning MSB3277:           Project file item includes which caused reference "C:\Program Files\Autodesk\Revit 2026\RevitUIAPI.dll". [C:\Users\ajith\new revit\RebarAutomation\RebarAutomation.csproj]
C:\Program Files\dotnet\sdk\10.0.102\Microsoft.Common.CurrentVersion.targets(2437,5): warning MSB3277:             RevitAPIUI [C:\Users\ajith\new revit\RebarAutomation\RebarAutomation.csproj]
C:\Program Files\dotnet\sdk\10.0.102\Microsoft.Common.CurrentVersion.targets(2437,5): warning MSB3277:         C:\Program Files\Autodesk\Revit 2026\BuildingSystemsUIAPI.dll [C:\Users\ajith\new revit\RebarAutomation\RebarAutomation.csproj]
C:\Program Files\dotnet\sdk\10.0.102\Microsoft.Common.CurrentVersion.targets(2437,5): warning MSB3277:           Project file item includes which caused reference "C:\Program Files\Autodesk\Revit 2026\BuildingSystemsUIAPI.dll". [C:\Users\ajith\new revit\RebarAutomation\RebarAutomation.csproj]
C:\Program Files\dotnet\sdk\10.0.102\Microsoft.Common.CurrentVersion.targets(2437,5): warning MSB3277:             RevitAPIUI [C:\Users\ajith\new revit\RebarAutomation\RebarAutomation.csproj]
C:\Program Files\dotnet\sdk\10.0.102\Microsoft.Common.CurrentVersion.targets(2437,5): warning MSB3277:         C:\Program Files\Autodesk\Revit 2026\DesktopMFCAPI.dll [C:\Users\ajith\new revit\RebarAutomation\RebarAutomation.csproj]
C:\Program Files\dotnet\sdk\10.0.102\Microsoft.Common.CurrentVersion.targets(2437,5): warning MSB3277:           Project file item includes which caused reference "C:\Program Files\Autodesk\Revit 2026\DesktopMFCAPI.dll". [C:\Users\ajith\new revit\RebarAutomation\RebarAutomation.csproj]
C:\Program Files\dotnet\sdk\10.0.102\Microsoft.Common.CurrentVersion.targets(2437,5): warning MSB3277:             RevitAPIUI [C:\Users\ajith\new revit\RebarAutomation\RebarAutomation.csproj]
C:\Program Files\dotnet\sdk\10.0.102\Microsoft.Common.CurrentVersion.targets(2437,5): warning MSB3277:         C:\Program Files\Autodesk\Revit 2026\APIUIAPI.dll [C:\Users\ajith\new revit\RebarAutomation\RebarAutomation.csproj]
C:\Program Files\dotnet\sdk\10.0.102\Microsoft.Common.CurrentVersion.targets(2437,5): warning MSB3277:           Project file item includes which caused reference "C:\Program Files\Autodesk\Revit 2026\APIUIAPI.dll". [C:\Users\ajith\new revit\RebarAutomation\RebarAutomation.csproj]
C:\Program Files\dotnet\sdk\10.0.102\Microsoft.Common.CurrentVersion.targets(2437,5): warning MSB3277:             RevitAPIUI [C:\Users\ajith\new revit\RebarAutomation\RebarAutomation.csproj]
C:\Program Files\dotnet\sdk\10.0.102\Microsoft.Common.CurrentVersion.targets(2437,5): warning MSB3277:         C:\Program Files\Autodesk\Revit 2026\RevitMFCAPI.dll [C:\Users\ajith\new revit\RebarAutomation\RebarAutomation.csproj]
C:\Program Files\dotnet\sdk\10.0.102\Microsoft.Common.CurrentVersion.targets(2437,5): warning MSB3277:           Project file item includes which caused reference "C:\Program Files\Autodesk\Revit 2026\RevitMFCAPI.dll". [C:\Users\ajith\new revit\RebarAutomation\RebarAutomation.csproj]
C:\Program Files\dotnet\sdk\10.0.102\Microsoft.Common.CurrentVersion.targets(2437,5): warning MSB3277:             RevitAPIUI [C:\Users\ajith\new revit\RebarAutomation\RebarAutomation.csproj]
C:\Program Files\dotnet\sdk\10.0.102\Microsoft.Common.CurrentVersion.targets(2437,5): warning MSB3277:         C:\Program Files\Autodesk\Revit 2026\EssentialsUIAPI.dll [C:\Users\ajith\new revit\RebarAutomation\RebarAutomation.csproj]
C:\Program Files\dotnet\sdk\10.0.102\Microsoft.Common.CurrentVersion.targets(2437,5): warning MSB3277:           Project file item includes which caused reference "C:\Program Files\Autodesk\Revit 2026\EssentialsUIAPI.dll". [C:\Users\ajith\new revit\RebarAutomation\RebarAutomation.csproj]
C:\Program Files\dotnet\sdk\10.0.102\Microsoft.Common.CurrentVersion.targets(2437,5): warning MSB3277:             RevitAPIUI [C:\Users\ajith\new revit\RebarAutomation\RebarAutomation.csproj]
C:\Program Files\dotnet\sdk\10.0.102\Microsoft.Common.CurrentVersion.targets(2437,5): warning MSB3277:         C:\Program Files\Autodesk\Revit 2026\DetailUIAPI.dll [C:\Users\ajith\new revit\RebarAutomation\RebarAutomation.csproj]
C:\Program Files\dotnet\sdk\10.0.102\Microsoft.Common.CurrentVersion.targets(2437,5): warning MSB3277:           Project file item includes which caused reference "C:\Program Files\Autodesk\Revit 2026\DetailUIAPI.dll". [C:\Users\ajith\new revit\RebarAutomation\RebarAutomation.csproj]
C:\Program Files\dotnet\sdk\10.0.102\Microsoft.Common.CurrentVersion.targets(2437,5): warning MSB3277:             RevitAPIUI [C:\Users\ajith\new revit\RebarAutomation\RebarAutomation.csproj]
C:\Program Files\dotnet\sdk\10.0.102\Microsoft.Common.CurrentVersion.targets(2437,5): warning MSB3277:         C:\Program Files\Autodesk\Revit 2026\UIFrameworkServices.dll [C:\Users\ajith\new revit\RebarAutomation\RebarAutomation.csproj]
C:\Program Files\dotnet\sdk\10.0.102\Microsoft.Common.CurrentVersion.targets(2437,5): warning MSB3277:           Project file item includes which caused reference "C:\Program Files\Autodesk\Revit 2026\UIFrameworkServices.dll". [C:\Users\ajith\new revit\RebarAutomation\RebarAutomation.csproj]
C:\Program Files\dotnet\sdk\10.0.102\Microsoft.Common.CurrentVersion.targets(2437,5): warning MSB3277:             RevitAPIUI [C:\Users\ajith\new revit\RebarAutomation\RebarAutomation.csproj]
C:\Program Files\dotnet\sdk\10.0.102\Microsoft.Common.CurrentVersion.targets(2437,5): warning MSB3277:         C:\Program Files\Autodesk\Revit 2026\SSONET.dll [C:\Users\ajith\new revit\RebarAutomation\RebarAutomation.csproj]
C:\Program Files\dotnet\sdk\10.0.102\Microsoft.Common.CurrentVersion.targets(2437,5): warning MSB3277:           Project file item includes which caused reference "C:\Program Files\Autodesk\Revit 2026\SSONET.dll". [C:\Users\ajith\new revit\RebarAutomation\RebarAutomation.csproj]
C:\Program Files\dotnet\sdk\10.0.102\Microsoft.Common.CurrentVersion.targets(2437,5): warning MSB3277:             RevitAPIUI [C:\Users\ajith\new revit\RebarAutomation\RebarAutomation.csproj]
C:\Program Files\dotnet\sdk\10.0.102\Microsoft.Common.CurrentVersion.targets(2437,5): warning MSB3277:         C:\Program Files\Autodesk\Revit 2026\Autodesk.UI.Windows.dll [C:\Users\ajith\new revit\RebarAutomation\RebarAutomation.csproj]
C:\Program Files\dotnet\sdk\10.0.102\Microsoft.Common.CurrentVersion.targets(2437,5): warning MSB3277:           Project file item includes which caused reference "C:\Program Files\Autodesk\Revit 2026\Autodesk.UI.Windows.dll". [C:\Users\ajith\new revit\RebarAutomation\RebarAutomation.csproj]
C:\Program Files\dotnet\sdk\10.0.102\Microsoft.Common.CurrentVersion.targets(2437,5): warning MSB3277:             RevitAPIUI [C:\Users\ajith\new revit\RebarAutomation\RebarAutomation.csproj]
C:\Program Files\dotnet\sdk\10.0.102\Microsoft.Common.CurrentVersion.targets(2437,5): warning MSB3277:         C:\Program Files\Autodesk\Revit 2026\Autodesk.UI.Themes.dll [C:\Users\ajith\new revit\RebarAutomation\RebarAutomation.csproj]
C:\Program Files\dotnet\sdk\10.0.102\Microsoft.Common.CurrentVersion.targets(2437,5): warning MSB3277:           Project file item includes which caused reference "C:\Program Files\Autodesk\Revit 2026\Autodesk.UI.Themes.dll". [C:\Users\ajith\new revit\RebarAutomation\RebarAutomation.csproj]
C:\Program Files\dotnet\sdk\10.0.102\Microsoft.Common.CurrentVersion.targets(2437,5): warning MSB3277:             RevitAPIUI [C:\Users\ajith\new revit\RebarAutomation\RebarAutomation.csproj]
C:\Program Files\dotnet\sdk\10.0.102\Microsoft.Common.CurrentVersion.targets(2437,5): warning MSB3277:         C:\Program Files\Autodesk\Revit 2026\Xceed.Wpf.AvalonDock.dll [C:\Users\ajith\new revit\RebarAutomation\RebarAutomation.csproj]
C:\Program Files\dotnet\sdk\10.0.102\Microsoft.Common.CurrentVersion.targets(2437,5): warning MSB3277:           Project file item includes which caused reference "C:\Program Files\Autodesk\Revit 2026\Xceed.Wpf.AvalonDock.dll". [C:\Users\ajith\new revit\RebarAutomation\RebarAutomation.csproj]
C:\Program Files\dotnet\sdk\10.0.102\Microsoft.Common.CurrentVersion.targets(2437,5): warning MSB3277:             RevitAPIUI [C:\Users\ajith\new revit\RebarAutomation\RebarAutomation.csproj]
C:\Program Files\dotnet\sdk\10.0.102\Microsoft.Common.CurrentVersion.targets(2437,5): warning MSB3277:         C:\Program Files\Autodesk\Revit 2026\Autodesk.Weave.Wpf.dll [C:\Users\ajith\new revit\RebarAutomation\RebarAutomation.csproj]
C:\Program Files\dotnet\sdk\10.0.102\Microsoft.Common.CurrentVersion.targets(2437,5): warning MSB3277:           Project file item includes which caused reference "C:\Program Files\Autodesk\Revit 2026\Autodesk.Weave.Wpf.dll". [C:\Users\ajith\new revit\RebarAutomation\RebarAutomation.csproj]
C:\Program Files\dotnet\sdk\10.0.102\Microsoft.Common.CurrentVersion.targets(2437,5): warning MSB3277:             RevitAPIUI [C:\Users\ajith\new revit\RebarAutomation\RebarAutomation.csproj]
C:\Program Files\dotnet\sdk\10.0.102\Sdks\Microsoft.NET.Sdk.WindowsDesktop\targets\Microsoft.WinFX.targets(211,9): error MC1000: Unknown build error, 'Could not find type 'System.Security.SecurityRuleSet' in assembly 'C:\Program Files (x86)\Reference Assemblies\Microsoft\Framework\.NETFramework\v4.8\Facades\System.Runtime.dll'.'  [C:\Users\ajith\new revit\RebarAutomation\RebarAutomation.csproj]
    10 Warning(s)
    1 Error(s)

Time Elapsed 00:00:01.65
